[LOG] TransitionLogger initialized with ID: 8fd16e4a-2072-4a20-b527-2759c9c33147
[LOG] MongoDB connection established
Using port 23003 for CoppeliaSim connection
Starting Manipulator Study
Using first 500 entries from manipulator-informed-data
writing mongo databse to yaml file
YAML Dataset Created
READING IN DATASET
LEARNING TRANSITION DBN FOR OPTION: pick_column0_front_270
LEARNING REWARD DBN FOR OPTION: pick_column0_front_270
LEARNING TRANSITION DBN FOR OPTION: pick_column0_left_0
LEARNING REWARD DBN FOR OPTION: pick_column0_left_0
LEARNING TRANSITION DBN FOR OPTION: pick_column0_right_0
LEARNING REWARD DBN FOR OPTION: pick_column0_right_0
LEARNING TRANSITION DBN FOR OPTION: pick_column0_top_0
LEARNING REWARD DBN FOR OPTION: pick_column0_top_0
LEARNING TRANSITION DBN FOR OPTION: pick_column1_front_270
LEARNING REWARD DBN FOR OPTION: pick_column1_front_270
LEARNING TRANSITION DBN FOR OPTION: pick_column1_left_0
LEARNING REWARD DBN FOR OPTION: pick_column1_left_0
LEARNING TRANSITION DBN FOR OPTION: pick_column1_right_0
LEARNING REWARD DBN FOR OPTION: pick_column1_right_0
LEARNING TRANSITION DBN FOR OPTION: pick_column1_top_0
LEARNING REWARD DBN FOR OPTION: pick_column1_top_0
LEARNING TRANSITION DBN FOR OPTION: pick_column2_front_270
LEARNING REWARD DBN FOR OPTION: pick_column2_front_270
LEARNING TRANSITION DBN FOR OPTION: pick_column2_left_0
LEARNING REWARD DBN FOR OPTION: pick_column2_left_0
LEARNING TRANSITION DBN FOR OPTION: pick_column2_right_0
LEARNING REWARD DBN FOR OPTION: pick_column2_right_0
LEARNING TRANSITION DBN FOR OPTION: pick_column2_top_0
LEARNING REWARD DBN FOR OPTION: pick_column2_top_0
LEARNING TRANSITION DBN FOR OPTION: place_goal_0_front_270
LEARNING REWARD DBN FOR OPTION: place_goal_0_front_270
LEARNING TRANSITION DBN FOR OPTION: place_goal_0_left_0
LEARNING REWARD DBN FOR OPTION: place_goal_0_left_0
LEARNING TRANSITION DBN FOR OPTION: place_goal_0_right_0
LEARNING REWARD DBN FOR OPTION: place_goal_0_right_0
LEARNING TRANSITION DBN FOR OPTION: place_goal_0_top_0
LEARNING REWARD DBN FOR OPTION: place_goal_0_top_0
LEARNING TRANSITION DBN FOR OPTION: place_goal_1_front_270
LEARNING REWARD DBN FOR OPTION: place_goal_1_front_270
LEARNING TRANSITION DBN FOR OPTION: place_goal_1_left_0
LEARNING REWARD DBN FOR OPTION: place_goal_1_left_0
LEARNING TRANSITION DBN FOR OPTION: place_goal_1_right_0
LEARNING REWARD DBN FOR OPTION: place_goal_1_right_0
LEARNING TRANSITION DBN FOR OPTION: place_goal_1_top_0
LEARNING REWARD DBN FOR OPTION: place_goal_1_top_0
LEARNING TRANSITION DBN FOR OPTION: place_goal_2_front_270
LEARNING REWARD DBN FOR OPTION: place_goal_2_front_270
LEARNING TRANSITION DBN FOR OPTION: place_goal_2_left_0
LEARNING REWARD DBN FOR OPTION: place_goal_2_left_0
LEARNING TRANSITION DBN FOR OPTION: place_goal_2_right_0
LEARNING REWARD DBN FOR OPTION: place_goal_2_right_0
LEARNING TRANSITION DBN FOR OPTION: place_goal_2_top_0
LEARNING REWARD DBN FOR OPTION: place_goal_2_top_0
LEARNING TRANSITION DBN FOR OPTION: place_region_0_front_270
LEARNING REWARD DBN FOR OPTION: place_region_0_front_270
LEARNING TRANSITION DBN FOR OPTION: place_region_0_left_0
LEARNING REWARD DBN FOR OPTION: place_region_0_left_0
LEARNING TRANSITION DBN FOR OPTION: place_region_0_right_0
LEARNING REWARD DBN FOR OPTION: place_region_0_right_0
LEARNING TRANSITION DBN FOR OPTION: place_region_0_top_0
LEARNING REWARD DBN FOR OPTION: place_region_0_top_0
LEARNING TRANSITION DBN FOR OPTION: place_region_1_front_270
LEARNING REWARD DBN FOR OPTION: place_region_1_front_270
LEARNING TRANSITION DBN FOR OPTION: place_region_1_left_0
LEARNING REWARD DBN FOR OPTION: place_region_1_left_0
LEARNING TRANSITION DBN FOR OPTION: place_region_1_right_0
LEARNING REWARD DBN FOR OPTION: place_region_1_right_0
LEARNING TRANSITION DBN FOR OPTION: place_region_1_top_0
LEARNING REWARD DBN FOR OPTION: place_region_1_top_0
LEARNING TRANSITION DBN FOR OPTION: place_region_2_front_270
LEARNING REWARD DBN FOR OPTION: place_region_2_front_270
LEARNING TRANSITION DBN FOR OPTION: place_region_2_left_0
LEARNING REWARD DBN FOR OPTION: place_region_2_left_0
LEARNING TRANSITION DBN FOR OPTION: place_region_2_right_0
LEARNING REWARD DBN FOR OPTION: place_region_2_right_0
LEARNING TRANSITION DBN FOR OPTION: place_region_2_top_0
LEARNING REWARD DBN FOR OPTION: place_region_2_top_0
Study already done for permutation 0, at limit 500 skipping
Using first 1000 entries from manipulator-informed-data
writing mongo databse to yaml file
YAML Dataset Created
READING IN DATASET
LEARNING TRANSITION DBN FOR OPTION: pick_column0_front_270
LEARNING REWARD DBN FOR OPTION: pick_column0_front_270
LEARNING TRANSITION DBN FOR OPTION: pick_column0_left_0
LEARNING REWARD DBN FOR OPTION: pick_column0_left_0
LEARNING TRANSITION DBN FOR OPTION: pick_column0_right_0
LEARNING REWARD DBN FOR OPTION: pick_column0_right_0
LEARNING TRANSITION DBN FOR OPTION: pick_column0_top_0
LEARNING REWARD DBN FOR OPTION: pick_column0_top_0
LEARNING TRANSITION DBN FOR OPTION: pick_column1_front_270
LEARNING REWARD DBN FOR OPTION: pick_column1_front_270
LEARNING TRANSITION DBN FOR OPTION: pick_column1_left_0
LEARNING REWARD DBN FOR OPTION: pick_column1_left_0
LEARNING TRANSITION DBN FOR OPTION: pick_column1_right_0
LEARNING REWARD DBN FOR OPTION: pick_column1_right_0
LEARNING TRANSITION DBN FOR OPTION: pick_column1_top_0
LEARNING REWARD DBN FOR OPTION: pick_column1_top_0
LEARNING TRANSITION DBN FOR OPTION: pick_column2_front_270
LEARNING REWARD DBN FOR OPTION: pick_column2_front_270
LEARNING TRANSITION DBN FOR OPTION: pick_column2_left_0
LEARNING REWARD DBN FOR OPTION: pick_column2_left_0
LEARNING TRANSITION DBN FOR OPTION: pick_column2_right_0
LEARNING REWARD DBN FOR OPTION: pick_column2_right_0
LEARNING TRANSITION DBN FOR OPTION: pick_column2_top_0
LEARNING REWARD DBN FOR OPTION: pick_column2_top_0
LEARNING TRANSITION DBN FOR OPTION: place_goal_0_front_270
LEARNING REWARD DBN FOR OPTION: place_goal_0_front_270
LEARNING TRANSITION DBN FOR OPTION: place_goal_0_left_0
LEARNING REWARD DBN FOR OPTION: place_goal_0_left_0
LEARNING TRANSITION DBN FOR OPTION: place_goal_0_right_0
LEARNING REWARD DBN FOR OPTION: place_goal_0_right_0
LEARNING TRANSITION DBN FOR OPTION: place_goal_0_top_0
LEARNING REWARD DBN FOR OPTION: place_goal_0_top_0
LEARNING TRANSITION DBN FOR OPTION: place_goal_1_front_270
LEARNING REWARD DBN FOR OPTION: place_goal_1_front_270
LEARNING TRANSITION DBN FOR OPTION: place_goal_1_left_0
LEARNING REWARD DBN FOR OPTION: place_goal_1_left_0
LEARNING TRANSITION DBN FOR OPTION: place_goal_1_right_0
LEARNING REWARD DBN FOR OPTION: place_goal_1_right_0
LEARNING TRANSITION DBN FOR OPTION: place_goal_1_top_0
LEARNING REWARD DBN FOR OPTION: place_goal_1_top_0
LEARNING TRANSITION DBN FOR OPTION: place_goal_2_front_270
LEARNING REWARD DBN FOR OPTION: place_goal_2_front_270
LEARNING TRANSITION DBN FOR OPTION: place_goal_2_left_0
LEARNING REWARD DBN FOR OPTION: place_goal_2_left_0
LEARNING TRANSITION DBN FOR OPTION: place_goal_2_right_0
LEARNING REWARD DBN FOR OPTION: place_goal_2_right_0
LEARNING TRANSITION DBN FOR OPTION: place_goal_2_top_0
LEARNING REWARD DBN FOR OPTION: place_goal_2_top_0
LEARNING TRANSITION DBN FOR OPTION: place_region_0_front_270
LEARNING REWARD DBN FOR OPTION: place_region_0_front_270
LEARNING TRANSITION DBN FOR OPTION: place_region_0_left_0
LEARNING REWARD DBN FOR OPTION: place_region_0_left_0
LEARNING TRANSITION DBN FOR OPTION: place_region_0_right_0
LEARNING REWARD DBN FOR OPTION: place_region_0_right_0
LEARNING TRANSITION DBN FOR OPTION: place_region_0_top_0
LEARNING REWARD DBN FOR OPTION: place_region_0_top_0
LEARNING TRANSITION DBN FOR OPTION: place_region_1_front_270
LEARNING REWARD DBN FOR OPTION: place_region_1_front_270
LEARNING TRANSITION DBN FOR OPTION: place_region_1_left_0
LEARNING REWARD DBN FOR OPTION: place_region_1_left_0
LEARNING TRANSITION DBN FOR OPTION: place_region_1_right_0
LEARNING REWARD DBN FOR OPTION: place_region_1_right_0
LEARNING TRANSITION DBN FOR OPTION: place_region_1_top_0
LEARNING REWARD DBN FOR OPTION: place_region_1_top_0
LEARNING TRANSITION DBN FOR OPTION: place_region_2_front_270
LEARNING REWARD DBN FOR OPTION: place_region_2_front_270
LEARNING TRANSITION DBN FOR OPTION: place_region_2_left_0
LEARNING REWARD DBN FOR OPTION: place_region_2_left_0
LEARNING TRANSITION DBN FOR OPTION: place_region_2_right_0
LEARNING REWARD DBN FOR OPTION: place_region_2_right_0
LEARNING TRANSITION DBN FOR OPTION: place_region_2_top_0
LEARNING REWARD DBN FOR OPTION: place_region_2_top_0
Study already done for permutation 0, at limit 1000 skipping
Using first 1500 entries from manipulator-informed-data
writing mongo databse to yaml file
YAML Dataset Created
READING IN DATASET
LEARNING TRANSITION DBN FOR OPTION: pick_column0_front_270
LEARNING REWARD DBN FOR OPTION: pick_column0_front_270
LEARNING TRANSITION DBN FOR OPTION: pick_column0_left_0
LEARNING REWARD DBN FOR OPTION: pick_column0_left_0
LEARNING TRANSITION DBN FOR OPTION: pick_column0_right_0
LEARNING REWARD DBN FOR OPTION: pick_column0_right_0
LEARNING TRANSITION DBN FOR OPTION: pick_column0_top_0
LEARNING REWARD DBN FOR OPTION: pick_column0_top_0
LEARNING TRANSITION DBN FOR OPTION: pick_column1_front_270
LEARNING REWARD DBN FOR OPTION: pick_column1_front_270
LEARNING TRANSITION DBN FOR OPTION: pick_column1_left_0
LEARNING REWARD DBN FOR OPTION: pick_column1_left_0
LEARNING TRANSITION DBN FOR OPTION: pick_column1_right_0
LEARNING REWARD DBN FOR OPTION: pick_column1_right_0
LEARNING TRANSITION DBN FOR OPTION: pick_column1_top_0
LEARNING REWARD DBN FOR OPTION: pick_column1_top_0
LEARNING TRANSITION DBN FOR OPTION: pick_column2_front_270
LEARNING REWARD DBN FOR OPTION: pick_column2_front_270
LEARNING TRANSITION DBN FOR OPTION: pick_column2_left_0
LEARNING REWARD DBN FOR OPTION: pick_column2_left_0
LEARNING TRANSITION DBN FOR OPTION: pick_column2_right_0
LEARNING REWARD DBN FOR OPTION: pick_column2_right_0
LEARNING TRANSITION DBN FOR OPTION: pick_column2_top_0
LEARNING REWARD DBN FOR OPTION: pick_column2_top_0
LEARNING TRANSITION DBN FOR OPTION: place_goal_0_front_270
LEARNING REWARD DBN FOR OPTION: place_goal_0_front_270
LEARNING TRANSITION DBN FOR OPTION: place_goal_0_left_0
LEARNING REWARD DBN FOR OPTION: place_goal_0_left_0
LEARNING TRANSITION DBN FOR OPTION: place_goal_0_right_0
LEARNING REWARD DBN FOR OPTION: place_goal_0_right_0
LEARNING TRANSITION DBN FOR OPTION: place_goal_0_top_0
LEARNING REWARD DBN FOR OPTION: place_goal_0_top_0
LEARNING TRANSITION DBN FOR OPTION: place_goal_1_front_270
LEARNING REWARD DBN FOR OPTION: place_goal_1_front_270
LEARNING TRANSITION DBN FOR OPTION: place_goal_1_left_0
LEARNING REWARD DBN FOR OPTION: place_goal_1_left_0
LEARNING TRANSITION DBN FOR OPTION: place_goal_1_right_0
LEARNING REWARD DBN FOR OPTION: place_goal_1_right_0
LEARNING TRANSITION DBN FOR OPTION: place_goal_1_top_0
LEARNING REWARD DBN FOR OPTION: place_goal_1_top_0
LEARNING TRANSITION DBN FOR OPTION: place_goal_2_front_270
LEARNING REWARD DBN FOR OPTION: place_goal_2_front_270
LEARNING TRANSITION DBN FOR OPTION: place_goal_2_left_0
LEARNING REWARD DBN FOR OPTION: place_goal_2_left_0
LEARNING TRANSITION DBN FOR OPTION: place_goal_2_right_0
LEARNING REWARD DBN FOR OPTION: place_goal_2_right_0
LEARNING TRANSITION DBN FOR OPTION: place_goal_2_top_0
LEARNING REWARD DBN FOR OPTION: place_goal_2_top_0
LEARNING TRANSITION DBN FOR OPTION: place_region_0_front_270
LEARNING REWARD DBN FOR OPTION: place_region_0_front_270
LEARNING TRANSITION DBN FOR OPTION: place_region_0_left_0
LEARNING REWARD DBN FOR OPTION: place_region_0_left_0
LEARNING TRANSITION DBN FOR OPTION: place_region_0_right_0
LEARNING REWARD DBN FOR OPTION: place_region_0_right_0
LEARNING TRANSITION DBN FOR OPTION: place_region_0_top_0
LEARNING REWARD DBN FOR OPTION: place_region_0_top_0
LEARNING TRANSITION DBN FOR OPTION: place_region_1_front_270
LEARNING REWARD DBN FOR OPTION: place_region_1_front_270
LEARNING TRANSITION DBN FOR OPTION: place_region_1_left_0
LEARNING REWARD DBN FOR OPTION: place_region_1_left_0
LEARNING TRANSITION DBN FOR OPTION: place_region_1_right_0
LEARNING REWARD DBN FOR OPTION: place_region_1_right_0
LEARNING TRANSITION DBN FOR OPTION: place_region_1_top_0
LEARNING REWARD DBN FOR OPTION: place_region_1_top_0
LEARNING TRANSITION DBN FOR OPTION: place_region_2_front_270
LEARNING REWARD DBN FOR OPTION: place_region_2_front_270
LEARNING TRANSITION DBN FOR OPTION: place_region_2_left_0
LEARNING REWARD DBN FOR OPTION: place_region_2_left_0
LEARNING TRANSITION DBN FOR OPTION: place_region_2_right_0
LEARNING REWARD DBN FOR OPTION: place_region_2_right_0
LEARNING TRANSITION DBN FOR OPTION: place_region_2_top_0
LEARNING REWARD DBN FOR OPTION: place_region_2_top_0
Study already done for permutation 0, at limit 1500 skipping
Using first 2000 entries from manipulator-informed-data
writing mongo databse to yaml file
YAML Dataset Created
READING IN DATASET
LEARNING TRANSITION DBN FOR OPTION: pick_column0_front_270
LEARNING REWARD DBN FOR OPTION: pick_column0_front_270
LEARNING TRANSITION DBN FOR OPTION: pick_column0_left_0
LEARNING REWARD DBN FOR OPTION: pick_column0_left_0
LEARNING TRANSITION DBN FOR OPTION: pick_column0_right_0
LEARNING REWARD DBN FOR OPTION: pick_column0_right_0
LEARNING TRANSITION DBN FOR OPTION: pick_column0_top_0
LEARNING REWARD DBN FOR OPTION: pick_column0_top_0
LEARNING TRANSITION DBN FOR OPTION: pick_column1_front_270
LEARNING REWARD DBN FOR OPTION: pick_column1_front_270
LEARNING TRANSITION DBN FOR OPTION: pick_column1_left_0
LEARNING REWARD DBN FOR OPTION: pick_column1_left_0
LEARNING TRANSITION DBN FOR OPTION: pick_column1_right_0
LEARNING REWARD DBN FOR OPTION: pick_column1_right_0
LEARNING TRANSITION DBN FOR OPTION: pick_column1_top_0
LEARNING REWARD DBN FOR OPTION: pick_column1_top_0
LEARNING TRANSITION DBN FOR OPTION: pick_column2_front_270
LEARNING REWARD DBN FOR OPTION: pick_column2_front_270
LEARNING TRANSITION DBN FOR OPTION: pick_column2_left_0
LEARNING REWARD DBN FOR OPTION: pick_column2_left_0
LEARNING TRANSITION DBN FOR OPTION: pick_column2_right_0
LEARNING REWARD DBN FOR OPTION: pick_column2_right_0
LEARNING TRANSITION DBN FOR OPTION: pick_column2_top_0
LEARNING REWARD DBN FOR OPTION: pick_column2_top_0
LEARNING TRANSITION DBN FOR OPTION: place_goal_0_front_270
LEARNING REWARD DBN FOR OPTION: place_goal_0_front_270
LEARNING TRANSITION DBN FOR OPTION: place_goal_0_left_0
LEARNING REWARD DBN FOR OPTION: place_goal_0_left_0
LEARNING TRANSITION DBN FOR OPTION: place_goal_0_right_0
LEARNING REWARD DBN FOR OPTION: place_goal_0_right_0
LEARNING TRANSITION DBN FOR OPTION: place_goal_0_top_0
LEARNING REWARD DBN FOR OPTION: place_goal_0_top_0
LEARNING TRANSITION DBN FOR OPTION: place_goal_1_front_270
LEARNING REWARD DBN FOR OPTION: place_goal_1_front_270
LEARNING TRANSITION DBN FOR OPTION: place_goal_1_left_0
LEARNING REWARD DBN FOR OPTION: place_goal_1_left_0
LEARNING TRANSITION DBN FOR OPTION: place_goal_1_right_0
LEARNING REWARD DBN FOR OPTION: place_goal_1_right_0
LEARNING TRANSITION DBN FOR OPTION: place_goal_1_top_0
LEARNING REWARD DBN FOR OPTION: place_goal_1_top_0
LEARNING TRANSITION DBN FOR OPTION: place_goal_2_front_270
LEARNING REWARD DBN FOR OPTION: place_goal_2_front_270
LEARNING TRANSITION DBN FOR OPTION: place_goal_2_left_0
LEARNING REWARD DBN FOR OPTION: place_goal_2_left_0
LEARNING TRANSITION DBN FOR OPTION: place_goal_2_right_0
LEARNING REWARD DBN FOR OPTION: place_goal_2_right_0
LEARNING TRANSITION DBN FOR OPTION: place_goal_2_top_0
LEARNING REWARD DBN FOR OPTION: place_goal_2_top_0
LEARNING TRANSITION DBN FOR OPTION: place_region_0_front_270
LEARNING REWARD DBN FOR OPTION: place_region_0_front_270
LEARNING TRANSITION DBN FOR OPTION: place_region_0_left_0
LEARNING REWARD DBN FOR OPTION: place_region_0_left_0
LEARNING TRANSITION DBN FOR OPTION: place_region_0_right_0
LEARNING REWARD DBN FOR OPTION: place_region_0_right_0
LEARNING TRANSITION DBN FOR OPTION: place_region_0_top_0
LEARNING REWARD DBN FOR OPTION: place_region_0_top_0
LEARNING TRANSITION DBN FOR OPTION: place_region_1_front_270
LEARNING REWARD DBN FOR OPTION: place_region_1_front_270
LEARNING TRANSITION DBN FOR OPTION: place_region_1_left_0
LEARNING REWARD DBN FOR OPTION: place_region_1_left_0
LEARNING TRANSITION DBN FOR OPTION: place_region_1_right_0
LEARNING REWARD DBN FOR OPTION: place_region_1_right_0
LEARNING TRANSITION DBN FOR OPTION: place_region_1_top_0
LEARNING REWARD DBN FOR OPTION: place_region_1_top_0
LEARNING TRANSITION DBN FOR OPTION: place_region_2_front_270
LEARNING REWARD DBN FOR OPTION: place_region_2_front_270
LEARNING TRANSITION DBN FOR OPTION: place_region_2_left_0
LEARNING REWARD DBN FOR OPTION: place_region_2_left_0
LEARNING TRANSITION DBN FOR OPTION: place_region_2_right_0
LEARNING REWARD DBN FOR OPTION: place_region_2_right_0
LEARNING TRANSITION DBN FOR OPTION: place_region_2_top_0
LEARNING REWARD DBN FOR OPTION: place_region_2_top_0
connected to simulation
simulation is explicitly stepped
Joint handles retrieved
State(column0: region_0, column1: region_2, column2: region_1)
Reading in option: pick_column0_top_0
Reading in option: pick_column0_left_0
Reading in option: pick_column0_right_0
Reading in option: pick_column0_front_270
Reading in option: pick_column1_top_0
Reading in option: pick_column1_left_0
Reading in option: pick_column1_right_0
Reading in option: pick_column1_front_270
Reading in option: pick_column2_top_0
Reading in option: pick_column2_left_0
Reading in option: pick_column2_right_0
Reading in option: pick_column2_front_270
Reading in option: place_goal_0_top_0
Reading in option: place_goal_0_left_0
Reading in option: place_goal_0_right_0
Reading in option: place_goal_0_front_270
Reading in option: place_goal_1_top_0
Reading in option: place_goal_1_left_0
Reading in option: place_goal_1_right_0
Reading in option: place_goal_1_front_270
Reading in option: place_goal_2_top_0
Reading in option: place_goal_2_left_0
Reading in option: place_goal_2_right_0
Reading in option: place_goal_2_front_270
Reading in option: place_region_0_top_0
Reading in option: place_region_0_left_0
Reading in option: place_region_0_right_0
Reading in option: place_region_0_front_270
Reading in option: place_region_1_top_0
Reading in option: place_region_1_left_0
Reading in option: place_region_1_right_0
Reading in option: place_region_1_front_270
Reading in option: place_region_2_top_0
Reading in option: place_region_2_left_0
Reading in option: place_region_2_right_0
Reading in option: place_region_2_front_270
Creating MDP...
Synthesising Policy...
Step 0
policy state State(column0: region_0, column1: region_2, column2: region_1)
policy value 13.716469842606406
State(column0: region_0, column1: region_2, column2: region_1)
pick_column1_front_270
Action: Action(ActionType.PICK, obj=/column1, slot=None,grasp=GraspType.FRONT_270)
[EXEC] Picking /column1 with front_270

[INFO] Found 4544 potential configurations.
[INFO] Motion completed successfully with result: success,in execution time: 4.16 seconds
[INFO] Found a reachable configuration for pick action after 1 attempts.
Tip distance after pick: 0.021432549477286393
[INFO] Pick action completed successfully.in execution time: 4.16 seconds
[EXEC] Action ActionType.PICK executed in 12.35 seconds
[SUCCESS] Action ActionType.PICK succeeded for object /column1
Action duration: 4.16
reward 4.16
[LOG] Transition logged to MongoDB: 8fd16e4a-2072-4a20-b527-2759c9c33147 - Episode 0
Step 2
policy state State(column0: region_0, column1: held, column2: region_1)
policy value 11.714979760060059
State(column0: region_0, column1: held, column2: region_1)
place_goal_1_right_0
Action: Action(ActionType.PLACE, obj=/column1, slot=/goal_1,grasp=GraspType.RIGHT_0)
[EXEC] Placing at [-0.2749999999999999, 1.0750000000000006, 0.5] with grasp right_0

[INFO] Found 2496 potential configurations.
[INFO] Motion completed successfully with result: success,in execution time: 11.36 seconds
[INFO] Found a reachable configuration for place action after 1 attempts.
[INFO] Place action completed successfully.
realigning placed object /column1 to target position
[EXEC] Action ActionType.PLACE executed in 20.92 seconds
[SUCCESS] Action ActionType.PLACE succeeded for object /column1
Action duration: 11.36
reward 11.36
[LOG] Transition logged to MongoDB: 8fd16e4a-2072-4a20-b527-2759c9c33147 - Episode 0
Step 4
policy state State(column0: region_0, column1: goal_1, column2: region_1)
policy value 9.205473795449292
State(column0: region_0, column1: goal_1, column2: region_1)
pick_column2_front_270
Action: Action(ActionType.PICK, obj=/column2, slot=None,grasp=GraspType.FRONT_270)
[EXEC] Picking /column2 with front_270

[INFO] Found 3328 potential configurations.
[ERROR] Motion failed (collision or invalid path)
[ERROR] Motion result: collision
[WARN] Failed to find a path to the selected pick config on attempt 1.
[WARN] No path found to picked config, discarding and trying next valid config...
[INFO] Motion completed successfully with result: success,in execution time: 9.84 seconds
[INFO] Found a reachable configuration for pick action after 2 attempts.
Tip distance after pick: 0.01976605641024117
[INFO] Pick action completed successfully.in execution time: 9.84 seconds
[EXEC] Action ActionType.PICK executed in 39.37 seconds
[SUCCESS] Action ActionType.PICK succeeded for object /column2
Action duration: 9.8399999999998
reward 9.8399999999998
[LOG] Transition logged to MongoDB: 8fd16e4a-2072-4a20-b527-2759c9c33147 - Episode 0
Step 6
policy state State(column0: region_0, column1: goal_1, column2: held)
policy value 8.171347716779996
State(column0: region_0, column1: goal_1, column2: held)
place_goal_2_right_0
Action: Action(ActionType.PLACE, obj=/column2, slot=/goal_2,grasp=GraspType.RIGHT_0)
[EXEC] Placing at [-0.6000000000000001, 0.8250000000000003, 0.5] with grasp right_0

[INFO] Found 3584 potential configurations.
[ERROR] Motion failed (collision or invalid path)
[ERROR] Motion result: collision
[WARN] Failed to find a path to the selected place config on attempt 1.
[WARN] No path found to selected place config, discarding and trying next valid config...
[ERROR] Motion failed (collision or invalid path)
[ERROR] Motion result: collision
[WARN] Failed to find a path to the selected place config on attempt 2.
[WARN] No path found to selected place config, discarding and trying next valid config...
[ERROR] Motion failed (collision or invalid path)
[ERROR] Motion result: collision
[WARN] Failed to find a path to the selected place config on attempt 3.
[WARN] No path found to selected place config, discarding and trying next valid config...
[ERROR] Max IK attempts reached, place action failed.
[EXEC] Action ActionType.PLACE executed in 41.96 seconds
[ERROR] Action ActionType.PLACE failed for object /column2
Action duration: 0.001
reward 0.001
[LOG] Transition logged to MongoDB: 8fd16e4a-2072-4a20-b527-2759c9c33147 - Episode 0
Action failed, stopping. Time elapsed: 0.001
Step 8
policy state State(column0: region_0, column1: goal_1, column2: held)
policy value 8.171347716779996
State(column0: region_0, column1: goal_1, column2: held)
place_goal_2_right_0
Action: Action(ActionType.PLACE, obj=/column2, slot=/goal_2,grasp=GraspType.RIGHT_0)
[EXEC] Placing at [-0.6000000000000001, 0.8250000000000003, 0.5] with grasp right_0

[INFO] Found 2944 potential configurations.
[ERROR] Motion failed (collision or invalid path)
[ERROR] Motion result: collision
[WARN] Failed to find a path to the selected place config on attempt 1.
[WARN] No path found to selected place config, discarding and trying next valid config...
[ERROR] Motion failed (collision or invalid path)
[ERROR] Motion result: collision
[WARN] Failed to find a path to the selected place config on attempt 2.
[WARN] No path found to selected place config, discarding and trying next valid config...
[ERROR] Motion failed (collision or invalid path)
[ERROR] Motion result: collision
[WARN] Failed to find a path to the selected place config on attempt 3.
[WARN] No path found to selected place config, discarding and trying next valid config...
[ERROR] Max IK attempts reached, place action failed.
[EXEC] Action ActionType.PLACE executed in 73.50 seconds
[ERROR] Action ActionType.PLACE failed for object /column2
Action duration: 0.001
reward 0.001
[LOG] Transition logged to MongoDB: 8fd16e4a-2072-4a20-b527-2759c9c33147 - Episode 0
Action failed, stopping. Time elapsed: 0.001
Step 10
policy state State(column0: region_0, column1: goal_1, column2: held)
policy value 8.171347716779996
State(column0: region_0, column1: goal_1, column2: held)