[LOG] TransitionLogger initialized with ID: c78d41cd-aa7e-4c7d-afbf-c269fffdc872
[LOG] MongoDB connection established
Using port 23010 for CoppeliaSim connection
Starting Manipulator Study
Using first 2000 entries from pick-place-random
writing mongo databse to yaml file
YAML Dataset Created
READING IN DATASET
LEARNING TRANSITION DBN FOR OPTION: pick_column0_front_270
LEARNING REWARD DBN FOR OPTION: pick_column0_front_270
LEARNING TRANSITION DBN FOR OPTION: pick_column0_left_0
LEARNING REWARD DBN FOR OPTION: pick_column0_left_0
LEARNING TRANSITION DBN FOR OPTION: pick_column0_right_0
LEARNING REWARD DBN FOR OPTION: pick_column0_right_0
LEARNING TRANSITION DBN FOR OPTION: pick_column0_top_0
LEARNING REWARD DBN FOR OPTION: pick_column0_top_0
LEARNING TRANSITION DBN FOR OPTION: pick_column1_front_270
LEARNING REWARD DBN FOR OPTION: pick_column1_front_270
LEARNING TRANSITION DBN FOR OPTION: pick_column1_left_0
LEARNING REWARD DBN FOR OPTION: pick_column1_left_0
LEARNING TRANSITION DBN FOR OPTION: pick_column1_right_0
LEARNING REWARD DBN FOR OPTION: pick_column1_right_0
LEARNING TRANSITION DBN FOR OPTION: pick_column1_top_0
LEARNING REWARD DBN FOR OPTION: pick_column1_top_0
LEARNING TRANSITION DBN FOR OPTION: pick_column2_front_270
LEARNING REWARD DBN FOR OPTION: pick_column2_front_270
LEARNING TRANSITION DBN FOR OPTION: pick_column2_left_0
LEARNING REWARD DBN FOR OPTION: pick_column2_left_0
LEARNING TRANSITION DBN FOR OPTION: pick_column2_right_0
LEARNING REWARD DBN FOR OPTION: pick_column2_right_0
LEARNING TRANSITION DBN FOR OPTION: pick_column2_top_0
LEARNING REWARD DBN FOR OPTION: pick_column2_top_0
LEARNING TRANSITION DBN FOR OPTION: place_goal_0_front_270
LEARNING REWARD DBN FOR OPTION: place_goal_0_front_270
LEARNING TRANSITION DBN FOR OPTION: place_goal_0_left_0
LEARNING REWARD DBN FOR OPTION: place_goal_0_left_0
LEARNING TRANSITION DBN FOR OPTION: place_goal_0_right_0
LEARNING REWARD DBN FOR OPTION: place_goal_0_right_0
LEARNING TRANSITION DBN FOR OPTION: place_goal_0_top_0
LEARNING REWARD DBN FOR OPTION: place_goal_0_top_0
LEARNING TRANSITION DBN FOR OPTION: place_goal_1_front_270
LEARNING REWARD DBN FOR OPTION: place_goal_1_front_270
LEARNING TRANSITION DBN FOR OPTION: place_goal_1_left_0
LEARNING REWARD DBN FOR OPTION: place_goal_1_left_0
LEARNING TRANSITION DBN FOR OPTION: place_goal_1_right_0
LEARNING REWARD DBN FOR OPTION: place_goal_1_right_0
LEARNING TRANSITION DBN FOR OPTION: place_goal_1_top_0
LEARNING REWARD DBN FOR OPTION: place_goal_1_top_0
LEARNING TRANSITION DBN FOR OPTION: place_goal_2_front_270
LEARNING REWARD DBN FOR OPTION: place_goal_2_front_270
LEARNING TRANSITION DBN FOR OPTION: place_goal_2_left_0
LEARNING REWARD DBN FOR OPTION: place_goal_2_left_0
LEARNING TRANSITION DBN FOR OPTION: place_goal_2_right_0
LEARNING REWARD DBN FOR OPTION: place_goal_2_right_0
LEARNING TRANSITION DBN FOR OPTION: place_goal_2_top_0
LEARNING REWARD DBN FOR OPTION: place_goal_2_top_0
LEARNING TRANSITION DBN FOR OPTION: place_region_0_front_270
LEARNING REWARD DBN FOR OPTION: place_region_0_front_270
LEARNING TRANSITION DBN FOR OPTION: place_region_0_left_0
LEARNING REWARD DBN FOR OPTION: place_region_0_left_0
LEARNING TRANSITION DBN FOR OPTION: place_region_0_right_0
LEARNING REWARD DBN FOR OPTION: place_region_0_right_0
LEARNING TRANSITION DBN FOR OPTION: place_region_0_top_0
LEARNING REWARD DBN FOR OPTION: place_region_0_top_0
LEARNING TRANSITION DBN FOR OPTION: place_region_1_front_270
LEARNING REWARD DBN FOR OPTION: place_region_1_front_270
LEARNING TRANSITION DBN FOR OPTION: place_region_1_left_0
LEARNING REWARD DBN FOR OPTION: place_region_1_left_0
LEARNING TRANSITION DBN FOR OPTION: place_region_1_right_0
LEARNING REWARD DBN FOR OPTION: place_region_1_right_0
LEARNING TRANSITION DBN FOR OPTION: place_region_1_top_0
LEARNING REWARD DBN FOR OPTION: place_region_1_top_0
LEARNING TRANSITION DBN FOR OPTION: place_region_2_front_270
LEARNING REWARD DBN FOR OPTION: place_region_2_front_270
LEARNING TRANSITION DBN FOR OPTION: place_region_2_left_0
LEARNING REWARD DBN FOR OPTION: place_region_2_left_0
LEARNING TRANSITION DBN FOR OPTION: place_region_2_right_0
LEARNING REWARD DBN FOR OPTION: place_region_2_right_0
LEARNING TRANSITION DBN FOR OPTION: place_region_2_top_0
LEARNING REWARD DBN FOR OPTION: place_region_2_top_0
Running study for permutation 0, at limit 2000
connected to simulation
simulation is explicitly stepped
Joint handles retrieved
State(column0: region_0, column1: region_2, column2: region_1)
Reading in option: pick_column0_top_0
Reading in option: pick_column0_left_0
Reading in option: pick_column0_right_0
Reading in option: pick_column0_front_270
Reading in option: pick_column1_top_0
Reading in option: pick_column1_left_0
Reading in option: pick_column1_right_0
Reading in option: pick_column1_front_270
Reading in option: pick_column2_top_0
Reading in option: pick_column2_left_0
Reading in option: pick_column2_right_0
Reading in option: pick_column2_front_270
Reading in option: place_goal_0_top_0
Reading in option: place_goal_0_left_0
Reading in option: place_goal_0_right_0
Reading in option: place_goal_0_front_270
Reading in option: place_goal_1_top_0
Reading in option: place_goal_1_left_0
Reading in option: place_goal_1_right_0
Reading in option: place_goal_1_front_270
Reading in option: place_goal_2_top_0
Reading in option: place_goal_2_left_0
Reading in option: place_goal_2_right_0
Reading in option: place_goal_2_front_270
Reading in option: place_region_0_top_0
Reading in option: place_region_0_left_0
Reading in option: place_region_0_right_0
Reading in option: place_region_0_front_270
Reading in option: place_region_1_top_0
Reading in option: place_region_1_left_0
Reading in option: place_region_1_right_0
Reading in option: place_region_1_front_270
Reading in option: place_region_2_top_0
Reading in option: place_region_2_left_0
Reading in option: place_region_2_right_0
Reading in option: place_region_2_front_270
Creating MDP...
Synthesising Policy...
Step 0
State fingerprint: frozenset({('/column0', '/region_0'), ('/column2', '/region_1'), ('/column1', '/region_2')})
policy state State(column0: region_0, column1: region_2, column2: region_1)
policy value 33.787177389387914
State(column0: region_0, column1: region_2, column2: region_1)
pick_column0_left_0
Action: Action(ActionType.PICK, obj=/column0, slot=None,grasp=GraspType.LEFT_0)
[EXEC] Picking /column0 with left_0

[INFO] Found 5888 potential configurations.
[INFO] Motion completed successfully with result: success,in execution time: 4.00 seconds
[INFO] Found a reachable configuration for pick action after 1 attempts.
Tip distance after pick: 0.020855203068629195
[INFO] Pick action completed successfully.in execution time: 4.00 seconds
[EXEC] Action ActionType.PICK executed in 9.92 seconds
[SUCCESS] Action ActionType.PICK succeeded for object /column0
Action duration: 4.0
reward 4.0
[LOG] Transition logged to MongoDB: c78d41cd-aa7e-4c7d-afbf-c269fffdc872 - Episode 0
Step 2
State fingerprint: frozenset({('/column2', '/region_1'), ('/column1', '/region_2'), ('/column0', 'held')})
policy state State(column0: held, column1: region_2, column2: region_1)
policy value 31.21436214666944
State(column0: held, column1: region_2, column2: region_1)
place_goal_0_right_0
Action: Action(ActionType.PLACE, obj=/column0, slot=/goal_0,grasp=GraspType.RIGHT_0)
[EXEC] Placing at [-0.27499999999999986, 0.8250000000000005, 0.5] with grasp right_0

[INFO] Found 3968 potential configurations.
[INFO] Motion completed successfully with result: success,in execution time: 13.32 seconds
[INFO] Found a reachable configuration for place action after 1 attempts.
[INFO] Place action completed successfully.
realigning placed object /column0 to target position
[EXEC] Action ActionType.PLACE executed in 33.06 seconds
[SUCCESS] Action ActionType.PLACE succeeded for object /column0
Action duration: 13.32
reward 13.32
[LOG] Transition logged to MongoDB: c78d41cd-aa7e-4c7d-afbf-c269fffdc872 - Episode 0
Step 4
State fingerprint: frozenset({('/column0', '/goal_0'), ('/column2', '/region_1'), ('/column1', '/region_2')})
policy state State(column0: goal_0, column1: region_2, column2: region_1)
policy value 26.10543351623979
State(column0: goal_0, column1: region_2, column2: region_1)
pick_column2_front_270
Action: Action(ActionType.PICK, obj=/column2, slot=None,grasp=GraspType.FRONT_270)
[EXEC] Picking /column2 with front_270

[INFO] Found 4160 potential configurations.
[WARN] No valid configuration found (all tested configs invalid).
[EXEC] Action ActionType.PICK executed in 2.53 seconds
[ERROR] Action ActionType.PICK failed for object /column2
Action duration: 0.001
reward 0.001
[LOG] Transition logged to MongoDB: c78d41cd-aa7e-4c7d-afbf-c269fffdc872 - Episode 0
Action failed, stopping. Time elapsed: 0.001
Step 6
State fingerprint: frozenset({('/column0', '/goal_0'), ('/column2', '/region_1'), ('/column1', '/region_2')})
State has been visited before, stopping to avoid loops
policy state State(column0: goal_0, column1: region_2, column2: region_1)
policy value 26.10543351623979
State(column0: goal_0, column1: region_2, column2: region_1)
pick_column2_front_270
Action: Action(ActionType.PICK, obj=/column2, slot=None,grasp=GraspType.FRONT_270)
[EXEC] Picking /column2 with front_270

[INFO] Found 4544 potential configurations.
[WARN] No valid configuration found (all tested configs invalid).
[EXEC] Action ActionType.PICK executed in 2.47 seconds
[ERROR] Action ActionType.PICK failed for object /column2
Action duration: 0.001
reward 0.001
[LOG] Transition logged to MongoDB: c78d41cd-aa7e-4c7d-afbf-c269fffdc872 - Episode 0
Action failed, stopping. Time elapsed: 0.001
Goal achieved: False
Goal region occupancy: ['/column0', 'None', 'None']
Number of actions: 4
Total task time: 17.322000000000003 sec
connected to simulation
simulation is explicitly stepped
Joint handles retrieved
State(column0: region_0, column1: region_2, column2: region_1)
Reading in option: pick_column0_top_0
Reading in option: pick_column0_left_0
Reading in option: pick_column0_right_0
Reading in option: pick_column0_front_270
Reading in option: pick_column1_top_0
Reading in option: pick_column1_left_0
Reading in option: pick_column1_right_0
Reading in option: pick_column1_front_270
Reading in option: pick_column2_top_0
Reading in option: pick_column2_left_0
Reading in option: pick_column2_right_0
Reading in option: pick_column2_front_270
Reading in option: place_goal_0_top_0
Reading in option: place_goal_0_left_0
Reading in option: place_goal_0_right_0
Reading in option: place_goal_0_front_270
Reading in option: place_goal_1_top_0
Reading in option: place_goal_1_left_0
Reading in option: place_goal_1_right_0
Reading in option: place_goal_1_front_270
Reading in option: place_goal_2_top_0
Reading in option: place_goal_2_left_0
Reading in option: place_goal_2_right_0
Reading in option: place_goal_2_front_270
Reading in option: place_region_0_top_0
Reading in option: place_region_0_left_0
Reading in option: place_region_0_right_0
Reading in option: place_region_0_front_270
Reading in option: place_region_1_top_0
Reading in option: place_region_1_left_0
Reading in option: place_region_1_right_0
Reading in option: place_region_1_front_270
Reading in option: place_region_2_top_0
Reading in option: place_region_2_left_0
Reading in option: place_region_2_right_0
Reading in option: place_region_2_front_270
Creating MDP...
Synthesising Policy...
Step 0
State fingerprint: frozenset({('/column0', '/region_0'), ('/column2', '/region_1'), ('/column1', '/region_2')})
policy state State(column0: region_0, column1: region_2, column2: region_1)
policy value 33.787177389387914
State(column0: region_0, column1: region_2, column2: region_1)
pick_column0_left_0
Action: Action(ActionType.PICK, obj=/column0, slot=None,grasp=GraspType.LEFT_0)
[EXEC] Picking /column0 with left_0

[INFO] Found 4608 potential configurations.
[INFO] Motion completed successfully with result: success,in execution time: 4.00 seconds
[INFO] Found a reachable configuration for pick action after 1 attempts.
Tip distance after pick: 0.020337132839876183
[INFO] Pick action completed successfully.in execution time: 4.00 seconds
[EXEC] Action ActionType.PICK executed in 11.10 seconds
[SUCCESS] Action ActionType.PICK succeeded for object /column0
Action duration: 4.0
reward 4.0
[LOG] Transition logged to MongoDB: c78d41cd-aa7e-4c7d-afbf-c269fffdc872 - Episode 0
Step 2
State fingerprint: frozenset({('/column2', '/region_1'), ('/column1', '/region_2'), ('/column0', 'held')})
policy state State(column0: held, column1: region_2, column2: region_1)
policy value 31.21436214666944
State(column0: held, column1: region_2, column2: region_1)
place_goal_0_right_0
Action: Action(ActionType.PLACE, obj=/column0, slot=/goal_0,grasp=GraspType.RIGHT_0)
[EXEC] Placing at [-0.27499999999999986, 0.8250000000000005, 0.5] with grasp right_0

[INFO] Found 5568 potential configurations.
[INFO] Motion completed successfully with result: success,in execution time: 6.64 seconds
[INFO] Found a reachable configuration for place action after 1 attempts.
[INFO] Place action completed successfully.
realigning placed object /column0 to target position
[EXEC] Action ActionType.PLACE executed in 15.99 seconds
[SUCCESS] Action ActionType.PLACE succeeded for object /column0
Action duration: 6.6399999999999
reward 6.6399999999999
[LOG] Transition logged to MongoDB: c78d41cd-aa7e-4c7d-afbf-c269fffdc872 - Episode 0
Step 4
State fingerprint: frozenset({('/column0', '/goal_0'), ('/column2', '/region_1'), ('/column1', '/region_2')})
policy state State(column0: goal_0, column1: region_2, column2: region_1)
policy value 26.10543351623979
State(column0: goal_0, column1: region_2, column2: region_1)
pick_column2_front_270
Action: Action(ActionType.PICK, obj=/column2, slot=None,grasp=GraspType.FRONT_270)
[EXEC] Picking /column2 with front_270

[INFO] Found 3840 potential configurations.
[WARN] No valid configuration found (all tested configs invalid).
[EXEC] Action ActionType.PICK executed in 2.45 seconds
[ERROR] Action ActionType.PICK failed for object /column2
Action duration: 0.001
reward 0.001
[LOG] Transition logged to MongoDB: c78d41cd-aa7e-4c7d-afbf-c269fffdc872 - Episode 0
Action failed, stopping. Time elapsed: 0.001
Step 6
State fingerprint: frozenset({('/column0', '/goal_0'), ('/column2', '/region_1'), ('/column1', '/region_2')})
State has been visited before, stopping to avoid loops
policy state State(column0: goal_0, column1: region_2, column2: region_1)
policy value 26.10543351623979
State(column0: goal_0, column1: region_2, column2: region_1)
pick_column2_front_270
Action: Action(ActionType.PICK, obj=/column2, slot=None,grasp=GraspType.FRONT_270)
[EXEC] Picking /column2 with front_270

[INFO] Found 5312 potential configurations.
[WARN] No valid configuration found (all tested configs invalid).
[EXEC] Action ActionType.PICK executed in 2.76 seconds
[ERROR] Action ActionType.PICK failed for object /column2
Action duration: 0.001
reward 0.001
[LOG] Transition logged to MongoDB: c78d41cd-aa7e-4c7d-afbf-c269fffdc872 - Episode 0
Action failed, stopping. Time elapsed: 0.001
Goal achieved: False
Goal region occupancy: ['/column0', 'None', 'None']
Number of actions: 4
Total task time: 10.6419999999999 sec
connected to simulation
simulation is explicitly stepped
