Connecting to port 23011
connected to simulation
simulation is explicitly stepped
Joint handles retrieved
[LOG] TransitionLogger initialized with ID: b5927b0e-a15c-4843-9828-b06b6652d83d
[LOG] MongoDB connection established
[LOG] TransitionLogger initialized with ID: c1e3d2e9-0389-4d9d-9b5d-ba68b3b0deae
[LOG] MongoDB connection established
Warmup not selected, attempting to build policy for informed exploration
USING STORM: False
Reading data from MongoDB...
Total option moiton param combinations 36
Collected combinations 36
Building state to idx mapping...
Building option ensembles...
pick_column0_top_0: Identifying enabled states...
pick_column0_top_0: Splitting up datasets...
pick_column0_top_0: Learning DBNS...
pick_column0_top_0: Building transition dicts for each DBN
pick_column0_top_0: Starting process for DBN 0
pick_column0_top_0: Starting process for DBN 1
pick_column0_top_0: Starting process for DBN 2
pick_column0_top_0: Starting process for DBN 3
pick_column0_top_0: Received dict for DBN 0
pick_column0_top_0: Received dict for DBN 1
pick_column0_top_0: Received dict for DBN 2
pick_column0_top_0: Received dict for DBN 3
pick_column0_top_0: Sampling transitions and computing reward
pick_column0_top_0: Building transition/reward matrices
pick_column0_left_0: Identifying enabled states...
pick_column0_left_0: Splitting up datasets...
pick_column0_left_0: Learning DBNS...
pick_column0_left_0: Building transition dicts for each DBN
pick_column0_left_0: Starting process for DBN 0
pick_column0_left_0: Starting process for DBN 1
pick_column0_left_0: Starting process for DBN 2
pick_column0_left_0: Starting process for DBN 3
pick_column0_left_0: Received dict for DBN 0
pick_column0_left_0: Received dict for DBN 1
pick_column0_left_0: Received dict for DBN 2
pick_column0_left_0: Received dict for DBN 3
pick_column0_left_0: Sampling transitions and computing reward
pick_column0_left_0: Building transition/reward matrices
pick_column0_right_0: Identifying enabled states...
pick_column0_right_0: Splitting up datasets...
pick_column0_right_0: Learning DBNS...
pick_column0_right_0: Building transition dicts for each DBN
pick_column0_right_0: Starting process for DBN 0
pick_column0_right_0: Starting process for DBN 1
pick_column0_right_0: Starting process for DBN 2
pick_column0_right_0: Starting process for DBN 3
pick_column0_right_0: Received dict for DBN 0
pick_column0_right_0: Received dict for DBN 1
pick_column0_right_0: Received dict for DBN 2
pick_column0_right_0: Received dict for DBN 3
pick_column0_right_0: Sampling transitions and computing reward
pick_column0_right_0: Building transition/reward matrices
pick_column0_front_270: Identifying enabled states...
pick_column0_front_270: Splitting up datasets...
pick_column0_front_270: Learning DBNS...
pick_column0_front_270: Building transition dicts for each DBN
pick_column0_front_270: Starting process for DBN 0
pick_column0_front_270: Starting process for DBN 1
pick_column0_front_270: Starting process for DBN 2
pick_column0_front_270: Starting process for DBN 3
pick_column0_front_270: Received dict for DBN 0
pick_column0_front_270: Received dict for DBN 1
pick_column0_front_270: Received dict for DBN 2
pick_column0_front_270: Received dict for DBN 3
pick_column0_front_270: Sampling transitions and computing reward
pick_column0_front_270: Building transition/reward matrices
pick_column1_top_0: Identifying enabled states...
pick_column1_top_0: Splitting up datasets...
pick_column1_top_0: Learning DBNS...
pick_column1_top_0: Building transition dicts for each DBN
pick_column1_top_0: Starting process for DBN 0
pick_column1_top_0: Starting process for DBN 1
pick_column1_top_0: Starting process for DBN 2
pick_column1_top_0: Starting process for DBN 3
pick_column1_top_0: Received dict for DBN 0
pick_column1_top_0: Received dict for DBN 1
pick_column1_top_0: Received dict for DBN 2
pick_column1_top_0: Received dict for DBN 3
pick_column1_top_0: Sampling transitions and computing reward
pick_column1_top_0: Building transition/reward matrices
pick_column1_left_0: Identifying enabled states...
pick_column1_left_0: Splitting up datasets...
pick_column1_left_0: Learning DBNS...
pick_column1_left_0: Building transition dicts for each DBN
pick_column1_left_0: Starting process for DBN 0
pick_column1_left_0: Starting process for DBN 1
pick_column1_left_0: Starting process for DBN 2
pick_column1_left_0: Starting process for DBN 3
pick_column1_left_0: Received dict for DBN 0
pick_column1_left_0: Received dict for DBN 1
pick_column1_left_0: Received dict for DBN 2
pick_column1_left_0: Received dict for DBN 3
pick_column1_left_0: Sampling transitions and computing reward
pick_column1_left_0: Building transition/reward matrices
pick_column1_right_0: Identifying enabled states...
pick_column1_right_0: Splitting up datasets...
pick_column1_right_0: Learning DBNS...
pick_column1_right_0: Building transition dicts for each DBN
pick_column1_right_0: Starting process for DBN 0
pick_column1_right_0: Starting process for DBN 1
pick_column1_right_0: Starting process for DBN 2
pick_column1_right_0: Starting process for DBN 3
pick_column1_right_0: Received dict for DBN 0
pick_column1_right_0: Received dict for DBN 1
pick_column1_right_0: Received dict for DBN 2
pick_column1_right_0: Received dict for DBN 3
pick_column1_right_0: Sampling transitions and computing reward
pick_column1_right_0: Building transition/reward matrices
pick_column1_front_270: Identifying enabled states...
pick_column1_front_270: Splitting up datasets...
pick_column1_front_270: Learning DBNS...
pick_column1_front_270: Building transition dicts for each DBN
pick_column1_front_270: Starting process for DBN 0
pick_column1_front_270: Starting process for DBN 1
pick_column1_front_270: Starting process for DBN 2
pick_column1_front_270: Starting process for DBN 3
pick_column1_front_270: Received dict for DBN 0
pick_column1_front_270: Received dict for DBN 1
pick_column1_front_270: Received dict for DBN 2
pick_column1_front_270: Received dict for DBN 3
pick_column1_front_270: Sampling transitions and computing reward
pick_column1_front_270: Building transition/reward matrices
pick_column2_top_0: Identifying enabled states...
pick_column2_top_0: Splitting up datasets...
pick_column2_top_0: Learning DBNS...
pick_column2_top_0: Building transition dicts for each DBN
pick_column2_top_0: Starting process for DBN 0
pick_column2_top_0: Starting process for DBN 1
pick_column2_top_0: Starting process for DBN 2
pick_column2_top_0: Starting process for DBN 3
pick_column2_top_0: Received dict for DBN 0
pick_column2_top_0: Received dict for DBN 1
pick_column2_top_0: Received dict for DBN 2
pick_column2_top_0: Received dict for DBN 3
pick_column2_top_0: Sampling transitions and computing reward
pick_column2_top_0: Building transition/reward matrices
pick_column2_left_0: Identifying enabled states...
pick_column2_left_0: Splitting up datasets...
pick_column2_left_0: Learning DBNS...
pick_column2_left_0: Building transition dicts for each DBN
pick_column2_left_0: Starting process for DBN 0
pick_column2_left_0: Starting process for DBN 1
pick_column2_left_0: Starting process for DBN 2
pick_column2_left_0: Starting process for DBN 3
pick_column2_left_0: Received dict for DBN 0
pick_column2_left_0: Received dict for DBN 1
pick_column2_left_0: Received dict for DBN 2
pick_column2_left_0: Received dict for DBN 3
pick_column2_left_0: Sampling transitions and computing reward
pick_column2_left_0: Building transition/reward matrices
pick_column2_right_0: Identifying enabled states...
pick_column2_right_0: Splitting up datasets...
pick_column2_right_0: Learning DBNS...
pick_column2_right_0: Building transition dicts for each DBN
pick_column2_right_0: Starting process for DBN 0
pick_column2_right_0: Starting process for DBN 1
pick_column2_right_0: Starting process for DBN 2
pick_column2_right_0: Starting process for DBN 3
pick_column2_right_0: Received dict for DBN 0
pick_column2_right_0: Received dict for DBN 1
pick_column2_right_0: Received dict for DBN 2
pick_column2_right_0: Received dict for DBN 3
pick_column2_right_0: Sampling transitions and computing reward
pick_column2_right_0: Building transition/reward matrices
pick_column2_front_270: Identifying enabled states...
pick_column2_front_270: Splitting up datasets...
pick_column2_front_270: Learning DBNS...
pick_column2_front_270: Building transition dicts for each DBN
pick_column2_front_270: Starting process for DBN 0
pick_column2_front_270: Starting process for DBN 1
pick_column2_front_270: Starting process for DBN 2
pick_column2_front_270: Starting process for DBN 3
pick_column2_front_270: Received dict for DBN 0
pick_column2_front_270: Received dict for DBN 1
pick_column2_front_270: Received dict for DBN 2
pick_column2_front_270: Received dict for DBN 3
pick_column2_front_270: Sampling transitions and computing reward
pick_column2_front_270: Building transition/reward matrices
place_goal_0_top_0: Identifying enabled states...
place_goal_0_top_0: Splitting up datasets...
place_goal_0_top_0: Learning DBNS...
place_goal_0_top_0: Building transition dicts for each DBN
place_goal_0_top_0: Starting process for DBN 0
place_goal_0_top_0: Starting process for DBN 1
place_goal_0_top_0: Starting process for DBN 2
place_goal_0_top_0: Starting process for DBN 3
place_goal_0_top_0: Received dict for DBN 2
place_goal_0_top_0: Received dict for DBN 1
place_goal_0_top_0: Received dict for DBN 0
place_goal_0_top_0: Received dict for DBN 3
place_goal_0_top_0: Sampling transitions and computing reward
place_goal_0_top_0: Building transition/reward matrices
place_goal_0_left_0: Identifying enabled states...
place_goal_0_left_0: Splitting up datasets...
place_goal_0_left_0: Learning DBNS...
place_goal_0_left_0: Building transition dicts for each DBN
place_goal_0_left_0: Starting process for DBN 0
place_goal_0_left_0: Starting process for DBN 1
place_goal_0_left_0: Starting process for DBN 2
place_goal_0_left_0: Starting process for DBN 3
place_goal_0_left_0: Received dict for DBN 0
place_goal_0_left_0: Received dict for DBN 1
place_goal_0_left_0: Received dict for DBN 2
place_goal_0_left_0: Received dict for DBN 3
place_goal_0_left_0: Sampling transitions and computing reward
place_goal_0_left_0: Building transition/reward matrices
place_goal_0_right_0: Identifying enabled states...
place_goal_0_right_0: Splitting up datasets...
place_goal_0_right_0: Learning DBNS...
place_goal_0_right_0: Building transition dicts for each DBN
place_goal_0_right_0: Starting process for DBN 0
place_goal_0_right_0: Starting process for DBN 1
place_goal_0_right_0: Starting process for DBN 2
place_goal_0_right_0: Starting process for DBN 3
place_goal_0_right_0: Received dict for DBN 0
place_goal_0_right_0: Received dict for DBN 1
place_goal_0_right_0: Received dict for DBN 3
place_goal_0_right_0: Received dict for DBN 2
place_goal_0_right_0: Sampling transitions and computing reward
place_goal_0_right_0: Building transition/reward matrices
place_goal_0_front_270: Identifying enabled states...
place_goal_0_front_270: Splitting up datasets...
place_goal_0_front_270: Learning DBNS...
place_goal_0_front_270: Building transition dicts for each DBN
place_goal_0_front_270: Starting process for DBN 0
place_goal_0_front_270: Starting process for DBN 1
place_goal_0_front_270: Starting process for DBN 2
place_goal_0_front_270: Starting process for DBN 3
place_goal_0_front_270: Received dict for DBN 0
place_goal_0_front_270: Received dict for DBN 1
place_goal_0_front_270: Received dict for DBN 2
place_goal_0_front_270: Received dict for DBN 3
place_goal_0_front_270: Sampling transitions and computing reward
place_goal_0_front_270: Building transition/reward matrices
place_goal_1_top_0: Identifying enabled states...
place_goal_1_top_0: Splitting up datasets...
place_goal_1_top_0: Learning DBNS...
place_goal_1_top_0: Building transition dicts for each DBN
place_goal_1_top_0: Starting process for DBN 0
place_goal_1_top_0: Starting process for DBN 1
place_goal_1_top_0: Starting process for DBN 2
place_goal_1_top_0: Starting process for DBN 3
place_goal_1_top_0: Received dict for DBN 0
place_goal_1_top_0: Received dict for DBN 3
place_goal_1_top_0: Received dict for DBN 1
place_goal_1_top_0: Received dict for DBN 2
place_goal_1_top_0: Sampling transitions and computing reward
place_goal_1_top_0: Building transition/reward matrices
place_goal_1_left_0: Identifying enabled states...
place_goal_1_left_0: Splitting up datasets...
place_goal_1_left_0: Learning DBNS...
place_goal_1_left_0: Building transition dicts for each DBN
place_goal_1_left_0: Starting process for DBN 0
place_goal_1_left_0: Starting process for DBN 1
place_goal_1_left_0: Starting process for DBN 2
place_goal_1_left_0: Starting process for DBN 3
place_goal_1_left_0: Received dict for DBN 0
place_goal_1_left_0: Received dict for DBN 1
place_goal_1_left_0: Received dict for DBN 2
place_goal_1_left_0: Received dict for DBN 3
place_goal_1_left_0: Sampling transitions and computing reward
place_goal_1_left_0: Building transition/reward matrices
place_goal_1_right_0: Identifying enabled states...
place_goal_1_right_0: Splitting up datasets...
place_goal_1_right_0: Learning DBNS...
place_goal_1_right_0: Building transition dicts for each DBN
place_goal_1_right_0: Starting process for DBN 0
place_goal_1_right_0: Starting process for DBN 1
place_goal_1_right_0: Starting process for DBN 2
place_goal_1_right_0: Starting process for DBN 3
place_goal_1_right_0: Received dict for DBN 1
place_goal_1_right_0: Received dict for DBN 2
place_goal_1_right_0: Received dict for DBN 0
place_goal_1_right_0: Received dict for DBN 3
place_goal_1_right_0: Sampling transitions and computing reward
place_goal_1_right_0: Building transition/reward matrices
place_goal_1_front_270: Identifying enabled states...
place_goal_1_front_270: Splitting up datasets...
place_goal_1_front_270: Learning DBNS...
place_goal_1_front_270: Building transition dicts for each DBN
place_goal_1_front_270: Starting process for DBN 0
place_goal_1_front_270: Starting process for DBN 1
place_goal_1_front_270: Starting process for DBN 2
place_goal_1_front_270: Starting process for DBN 3
place_goal_1_front_270: Received dict for DBN 0
place_goal_1_front_270: Received dict for DBN 3
place_goal_1_front_270: Received dict for DBN 1
place_goal_1_front_270: Received dict for DBN 2
place_goal_1_front_270: Sampling transitions and computing reward
place_goal_1_front_270: Building transition/reward matrices
place_goal_2_top_0: Identifying enabled states...
place_goal_2_top_0: Splitting up datasets...
place_goal_2_top_0: Learning DBNS...
place_goal_2_top_0: Building transition dicts for each DBN
place_goal_2_top_0: Starting process for DBN 0
place_goal_2_top_0: Starting process for DBN 1
place_goal_2_top_0: Starting process for DBN 2
place_goal_2_top_0: Starting process for DBN 3
place_goal_2_top_0: Received dict for DBN 0
place_goal_2_top_0: Received dict for DBN 1
place_goal_2_top_0: Received dict for DBN 2
place_goal_2_top_0: Received dict for DBN 3
place_goal_2_top_0: Sampling transitions and computing reward
place_goal_2_top_0: Building transition/reward matrices
place_goal_2_left_0: Identifying enabled states...
place_goal_2_left_0: Splitting up datasets...
place_goal_2_left_0: Learning DBNS...
place_goal_2_left_0: Building transition dicts for each DBN
place_goal_2_left_0: Starting process for DBN 0
place_goal_2_left_0: Starting process for DBN 1
place_goal_2_left_0: Starting process for DBN 2
place_goal_2_left_0: Starting process for DBN 3
place_goal_2_left_0: Received dict for DBN 0
place_goal_2_left_0: Received dict for DBN 1
place_goal_2_left_0: Received dict for DBN 3
place_goal_2_left_0: Received dict for DBN 2
place_goal_2_left_0: Sampling transitions and computing reward
place_goal_2_left_0: Building transition/reward matrices
place_goal_2_right_0: Identifying enabled states...
place_goal_2_right_0: Splitting up datasets...
place_goal_2_right_0: Learning DBNS...
place_goal_2_right_0: Building transition dicts for each DBN
place_goal_2_right_0: Starting process for DBN 0
place_goal_2_right_0: Starting process for DBN 1
place_goal_2_right_0: Starting process for DBN 2
place_goal_2_right_0: Starting process for DBN 3
place_goal_2_right_0: Received dict for DBN 0
place_goal_2_right_0: Received dict for DBN 1
place_goal_2_right_0: Received dict for DBN 2
place_goal_2_right_0: Received dict for DBN 3
place_goal_2_right_0: Sampling transitions and computing reward
place_goal_2_right_0: Building transition/reward matrices
place_goal_2_front_270: Identifying enabled states...
place_goal_2_front_270: Splitting up datasets...
place_goal_2_front_270: Learning DBNS...
place_goal_2_front_270: Building transition dicts for each DBN
place_goal_2_front_270: Starting process for DBN 0
place_goal_2_front_270: Starting process for DBN 1
place_goal_2_front_270: Starting process for DBN 2
place_goal_2_front_270: Starting process for DBN 3
place_goal_2_front_270: Received dict for DBN 0
place_goal_2_front_270: Received dict for DBN 1
place_goal_2_front_270: Received dict for DBN 2
place_goal_2_front_270: Received dict for DBN 3
place_goal_2_front_270: Sampling transitions and computing reward
place_goal_2_front_270: Building transition/reward matrices
place_region_0_top_0: Identifying enabled states...
place_region_0_top_0: Splitting up datasets...
place_region_0_top_0: Learning DBNS...
place_region_0_top_0: Building transition dicts for each DBN
place_region_0_top_0: Starting process for DBN 0
place_region_0_top_0: Starting process for DBN 1
place_region_0_top_0: Starting process for DBN 2
place_region_0_top_0: Starting process for DBN 3
place_region_0_top_0: Received dict for DBN 3
place_region_0_top_0: Received dict for DBN 0
place_region_0_top_0: Received dict for DBN 1
place_region_0_top_0: Received dict for DBN 2
place_region_0_top_0: Sampling transitions and computing reward
place_region_0_top_0: Building transition/reward matrices
place_region_0_left_0: Identifying enabled states...
place_region_0_left_0: Splitting up datasets...
place_region_0_left_0: Learning DBNS...
place_region_0_left_0: Building transition dicts for each DBN
place_region_0_left_0: Starting process for DBN 0
place_region_0_left_0: Starting process for DBN 1
place_region_0_left_0: Starting process for DBN 2
place_region_0_left_0: Starting process for DBN 3
place_region_0_left_0: Received dict for DBN 2
place_region_0_left_0: Received dict for DBN 0
place_region_0_left_0: Received dict for DBN 1
place_region_0_left_0: Received dict for DBN 3
place_region_0_left_0: Sampling transitions and computing reward
place_region_0_left_0: Building transition/reward matrices
place_region_0_right_0: Identifying enabled states...
place_region_0_right_0: Splitting up datasets...
place_region_0_right_0: Learning DBNS...
place_region_0_right_0: Building transition dicts for each DBN
place_region_0_right_0: Starting process for DBN 0
place_region_0_right_0: Starting process for DBN 1
place_region_0_right_0: Starting process for DBN 2
place_region_0_right_0: Starting process for DBN 3
place_region_0_right_0: Received dict for DBN 1
place_region_0_right_0: Received dict for DBN 2
place_region_0_right_0: Received dict for DBN 0
place_region_0_right_0: Received dict for DBN 3
place_region_0_right_0: Sampling transitions and computing reward
place_region_0_right_0: Building transition/reward matrices
place_region_0_front_270: Identifying enabled states...
place_region_0_front_270: Splitting up datasets...
place_region_0_front_270: Learning DBNS...
place_region_0_front_270: Building transition dicts for each DBN
place_region_0_front_270: Starting process for DBN 0
place_region_0_front_270: Starting process for DBN 1
place_region_0_front_270: Starting process for DBN 2
place_region_0_front_270: Starting process for DBN 3
place_region_0_front_270: Received dict for DBN 0
place_region_0_front_270: Received dict for DBN 1
place_region_0_front_270: Received dict for DBN 2
place_region_0_front_270: Received dict for DBN 3
place_region_0_front_270: Sampling transitions and computing reward
place_region_0_front_270: Building transition/reward matrices
place_region_1_top_0: Identifying enabled states...
place_region_1_top_0: Splitting up datasets...
place_region_1_top_0: Learning DBNS...
place_region_1_top_0: Building transition dicts for each DBN
place_region_1_top_0: Starting process for DBN 0
place_region_1_top_0: Starting process for DBN 1
place_region_1_top_0: Starting process for DBN 2
place_region_1_top_0: Starting process for DBN 3
place_region_1_top_0: Received dict for DBN 0
place_region_1_top_0: Received dict for DBN 1
place_region_1_top_0: Received dict for DBN 2
place_region_1_top_0: Received dict for DBN 3
place_region_1_top_0: Sampling transitions and computing reward
place_region_1_top_0: Building transition/reward matrices
place_region_1_left_0: Identifying enabled states...
place_region_1_left_0: Splitting up datasets...
place_region_1_left_0: Learning DBNS...
place_region_1_left_0: Building transition dicts for each DBN
place_region_1_left_0: Starting process for DBN 0
place_region_1_left_0: Starting process for DBN 1
place_region_1_left_0: Starting process for DBN 2
place_region_1_left_0: Starting process for DBN 3
place_region_1_left_0: Received dict for DBN 0
place_region_1_left_0: Received dict for DBN 1
place_region_1_left_0: Received dict for DBN 2
place_region_1_left_0: Received dict for DBN 3
place_region_1_left_0: Sampling transitions and computing reward
place_region_1_left_0: Building transition/reward matrices
place_region_1_right_0: Identifying enabled states...
place_region_1_right_0: Splitting up datasets...
place_region_1_right_0: Learning DBNS...
place_region_1_right_0: Building transition dicts for each DBN
place_region_1_right_0: Starting process for DBN 0
place_region_1_right_0: Starting process for DBN 1
place_region_1_right_0: Starting process for DBN 2
place_region_1_right_0: Starting process for DBN 3
place_region_1_right_0: Received dict for DBN 0
place_region_1_right_0: Received dict for DBN 1
place_region_1_right_0: Received dict for DBN 2
place_region_1_right_0: Received dict for DBN 3
place_region_1_right_0: Sampling transitions and computing reward
place_region_1_right_0: Building transition/reward matrices
place_region_1_front_270: Identifying enabled states...
place_region_1_front_270: Splitting up datasets...
place_region_1_front_270: Learning DBNS...
place_region_1_front_270: Building transition dicts for each DBN
place_region_1_front_270: Starting process for DBN 0
place_region_1_front_270: Starting process for DBN 1
place_region_1_front_270: Starting process for DBN 2
place_region_1_front_270: Starting process for DBN 3
place_region_1_front_270: Received dict for DBN 0
place_region_1_front_270: Received dict for DBN 1
place_region_1_front_270: Received dict for DBN 2
place_region_1_front_270: Received dict for DBN 3
place_region_1_front_270: Sampling transitions and computing reward
place_region_1_front_270: Building transition/reward matrices
place_region_2_top_0: Identifying enabled states...
place_region_2_top_0: Splitting up datasets...
place_region_2_top_0: Learning DBNS...
place_region_2_top_0: Building transition dicts for each DBN
place_region_2_top_0: Starting process for DBN 0
place_region_2_top_0: Starting process for DBN 1
place_region_2_top_0: Starting process for DBN 2
place_region_2_top_0: Starting process for DBN 3
place_region_2_top_0: Received dict for DBN 0
place_region_2_top_0: Received dict for DBN 2
place_region_2_top_0: Received dict for DBN 1
place_region_2_top_0: Received dict for DBN 3
place_region_2_top_0: Sampling transitions and computing reward
place_region_2_top_0: Building transition/reward matrices
place_region_2_left_0: Identifying enabled states...
place_region_2_left_0: Splitting up datasets...
place_region_2_left_0: Learning DBNS...
place_region_2_left_0: Building transition dicts for each DBN
place_region_2_left_0: Starting process for DBN 0
place_region_2_left_0: Starting process for DBN 1
place_region_2_left_0: Starting process for DBN 2
place_region_2_left_0: Starting process for DBN 3
place_region_2_left_0: Received dict for DBN 3
place_region_2_left_0: Received dict for DBN 0
place_region_2_left_0: Received dict for DBN 1
place_region_2_left_0: Received dict for DBN 2
place_region_2_left_0: Sampling transitions and computing reward
place_region_2_left_0: Building transition/reward matrices
place_region_2_right_0: Identifying enabled states...
place_region_2_right_0: Splitting up datasets...
place_region_2_right_0: Learning DBNS...
place_region_2_right_0: Building transition dicts for each DBN
place_region_2_right_0: Starting process for DBN 0
place_region_2_right_0: Starting process for DBN 1
place_region_2_right_0: Starting process for DBN 2
place_region_2_right_0: Starting process for DBN 3
place_region_2_right_0: Received dict for DBN 0
place_region_2_right_0: Received dict for DBN 1
place_region_2_right_0: Received dict for DBN 2
place_region_2_right_0: Received dict for DBN 3
place_region_2_right_0: Sampling transitions and computing reward
place_region_2_right_0: Building transition/reward matrices
place_region_2_front_270: Identifying enabled states...
place_region_2_front_270: Splitting up datasets...
place_region_2_front_270: Learning DBNS...
place_region_2_front_270: Building transition dicts for each DBN
place_region_2_front_270: Starting process for DBN 0
place_region_2_front_270: Starting process for DBN 1
place_region_2_front_270: Starting process for DBN 2
place_region_2_front_270: Starting process for DBN 3
place_region_2_front_270: Received dict for DBN 0
place_region_2_front_270: Received dict for DBN 1
place_region_2_front_270: Received dict for DBN 2
place_region_2_front_270: Received dict for DBN 3
place_region_2_front_270: Sampling transitions and computing reward
place_region_2_front_270: Building transition/reward matrices
Building MDP...
Synthesising Policy...
Solving MDP for timestep: 29
Solving MDP for timestep: 28
Solving MDP for timestep: 27
Solving MDP for timestep: 26
Solving MDP for timestep: 25
Solving MDP for timestep: 24
Solving MDP for timestep: 23
Solving MDP for timestep: 22
Solving MDP for timestep: 21
Solving MDP for timestep: 20
Solving MDP for timestep: 19
Solving MDP for timestep: 18
Solving MDP for timestep: 17
Solving MDP for timestep: 16
Solving MDP for timestep: 15
Solving MDP for timestep: 14
Solving MDP for timestep: 13
Solving MDP for timestep: 12
Solving MDP for timestep: 11
Solving MDP for timestep: 10
Solving MDP for timestep: 9
Solving MDP for timestep: 8
Solving MDP for timestep: 7
Solving MDP for timestep: 6
Solving MDP for timestep: 5
Solving MDP for timestep: 4
Solving MDP for timestep: 3
Solving MDP for timestep: 2
Solving MDP for timestep: 1
Solving MDP for timestep: 0
Informed collection will begin if selected
Resetting the scene for new episode
Step 0
policy value 11.768797874450684
State(column0: region_1, column1: region_0, column2: region_2)
pick_column1_top_0
Action: Action(ActionType.PICK, obj=/column1, slot=None,grasp=GraspType.TOP_0)
[EXEC] Picking /column1 with top_0

[INFO] Found 4736 potential configurations.
[INFO] Motion completed successfully with result: success,in execution time: 3.44 seconds
[INFO] Found a reachable configuration for pick action after 1 attempts.
Tip distance after pick: 0.028650773673821843
[INFO] Pick action completed successfully.in execution time: 3.44 seconds
[EXEC] Action ActionType.PICK executed in 13.04 seconds
[SUCCESS] Action ActionType.PICK succeeded for object /column1
Action duration: 3.44
[LOG] Transition logged to MongoDB: b5927b0e-a15c-4843-9828-b06b6652d83d - Episode 0
Step 1
policy value 11.768797874450684
State(column0: region_1, column1: held, column2: region_2)
place_goal_2_right_0
Action: Action(ActionType.PLACE, obj=/column1, slot=/goal_2,grasp=GraspType.RIGHT_0)
[EXEC] Placing at [-0.6000000000000001, 0.8250000000000003, 0.5] with grasp right_0

[INFO] Found 2496 potential configurations.
[INFO] Motion completed successfully with result: success,in execution time: 3.68 seconds
[INFO] Found a reachable configuration for place action after 1 attempts.
[INFO] Place action completed successfully.
realigning placed object /column1 to target position
[EXEC] Action ActionType.PLACE executed in 15.30 seconds
[SUCCESS] Action ActionType.PLACE succeeded for object /column1
Action duration: 3.6799999999999
[LOG] Transition logged to MongoDB: b5927b0e-a15c-4843-9828-b06b6652d83d - Episode 0
Step 2
policy value 11.776410102844238
State(column0: region_1, column1: goal_2, column2: region_2)
pick_column2_top_0
Action: Action(ActionType.PICK, obj=/column2, slot=None,grasp=GraspType.TOP_0)
[EXEC] Picking /column2 with top_0

[INFO] Found 2816 potential configurations.
[INFO] Motion completed successfully with result: success,in execution time: 5.20 seconds
[INFO] Found a reachable configuration for pick action after 1 attempts.
Tip distance after pick: 0.02663628134820183
[INFO] Pick action completed successfully.in execution time: 5.20 seconds
[EXEC] Action ActionType.PICK executed in 20.42 seconds
[SUCCESS] Action ActionType.PICK succeeded for object /column2
Action duration: 5.1999999999999
[LOG] Transition logged to MongoDB: b5927b0e-a15c-4843-9828-b06b6652d83d - Episode 0
Step 3
policy value 11.776410102844238
State(column0: region_1, column1: goal_2, column2: held)
place_goal_0_top_0
Action: Action(ActionType.PLACE, obj=/column2, slot=/goal_0,grasp=GraspType.TOP_0)
[EXEC] Placing at [-0.27499999999999986, 0.8250000000000005, 0.5] with grasp top_0

[INFO] Found 6144 potential configurations.
[INFO] Motion completed successfully with result: success,in execution time: 12.12 seconds
[INFO] Found a reachable configuration for place action after 1 attempts.
[INFO] Place action completed successfully.
realigning placed object /column2 to target position
[EXEC] Action ActionType.PLACE executed in 37.14 seconds
[SUCCESS] Action ActionType.PLACE succeeded for object /column2
Action duration: 12.12
[LOG] Transition logged to MongoDB: b5927b0e-a15c-4843-9828-b06b6652d83d - Episode 0
Step 4
policy value 11.017779350280762
State(column0: region_1, column1: goal_2, column2: goal_0)
pick_column2_left_0
Action: Action(ActionType.PICK, obj=/column2, slot=None,grasp=GraspType.LEFT_0)
[EXEC] Picking /column2 with left_0

[INFO] Found 5184 potential configurations.
[WARN] No valid configuration found (all tested configs invalid).
[EXEC] Action ActionType.PICK executed in 3.98 seconds
[ERROR] Action ActionType.PICK failed for object /column2
Action duration: 0.001
[LOG] Transition logged to MongoDB: b5927b0e-a15c-4843-9828-b06b6652d83d - Episode 0
Action failed, stopping. Time elapsed: 0.001
Step 5
policy value 10.342247009277344
State(column0: region_1, column1: goal_2, column2: goal_0)
pick_column2_left_0
Action: Action(ActionType.PICK, obj=/column2, slot=None,grasp=GraspType.LEFT_0)
[EXEC] Picking /column2 with left_0

[INFO] Found 4544 potential configurations.
[WARN] No valid configuration found (all tested configs invalid).
[EXEC] Action ActionType.PICK executed in 3.41 seconds
[ERROR] Action ActionType.PICK failed for object /column2
Action duration: 0.001
[LOG] Transition logged to MongoDB: b5927b0e-a15c-4843-9828-b06b6652d83d - Episode 0
Action failed, stopping. Time elapsed: 0.001
Step 6
policy value 10.193257331848145
State(column0: region_1, column1: goal_2, column2: goal_0)
pick_column2_left_0
Action: Action(ActionType.PICK, obj=/column2, slot=None,grasp=GraspType.LEFT_0)
[EXEC] Picking /column2 with left_0

[INFO] Found 3840 potential configurations.
[WARN] No valid configuration found (all tested configs invalid).
[EXEC] Action ActionType.PICK executed in 3.35 seconds
[ERROR] Action ActionType.PICK failed for object /column2
Action duration: 0.001
[LOG] Transition logged to MongoDB: b5927b0e-a15c-4843-9828-b06b6652d83d - Episode 0
Action failed, stopping. Time elapsed: 0.001
Step 7
policy value 9.5060453414917
State(column0: region_1, column1: goal_2, column2: goal_0)
pick_column2_left_0
Action: Action(ActionType.PICK, obj=/column2, slot=None,grasp=GraspType.LEFT_0)
[EXEC] Picking /column2 with left_0

[INFO] Found 4160 potential configurations.
[WARN] No valid configuration found (all tested configs invalid).
[EXEC] Action ActionType.PICK executed in 3.39 seconds
[ERROR] Action ActionType.PICK failed for object /column2
Action duration: 0.001
[LOG] Transition logged to MongoDB: b5927b0e-a15c-4843-9828-b06b6652d83d - Episode 0
Action failed, stopping. Time elapsed: 0.001
Step 8
policy value 9.368963241577148
State(column0: region_1, column1: goal_2, column2: goal_0)
pick_column2_left_0
Action: Action(ActionType.PICK, obj=/column2, slot=None,grasp=GraspType.LEFT_0)
[EXEC] Picking /column2 with left_0

[INFO] Found 4800 potential configurations.
[WARN] No valid configuration found (all tested configs invalid).
[EXEC] Action ActionType.PICK executed in 3.54 seconds
[ERROR] Action ActionType.PICK failed for object /column2
Action duration: 0.001
[LOG] Transition logged to MongoDB: b5927b0e-a15c-4843-9828-b06b6652d83d - Episode 0
Action failed, stopping. Time elapsed: 0.001
Step 9
policy value 8.670870780944824
State(column0: region_1, column1: goal_2, column2: goal_0)
pick_column2_left_0
Action: Action(ActionType.PICK, obj=/column2, slot=None,grasp=GraspType.LEFT_0)
[EXEC] Picking /column2 with left_0

[INFO] Found 3072 potential configurations.
[WARN] No valid configuration found (all tested configs invalid).
[EXEC] Action ActionType.PICK executed in 2.71 seconds
[ERROR] Action ActionType.PICK failed for object /column2
Action duration: 0.001
[LOG] Transition logged to MongoDB: b5927b0e-a15c-4843-9828-b06b6652d83d - Episode 0
Action failed, stopping. Time elapsed: 0.001
Too many failures, resetting episode
Episode 0 ended
Revising policy
USING STORM: False
Reading data from MongoDB...
Total option moiton param combinations 36
Collected combinations 36
Building state to idx mapping...
Building option ensembles...
pick_column0_top_0: Identifying enabled states...
pick_column0_top_0: Splitting up datasets...
pick_column0_top_0: Learning DBNS...
pick_column0_top_0: Building transition dicts for each DBN
pick_column0_top_0: Starting process for DBN 0
pick_column0_top_0: Starting process for DBN 1
pick_column0_top_0: Starting process for DBN 2
pick_column0_top_0: Starting process for DBN 3
pick_column0_top_0: Received dict for DBN 0
pick_column0_top_0: Received dict for DBN 1
pick_column0_top_0: Received dict for DBN 2
pick_column0_top_0: Received dict for DBN 3
pick_column0_top_0: Sampling transitions and computing reward
pick_column0_top_0: Building transition/reward matrices
pick_column0_left_0: Identifying enabled states...
pick_column0_left_0: Splitting up datasets...
pick_column0_left_0: Learning DBNS...
pick_column0_left_0: Building transition dicts for each DBN
pick_column0_left_0: Starting process for DBN 0
pick_column0_left_0: Starting process for DBN 1
pick_column0_left_0: Starting process for DBN 2
pick_column0_left_0: Starting process for DBN 3
pick_column0_left_0: Received dict for DBN 0
pick_column0_left_0: Received dict for DBN 1
pick_column0_left_0: Received dict for DBN 2
pick_column0_left_0: Received dict for DBN 3
pick_column0_left_0: Sampling transitions and computing reward
pick_column0_left_0: Building transition/reward matrices
pick_column0_right_0: Identifying enabled states...
pick_column0_right_0: Splitting up datasets...
pick_column0_right_0: Learning DBNS...
pick_column0_right_0: Building transition dicts for each DBN
pick_column0_right_0: Starting process for DBN 0
pick_column0_right_0: Starting process for DBN 1
pick_column0_right_0: Starting process for DBN 2
pick_column0_right_0: Starting process for DBN 3
pick_column0_right_0: Received dict for DBN 0
pick_column0_right_0: Received dict for DBN 1
pick_column0_right_0: Received dict for DBN 2
pick_column0_right_0: Received dict for DBN 3
pick_column0_right_0: Sampling transitions and computing reward
pick_column0_right_0: Building transition/reward matrices
pick_column0_front_270: Identifying enabled states...
pick_column0_front_270: Splitting up datasets...
pick_column0_front_270: Learning DBNS...
pick_column0_front_270: Building transition dicts for each DBN
pick_column0_front_270: Starting process for DBN 0
pick_column0_front_270: Starting process for DBN 1
pick_column0_front_270: Starting process for DBN 2
pick_column0_front_270: Starting process for DBN 3
pick_column0_front_270: Received dict for DBN 0
pick_column0_front_270: Received dict for DBN 1
pick_column0_front_270: Received dict for DBN 3
pick_column0_front_270: Received dict for DBN 2
pick_column0_front_270: Sampling transitions and computing reward
pick_column0_front_270: Building transition/reward matrices
pick_column1_top_0: Identifying enabled states...
pick_column1_top_0: Splitting up datasets...
pick_column1_top_0: Learning DBNS...
pick_column1_top_0: Building transition dicts for each DBN
pick_column1_top_0: Starting process for DBN 0
pick_column1_top_0: Starting process for DBN 1
pick_column1_top_0: Starting process for DBN 2
pick_column1_top_0: Starting process for DBN 3
pick_column1_top_0: Received dict for DBN 0
pick_column1_top_0: Received dict for DBN 1
pick_column1_top_0: Received dict for DBN 2
pick_column1_top_0: Received dict for DBN 3
pick_column1_top_0: Sampling transitions and computing reward
pick_column1_top_0: Building transition/reward matrices
pick_column1_left_0: Identifying enabled states...
pick_column1_left_0: Splitting up datasets...
pick_column1_left_0: Learning DBNS...
pick_column1_left_0: Building transition dicts for each DBN
pick_column1_left_0: Starting process for DBN 0
pick_column1_left_0: Starting process for DBN 1
pick_column1_left_0: Starting process for DBN 2
pick_column1_left_0: Starting process for DBN 3
pick_column1_left_0: Received dict for DBN 0
pick_column1_left_0: Received dict for DBN 1
pick_column1_left_0: Received dict for DBN 2
pick_column1_left_0: Received dict for DBN 3
pick_column1_left_0: Sampling transitions and computing reward
pick_column1_left_0: Building transition/reward matrices
pick_column1_right_0: Identifying enabled states...
pick_column1_right_0: Splitting up datasets...
pick_column1_right_0: Learning DBNS...
pick_column1_right_0: Building transition dicts for each DBN
pick_column1_right_0: Starting process for DBN 0
pick_column1_right_0: Starting process for DBN 1
pick_column1_right_0: Starting process for DBN 2
pick_column1_right_0: Starting process for DBN 3
pick_column1_right_0: Received dict for DBN 0
pick_column1_right_0: Received dict for DBN 1
pick_column1_right_0: Received dict for DBN 3
pick_column1_right_0: Received dict for DBN 2
pick_column1_right_0: Sampling transitions and computing reward
pick_column1_right_0: Building transition/reward matrices
pick_column1_front_270: Identifying enabled states...
pick_column1_front_270: Splitting up datasets...
pick_column1_front_270: Learning DBNS...
pick_column1_front_270: Building transition dicts for each DBN
pick_column1_front_270: Starting process for DBN 0
pick_column1_front_270: Starting process for DBN 1
pick_column1_front_270: Starting process for DBN 2
pick_column1_front_270: Starting process for DBN 3
pick_column1_front_270: Received dict for DBN 0
pick_column1_front_270: Received dict for DBN 1
pick_column1_front_270: Received dict for DBN 2
pick_column1_front_270: Received dict for DBN 3
pick_column1_front_270: Sampling transitions and computing reward
pick_column1_front_270: Building transition/reward matrices
pick_column2_top_0: Identifying enabled states...
pick_column2_top_0: Splitting up datasets...
pick_column2_top_0: Learning DBNS...
pick_column2_top_0: Building transition dicts for each DBN
pick_column2_top_0: Starting process for DBN 0
pick_column2_top_0: Starting process for DBN 1
pick_column2_top_0: Starting process for DBN 2
pick_column2_top_0: Starting process for DBN 3
pick_column2_top_0: Received dict for DBN 0
pick_column2_top_0: Received dict for DBN 2
pick_column2_top_0: Received dict for DBN 1
pick_column2_top_0: Received dict for DBN 3
pick_column2_top_0: Sampling transitions and computing reward
pick_column2_top_0: Building transition/reward matrices
pick_column2_left_0: Identifying enabled states...
pick_column2_left_0: Splitting up datasets...
pick_column2_left_0: Learning DBNS...
pick_column2_left_0: Building transition dicts for each DBN
pick_column2_left_0: Starting process for DBN 0
pick_column2_left_0: Starting process for DBN 1
pick_column2_left_0: Starting process for DBN 2
pick_column2_left_0: Starting process for DBN 3
pick_column2_left_0: Received dict for DBN 1
pick_column2_left_0: Received dict for DBN 0
pick_column2_left_0: Received dict for DBN 2
pick_column2_left_0: Received dict for DBN 3
pick_column2_left_0: Sampling transitions and computing reward
pick_column2_left_0: Building transition/reward matrices
pick_column2_right_0: Identifying enabled states...
pick_column2_right_0: Splitting up datasets...
pick_column2_right_0: Learning DBNS...
pick_column2_right_0: Building transition dicts for each DBN
pick_column2_right_0: Starting process for DBN 0
pick_column2_right_0: Starting process for DBN 1
pick_column2_right_0: Starting process for DBN 2
pick_column2_right_0: Starting process for DBN 3
pick_column2_right_0: Received dict for DBN 0
pick_column2_right_0: Received dict for DBN 1
pick_column2_right_0: Received dict for DBN 2
pick_column2_right_0: Received dict for DBN 3
pick_column2_right_0: Sampling transitions and computing reward
pick_column2_right_0: Building transition/reward matrices
pick_column2_front_270: Identifying enabled states...
pick_column2_front_270: Splitting up datasets...
pick_column2_front_270: Learning DBNS...
pick_column2_front_270: Building transition dicts for each DBN
pick_column2_front_270: Starting process for DBN 0
pick_column2_front_270: Starting process for DBN 1
pick_column2_front_270: Starting process for DBN 2
pick_column2_front_270: Starting process for DBN 3
pick_column2_front_270: Received dict for DBN 0
pick_column2_front_270: Received dict for DBN 1
pick_column2_front_270: Received dict for DBN 3
pick_column2_front_270: Received dict for DBN 2
pick_column2_front_270: Sampling transitions and computing reward
pick_column2_front_270: Building transition/reward matrices
place_goal_0_top_0: Identifying enabled states...
place_goal_0_top_0: Splitting up datasets...
place_goal_0_top_0: Learning DBNS...
place_goal_0_top_0: Building transition dicts for each DBN
place_goal_0_top_0: Starting process for DBN 0
place_goal_0_top_0: Starting process for DBN 1
place_goal_0_top_0: Starting process for DBN 2
place_goal_0_top_0: Starting process for DBN 3
place_goal_0_top_0: Received dict for DBN 0
place_goal_0_top_0: Received dict for DBN 1
place_goal_0_top_0: Received dict for DBN 2
place_goal_0_top_0: Received dict for DBN 3
place_goal_0_top_0: Sampling transitions and computing reward
place_goal_0_top_0: Building transition/reward matrices
place_goal_0_left_0: Identifying enabled states...
place_goal_0_left_0: Splitting up datasets...
place_goal_0_left_0: Learning DBNS...
place_goal_0_left_0: Building transition dicts for each DBN
place_goal_0_left_0: Starting process for DBN 0
place_goal_0_left_0: Starting process for DBN 1
place_goal_0_left_0: Starting process for DBN 2
place_goal_0_left_0: Starting process for DBN 3
place_goal_0_left_0: Received dict for DBN 0
place_goal_0_left_0: Received dict for DBN 1
place_goal_0_left_0: Received dict for DBN 2
place_goal_0_left_0: Received dict for DBN 3
place_goal_0_left_0: Sampling transitions and computing reward
place_goal_0_left_0: Building transition/reward matrices
place_goal_0_right_0: Identifying enabled states...
place_goal_0_right_0: Splitting up datasets...
place_goal_0_right_0: Learning DBNS...
place_goal_0_right_0: Building transition dicts for each DBN
place_goal_0_right_0: Starting process for DBN 0
place_goal_0_right_0: Starting process for DBN 1
place_goal_0_right_0: Starting process for DBN 2
place_goal_0_right_0: Starting process for DBN 3
place_goal_0_right_0: Received dict for DBN 3
place_goal_0_right_0: Received dict for DBN 0
place_goal_0_right_0: Received dict for DBN 1
place_goal_0_right_0: Received dict for DBN 2
place_goal_0_right_0: Sampling transitions and computing reward
place_goal_0_right_0: Building transition/reward matrices
place_goal_0_front_270: Identifying enabled states...
place_goal_0_front_270: Splitting up datasets...
place_goal_0_front_270: Learning DBNS...
place_goal_0_front_270: Building transition dicts for each DBN
place_goal_0_front_270: Starting process for DBN 0
place_goal_0_front_270: Starting process for DBN 1
place_goal_0_front_270: Starting process for DBN 2
place_goal_0_front_270: Starting process for DBN 3
place_goal_0_front_270: Received dict for DBN 2
place_goal_0_front_270: Received dict for DBN 3
place_goal_0_front_270: Received dict for DBN 0
place_goal_0_front_270: Received dict for DBN 1
place_goal_0_front_270: Sampling transitions and computing reward
place_goal_0_front_270: Building transition/reward matrices
place_goal_1_top_0: Identifying enabled states...
place_goal_1_top_0: Splitting up datasets...
place_goal_1_top_0: Learning DBNS...
place_goal_1_top_0: Building transition dicts for each DBN
place_goal_1_top_0: Starting process for DBN 0
place_goal_1_top_0: Starting process for DBN 1
place_goal_1_top_0: Starting process for DBN 2
place_goal_1_top_0: Starting process for DBN 3
place_goal_1_top_0: Received dict for DBN 2
place_goal_1_top_0: Received dict for DBN 1
place_goal_1_top_0: Received dict for DBN 3
place_goal_1_top_0: Received dict for DBN 0
place_goal_1_top_0: Sampling transitions and computing reward
place_goal_1_top_0: Building transition/reward matrices
place_goal_1_left_0: Identifying enabled states...
place_goal_1_left_0: Splitting up datasets...
place_goal_1_left_0: Learning DBNS...
place_goal_1_left_0: Building transition dicts for each DBN
place_goal_1_left_0: Starting process for DBN 0
place_goal_1_left_0: Starting process for DBN 1
place_goal_1_left_0: Starting process for DBN 2
place_goal_1_left_0: Starting process for DBN 3
place_goal_1_left_0: Received dict for DBN 0
place_goal_1_left_0: Received dict for DBN 1
place_goal_1_left_0: Received dict for DBN 2
place_goal_1_left_0: Received dict for DBN 3
place_goal_1_left_0: Sampling transitions and computing reward
place_goal_1_left_0: Building transition/reward matrices
place_goal_1_right_0: Identifying enabled states...
place_goal_1_right_0: Splitting up datasets...
place_goal_1_right_0: Learning DBNS...
place_goal_1_right_0: Building transition dicts for each DBN
place_goal_1_right_0: Starting process for DBN 0
place_goal_1_right_0: Starting process for DBN 1
place_goal_1_right_0: Starting process for DBN 2
place_goal_1_right_0: Starting process for DBN 3
place_goal_1_right_0: Received dict for DBN 0
place_goal_1_right_0: Received dict for DBN 2
place_goal_1_right_0: Received dict for DBN 1
place_goal_1_right_0: Received dict for DBN 3
place_goal_1_right_0: Sampling transitions and computing reward
place_goal_1_right_0: Building transition/reward matrices
place_goal_1_front_270: Identifying enabled states...
place_goal_1_front_270: Splitting up datasets...
place_goal_1_front_270: Learning DBNS...
place_goal_1_front_270: Building transition dicts for each DBN
place_goal_1_front_270: Starting process for DBN 0
place_goal_1_front_270: Starting process for DBN 1
place_goal_1_front_270: Starting process for DBN 2
place_goal_1_front_270: Starting process for DBN 3
place_goal_1_front_270: Received dict for DBN 3
place_goal_1_front_270: Received dict for DBN 0
place_goal_1_front_270: Received dict for DBN 2
place_goal_1_front_270: Received dict for DBN 1
place_goal_1_front_270: Sampling transitions and computing reward
place_goal_1_front_270: Building transition/reward matrices
place_goal_2_top_0: Identifying enabled states...
place_goal_2_top_0: Splitting up datasets...
place_goal_2_top_0: Learning DBNS...
place_goal_2_top_0: Building transition dicts for each DBN
place_goal_2_top_0: Starting process for DBN 0
place_goal_2_top_0: Starting process for DBN 1
place_goal_2_top_0: Starting process for DBN 2
place_goal_2_top_0: Starting process for DBN 3
place_goal_2_top_0: Received dict for DBN 0
place_goal_2_top_0: Received dict for DBN 1
place_goal_2_top_0: Received dict for DBN 2
place_goal_2_top_0: Received dict for DBN 3
place_goal_2_top_0: Sampling transitions and computing reward
place_goal_2_top_0: Building transition/reward matrices
place_goal_2_left_0: Identifying enabled states...
place_goal_2_left_0: Splitting up datasets...
place_goal_2_left_0: Learning DBNS...
place_goal_2_left_0: Building transition dicts for each DBN
place_goal_2_left_0: Starting process for DBN 0
place_goal_2_left_0: Starting process for DBN 1
place_goal_2_left_0: Starting process for DBN 2
place_goal_2_left_0: Starting process for DBN 3
place_goal_2_left_0: Received dict for DBN 0
place_goal_2_left_0: Received dict for DBN 1
place_goal_2_left_0: Received dict for DBN 2
place_goal_2_left_0: Received dict for DBN 3
place_goal_2_left_0: Sampling transitions and computing reward
place_goal_2_left_0: Building transition/reward matrices
place_goal_2_right_0: Identifying enabled states...
place_goal_2_right_0: Splitting up datasets...
place_goal_2_right_0: Learning DBNS...
place_goal_2_right_0: Building transition dicts for each DBN
place_goal_2_right_0: Starting process for DBN 0
place_goal_2_right_0: Starting process for DBN 1
place_goal_2_right_0: Starting process for DBN 2
place_goal_2_right_0: Starting process for DBN 3
place_goal_2_right_0: Received dict for DBN 2
place_goal_2_right_0: Received dict for DBN 3
place_goal_2_right_0: Received dict for DBN 0
place_goal_2_right_0: Received dict for DBN 1
place_goal_2_right_0: Sampling transitions and computing reward
place_goal_2_right_0: Building transition/reward matrices
place_goal_2_front_270: Identifying enabled states...
place_goal_2_front_270: Splitting up datasets...
place_goal_2_front_270: Learning DBNS...
place_goal_2_front_270: Building transition dicts for each DBN
place_goal_2_front_270: Starting process for DBN 0
place_goal_2_front_270: Starting process for DBN 1
place_goal_2_front_270: Starting process for DBN 2
place_goal_2_front_270: Starting process for DBN 3
place_goal_2_front_270: Received dict for DBN 0
place_goal_2_front_270: Received dict for DBN 1
place_goal_2_front_270: Received dict for DBN 2
place_goal_2_front_270: Received dict for DBN 3
place_goal_2_front_270: Sampling transitions and computing reward
place_goal_2_front_270: Building transition/reward matrices
place_region_0_top_0: Identifying enabled states...
place_region_0_top_0: Splitting up datasets...
place_region_0_top_0: Learning DBNS...
place_region_0_top_0: Building transition dicts for each DBN
place_region_0_top_0: Starting process for DBN 0
place_region_0_top_0: Starting process for DBN 1
place_region_0_top_0: Starting process for DBN 2
place_region_0_top_0: Starting process for DBN 3
place_region_0_top_0: Received dict for DBN 3
place_region_0_top_0: Received dict for DBN 0
place_region_0_top_0: Received dict for DBN 1
place_region_0_top_0: Received dict for DBN 2
place_region_0_top_0: Sampling transitions and computing reward
place_region_0_top_0: Building transition/reward matrices
place_region_0_left_0: Identifying enabled states...
place_region_0_left_0: Splitting up datasets...
place_region_0_left_0: Learning DBNS...
place_region_0_left_0: Building transition dicts for each DBN
place_region_0_left_0: Starting process for DBN 0
place_region_0_left_0: Starting process for DBN 1
place_region_0_left_0: Starting process for DBN 2
place_region_0_left_0: Starting process for DBN 3
place_region_0_left_0: Received dict for DBN 3
place_region_0_left_0: Received dict for DBN 0
place_region_0_left_0: Received dict for DBN 1
place_region_0_left_0: Received dict for DBN 2
place_region_0_left_0: Sampling transitions and computing reward
place_region_0_left_0: Building transition/reward matrices
place_region_0_right_0: Identifying enabled states...
place_region_0_right_0: Splitting up datasets...
place_region_0_right_0: Learning DBNS...
place_region_0_right_0: Building transition dicts for each DBN
place_region_0_right_0: Starting process for DBN 0
place_region_0_right_0: Starting process for DBN 1
place_region_0_right_0: Starting process for DBN 2
place_region_0_right_0: Starting process for DBN 3
place_region_0_right_0: Received dict for DBN 0
place_region_0_right_0: Received dict for DBN 1
place_region_0_right_0: Received dict for DBN 2
place_region_0_right_0: Received dict for DBN 3
place_region_0_right_0: Sampling transitions and computing reward
place_region_0_right_0: Building transition/reward matrices
place_region_0_front_270: Identifying enabled states...
place_region_0_front_270: Splitting up datasets...
place_region_0_front_270: Learning DBNS...
place_region_0_front_270: Building transition dicts for each DBN
place_region_0_front_270: Starting process for DBN 0
place_region_0_front_270: Starting process for DBN 1
place_region_0_front_270: Starting process for DBN 2
place_region_0_front_270: Starting process for DBN 3
place_region_0_front_270: Received dict for DBN 0
place_region_0_front_270: Received dict for DBN 1
place_region_0_front_270: Received dict for DBN 2
place_region_0_front_270: Received dict for DBN 3
place_region_0_front_270: Sampling transitions and computing reward
place_region_0_front_270: Building transition/reward matrices
place_region_1_top_0: Identifying enabled states...
place_region_1_top_0: Splitting up datasets...
place_region_1_top_0: Learning DBNS...
place_region_1_top_0: Building transition dicts for each DBN
place_region_1_top_0: Starting process for DBN 0
place_region_1_top_0: Starting process for DBN 1
place_region_1_top_0: Starting process for DBN 2
place_region_1_top_0: Starting process for DBN 3
place_region_1_top_0: Received dict for DBN 0
place_region_1_top_0: Received dict for DBN 1
place_region_1_top_0: Received dict for DBN 2
place_region_1_top_0: Received dict for DBN 3
place_region_1_top_0: Sampling transitions and computing reward
place_region_1_top_0: Building transition/reward matrices
place_region_1_left_0: Identifying enabled states...
place_region_1_left_0: Splitting up datasets...
place_region_1_left_0: Learning DBNS...
place_region_1_left_0: Building transition dicts for each DBN
place_region_1_left_0: Starting process for DBN 0
place_region_1_left_0: Starting process for DBN 1
place_region_1_left_0: Starting process for DBN 2
place_region_1_left_0: Starting process for DBN 3
place_region_1_left_0: Received dict for DBN 0
place_region_1_left_0: Received dict for DBN 1
place_region_1_left_0: Received dict for DBN 2
place_region_1_left_0: Received dict for DBN 3
place_region_1_left_0: Sampling transitions and computing reward
place_region_1_left_0: Building transition/reward matrices
place_region_1_right_0: Identifying enabled states...
place_region_1_right_0: Splitting up datasets...
place_region_1_right_0: Learning DBNS...
place_region_1_right_0: Building transition dicts for each DBN
place_region_1_right_0: Starting process for DBN 0
place_region_1_right_0: Starting process for DBN 1
place_region_1_right_0: Starting process for DBN 2
place_region_1_right_0: Starting process for DBN 3
place_region_1_right_0: Received dict for DBN 0
place_region_1_right_0: Received dict for DBN 1
place_region_1_right_0: Received dict for DBN 2
place_region_1_right_0: Received dict for DBN 3
place_region_1_right_0: Sampling transitions and computing reward
place_region_1_right_0: Building transition/reward matrices
place_region_1_front_270: Identifying enabled states...
place_region_1_front_270: Splitting up datasets...
place_region_1_front_270: Learning DBNS...
place_region_1_front_270: Building transition dicts for each DBN
place_region_1_front_270: Starting process for DBN 0
place_region_1_front_270: Starting process for DBN 1
place_region_1_front_270: Starting process for DBN 2
place_region_1_front_270: Starting process for DBN 3
place_region_1_front_270: Received dict for DBN 0
place_region_1_front_270: Received dict for DBN 1
place_region_1_front_270: Received dict for DBN 2
place_region_1_front_270: Received dict for DBN 3
place_region_1_front_270: Sampling transitions and computing reward
place_region_1_front_270: Building transition/reward matrices
place_region_2_top_0: Identifying enabled states...
place_region_2_top_0: Splitting up datasets...
place_region_2_top_0: Learning DBNS...
place_region_2_top_0: Building transition dicts for each DBN
place_region_2_top_0: Starting process for DBN 0
place_region_2_top_0: Starting process for DBN 1
place_region_2_top_0: Starting process for DBN 2
place_region_2_top_0: Starting process for DBN 3
place_region_2_top_0: Received dict for DBN 0
place_region_2_top_0: Received dict for DBN 1
place_region_2_top_0: Received dict for DBN 2
place_region_2_top_0: Received dict for DBN 3
place_region_2_top_0: Sampling transitions and computing reward
place_region_2_top_0: Building transition/reward matrices
place_region_2_left_0: Identifying enabled states...
place_region_2_left_0: Splitting up datasets...
place_region_2_left_0: Learning DBNS...
place_region_2_left_0: Building transition dicts for each DBN
place_region_2_left_0: Starting process for DBN 0
place_region_2_left_0: Starting process for DBN 1
place_region_2_left_0: Starting process for DBN 2
place_region_2_left_0: Starting process for DBN 3
place_region_2_left_0: Received dict for DBN 3
place_region_2_left_0: Received dict for DBN 0
place_region_2_left_0: Received dict for DBN 2
place_region_2_left_0: Received dict for DBN 1
place_region_2_left_0: Sampling transitions and computing reward
place_region_2_left_0: Building transition/reward matrices
place_region_2_right_0: Identifying enabled states...
place_region_2_right_0: Splitting up datasets...
place_region_2_right_0: Learning DBNS...
place_region_2_right_0: Building transition dicts for each DBN
place_region_2_right_0: Starting process for DBN 0
place_region_2_right_0: Starting process for DBN 1
place_region_2_right_0: Starting process for DBN 2
place_region_2_right_0: Starting process for DBN 3
place_region_2_right_0: Received dict for DBN 0
place_region_2_right_0: Received dict for DBN 1
place_region_2_right_0: Received dict for DBN 2
place_region_2_right_0: Received dict for DBN 3
place_region_2_right_0: Sampling transitions and computing reward
place_region_2_right_0: Building transition/reward matrices
place_region_2_front_270: Identifying enabled states...
place_region_2_front_270: Splitting up datasets...
place_region_2_front_270: Learning DBNS...
place_region_2_front_270: Building transition dicts for each DBN
place_region_2_front_270: Starting process for DBN 0
place_region_2_front_270: Starting process for DBN 1
place_region_2_front_270: Starting process for DBN 2
place_region_2_front_270: Starting process for DBN 3
place_region_2_front_270: Received dict for DBN 3
place_region_2_front_270: Received dict for DBN 0
place_region_2_front_270: Received dict for DBN 1
place_region_2_front_270: Received dict for DBN 2
place_region_2_front_270: Sampling transitions and computing reward
place_region_2_front_270: Building transition/reward matrices
Building MDP...
Synthesising Policy...
Solving MDP for timestep: 29
Solving MDP for timestep: 28
Solving MDP for timestep: 27
Solving MDP for timestep: 26
Solving MDP for timestep: 25
Solving MDP for timestep: 24
Solving MDP for timestep: 23
Solving MDP for timestep: 22
Solving MDP for timestep: 21
Solving MDP for timestep: 20
Solving MDP for timestep: 19
Solving MDP for timestep: 18
Solving MDP for timestep: 17
Solving MDP for timestep: 16
Solving MDP for timestep: 15
Solving MDP for timestep: 14
Solving MDP for timestep: 13
Solving MDP for timestep: 12
Solving MDP for timestep: 11
Solving MDP for timestep: 10
Solving MDP for timestep: 9
Solving MDP for timestep: 8
Solving MDP for timestep: 7
Solving MDP for timestep: 6
Solving MDP for timestep: 5
Solving MDP for timestep: 4
Solving MDP for timestep: 3
Solving MDP for timestep: 2
Solving MDP for timestep: 1
Solving MDP for timestep: 0
Resetting the scene for new episode
Step 0
policy value 9.184233665466309
State(column0: region_0, column1: region_1, column2: region_2)
pick_column1_front_270
Action: Action(ActionType.PICK, obj=/column1, slot=None,grasp=GraspType.FRONT_270)
[EXEC] Picking /column1 with front_270

[INFO] Found 2624 potential configurations.
[WARN] No valid configuration found (all tested configs invalid).
[EXEC] Action ActionType.PICK executed in 2.73 seconds
[ERROR] Action ActionType.PICK failed for object /column1
Action duration: 0.001
[LOG] Transition logged to MongoDB: b5927b0e-a15c-4843-9828-b06b6652d83d - Episode 0
Action failed, stopping. Time elapsed: 0.001
Step 1
policy value 8.827600479125977
State(column0: region_0, column1: region_1, column2: region_2)
pick_column1_front_270
Action: Action(ActionType.PICK, obj=/column1, slot=None,grasp=GraspType.FRONT_270)
[EXEC] Picking /column1 with front_270

[INFO] Found 3840 potential configurations.
[WARN] No valid configuration found (all tested configs invalid).
[EXEC] Action ActionType.PICK executed in 3.46 seconds
[ERROR] Action ActionType.PICK failed for object /column1
Action duration: 0.001
[LOG] Transition logged to MongoDB: b5927b0e-a15c-4843-9828-b06b6652d83d - Episode 0
Action failed, stopping. Time elapsed: 0.001
Step 2
policy value 8.510453224182129
State(column0: region_0, column1: region_1, column2: region_2)
pick_column1_front_270
Action: Action(ActionType.PICK, obj=/column1, slot=None,grasp=GraspType.FRONT_270)
[EXEC] Picking /column1 with front_270

[INFO] Found 1984 potential configurations.
[WARN] No valid configuration found (all tested configs invalid).
[EXEC] Action ActionType.PICK executed in 2.25 seconds
[ERROR] Action ActionType.PICK failed for object /column1
Action duration: 0.001
[LOG] Transition logged to MongoDB: b5927b0e-a15c-4843-9828-b06b6652d83d - Episode 0
Action failed, stopping. Time elapsed: 0.001
Step 3
policy value 8.153675079345703
State(column0: region_0, column1: region_1, column2: region_2)
pick_column1_front_270
Action: Action(ActionType.PICK, obj=/column1, slot=None,grasp=GraspType.FRONT_270)
[EXEC] Picking /column1 with front_270

[INFO] Found 2176 potential configurations.
[WARN] No valid configuration found (all tested configs invalid).
[EXEC] Action ActionType.PICK executed in 2.52 seconds
[ERROR] Action ActionType.PICK failed for object /column1
Action duration: 0.001
[LOG] Transition logged to MongoDB: b5927b0e-a15c-4843-9828-b06b6652d83d - Episode 0
Action failed, stopping. Time elapsed: 0.001
Step 4
policy value 7.839366436004639
State(column0: region_0, column1: region_1, column2: region_2)
pick_column1_front_270
Action: Action(ActionType.PICK, obj=/column1, slot=None,grasp=GraspType.FRONT_270)
[EXEC] Picking /column1 with front_270

[INFO] Found 1792 potential configurations.
[WARN] No valid configuration found (all tested configs invalid).
[EXEC] Action ActionType.PICK executed in 2.14 seconds
[ERROR] Action ActionType.PICK failed for object /column1
Action duration: 0.001
[LOG] Transition logged to MongoDB: b5927b0e-a15c-4843-9828-b06b6652d83d - Episode 0
Action failed, stopping. Time elapsed: 0.001
Step 5
policy value 7.482353687286377
State(column0: region_0, column1: region_1, column2: region_2)
pick_column1_front_270
Action: Action(ActionType.PICK, obj=/column1, slot=None,grasp=GraspType.FRONT_270)
[EXEC] Picking /column1 with front_270

[INFO] Found 1920 potential configurations.
[WARN] No valid configuration found (all tested configs invalid).
[EXEC] Action ActionType.PICK executed in 2.06 seconds
[ERROR] Action ActionType.PICK failed for object /column1
Action duration: 0.001
[LOG] Transition logged to MongoDB: b5927b0e-a15c-4843-9828-b06b6652d83d - Episode 0
Action failed, stopping. Time elapsed: 0.001
Too many failures, resetting episode
Episode 1 ended
Revising policy
USING STORM: False
Reading data from MongoDB...
Total option moiton param combinations 36
Collected combinations 36
Building state to idx mapping...
Building option ensembles...
pick_column0_top_0: Identifying enabled states...
pick_column0_top_0: Splitting up datasets...
pick_column0_top_0: Learning DBNS...
pick_column0_top_0: Building transition dicts for each DBN
pick_column0_top_0: Starting process for DBN 0
pick_column0_top_0: Starting process for DBN 1
pick_column0_top_0: Starting process for DBN 2
pick_column0_top_0: Starting process for DBN 3
pick_column0_top_0: Received dict for DBN 0
pick_column0_top_0: Received dict for DBN 1
pick_column0_top_0: Received dict for DBN 2
pick_column0_top_0: Received dict for DBN 3
pick_column0_top_0: Sampling transitions and computing reward
pick_column0_top_0: Building transition/reward matrices
pick_column0_left_0: Identifying enabled states...
pick_column0_left_0: Splitting up datasets...
pick_column0_left_0: Learning DBNS...
pick_column0_left_0: Building transition dicts for each DBN
pick_column0_left_0: Starting process for DBN 0
pick_column0_left_0: Starting process for DBN 1
pick_column0_left_0: Starting process for DBN 2
pick_column0_left_0: Starting process for DBN 3
pick_column0_left_0: Received dict for DBN 0
pick_column0_left_0: Received dict for DBN 1
pick_column0_left_0: Received dict for DBN 3
pick_column0_left_0: Received dict for DBN 2
pick_column0_left_0: Sampling transitions and computing reward
pick_column0_left_0: Building transition/reward matrices
pick_column0_right_0: Identifying enabled states...
pick_column0_right_0: Splitting up datasets...
pick_column0_right_0: Learning DBNS...
pick_column0_right_0: Building transition dicts for each DBN
pick_column0_right_0: Starting process for DBN 0
pick_column0_right_0: Starting process for DBN 1
pick_column0_right_0: Starting process for DBN 2
pick_column0_right_0: Starting process for DBN 3
pick_column0_right_0: Received dict for DBN 0
pick_column0_right_0: Received dict for DBN 1
pick_column0_right_0: Received dict for DBN 2
pick_column0_right_0: Received dict for DBN 3
pick_column0_right_0: Sampling transitions and computing reward
pick_column0_right_0: Building transition/reward matrices
pick_column0_front_270: Identifying enabled states...
pick_column0_front_270: Splitting up datasets...
pick_column0_front_270: Learning DBNS...
pick_column0_front_270: Building transition dicts for each DBN
pick_column0_front_270: Starting process for DBN 0
pick_column0_front_270: Starting process for DBN 1
pick_column0_front_270: Starting process for DBN 2
pick_column0_front_270: Starting process for DBN 3
pick_column0_front_270: Received dict for DBN 0
pick_column0_front_270: Received dict for DBN 1
pick_column0_front_270: Received dict for DBN 2
pick_column0_front_270: Received dict for DBN 3
pick_column0_front_270: Sampling transitions and computing reward
pick_column0_front_270: Building transition/reward matrices
pick_column1_top_0: Identifying enabled states...
pick_column1_top_0: Splitting up datasets...
pick_column1_top_0: Learning DBNS...
pick_column1_top_0: Building transition dicts for each DBN
pick_column1_top_0: Starting process for DBN 0
pick_column1_top_0: Starting process for DBN 1
pick_column1_top_0: Starting process for DBN 2
pick_column1_top_0: Starting process for DBN 3
pick_column1_top_0: Received dict for DBN 0
pick_column1_top_0: Received dict for DBN 1
pick_column1_top_0: Received dict for DBN 2
pick_column1_top_0: Received dict for DBN 3
pick_column1_top_0: Sampling transitions and computing reward
pick_column1_top_0: Building transition/reward matrices
pick_column1_left_0: Identifying enabled states...
pick_column1_left_0: Splitting up datasets...
pick_column1_left_0: Learning DBNS...
pick_column1_left_0: Building transition dicts for each DBN
pick_column1_left_0: Starting process for DBN 0
pick_column1_left_0: Starting process for DBN 1
pick_column1_left_0: Starting process for DBN 2
pick_column1_left_0: Starting process for DBN 3
pick_column1_left_0: Received dict for DBN 0
pick_column1_left_0: Received dict for DBN 1
pick_column1_left_0: Received dict for DBN 2
pick_column1_left_0: Received dict for DBN 3
pick_column1_left_0: Sampling transitions and computing reward
pick_column1_left_0: Building transition/reward matrices
pick_column1_right_0: Identifying enabled states...
pick_column1_right_0: Splitting up datasets...
pick_column1_right_0: Learning DBNS...
pick_column1_right_0: Building transition dicts for each DBN
pick_column1_right_0: Starting process for DBN 0
pick_column1_right_0: Starting process for DBN 1
pick_column1_right_0: Starting process for DBN 2
pick_column1_right_0: Starting process for DBN 3
pick_column1_right_0: Received dict for DBN 0
pick_column1_right_0: Received dict for DBN 1
pick_column1_right_0: Received dict for DBN 2
pick_column1_right_0: Received dict for DBN 3
pick_column1_right_0: Sampling transitions and computing reward
pick_column1_right_0: Building transition/reward matrices
pick_column1_front_270: Identifying enabled states...
pick_column1_front_270: Splitting up datasets...
pick_column1_front_270: Learning DBNS...
pick_column1_front_270: Building transition dicts for each DBN
pick_column1_front_270: Starting process for DBN 0
pick_column1_front_270: Starting process for DBN 1
pick_column1_front_270: Starting process for DBN 2
pick_column1_front_270: Starting process for DBN 3
pick_column1_front_270: Received dict for DBN 0
pick_column1_front_270: Received dict for DBN 1
pick_column1_front_270: Received dict for DBN 2
pick_column1_front_270: Received dict for DBN 3
pick_column1_front_270: Sampling transitions and computing reward
pick_column1_front_270: Building transition/reward matrices
pick_column2_top_0: Identifying enabled states...
pick_column2_top_0: Splitting up datasets...
pick_column2_top_0: Learning DBNS...
pick_column2_top_0: Building transition dicts for each DBN
pick_column2_top_0: Starting process for DBN 0
pick_column2_top_0: Starting process for DBN 1
pick_column2_top_0: Starting process for DBN 2
pick_column2_top_0: Starting process for DBN 3
pick_column2_top_0: Received dict for DBN 0
pick_column2_top_0: Received dict for DBN 1
pick_column2_top_0: Received dict for DBN 2
pick_column2_top_0: Received dict for DBN 3
pick_column2_top_0: Sampling transitions and computing reward
pick_column2_top_0: Building transition/reward matrices
pick_column2_left_0: Identifying enabled states...
pick_column2_left_0: Splitting up datasets...
pick_column2_left_0: Learning DBNS...
pick_column2_left_0: Building transition dicts for each DBN
pick_column2_left_0: Starting process for DBN 0
pick_column2_left_0: Starting process for DBN 1
pick_column2_left_0: Starting process for DBN 2
pick_column2_left_0: Starting process for DBN 3
pick_column2_left_0: Received dict for DBN 0
pick_column2_left_0: Received dict for DBN 1
pick_column2_left_0: Received dict for DBN 2
pick_column2_left_0: Received dict for DBN 3
pick_column2_left_0: Sampling transitions and computing reward
pick_column2_left_0: Building transition/reward matrices
pick_column2_right_0: Identifying enabled states...
pick_column2_right_0: Splitting up datasets...
pick_column2_right_0: Learning DBNS...
pick_column2_right_0: Building transition dicts for each DBN
pick_column2_right_0: Starting process for DBN 0
pick_column2_right_0: Starting process for DBN 1
pick_column2_right_0: Starting process for DBN 2
pick_column2_right_0: Starting process for DBN 3
pick_column2_right_0: Received dict for DBN 0
pick_column2_right_0: Received dict for DBN 1
pick_column2_right_0: Received dict for DBN 2
pick_column2_right_0: Received dict for DBN 3
pick_column2_right_0: Sampling transitions and computing reward
pick_column2_right_0: Building transition/reward matrices
pick_column2_front_270: Identifying enabled states...
pick_column2_front_270: Splitting up datasets...
pick_column2_front_270: Learning DBNS...
pick_column2_front_270: Building transition dicts for each DBN
pick_column2_front_270: Starting process for DBN 0
pick_column2_front_270: Starting process for DBN 1
pick_column2_front_270: Starting process for DBN 2
pick_column2_front_270: Starting process for DBN 3
pick_column2_front_270: Received dict for DBN 0
pick_column2_front_270: Received dict for DBN 1
pick_column2_front_270: Received dict for DBN 2
pick_column2_front_270: Received dict for DBN 3
pick_column2_front_270: Sampling transitions and computing reward
pick_column2_front_270: Building transition/reward matrices
place_goal_0_top_0: Identifying enabled states...
place_goal_0_top_0: Splitting up datasets...
place_goal_0_top_0: Learning DBNS...
place_goal_0_top_0: Building transition dicts for each DBN
place_goal_0_top_0: Starting process for DBN 0
place_goal_0_top_0: Starting process for DBN 1
place_goal_0_top_0: Starting process for DBN 2
place_goal_0_top_0: Starting process for DBN 3
place_goal_0_top_0: Received dict for DBN 2
place_goal_0_top_0: Received dict for DBN 0
place_goal_0_top_0: Received dict for DBN 1
place_goal_0_top_0: Received dict for DBN 3
place_goal_0_top_0: Sampling transitions and computing reward
place_goal_0_top_0: Building transition/reward matrices
place_goal_0_left_0: Identifying enabled states...
place_goal_0_left_0: Splitting up datasets...
place_goal_0_left_0: Learning DBNS...
place_goal_0_left_0: Building transition dicts for each DBN
place_goal_0_left_0: Starting process for DBN 0
place_goal_0_left_0: Starting process for DBN 1
place_goal_0_left_0: Starting process for DBN 2
place_goal_0_left_0: Starting process for DBN 3
place_goal_0_left_0: Received dict for DBN 0
place_goal_0_left_0: Received dict for DBN 1
place_goal_0_left_0: Received dict for DBN 2
place_goal_0_left_0: Received dict for DBN 3
place_goal_0_left_0: Sampling transitions and computing reward
place_goal_0_left_0: Building transition/reward matrices
place_goal_0_right_0: Identifying enabled states...
place_goal_0_right_0: Splitting up datasets...
place_goal_0_right_0: Learning DBNS...
place_goal_0_right_0: Building transition dicts for each DBN
place_goal_0_right_0: Starting process for DBN 0
place_goal_0_right_0: Starting process for DBN 1
place_goal_0_right_0: Starting process for DBN 2
place_goal_0_right_0: Starting process for DBN 3
place_goal_0_right_0: Received dict for DBN 2
place_goal_0_right_0: Received dict for DBN 0
place_goal_0_right_0: Received dict for DBN 1
place_goal_0_right_0: Received dict for DBN 3
place_goal_0_right_0: Sampling transitions and computing reward
place_goal_0_right_0: Building transition/reward matrices
place_goal_0_front_270: Identifying enabled states...
place_goal_0_front_270: Splitting up datasets...
place_goal_0_front_270: Learning DBNS...
place_goal_0_front_270: Building transition dicts for each DBN
place_goal_0_front_270: Starting process for DBN 0
place_goal_0_front_270: Starting process for DBN 1
place_goal_0_front_270: Starting process for DBN 2
place_goal_0_front_270: Starting process for DBN 3
place_goal_0_front_270: Received dict for DBN 0
place_goal_0_front_270: Received dict for DBN 2
place_goal_0_front_270: Received dict for DBN 1
place_goal_0_front_270: Received dict for DBN 3
place_goal_0_front_270: Sampling transitions and computing reward
place_goal_0_front_270: Building transition/reward matrices
place_goal_1_top_0: Identifying enabled states...
place_goal_1_top_0: Splitting up datasets...
place_goal_1_top_0: Learning DBNS...
place_goal_1_top_0: Building transition dicts for each DBN
place_goal_1_top_0: Starting process for DBN 0
place_goal_1_top_0: Starting process for DBN 1
place_goal_1_top_0: Starting process for DBN 2
place_goal_1_top_0: Starting process for DBN 3
place_goal_1_top_0: Received dict for DBN 1
place_goal_1_top_0: Received dict for DBN 0
place_goal_1_top_0: Received dict for DBN 3
place_goal_1_top_0: Received dict for DBN 2
place_goal_1_top_0: Sampling transitions and computing reward
place_goal_1_top_0: Building transition/reward matrices
place_goal_1_left_0: Identifying enabled states...
place_goal_1_left_0: Splitting up datasets...
place_goal_1_left_0: Learning DBNS...
place_goal_1_left_0: Building transition dicts for each DBN
place_goal_1_left_0: Starting process for DBN 0
place_goal_1_left_0: Starting process for DBN 1
place_goal_1_left_0: Starting process for DBN 2
place_goal_1_left_0: Starting process for DBN 3
place_goal_1_left_0: Received dict for DBN 0
place_goal_1_left_0: Received dict for DBN 1
place_goal_1_left_0: Received dict for DBN 2
place_goal_1_left_0: Received dict for DBN 3
place_goal_1_left_0: Sampling transitions and computing reward
place_goal_1_left_0: Building transition/reward matrices
place_goal_1_right_0: Identifying enabled states...
place_goal_1_right_0: Splitting up datasets...
place_goal_1_right_0: Learning DBNS...
place_goal_1_right_0: Building transition dicts for each DBN
place_goal_1_right_0: Starting process for DBN 0
place_goal_1_right_0: Starting process for DBN 1
place_goal_1_right_0: Starting process for DBN 2
place_goal_1_right_0: Starting process for DBN 3
place_goal_1_right_0: Received dict for DBN 1
place_goal_1_right_0: Received dict for DBN 0
place_goal_1_right_0: Received dict for DBN 3
place_goal_1_right_0: Received dict for DBN 2
place_goal_1_right_0: Sampling transitions and computing reward
place_goal_1_right_0: Building transition/reward matrices
place_goal_1_front_270: Identifying enabled states...
place_goal_1_front_270: Splitting up datasets...
place_goal_1_front_270: Learning DBNS...
place_goal_1_front_270: Building transition dicts for each DBN
place_goal_1_front_270: Starting process for DBN 0
place_goal_1_front_270: Starting process for DBN 1
place_goal_1_front_270: Starting process for DBN 2
place_goal_1_front_270: Starting process for DBN 3
place_goal_1_front_270: Received dict for DBN 0
place_goal_1_front_270: Received dict for DBN 1
place_goal_1_front_270: Received dict for DBN 2
place_goal_1_front_270: Received dict for DBN 3
place_goal_1_front_270: Sampling transitions and computing reward
place_goal_1_front_270: Building transition/reward matrices
place_goal_2_top_0: Identifying enabled states...
place_goal_2_top_0: Splitting up datasets...
place_goal_2_top_0: Learning DBNS...
place_goal_2_top_0: Building transition dicts for each DBN
place_goal_2_top_0: Starting process for DBN 0
place_goal_2_top_0: Starting process for DBN 1
place_goal_2_top_0: Starting process for DBN 2
place_goal_2_top_0: Starting process for DBN 3
place_goal_2_top_0: Received dict for DBN 0
place_goal_2_top_0: Received dict for DBN 1
place_goal_2_top_0: Received dict for DBN 2
place_goal_2_top_0: Received dict for DBN 3
place_goal_2_top_0: Sampling transitions and computing reward
place_goal_2_top_0: Building transition/reward matrices
place_goal_2_left_0: Identifying enabled states...
place_goal_2_left_0: Splitting up datasets...
place_goal_2_left_0: Learning DBNS...
place_goal_2_left_0: Building transition dicts for each DBN
place_goal_2_left_0: Starting process for DBN 0
place_goal_2_left_0: Starting process for DBN 1
place_goal_2_left_0: Starting process for DBN 2
place_goal_2_left_0: Starting process for DBN 3
place_goal_2_left_0: Received dict for DBN 0
place_goal_2_left_0: Received dict for DBN 1
place_goal_2_left_0: Received dict for DBN 2
place_goal_2_left_0: Received dict for DBN 3
place_goal_2_left_0: Sampling transitions and computing reward
place_goal_2_left_0: Building transition/reward matrices
place_goal_2_right_0: Identifying enabled states...
place_goal_2_right_0: Splitting up datasets...
place_goal_2_right_0: Learning DBNS...
place_goal_2_right_0: Building transition dicts for each DBN
place_goal_2_right_0: Starting process for DBN 0
place_goal_2_right_0: Starting process for DBN 1
place_goal_2_right_0: Starting process for DBN 2
place_goal_2_right_0: Starting process for DBN 3
place_goal_2_right_0: Received dict for DBN 0
place_goal_2_right_0: Received dict for DBN 1
place_goal_2_right_0: Received dict for DBN 3
place_goal_2_right_0: Received dict for DBN 2
place_goal_2_right_0: Sampling transitions and computing reward
place_goal_2_right_0: Building transition/reward matrices
place_goal_2_front_270: Identifying enabled states...
place_goal_2_front_270: Splitting up datasets...
place_goal_2_front_270: Learning DBNS...
place_goal_2_front_270: Building transition dicts for each DBN
place_goal_2_front_270: Starting process for DBN 0
place_goal_2_front_270: Starting process for DBN 1
place_goal_2_front_270: Starting process for DBN 2
place_goal_2_front_270: Starting process for DBN 3
place_goal_2_front_270: Received dict for DBN 0
place_goal_2_front_270: Received dict for DBN 1
place_goal_2_front_270: Received dict for DBN 2
place_goal_2_front_270: Received dict for DBN 3
place_goal_2_front_270: Sampling transitions and computing reward
place_goal_2_front_270: Building transition/reward matrices
place_region_0_top_0: Identifying enabled states...
place_region_0_top_0: Splitting up datasets...
place_region_0_top_0: Learning DBNS...
place_region_0_top_0: Building transition dicts for each DBN
place_region_0_top_0: Starting process for DBN 0
place_region_0_top_0: Starting process for DBN 1
place_region_0_top_0: Starting process for DBN 2
place_region_0_top_0: Starting process for DBN 3
place_region_0_top_0: Received dict for DBN 0
place_region_0_top_0: Received dict for DBN 2
place_region_0_top_0: Received dict for DBN 1
place_region_0_top_0: Received dict for DBN 3
place_region_0_top_0: Sampling transitions and computing reward
place_region_0_top_0: Building transition/reward matrices
place_region_0_left_0: Identifying enabled states...
place_region_0_left_0: Splitting up datasets...
place_region_0_left_0: Learning DBNS...
place_region_0_left_0: Building transition dicts for each DBN
place_region_0_left_0: Starting process for DBN 0
place_region_0_left_0: Starting process for DBN 1
place_region_0_left_0: Starting process for DBN 2
place_region_0_left_0: Starting process for DBN 3
place_region_0_left_0: Received dict for DBN 3
place_region_0_left_0: Received dict for DBN 1
place_region_0_left_0: Received dict for DBN 0
place_region_0_left_0: Received dict for DBN 2
place_region_0_left_0: Sampling transitions and computing reward
place_region_0_left_0: Building transition/reward matrices
place_region_0_right_0: Identifying enabled states...
place_region_0_right_0: Splitting up datasets...
place_region_0_right_0: Learning DBNS...
place_region_0_right_0: Building transition dicts for each DBN
place_region_0_right_0: Starting process for DBN 0
place_region_0_right_0: Starting process for DBN 1
place_region_0_right_0: Starting process for DBN 2
place_region_0_right_0: Starting process for DBN 3
place_region_0_right_0: Received dict for DBN 0
place_region_0_right_0: Received dict for DBN 1
place_region_0_right_0: Received dict for DBN 2
place_region_0_right_0: Received dict for DBN 3
place_region_0_right_0: Sampling transitions and computing reward
place_region_0_right_0: Building transition/reward matrices
place_region_0_front_270: Identifying enabled states...
place_region_0_front_270: Splitting up datasets...
place_region_0_front_270: Learning DBNS...
place_region_0_front_270: Building transition dicts for each DBN
place_region_0_front_270: Starting process for DBN 0
place_region_0_front_270: Starting process for DBN 1
place_region_0_front_270: Starting process for DBN 2
place_region_0_front_270: Starting process for DBN 3
place_region_0_front_270: Received dict for DBN 0
place_region_0_front_270: Received dict for DBN 3
place_region_0_front_270: Received dict for DBN 1
place_region_0_front_270: Received dict for DBN 2
place_region_0_front_270: Sampling transitions and computing reward
place_region_0_front_270: Building transition/reward matrices
place_region_1_top_0: Identifying enabled states...
place_region_1_top_0: Splitting up datasets...
place_region_1_top_0: Learning DBNS...
place_region_1_top_0: Building transition dicts for each DBN
place_region_1_top_0: Starting process for DBN 0
place_region_1_top_0: Starting process for DBN 1
place_region_1_top_0: Starting process for DBN 2
place_region_1_top_0: Starting process for DBN 3
place_region_1_top_0: Received dict for DBN 0
place_region_1_top_0: Received dict for DBN 1
place_region_1_top_0: Received dict for DBN 2
place_region_1_top_0: Received dict for DBN 3
place_region_1_top_0: Sampling transitions and computing reward
place_region_1_top_0: Building transition/reward matrices
place_region_1_left_0: Identifying enabled states...
place_region_1_left_0: Splitting up datasets...
place_region_1_left_0: Learning DBNS...
place_region_1_left_0: Building transition dicts for each DBN
place_region_1_left_0: Starting process for DBN 0
place_region_1_left_0: Starting process for DBN 1
place_region_1_left_0: Starting process for DBN 2
place_region_1_left_0: Starting process for DBN 3
place_region_1_left_0: Received dict for DBN 0
place_region_1_left_0: Received dict for DBN 1
place_region_1_left_0: Received dict for DBN 2
place_region_1_left_0: Received dict for DBN 3
place_region_1_left_0: Sampling transitions and computing reward
place_region_1_left_0: Building transition/reward matrices
place_region_1_right_0: Identifying enabled states...
place_region_1_right_0: Splitting up datasets...
place_region_1_right_0: Learning DBNS...
place_region_1_right_0: Building transition dicts for each DBN
place_region_1_right_0: Starting process for DBN 0
place_region_1_right_0: Starting process for DBN 1
place_region_1_right_0: Starting process for DBN 2
place_region_1_right_0: Starting process for DBN 3
place_region_1_right_0: Received dict for DBN 0
place_region_1_right_0: Received dict for DBN 1
place_region_1_right_0: Received dict for DBN 2
place_region_1_right_0: Received dict for DBN 3
place_region_1_right_0: Sampling transitions and computing reward
place_region_1_right_0: Building transition/reward matrices
place_region_1_front_270: Identifying enabled states...
place_region_1_front_270: Splitting up datasets...
place_region_1_front_270: Learning DBNS...
place_region_1_front_270: Building transition dicts for each DBN
place_region_1_front_270: Starting process for DBN 0
place_region_1_front_270: Starting process for DBN 1
place_region_1_front_270: Starting process for DBN 2
place_region_1_front_270: Starting process for DBN 3
place_region_1_front_270: Received dict for DBN 0
place_region_1_front_270: Received dict for DBN 1
place_region_1_front_270: Received dict for DBN 3
place_region_1_front_270: Received dict for DBN 2
place_region_1_front_270: Sampling transitions and computing reward
place_region_1_front_270: Building transition/reward matrices
place_region_2_top_0: Identifying enabled states...
place_region_2_top_0: Splitting up datasets...
place_region_2_top_0: Learning DBNS...
place_region_2_top_0: Building transition dicts for each DBN
place_region_2_top_0: Starting process for DBN 0
place_region_2_top_0: Starting process for DBN 1
place_region_2_top_0: Starting process for DBN 2
place_region_2_top_0: Starting process for DBN 3
place_region_2_top_0: Received dict for DBN 1
place_region_2_top_0: Received dict for DBN 0
place_region_2_top_0: Received dict for DBN 2
place_region_2_top_0: Received dict for DBN 3
place_region_2_top_0: Sampling transitions and computing reward
place_region_2_top_0: Building transition/reward matrices
place_region_2_left_0: Identifying enabled states...
place_region_2_left_0: Splitting up datasets...
place_region_2_left_0: Learning DBNS...
place_region_2_left_0: Building transition dicts for each DBN
place_region_2_left_0: Starting process for DBN 0
place_region_2_left_0: Starting process for DBN 1
place_region_2_left_0: Starting process for DBN 2
place_region_2_left_0: Starting process for DBN 3
place_region_2_left_0: Received dict for DBN 0
place_region_2_left_0: Received dict for DBN 1
place_region_2_left_0: Received dict for DBN 3
place_region_2_left_0: Received dict for DBN 2
place_region_2_left_0: Sampling transitions and computing reward
place_region_2_left_0: Building transition/reward matrices
place_region_2_right_0: Identifying enabled states...
place_region_2_right_0: Splitting up datasets...
place_region_2_right_0: Learning DBNS...
place_region_2_right_0: Building transition dicts for each DBN
place_region_2_right_0: Starting process for DBN 0
place_region_2_right_0: Starting process for DBN 1
place_region_2_right_0: Starting process for DBN 2
place_region_2_right_0: Starting process for DBN 3
place_region_2_right_0: Received dict for DBN 0
place_region_2_right_0: Received dict for DBN 1
place_region_2_right_0: Received dict for DBN 2
place_region_2_right_0: Received dict for DBN 3
place_region_2_right_0: Sampling transitions and computing reward
place_region_2_right_0: Building transition/reward matrices
place_region_2_front_270: Identifying enabled states...
place_region_2_front_270: Splitting up datasets...
place_region_2_front_270: Learning DBNS...
place_region_2_front_270: Building transition dicts for each DBN
place_region_2_front_270: Starting process for DBN 0
place_region_2_front_270: Starting process for DBN 1
place_region_2_front_270: Starting process for DBN 2
place_region_2_front_270: Starting process for DBN 3
place_region_2_front_270: Received dict for DBN 0
place_region_2_front_270: Received dict for DBN 2
place_region_2_front_270: Received dict for DBN 1
place_region_2_front_270: Received dict for DBN 3
place_region_2_front_270: Sampling transitions and computing reward
place_region_2_front_270: Building transition/reward matrices
Building MDP...
Synthesising Policy...
Solving MDP for timestep: 29
Solving MDP for timestep: 28
Solving MDP for timestep: 27
Solving MDP for timestep: 26
Solving MDP for timestep: 25
Solving MDP for timestep: 24
Solving MDP for timestep: 23
Solving MDP for timestep: 22
Solving MDP for timestep: 21
Solving MDP for timestep: 20
Solving MDP for timestep: 19
Solving MDP for timestep: 18
Solving MDP for timestep: 17
Solving MDP for timestep: 16
Solving MDP for timestep: 15
Solving MDP for timestep: 14
Solving MDP for timestep: 13
Solving MDP for timestep: 12
Solving MDP for timestep: 11
Solving MDP for timestep: 10
Solving MDP for timestep: 9
Solving MDP for timestep: 8
Solving MDP for timestep: 7
Solving MDP for timestep: 6
Solving MDP for timestep: 5
Solving MDP for timestep: 4
Solving MDP for timestep: 3
Solving MDP for timestep: 2
Solving MDP for timestep: 1
Solving MDP for timestep: 0
Resetting the scene for new episode
Step 0
policy value 9.866679191589355
State(column0: region_1, column1: region_2, column2: region_0)
pick_column1_top_0
Action: Action(ActionType.PICK, obj=/column1, slot=None,grasp=GraspType.TOP_0)
[EXEC] Picking /column1 with top_0

[INFO] Found 2496 potential configurations.
[INFO] Motion completed successfully with result: success,in execution time: 3.96 seconds
[INFO] Found a reachable configuration for pick action after 1 attempts.
Tip distance after pick: 0.02597604098340168
[INFO] Pick action completed successfully.in execution time: 3.96 seconds
[EXEC] Action ActionType.PICK executed in 15.52 seconds
[SUCCESS] Action ActionType.PICK succeeded for object /column1
Action duration: 3.96
[LOG] Transition logged to MongoDB: b5927b0e-a15c-4843-9828-b06b6652d83d - Episode 0
Step 1
policy value 9.866679191589355
State(column0: region_1, column1: held, column2: region_0)
place_goal_2_right_0
Action: Action(ActionType.PLACE, obj=/column1, slot=/goal_2,grasp=GraspType.RIGHT_0)
[EXEC] Placing at [-0.6000000000000001, 0.8250000000000003, 0.5] with grasp right_0

[INFO] Found 2176 potential configurations.
[INFO] Motion completed successfully with result: success,in execution time: 7.48 seconds
[INFO] Found a reachable configuration for place action after 1 attempts.
[INFO] Place action completed successfully.
realigning placed object /column1 to target position
[EXEC] Action ActionType.PLACE executed in 18.69 seconds
[SUCCESS] Action ActionType.PLACE succeeded for object /column1
Action duration: 7.4799999999998
[LOG] Transition logged to MongoDB: b5927b0e-a15c-4843-9828-b06b6652d83d - Episode 0
Step 2
policy value 9.851112365722656
State(column0: region_1, column1: goal_2, column2: region_0)
pick_column0_front_270
Action: Action(ActionType.PICK, obj=/column0, slot=None,grasp=GraspType.FRONT_270)
[EXEC] Picking /column0 with front_270

[INFO] Found 2432 potential configurations.
[INFO] Motion completed successfully with result: success,in execution time: 12.56 seconds
[INFO] Found a reachable configuration for pick action after 1 attempts.
Tip distance after pick: 0.01990281624986524
[INFO] Pick action completed successfully.in execution time: 12.56 seconds
[EXEC] Action ActionType.PICK executed in 26.33 seconds
[SUCCESS] Action ActionType.PICK succeeded for object /column0
Action duration: 12.56
[LOG] Transition contains 'unknown' state, not logging to MongoDB.
Step 3
policy value 9.11724853515625
State(column0: held, column1: goal_2, column2: unknown)
place_goal_0_top_0
Action: Action(ActionType.PLACE, obj=/column0, slot=/goal_0,grasp=GraspType.TOP_0)
[EXEC] Placing at [-0.27499999999999986, 0.8250000000000005, 0.5] with grasp top_0

[INFO] Found 3392 potential configurations.
[INFO] Motion completed successfully with result: success,in execution time: 8.68 seconds
[INFO] Found a reachable configuration for place action after 1 attempts.
[INFO] Place action completed successfully.
realigning placed object /column0 to target position
[EXEC] Action ActionType.PLACE executed in 30.53 seconds
[SUCCESS] Action ActionType.PLACE succeeded for object /column0
Action duration: 8.6799999999998
[LOG] Transition contains 'unknown' state, not logging to MongoDB.
Step 4
policy value 8.711105346679688
State(column0: goal_0, column1: goal_2, column2: unknown)
pick_column2_top_0
Action: Action(ActionType.PICK, obj=/column2, slot=None,grasp=GraspType.TOP_0)
[EXEC] Picking /column2 with top_0

[INFO] Found 2944 potential configurations.
[INFO] Motion completed successfully with result: success,in execution time: 13.68 seconds
[INFO] Found a reachable configuration for pick action after 1 attempts.
Tip distance after pick: 0.02721349950216764
[INFO] Pick action completed successfully.in execution time: 13.68 seconds
[EXEC] Action ActionType.PICK executed in 48.29 seconds
[SUCCESS] Action ActionType.PICK succeeded for object /column2
Action duration: 13.680000000002
[LOG] Transition contains 'unknown' state, not logging to MongoDB.
Step 5
policy value 8.315570831298828
State(column0: goal_0, column1: goal_2, column2: held)
place_goal_1_top_0
Action: Action(ActionType.PLACE, obj=/column2, slot=/goal_1,grasp=GraspType.TOP_0)
[EXEC] Placing at [-0.2749999999999999, 1.0750000000000006, 0.5] with grasp top_0

[INFO] Found 2368 potential configurations.
[ERROR] Motion failed (collision or invalid path)
[ERROR] Motion result: no_path
[WARN] Failed to find a path to the selected place config on attempt 1.
[WARN] No path found to selected place config, discarding and trying next valid config...
[INFO] Motion completed successfully with result: success,in execution time: 11.96 seconds
[INFO] Found a reachable configuration for place action after 2 attempts.
[INFO] Place action completed successfully.
realigning placed object /column2 to target position
[EXEC] Action ActionType.PLACE executed in 42.38 seconds
[SUCCESS] Action ActionType.PLACE succeeded for object /column2
Action duration: 11.960000000002
[LOG] Transition logged to MongoDB: b5927b0e-a15c-4843-9828-b06b6652d83d - Episode 0
[LOG] Saving episode 0 to episode_00000_b5927b0e-a15c-4843-9828-b06b6652d83d.yaml
[LOG] Episode saved: rl/dataset/episode_00000_b5927b0e-a15c-4843-9828-b06b6652d83d.yaml
[LOG] Episode reset
Step 6
policy value 9.245645523071289
State(column0: goal_0, column1: goal_2, column2: goal_1)
pick_column0_front_270
Action: Action(ActionType.PICK, obj=/column0, slot=None,grasp=GraspType.FRONT_270)
[EXEC] Picking /column0 with front_270

[INFO] Found 5248 potential configurations.
[ERROR] Motion timeout
