Warning: Ignoring XDG_SESSION_TYPE=wayland on Gnome. Use QT_QPA_PLATFORM=wayland to run on Wayland anyway.
Warning: Ignoring XDG_SESSION_TYPE=wayland on Gnome. Use QT_QPA_PLATFORM=wayland to run on Wayland anyway.
[CoppeliaSimClient]   loading the CoppeliaSim library...
[CoppeliaSimClient:loadinfo]   done.
[CoppeliaSimClient:loadinfo]   launching CoppeliaSim...
[CoppeliaSim:loadinfo]   Application directory is /home/kolletms/CoppeliaSim_Edu_V4_10_0_rev0_Ubuntu22_04
[CoppeliaSim:loadinfo]   user settings file is /home/kolletms/.CoppeliaSim/usrset.txt
[CoppeliaSim:loadinfo]   CoppeliaSim v4.10.0 (rev. 0), flavor: 1, linux
[CoppeliaSim:loadinfo]   ds:   0
[CoppeliaSim:loadinfo]   msnd: 1
[CoppeliaSim:loadinfo]   ms:   1
[CoppeliaSim:loadinfo]   midx: 5000-91EB-FFC4-9CCA-F764-C71D
[CoppeliaSim:loadinfo]   did:  
[CoppeliaSim:loadinfo]   mid0: FC97-7379-1C16-0023-1C17-0101
[CoppeliaSim:loadinfo]   mid1: FC9773791C1600231C17
[CoppeliaSim:loadinfo]   mid2: 7AB7966CC9EF9BB7FD7FEC7D769DC7BA
[CoppeliaSim:loadinfo]   mid3: 04E3981EA27E99B4CE66
[CoppeliaSim:loadinfo]   k:    687FFE88B3DF088E5DDD414A
[CoppeliaSim:loadinfo]   plugin simIK0: loading...
[CoppeliaSim:loadinfo]   plugin simIK0: done.
[CoppeliaSim:loadinfo]   primary screen physical dots per inch: 165
[CoppeliaSim:loadinfo]   display scaling (guessed): 100
[CoppeliaSim:loadinfo]   simulator launched.
[CoppeliaSim:loadinfo]   plugin 'BWF': loading...
[CoppeliaSim:loadinfo]   plugin 'BWF': load succeeded.
[CoppeliaSim:loadinfo]   plugin 'RemoteApi': loading...
[CoppeliaSim:loadinfo]   plugin 'RemoteApi': load succeeded.
[CoppeliaSim:loadinfo]   SK:   687FFE88B3DF088E5DDD414A
[CoppeliaSim:loadinfo]   initializing the sandbox script...
[sandboxScript:loadinfo]   plugin simZMQ: loading...
[sandboxScript:loadinfo]   plugin simZMQ: done.
[sandboxScript:loadinfo]   plugin simSubprocess: loading...
[sandboxScript:loadinfo]   plugin simSubprocess: done.
[sandboxScript:info]   Simulator launched, welcome! 
[CoppeliaSim:loadinfo]   sandbox script initialized.
[CoppeliaSim:loadinfo]   add-on '3D text generator.lua' was loaded.
[CoppeliaSim:loadinfo]   add-on 'Add-on edit.lua' was loaded.
[CoppeliaSim:loadinfo]   add-on 'Alias change.lua' was loaded.
[CoppeliaSim:loadinfo]   add-on 'Animation capture.lua' was loaded.
[CoppeliaSim:loadinfo]   add-on 'B0 remote Api server.lua' was loaded.
[CoppeliaSim:loadinfo]   add-on 'Button action.lua' was loaded.
[CoppeliaSim:loadinfo]   add-on 'Collision check.lua' was loaded.
[CoppeliaSim:loadinfo]   add-on 'Color changer.lua' was loaded.
[CoppeliaSim:loadinfo]   add-on 'Commander.lua' was loaded.
[CoppeliaSim:loadinfo]   add-on 'Contact display.lua' was loaded.
[CoppeliaSim:loadinfo]   add-on 'Convex decomposition hacd.lua' was loaded.
[CoppeliaSim:loadinfo]   add-on 'Convex decomposition vhacd.lua' was loaded.
[CoppeliaSim:loadinfo]   add-on 'Convex hull.lua' was loaded.
[CoppeliaSim:loadinfo]   add-on 'Create dummies on mesh surface.lua' was loaded.
[CoppeliaSim:loadinfo]   add-on 'Define joint group.lua' was loaded.
[CoppeliaSim:loadinfo]   add-on 'Denavit Hartenberg creator.lua' was loaded.
[CoppeliaSim:loadinfo]   add-on 'Denavit Hartenberg extractor.lua' was loaded.
[CoppeliaSim:loadinfo]   add-on 'Distance check.lua' was loaded.
[CoppeliaSim:loadinfo]   add-on 'Distribute objects uniformly.lua' was loaded.
[CoppeliaSim:loadinfo]   add-on 'Event viewer.lua' was loaded.
[CoppeliaSim:loadinfo]   add-on 'Events capture.lua' was loaded.
[CoppeliaSim:loadinfo]   add-on 'Events dump exporter.lua' was loaded.
[CoppeliaSim:loadinfo]   add-on 'External model auto reload.lua' was loaded.
[CoppeliaSim:loadinfo]   add-on 'External model auto save.lua' was loaded.
[CoppeliaSim:loadinfo]   add-on 'External model load.lua' was loaded.
[CoppeliaSim:loadinfo]   add-on 'External model reload selected.lua' was loaded.
[CoppeliaSim:loadinfo]   add-on 'External model save.lua' was loaded.
[CoppeliaSim:loadinfo]   add-on 'Find in scripts.lua' was loaded.
[CoppeliaSim:loadinfo]   add-on 'Find midpoint.lua' was loaded.
[CoppeliaSim:loadinfo]   add-on 'Floor plan importer.lua' was loaded.
[CoppeliaSim:loadinfo]   add-on 'GLTF animation exporter.lua' was loaded.
[CoppeliaSim:loadinfo]   add-on 'GLTF exporter.lua' was loaded.
[CoppeliaSim:loadinfo]   add-on 'Inverse Kinematics > generator.lua' was loaded.
[CoppeliaSim:loadinfo]   add-on 'Isometric scaling.lua' was loaded.
[CoppeliaSim:loadinfo]   add-on 'Joint tool.lua' was loaded.
[CoppeliaSim:loadinfo]   add-on 'LDraw importer.lua' was loaded.
[CoppeliaSim:loadinfo]   add-on 'Make objects same appearance.lua' was loaded.
[CoppeliaSim:loadinfo]   add-on 'Measure distance and direction.lua' was loaded.
[CoppeliaSim:loadinfo]   add-on 'Mesh decimation.lua' was loaded.
[CoppeliaSim:loadinfo]   add-on 'Mesh difference.lua' was loaded.
[CoppeliaSim:loadinfo]   add-on 'Mesh intersection.lua' was loaded.
[CoppeliaSim:loadinfo]   add-on 'Mesh subdivision.lua' was loaded.
[CoppeliaSim:loadinfo]   add-on 'Mesh symmetric difference.lua' was loaded.
[CoppeliaSim:loadinfo]   add-on 'Mesh union.lua' was loaded.
[CoppeliaSim:loadinfo]   add-on 'Message viewer.lua' was loaded.
[CoppeliaSim:loadinfo]   add-on 'Minimalistic exporter.lua' was loaded.
[CoppeliaSim:loadinfo]   add-on 'Minimalistic importer.lua' was loaded.
[CoppeliaSim:loadinfo]   add-on 'Motion Planning generator.lua' was loaded.
[CoppeliaSim:loadinfo]   add-on 'Notepad++ autocompletion.lua' was loaded.
[CoppeliaSim:loadinfo]   add-on 'Pause Stop Simulation on Condition.lua' was loaded.
[CoppeliaSim:loadinfo]   add-on 'Plugin enumerator.lua' was loaded.
[CoppeliaSim:loadinfo]   add-on 'Point cloud importer.lua' was loaded.
[CoppeliaSim:loadinfo]   add-on 'Point sampler interactive.lua' was loaded.
[CoppeliaSim:loadinfo]   add-on 'Point sampler service.lua' was loaded.
[CoppeliaSim:loadinfo]   add-on 'Property explorer.lua' was loaded.
[CoppeliaSim:loadinfo]   add-on 'PyRep.lua' was loaded.
[CoppeliaSim:loadinfo]   add-on 'Referenced handles explorer.lua' was loaded.
[CoppeliaSim:loadinfo]   add-on 'Referenced handles highlight.lua' was loaded.
[CoppeliaSim:loadinfo]   add-on 'Screenshot tool.lua' was loaded.
[CoppeliaSim:loadinfo]   add-on 'Script capture.lua' was loaded.
[CoppeliaSim:loadinfo]   add-on 'SDF importer.lua' was loaded.
[CoppeliaSim:loadinfo]   add-on 'Simulation stepper.lua' was loaded.
[CoppeliaSim:loadinfo]   add-on 'Subdivide large triangles.lua' was loaded.
[CoppeliaSim:loadinfo]   add-on 'Surface reconstruction.lua' was loaded.
[CoppeliaSim:loadinfo]   add-on 'Translate to align vertex.lua' was loaded.
[CoppeliaSim:loadinfo]   add-on 'URDF exporter.lua' was loaded.
[CoppeliaSim:loadinfo]   add-on 'URDF importer.lua' was loaded.
[CoppeliaSim:loadinfo]   add-on 'URL drop service.lua' was loaded.
[CoppeliaSim:loadinfo]   add-on 'Video recorder.lua' was loaded.
[CoppeliaSim:loadinfo]   add-on 'Visualization stream.lua' was loaded.
[CoppeliaSim:loadinfo]   add-on 'WS remote API server.lua' was loaded.
[CoppeliaSim:loadinfo]   add-on 'ZMQ remote API server.lua' was loaded.
[CoppeliaSim:loadinfo]   add-on 'Convex decomposition coacd.py' was loaded.
[Developer tools >> Commander >> Commander@addOnScript:loadinfo]   plugin simCmd: loading...
[simCmd:warning]   Selected script: Sandbox (Python)
[Developer tools >> Commander >> Commander@addOnScript:loadinfo]   plugin simCmd: done.
[Connectivity >> WebSocket remote API server@addOnScript:loadinfo]   plugin simWS: loading...
[Connectivity >> WebSocket remote API server@addOnScript:loadinfo]   plugin simWS: done.
[Connectivity >> WebSocket remote API server@addOnScript:info]   WebSocket Remote API server starting (port=23051)...
[Connectivity >> ZMQ remote API server@addOnScript:info]   ZeroMQ Remote API server starting (rpcPort=23011)...
[CoppeliaSim:warning]   If CoppeliaSim crashed in previous session, you can find auto-saved scenes in /home/kolletms/.CoppeliaSim/autoSavedScenes
[/UR10/followPath:loadinfo]   plugin simIK: loading...
[/UR10/followPath:loadinfo]   plugin simIK: done.
[/UR10/followPath:loadinfo]   plugin simOMPL: loading...
[/UR10/followPath:loadinfo]   plugin simOMPL: done.
/Floor, 13
/MPO_700, 86
/assembly_table, 88
/obs1, 133
/obs2, 135
/obs0, 137
/column0, 141
/column1, 143
/column2, 139
[/UR10/followPath:warning]   sim.switchThread is deprecated. please use sim.step instead. (control verbosity via notifyDeprecated in usrset.txt)
[/moveToPose:warning]   sim.setThreadSwitchTiming is deprecated. please use sim.setAutoYieldDelay instead. (control verbosity via notifyDeprecated in usrset.txt)
[/moveToPose:warning]   sim.switchThread is deprecated. please use sim.step instead. (control verbosity via notifyDeprecated in usrset.txt)
[sandboxScript:info]   Simulation started.
[CoppeliaSim:loadinfo]   plugin simGeom: loading...
[CoppeliaSim:loadinfo]   plugin simGeom: done.
[CoppeliaSim:loadinfo]   plugin simBullet-2-83: loading...
[CoppeliaSim:loadinfo]   plugin simBullet-2-83: done.
[CoppeliaSim:warning]   Detected non-default settings (time steps and/or dyn. engine global settings).
[sandboxScript:info]   Simulation stopping...
[sandboxScript:info]   Simulation stopped.
[sandboxScript:info]   Simulation started.
[CoppeliaSim:warning]   Detected non-default settings (time steps and/or dyn. engine global settings).
[sandboxScript:info]   Simulation stopping...
[sandboxScript:info]   Simulation stopped.
[sandboxScript:info]   Simulation started.
[CoppeliaSim:warning]   Detected non-default settings (time steps and/or dyn. engine global settings).
Goal signal recieved..
Planning ...
Collision pairs set
goal state set
Using RRT Connect
task setup complete
solving task...
OMPL states:, 200.
path found
valid path found, generating trajectory...
[/UR10/followPath:warning]   module 'matrix' was implicitly loaded.
[/UR10/followPath:warning]   "matrix" module is deprecated. please use simEigen
Trajectory points:, 1000.
Duration:, 3.402442
excecuting path...
current error: , 0.014437
Final error:, 0.014437
Execution successful
[CoppeliaSim:loadinfo]   plugin simRuckig: loading...
[CoppeliaSim:loadinfo]   plugin simRuckig: done.
Goal signal recieved..
Planning ...
Collision pairs set
goal state set
Using RRT Connect
task setup complete
solving task...
OMPL states:, 200.
path found
valid path found, generating trajectory...
Trajectory points:, 1000.
Duration:, 3.427269
excecuting path...
current error: , 0.075568
current error: , 0.075568
current error: , 0.010842
Final error:, 0.002849
Execution successful
Goal signal recieved..
Planning ...
Collision pairs set
goal state set
Using RRT Connect
task setup complete
solving task...
OMPL states:, 200.
path found
valid path found, generating trajectory...
Trajectory points:, 1000.
Duration:, 5.155985
excecuting path...
current error: , 0.002903
Final error:, 0.002903
Execution successful
Goal signal recieved..
Planning ...
Collision pairs set
goal state set
Using RRT Connect
task setup complete
solving task...
OMPL states:, 200.
path found
valid path found, generating trajectory...
Trajectory points:, 1000.
Duration:, 11.533968
excecuting path...
current error: , 0.298987
current error: , 0.298987
current error: , 0.182549
current error: , 0.072272
current error: , 0.008207
Final error:, 0.001026
Execution successful
[sandboxScript:info]   Simulation stopping...
[sandboxScript:info]   Simulation stopped.
[sandboxScript:info]   Simulation started.
[CoppeliaSim:warning]   Detected non-default settings (time steps and/or dyn. engine global settings).
[sandboxScript:info]   Simulation stopping...
[sandboxScript:info]   Simulation stopped.
[sandboxScript:info]   Simulation started.
[CoppeliaSim:warning]   Detected non-default settings (time steps and/or dyn. engine global settings).
Goal signal recieved..
Planning ...
Collision pairs set
goal state set
Using RRT Connect
task setup complete
solving task...
OMPL states:, 200.
path found
valid path found, generating trajectory...
Trajectory points:, 1000.
Duration:, 3.574951
excecuting path...
current error: , 0.103757
current error: , 0.103757
current error: , 0.020128
current error: , 0.000282
Final error:, 0.00113
Execution successful
Goal signal recieved..
Planning ...
Collision pairs set
goal state set
Using RRT Connect
task setup complete
solving task...
OMPL states:, 200.
path found
valid path found, generating trajectory...
Trajectory points:, 1000.
Duration:, 6.964162
excecuting path...
current error: , 0.246368
current error: , 0.246368
current error: , 0.162537
current error: , 0.078695
current error: , 0.010405
Final error:, 0.001662
Execution successful
Goal signal recieved..
Planning ...
Collision pairs set
goal state set
Using RRT Connect
task setup complete
solving task...
OMPL states:, 200.
path found
valid path found, generating trajectory...
Trajectory points:, 1000.
Duration:, 10.394624
excecuting path...
current error: , 1.398989
current error: , 1.398989
current error: , 1.315296
current error: , 1.231629
current error: , 1.147913
current error: , 1.064223
current error: , 0.98055
current error: , 0.896848
current error: , 0.813161
current error: , 0.729485
current error: , 0.645819
current error: , 0.562128
current error: , 0.478456
current error: , 0.394745
current error: , 0.311023
current error: , 0.227339
current error: , 0.143621
current error: , 0.059948
current error: , 0.007627
Final error:, 0.002766
Execution successful
Goal signal recieved..
Planning ...
Collision pairs set
goal state set
Using RRT Connect
task setup complete
solving task...
OMPL states:, 200.
path found
valid path found, generating trajectory...
Trajectory points:, 1000.
Duration:, 8.64198
excecuting path...
current error: , 0.002586
Final error:, 0.002586
Execution successful
Goal signal recieved..
Planning ...
Collision pairs set
goal state set
Using RRT Connect
task setup complete
solving task...
OMPL states:, 200.
path found
valid path found, generating trajectory...
Trajectory points:, 1000.
Duration:, 11.032494
excecuting path...
current error: , 0.842739
current error: , 0.842739
current error: , 0.766756
current error: , 0.693118
current error: , 0.619771
current error: , 0.549326
current error: , 0.483537
current error: , 0.426318
current error: , 0.380968
current error: , 0.354015
current error: , 0.34802
current error: , 0.363945
current error: , 0.367271
current error: , 0.365257
current error: , 0.364717
current error: , 0.364193
current error: , 0.364898
current error: , 0.364223
current error: , 0.333207
current error: , 0.217515
current error: , 0.11037
current error: , 0.025698
current error: , 0.002375
Final error:, 0.001333
Execution successful
Goal signal recieved..
Planning ...
Collision pairs set
goal state set
Using RRT Connect
task setup complete
solving task...
Goal signal recieved..
Planning ...
Collision pairs set
goal state set
Using RRT Connect
task setup complete
solving task...
OMPL states:, 200.
path found
valid path found, generating trajectory...
Trajectory points:, 1000.
Duration:, 11.693832
excecuting path...
current error: , 0.023382
current error: , 0.023382
current error: , 0.002568
Final error:, 0.001759
Execution successful
Goal signal recieved..
Planning ...
Collision pairs set
goal state set
Using RRT Connect
task setup complete
solving task...
OMPL states:, 200.
path found
valid path found, generating trajectory...
Trajectory points:, 1000.
Duration:, 5.997395
excecuting path...
current error: , 2.104747
current error: , 2.104747
current error: , 2.021009
current error: , 1.937272
current error: , 1.853518
current error: , 1.769787
current error: , 1.686059
current error: , 1.602329
current error: , 1.518616
current error: , 1.435045
current error: , 1.351906
current error: , 1.271565
current error: , 1.192765
current error: , 1.112805
current error: , 1.034878
current error: , 0.956772
current error: , 0.878611
current error: , 0.801915
current error: , 0.726361
current error: , 0.652515
current error: , 0.580577
current error: , 0.512753
current error: , 0.44887
current error: , 0.395236
current error: , 0.352455
current error: , 0.331083
current error: , 0.331105
current error: , 0.334564
current error: , 0.339897
current error: , 0.338787
current error: , 0.334837
current error: , 0.341514
current error: , 0.343072
current error: , 0.339337
current error: , 0.341968
current error: , 0.340679
current error: , 0.336964
current error: , 0.341018
current error: , 0.336367
current error: , 0.340329
current error: , 0.340468
current error: , 0.338918
current error: , 0.338536
current error: , 0.340958
current error: , 0.340195
current error: , 0.34166
current error: , 0.3419
current error: , 0.340686
current error: , 0.339837
current error: , 0.340032
current error: , 0.338468
current error: , 0.339351
current error: , 0.340329
current error: , 0.340263
current error: , 0.343651
current error: , 0.341847
current error: , 0.339827
current error: , 0.341205
current error: , 0.340897
current error: , 0.339819
current error: , 0.342849
current error: , 0.345717
current error: , 0.339254
current error: , 0.340905
current error: , 0.341576
current error: , 0.341438
current error: , 0.340655
current error: , 0.342754
current error: , 0.340473
current error: , 0.338568
current error: , 0.343112
current error: , 0.338825
current error: , 0.339429
current error: , 0.340077
current error: , 0.338692
current error: , 0.34093
current error: , 0.339621
current error: , 0.339948
current error: , 0.343664
current error: , 0.341321
current error: , 0.343043
current error: , 0.340932
current error: , 0.338678
current error: , 0.341887
current error: , 0.342853
current error: , 0.342945
current error: , 0.342329
current error: , 0.338731
current error: , 0.342413
current error: , 0.344359
current error: , 0.339979
current error: , 0.33647
current error: , 0.340651
current error: , 0.339369
current error: , 0.342441
current error: , 0.342813
current error: , 0.339454
current error: , 0.340257
current error: , 0.339512
current error: , 0.339892
current error: , 0.339936
current error: , 0.340931
current error: , 0.338554
current error: , 0.342413
current error: , 0.34036
current error: , 0.340135
current error: , 0.341523
current error: , 0.343213
current error: , 0.338721
current error: , 0.342288
current error: , 0.342409
current error: , 0.338642
current error: , 0.340059
current error: , 0.343839
current error: , 0.34034
current error: , 0.341147
current error: , 0.337223
current error: , 0.342996
current error: , 0.340098
current error: , 0.339483
current error: , 0.339766
current error: , 0.341927
current error: , 0.33788
current error: , 0.33746
current error: , 0.340164
current error: , 0.340961
current error: , 0.339766
current error: , 0.336629
current error: , 0.337284
current error: , 0.342566
current error: , 0.339822
current error: , 0.337503
current error: , 0.338319
current error: , 0.34024
current error: , 0.335835
current error: , 0.338414
current error: , 0.340301
current error: , 0.337027
current error: , 0.336935
current error: , 0.339162
current error: , 0.337572
current error: , 0.338241
current error: , 0.335125
current error: , 0.339383
current error: , 0.338307
current error: , 0.338076
current error: , 0.337285
current error: , 0.335753
current error: , 0.335411
current error: , 0.339891
current error: , 0.337663
current error: , 0.338962
current error: , 0.339997
current error: , 0.337239
current error: , 0.337681
current error: , 0.336464
current error: , 0.337929
current error: , 0.336201
current error: , 0.335127
current error: , 0.336917
current error: , 0.338393
current error: , 0.33817
current error: , 0.336383
current error: , 0.336123
current error: , 0.33825
current error: , 0.340996
current error: , 0.336585
current error: , 0.339493
current error: , 0.339871
current error: , 0.338969
current error: , 0.337606
current error: , 0.336916
current error: , 0.337415
current error: , 0.336743
current error: , 0.338485
current error: , 0.337227
current error: , 0.338713
current error: , 0.337609
current error: , 0.336664
current error: , 0.339087
current error: , 0.339209
current error: , 0.336457
current error: , 0.338219
current error: , 0.337491
current error: , 0.337498
current error: , 0.337774
current error: , 0.336406
current error: , 0.335268
current error: , 0.337988
current error: , 0.338869
current error: , 0.339816
current error: , 0.341828
current error: , 0.337351
current error: , 0.340756
current error: , 0.339258
current error: , 0.341228
current error: , 0.339079
current error: , 0.338728
current error: , 0.339623
current error: , 0.34131
current error: , 0.341353
current error: , 0.3373
current error: , 0.33631
current error: , 0.338458
current error: , 0.338882
current error: , 0.338609
current error: , 0.338131
current error: , 0.338623
current error: , 0.341316
current error: , 0.33676
current error: , 0.338504
current error: , 0.337484
current error: , 0.339422
current error: , 0.33837
current error: , 0.338475
current error: , 0.339914
current error: , 0.338521
current error: , 0.338804
current error: , 0.338607
current error: , 0.340433
current error: , 0.338847
current error: , 0.338413
current error: , 0.340382
current error: , 0.336505
current error: , 0.339786
current error: , 0.335635
current error: , 0.337847
current error: , 0.336185
current error: , 0.337532
current error: , 0.33812
current error: , 0.338554
current error: , 0.339492
current error: , 0.341428
current error: , 0.338132
current error: , 0.33919
current error: , 0.337841
current error: , 0.339867
current error: , 0.339124
current error: , 0.3384
current error: , 0.338333
current error: , 0.339322
current error: , 0.337285
current error: , 0.340245
current error: , 0.337704
current error: , 0.338067
current error: , 0.339695
current error: , 0.339061
current error: , 0.335603
current error: , 0.338109
current error: , 0.340952
current error: , 0.340531
current error: , 0.337797
current error: , 0.336294
current error: , 0.339026
current error: , 0.337647
current error: , 0.34069
current error: , 0.339121
current error: , 0.336251
current error: , 0.337118
current error: , 0.340855
current error: , 0.341189
current error: , 0.338645
current error: , 0.339171
current error: , 0.339023
current error: , 0.338815
current error: , 0.338605
current error: , 0.338388
current error: , 0.336521
current error: , 0.340666
current error: , 0.338349
current error: , 0.340071
current error: , 0.338126
current error: , 0.337814
current error: , 0.339521
current error: , 0.340184
current error: , 0.339007
current error: , 0.341443
current error: , 0.339048
current error: , 0.338192
current error: , 0.339534
current error: , 0.340055
current error: , 0.34001
current error: , 0.337061
current error: , 0.338353
current error: , 0.336258
current error: , 0.338671
current error: , 0.335693
current error: , 0.339046
current error: , 0.337736
current error: , 0.339178
current error: , 0.338093
current error: , 0.340322
current error: , 0.339092
current error: , 0.341468
current error: , 0.339653
current error: , 0.336764
current error: , 0.339091
current error: , 0.338653
current error: , 0.33864
current error: , 0.338455
current error: , 0.338913
current error: , 0.3386
current error: , 0.338618
current error: , 0.337383
current error: , 0.340576
current error: , 0.33712
current error: , 0.340095
current error: , 0.339388
current error: , 0.340212
current error: , 0.339516
current error: , 0.339576
current error: , 0.339352
current error: , 0.339273
current error: , 0.338002
current error: , 0.33821
current error: , 0.340401
current error: , 0.339581
current error: , 0.339009
current error: , 0.339816
current error: , 0.33973
current error: , 0.339428
current error: , 0.337109
current error: , 0.341282
current error: , 0.341343
current error: , 0.338266
current error: , 0.337801
current error: , 0.338041
current error: , 0.339004
current error: , 0.338604
current error: , 0.338267
current error: , 0.339021
current error: , 0.338172
current error: , 0.34068
current error: , 0.339596
current error: , 0.339505
current error: , 0.337097
current error: , 0.339167
current error: , 0.338549
current error: , 0.338811
current error: , 0.33831
current error: , 0.340942
current error: , 0.338927
current error: , 0.339947
current error: , 0.338587
current error: , 0.338406
current error: , 0.339305
current error: , 0.339081
current error: , 0.338462
current error: , 0.33763
current error: , 0.337356
current error: , 0.339976
current error: , 0.338683
current error: , 0.340832
current error: , 0.337297
current error: , 0.341924
current error: , 0.339037
current error: , 0.342876
current error: , 0.337424
current error: , 0.338593
current error: , 0.340111
current error: , 0.341001
current error: , 0.340945
current error: , 0.339894
current error: , 0.338474
current error: , 0.342003
current error: , 0.336419
current error: , 0.338038
current error: , 0.341301
current error: , 0.33982
current error: , 0.339907
current error: , 0.342849
current error: , 0.338925
current error: , 0.336396
current error: , 0.340229
current error: , 0.337992
current error: , 0.339819
current error: , 0.338926
current error: , 0.338785
current error: , 0.338948
current error: , 0.337962
current error: , 0.341265
current error: , 0.340777
current error: , 0.338584
current error: , 0.341525
current error: , 0.338625
current error: , 0.340802
current error: , 0.339278
current error: , 0.338877
current error: , 0.340489
current error: , 0.338967
current error: , 0.342431
current error: , 0.339942
current error: , 0.340186
current error: , 0.340379
current error: , 0.339769
current error: , 0.339936
current error: , 0.340309
current error: , 0.340852
current error: , 0.340018
current error: , 0.338911
current error: , 0.339719
current error: , 0.341317
current error: , 0.341675
current error: , 0.341272
current error: , 0.342072
current error: , 0.341951
current error: , 0.340532
current error: , 0.340625
current error: , 0.340457
current error: , 0.339804
current error: , 0.339077
current error: , 0.340152
current error: , 0.340348
current error: , 0.3411
current error: , 0.341419
current error: , 0.341674
current error: , 0.340364
current error: , 0.341754
current error: , 0.341329
current error: , 0.336877
current error: , 0.340191
current error: , 0.33894
current error: , 0.339937
current error: , 0.340364
current error: , 0.339507
current error: , 0.341715
current error: , 0.340275
current error: , 0.339369
current error: , 0.340989
current error: , 0.341478
current error: , 0.341082
current error: , 0.339561
current error: , 0.341844
current error: , 0.340516
current error: , 0.33944
current error: , 0.339768
current error: , 0.339756
current error: , 0.341783
current error: , 0.342678
current error: , 0.339972
current error: , 0.341264
current error: , 0.342586
current error: , 0.338915
current error: , 0.343006
current error: , 0.340583
current error: , 0.341723
current error: , 0.341735
current error: , 0.342096
current error: , 0.342454
current error: , 0.338048
current error: , 0.338766
current error: , 0.340465
current error: , 0.340776
current error: , 0.338915
current error: , 0.339703
current error: , 0.34179
current error: , 0.342315
current error: , 0.33972
current error: , 0.341501
current error: , 0.340606
current error: , 0.341687
current error: , 0.339368
current error: , 0.339045
current error: , 0.341791
current error: , 0.341473
current error: , 0.342925
current error: , 0.339391
current error: , 0.340503
current error: , 0.341859
current error: , 0.34098
current error: , 0.338623
current error: , 0.34103
current error: , 0.340146
current error: , 0.340068
current error: , 0.341578
current error: , 0.341353
current error: , 0.343465
current error: , 0.33952
current error: , 0.340809
current error: , 0.340407
current error: , 0.341203
current error: , 0.340999
current error: , 0.34076
current error: , 0.341871
current error: , 0.340233
current error: , 0.33917
current error: , 0.341428
current error: , 0.341152
current error: , 0.340686
current error: , 0.339463
current error: , 0.340493
current error: , 0.341832
current error: , 0.340886
current error: , 0.341788
current error: , 0.341673
current error: , 0.34076
current error: , 0.340879
current error: , 0.341366
current error: , 0.343048
current error: , 0.341875
current error: , 0.342035
current error: , 0.341581
current error: , 0.339608
current error: , 0.341173
current error: , 0.341912
current error: , 0.341924
current error: , 0.340124
current error: , 0.341048
current error: , 0.342277
current error: , 0.340209
current error: , 0.3417
current error: , 0.342524
current error: , 0.341592
current error: , 0.341593
current error: , 0.341559
current error: , 0.34118
current error: , 0.341907
current error: , 0.344214
current error: , 0.3448
current error: , 0.340347
current error: , 0.341474
current error: , 0.340043
current error: , 0.340191
current error: , 0.342106
current error: , 0.339825
current error: , 0.340906
current error: , 0.342599
current error: , 0.343272
current error: , 0.342759
current error: , 0.342026
current error: , 0.343112
current error: , 0.339989
current error: , 0.339953
current error: , 0.339648
current error: , 0.340503
current error: , 0.341179
current error: , 0.343143
current error: , 0.341131
current error: , 0.341585
current error: , 0.338744
current error: , 0.340306
current error: , 0.342301
current error: , 0.341656
current error: , 0.341336
current error: , 0.342551
current error: , 0.340446
current error: , 0.342018
current error: , 0.343974
current error: , 0.342055
current error: , 0.342017
current error: , 0.341354
current error: , 0.341136
current error: , 0.340201
current error: , 0.340724
current error: , 0.342252
current error: , 0.341225
current error: , 0.342649
current error: , 0.342181
current error: , 0.343305
current error: , 0.340936
current error: , 0.341539
current error: , 0.342703
current error: , 0.339356
current error: , 0.341813
current error: , 0.343499
current error: , 0.341864
current error: , 0.340318
current error: , 0.340727
current error: , 0.343809
current error: , 0.342578
current error: , 0.343085
current error: , 0.342768
current error: , 0.341044
current error: , 0.341438
current error: , 0.341608
current error: , 0.342389
current error: , 0.342238
current error: , 0.342528
current error: , 0.339865
current error: , 0.343838
current error: , 0.341569
current error: , 0.338117
current error: , 0.341592
current error: , 0.340537
current error: , 0.341166
current error: , 0.341207
current error: , 0.340709
current error: , 0.342741
current error: , 0.342797
current error: , 0.342267
current error: , 0.340156
current error: , 0.340688
current error: , 0.341035
current error: , 0.34169
current error: , 0.34297
current error: , 0.341749
current error: , 0.342211
current error: , 0.342215
current error: , 0.342063
current error: , 0.341637
current error: , 0.342186
current error: , 0.343499
current error: , 0.34185
current error: , 0.342326
current error: , 0.343176
current error: , 0.342382
current error: , 0.343801
current error: , 0.340338
current error: , 0.339956
current error: , 0.341011
current error: , 0.341529
current error: , 0.343546
current error: , 0.341445
current error: , 0.340203
current error: , 0.341251
current error: , 0.34103
current error: , 0.341162
current error: , 0.343147
current error: , 0.341322
current error: , 0.341803
current error: , 0.344616
current error: , 0.342684
current error: , 0.339972
current error: , 0.342604
current error: , 0.340036
current error: , 0.342078
current error: , 0.343013
current error: , 0.342196
current error: , 0.340555
current error: , 0.343743
current error: , 0.339791
current error: , 0.341092
current error: , 0.341435
current error: , 0.343097
current error: , 0.342939
current error: , 0.342844
current error: , 0.342225
current error: , 0.342875
current error: , 0.340587
current error: , 0.341807
current error: , 0.340902
current error: , 0.343517
current error: , 0.343786
current error: , 0.342411
current error: , 0.341736
current error: , 0.343396
current error: , 0.34116
current error: , 0.341392
current error: , 0.341823
current error: , 0.342779
current error: , 0.340594
current error: , 0.340952
current error: , 0.342827
current error: , 0.342978
current error: , 0.340455
current error: , 0.34258
current error: , 0.342421
current error: , 0.344684
current error: , 0.34291
current error: , 0.343094
current error: , 0.34045
current error: , 0.339898
current error: , 0.343066
current error: , 0.34259
current error: , 0.343708
current error: , 0.34393
current error: , 0.342431
current error: , 0.342209
current error: , 0.342562
current error: , 0.341901
current error: , 0.341763
current error: , 0.342523
current error: , 0.342155
current error: , 0.345665
current error: , 0.340908
current error: , 0.344659
current error: , 0.340703
current error: , 0.342022
current error: , 0.345145
current error: , 0.339776
current error: , 0.341361
current error: , 0.343639
current error: , 0.341622
current error: , 0.341906
current error: , 0.342941
current error: , 0.340789
current error: , 0.341842
current error: , 0.341238
current error: , 0.342941
current error: , 0.343055
current error: , 0.342543
current error: , 0.341604
current error: , 0.342932
current error: , 0.34274
current error: , 0.341689
current error: , 0.342382
current error: , 0.340049
current error: , 0.341243
current error: , 0.345111
current error: , 0.340975
current error: , 0.340736
current error: , 0.341119
current error: , 0.343004
current error: , 0.343034
current error: , 0.340764
current error: , 0.340782
current error: , 0.339454
current error: , 0.34268
current error: , 0.341005
current error: , 0.343443
current error: , 0.344266
current error: , 0.341275
current error: , 0.342051
current error: , 0.343163
current error: , 0.343187
current error: , 0.345737
current error: , 0.343422
current error: , 0.34132
current error: , 0.34346
current error: , 0.344465
current error: , 0.343941
current error: , 0.343143
current error: , 0.344453
current error: , 0.344608
current error: , 0.341223
current error: , 0.343271
current error: , 0.34487
current error: , 0.342729
current error: , 0.343028
current error: , 0.339772
current error: , 0.341191
current error: , 0.343952
current error: , 0.343485
current error: , 0.344652
current error: , 0.343791
current error: , 0.342486
current error: , 0.343214
current error: , 0.342163
current error: , 0.344985
current error: , 0.344573
current error: , 0.344737
current error: , 0.345751
current error: , 0.343676
current error: , 0.342718
current error: , 0.341622
current error: , 0.343868
current error: , 0.342673
current error: , 0.342841
current error: , 0.341681
current error: , 0.343942
current error: , 0.342837
current error: , 0.343184
current error: , 0.343272
current error: , 0.343753
current error: , 0.343688
current error: , 0.343705
current error: , 0.342506
current error: , 0.343329
current error: , 0.343628
current error: , 0.343194
current error: , 0.343548
current error: , 0.342826
current error: , 0.345406
current error: , 0.344089
current error: , 0.343303
current error: , 0.343808
current error: , 0.344018
current error: , 0.345228
current error: , 0.344006
current error: , 0.344513
current error: , 0.34306
current error: , 0.342635
current error: , 0.342519
current error: , 0.343132
current error: , 0.342668
current error: , 0.342218
current error: , 0.343293
current error: , 0.342713
current error: , 0.343338
current error: , 0.343466
current error: , 0.344443
current error: , 0.34389
current error: , 0.343725
current error: , 0.343524
current error: , 0.343431
current error: , 0.342503
current error: , 0.345266
current error: , 0.343909
current error: , 0.343192
current error: , 0.345061
current error: , 0.345144
current error: , 0.343364
current error: , 0.343156
current error: , 0.345898
current error: , 0.342813
current error: , 0.34443
current error: , 0.341894
current error: , 0.342711
current error: , 0.342897
current error: , 0.345842
current error: , 0.3453
current error: , 0.344176
current error: , 0.343237
current error: , 0.345652
current error: , 0.343321
current error: , 0.344204
current error: , 0.342232
current error: , 0.34309
current error: , 0.342769
current error: , 0.343506
current error: , 0.345257
current error: , 0.34333
current error: , 0.341663
current error: , 0.345616
current error: , 0.343538
current error: , 0.344961
current error: , 0.34414
current error: , 0.345289
current error: , 0.340513
current error: , 0.34527
current error: , 0.344434
current error: , 0.34332
current error: , 0.344524
current error: , 0.343049
current error: , 0.342389
current error: , 0.344692
current error: , 0.344491
current error: , 0.342954
current error: , 0.342523
current error: , 0.343763
current error: , 0.342149
current error: , 0.343375
current error: , 0.344715
current error: , 0.343989
current error: , 0.34356
current error: , 0.343275
current error: , 0.342656
current error: , 0.343808
current error: , 0.343879
current error: , 0.342795
current error: , 0.344469
current error: , 0.344456
current error: , 0.345257
current error: , 0.344008
current error: , 0.344541
current error: , 0.34312
current error: , 0.343459
current error: , 0.344965
current error: , 0.342495
current error: , 0.344334
current error: , 0.344196
current error: , 0.34292
current error: , 0.344559
current error: , 0.345349
current error: , 0.3442
current error: , 0.344414
current error: , 0.343924
current error: , 0.343685
current error: , 0.344724
current error: , 0.343697
current error: , 0.343788
current error: , 0.343558
current error: , 0.344418
current error: , 0.34583
current error: , 0.343679
current error: , 0.34417
current error: , 0.344603
current error: , 0.345391
current error: , 0.343136
current error: , 0.345387
current error: , 0.343791
current error: , 0.343906
current error: , 0.342007
current error: , 0.345288
current error: , 0.343622
current error: , 0.345308
current error: , 0.342775
current error: , 0.344147
current error: , 0.345038
current error: , 0.347138
current error: , 0.34446
current error: , 0.343883
current error: , 0.345254
current error: , 0.343173
current error: , 0.34562
current error: , 0.344502
current error: , 0.344945
current error: , 0.346193
current error: , 0.344947
current error: , 0.342413
current error: , 0.343938
current error: , 0.343618
current error: , 0.341966
current error: , 0.343325
current error: , 0.344542
current error: , 0.344008
current error: , 0.343412
current error: , 0.345087
current error: , 0.342821
current error: , 0.344091
current error: , 0.343885
current error: , 0.346765
current error: , 0.345118
current error: , 0.342469
current error: , 0.34506
current error: , 0.346942
current error: , 0.346466
current error: , 0.343647
current error: , 0.345375
current error: , 0.34492
current error: , 0.345485
current error: , 0.345259
current error: , 0.34566
current error: , 0.345212
current error: , 0.345133
current error: , 0.344209
current error: , 0.345156
current error: , 0.342248
current error: , 0.342715
current error: , 0.34523
current error: , 0.344089
current error: , 0.343645
current error: , 0.344765
current error: , 0.343268
current error: , 0.343342
current error: , 0.342977
current error: , 0.345476
current error: , 0.343495
current error: , 0.343933
current error: , 0.344776
current error: , 0.34402
current error: , 0.34255
current error: , 0.34368
current error: , 0.345554
current error: , 0.345954
current error: , 0.344069
current error: , 0.34577
current error: , 0.343869
current error: , 0.344848
current error: , 0.346402
current error: , 0.345687
current error: , 0.346177
current error: , 0.345646
current error: , 0.345211
current error: , 0.344816
current error: , 0.344706
current error: , 0.347661
current error: , 0.34467
current error: , 0.343659
current error: , 0.345012
current error: , 0.343526
current error: , 0.345883
current error: , 0.344345
current error: , 0.345738
current error: , 0.344844
current error: , 0.345845
current error: , 0.344878
current error: , 0.345086
current error: , 0.346549
current error: , 0.344064
current error: , 0.345068
current error: , 0.344297
current error: , 0.346117
current error: , 0.345392
current error: , 0.344891
current error: , 0.345148
current error: , 0.343745
current error: , 0.345627
current error: , 0.345614
current error: , 0.347357
current error: , 0.345563
current error: , 0.343703
current error: , 0.343574
current error: , 0.345335
current error: , 0.346603
current error: , 0.344984
current error: , 0.342596
current error: , 0.346895
current error: , 0.346684
current error: , 0.344058
current error: , 0.344735
current error: , 0.347214
current error: , 0.345976
current error: , 0.344777
current error: , 0.344812
current error: , 0.346146
current error: , 0.346331
current error: , 0.346602
current error: , 0.346328
current error: , 0.34466
current error: , 0.344129
current error: , 0.345887
current error: , 0.347027
current error: , 0.344186
current error: , 0.345491
current error: , 0.345501
current error: , 0.344556
current error: , 0.346836
current error: , 0.346431
current error: , 0.34618
current error: , 0.345847
current error: , 0.3447
current error: , 0.344924
current error: , 0.346449
current error: , 0.344857
current error: , 0.3459
current error: , 0.346544
current error: , 0.344583
current error: , 0.34591
current error: , 0.345645
current error: , 0.345481
current error: , 0.347004
current error: , 0.346502
current error: , 0.345151
current error: , 0.345523
current error: , 0.345782
current error: , 0.345808
current error: , 0.346406
current error: , 0.345158
current error: , 0.345768
current error: , 0.346801
current error: , 0.345068
current error: , 0.346762
current error: , 0.344984
current error: , 0.345546
current error: , 0.345922
current error: , 0.345316
current error: , 0.345486
current error: , 0.344905
current error: , 0.345795
current error: , 0.347591
current error: , 0.346613
current error: , 0.346284
current error: , 0.345709
current error: , 0.347498
current error: , 0.348197
current error: , 0.346409
current error: , 0.346046
current error: , 0.345669
current error: , 0.347014
current error: , 0.346389
current error: , 0.343794
current error: , 0.346823
current error: , 0.346863
current error: , 0.346497
current error: , 0.344085
current error: , 0.346221
current error: , 0.345027
current error: , 0.3454
current error: , 0.346149
current error: , 0.344489
current error: , 0.345984
current error: , 0.3461
current error: , 0.343091
current error: , 0.347844
current error: , 0.345729
current error: , 0.345915
current error: , 0.343837
current error: , 0.344513
current error: , 0.34596
current error: , 0.345098
current error: , 0.346806
current error: , 0.345461
current error: , 0.345794
current error: , 0.346081
current error: , 0.347456
current error: , 0.345264
current error: , 0.346213
current error: , 0.346581
current error: , 0.346094
current error: , 0.344842
current error: , 0.346782
current error: , 0.347234
current error: , 0.34617
current error: , 0.34431
current error: , 0.344596
current error: , 0.344769
current error: , 0.345113
current error: , 0.344077
current error: , 0.345508
current error: , 0.347041
current error: , 0.346891
current error: , 0.345107
current error: , 0.347151
current error: , 0.34442
current error: , 0.344779
current error: , 0.344778
current error: , 0.345534
current error: , 0.345483
current error: , 0.345346
current error: , 0.346474
current error: , 0.346335
current error: , 0.347054
current error: , 0.345513
current error: , 0.344085
current error: , 0.3461
current error: , 0.347307
current error: , 0.346132
current error: , 0.346554
current error: , 0.344981
current error: , 0.343989
current error: , 0.345537
current error: , 0.346355
current error: , 0.34591
current error: , 0.345469
current error: , 0.346276
current error: , 0.347614
current error: , 0.345093
current error: , 0.347151
current error: , 0.346891
current error: , 0.345592
current error: , 0.346469
current error: , 0.345511
current error: , 0.344092
current error: , 0.34736
current error: , 0.346235
current error: , 0.344731
current error: , 0.34488
current error: , 0.34552
current error: , 0.346923
current error: , 0.347128
current error: , 0.344487
current error: , 0.345877
current error: , 0.347156
current error: , 0.346382
current error: , 0.346572
current error: , 0.34716
current error: , 0.345081
current error: , 0.346271
current error: , 0.346801
current error: , 0.345274
current error: , 0.344697
current error: , 0.346724
current error: , 0.344667
current error: , 0.346492
current error: , 0.347332
current error: , 0.346218
current error: , 0.34729
current error: , 0.34842
current error: , 0.348209
current error: , 0.345836
current error: , 0.345023
current error: , 0.34759
current error: , 0.346012
current error: , 0.345587
current error: , 0.345268
current error: , 0.34722
current error: , 0.344437
current error: , 0.347266
current error: , 0.347639
current error: , 0.346375
current error: , 0.345737
current error: , 0.345345
current error: , 0.346965
current error: , 0.346521
current error: , 0.34711
current error: , 0.347941
current error: , 0.346813
current error: , 0.346227
current error: , 0.347004
current error: , 0.34637
current error: , 0.343713
current error: , 0.346217
current error: , 0.346731
current error: , 0.343816
current error: , 0.347163
current error: , 0.344578
current error: , 0.346777
current error: , 0.346809
current error: , 0.347016
current error: , 0.346204
current error: , 0.345935
current error: , 0.346013
current error: , 0.344996
current error: , 0.347331
current error: , 0.348421
current error: , 0.345351
current error: , 0.346859
current error: , 0.34705
current error: , 0.34855
current error: , 0.345976
current error: , 0.345888
current error: , 0.345338
current error: , 0.345992
current error: , 0.344805
current error: , 0.347079
current error: , 0.347028
current error: , 0.346156
current error: , 0.346172
current error: , 0.346677
current error: , 0.347104
current error: , 0.346841
current error: , 0.347734
current error: , 0.344285
current error: , 0.346461
current error: , 0.348705
current error: , 0.346871
current error: , 0.346329
current error: , 0.347102
current error: , 0.348373
current error: , 0.346445
current error: , 0.347091
current error: , 0.346996
current error: , 0.345694
current error: , 0.345109
current error: , 0.348714
current error: , 0.34821
current error: , 0.346489
current error: , 0.345545
current error: , 0.346731
current error: , 0.348523
current error: , 0.346035
current error: , 0.34502
current error: , 0.347309
current error: , 0.345504
current error: , 0.346898
current error: , 0.346768
current error: , 0.347068
current error: , 0.348788
current error: , 0.345817
current error: , 0.346525
current error: , 0.347903
current error: , 0.347583
current error: , 0.347167
current error: , 0.346251
current error: , 0.347362
current error: , 0.346302
current error: , 0.346936
current error: , 0.346928
current error: , 0.346436
current error: , 0.346692
current error: , 0.34558
current error: , 0.346942
current error: , 0.348169
current error: , 0.346155
current error: , 0.346266
current error: , 0.345374
current error: , 0.34697
current error: , 0.346212
current error: , 0.347716
current error: , 0.346639
current error: , 0.346797
current error: , 0.347282
current error: , 0.345843
current error: , 0.346006
current error: , 0.347109
current error: , 0.346658
current error: , 0.346025
current error: , 0.347754
current error: , 0.345737
current error: , 0.34537
current error: , 0.347885
current error: , 0.346568
current error: , 0.348606
current error: , 0.347174
current error: , 0.348131
current error: , 0.346727
current error: , 0.346645
current error: , 0.34507
current error: , 0.347053
current error: , 0.347814
current error: , 0.347554
current error: , 0.346217
current error: , 0.346488
current error: , 0.346079
current error: , 0.347037
current error: , 0.348532
current error: , 0.346144
current error: , 0.346624
current error: , 0.346721
current error: , 0.345834
current error: , 0.346286
current error: , 0.346901
current error: , 0.345695
current error: , 0.347904
current error: , 0.347288
current error: , 0.347263
current error: , 0.346754
current error: , 0.345252
current error: , 0.348005
current error: , 0.34584
current error: , 0.346051
current error: , 0.34705
current error: , 0.345616
current error: , 0.346856
current error: , 0.348415
current error: , 0.346131
current error: , 0.347499
current error: , 0.347714
current error: , 0.347742
current error: , 0.346819
current error: , 0.346769
current error: , 0.345206
current error: , 0.34588
current error: , 0.348049
current error: , 0.345328
current error: , 0.347032
current error: , 0.349348
current error: , 0.347484
current error: , 0.348149
current error: , 0.347325
current error: , 0.344931
current error: , 0.346639
current error: , 0.348114
current error: , 0.347848
current error: , 0.34697
current error: , 0.346243
current error: , 0.347891
current error: , 0.346903
current error: , 0.348923
current error: , 0.347434
current error: , 0.34806
current error: , 0.345736
current error: , 0.34608
current error: , 0.34785
current error: , 0.346045
current error: , 0.346517
current error: , 0.348058
current error: , 0.346145
current error: , 0.347547
current error: , 0.346428
current error: , 0.349148
current error: , 0.347215
current error: , 0.346115
current error: , 0.346701
current error: , 0.345499
current error: , 0.347057
current error: , 0.348345
current error: , 0.346507
current error: , 0.348492
current error: , 0.347372
current error: , 0.34808
current error: , 0.348126
current error: , 0.3474
current error: , 0.347096
current error: , 0.346101
current error: , 0.345454
current error: , 0.347907
current error: , 0.347565
current error: , 0.346789
current error: , 0.346173
current error: , 0.346862
current error: , 0.346132
current error: , 0.346119
current error: , 0.346346
current error: , 0.34642
current error: , 0.346438
current error: , 0.346563
current error: , 0.345875
current error: , 0.348591
current error: , 0.347556
current error: , 0.346924
current error: , 0.348605
current error: , 0.34738
current error: , 0.348763
current error: , 0.34725
current error: , 0.348628
current error: , 0.347425
current error: , 0.348743
current error: , 0.349267
current error: , 0.346097
current error: , 0.348791
current error: , 0.347774
current error: , 0.347924
current error: , 0.347875
current error: , 0.348976
current error: , 0.349195
current error: , 0.348898
current error: , 0.349312
current error: , 0.348576
current error: , 0.350037
current error: , 0.348631
current error: , 0.348409
current error: , 0.348688
current error: , 0.348135
current error: , 0.347851
current error: , 0.348106
current error: , 0.348895
current error: , 0.347819
current error: , 0.34864
current error: , 0.347623
current error: , 0.348418
current error: , 0.34971
current error: , 0.34771
current error: , 0.348099
current error: , 0.348966
current error: , 0.34917
current error: , 0.348986
current error: , 0.347665
current error: , 0.34885
current error: , 0.349784
current error: , 0.349293
current error: , 0.349252
current error: , 0.348928
current error: , 0.349199
current error: , 0.350438
current error: , 0.348312
current error: , 0.347027
current error: , 0.348167
current error: , 0.347247
current error: , 0.349017
current error: , 0.349382
current error: , 0.348986
current error: , 0.349176
current error: , 0.347605
current error: , 0.348992
current error: , 0.34849
current error: , 0.349415
current error: , 0.349342
current error: , 0.348512
current error: , 0.347867
current error: , 0.349222
current error: , 0.348643
current error: , 0.348652
current error: , 0.348209
current error: , 0.348974
current error: , 0.34937
current error: , 0.348169
current error: , 0.347009
current error: , 0.348406
current error: , 0.348583
current error: , 0.349971
current error: , 0.349089
current error: , 0.348577
current error: , 0.349269
current error: , 0.348032
current error: , 0.348128
current error: , 0.348794
current error: , 0.349327
current error: , 0.34762
current error: , 0.34873
current error: , 0.349656
current error: , 0.350543
current error: , 0.349036
current error: , 0.347828
current error: , 0.347513
current error: , 0.348793
current error: , 0.347875
current error: , 0.348131
current error: , 0.34995
current error: , 0.349654
current error: , 0.350729
current error: , 0.349292
current error: , 0.349298
current error: , 0.347836
current error: , 0.348209
current error: , 0.348199
current error: , 0.349813
current error: , 0.348345
current error: , 0.347696
current error: , 0.348547
current error: , 0.348546
current error: , 0.349051
current error: , 0.34772
current error: , 0.34887
current error: , 0.349978
current error: , 0.348909
current error: , 0.347323
current error: , 0.349326
current error: , 0.349481
current error: , 0.348353
current error: , 0.349319
current error: , 0.349133
current error: , 0.34794
current error: , 0.348645
current error: , 0.348413
current error: , 0.348923
current error: , 0.347944
current error: , 0.349451
current error: , 0.347373
current error: , 0.349854
current error: , 0.350442
current error: , 0.348338
current error: , 0.349355
current error: , 0.349817
current error: , 0.348405
current error: , 0.350056
current error: , 0.34793
current error: , 0.348143
current error: , 0.347784
current error: , 0.34872
current error: , 0.349416
current error: , 0.348221
current error: , 0.349672
current error: , 0.349431
current error: , 0.349786
current error: , 0.348243
current error: , 0.348897
current error: , 0.349097
current error: , 0.348432
current error: , 0.347867
current error: , 0.348501
current error: , 0.348603
current error: , 0.350307
current error: , 0.349573
current error: , 0.349765
current error: , 0.349455
current error: , 0.35003
current error: , 0.350257
current error: , 0.350408
current error: , 0.34844
current error: , 0.350194
current error: , 0.348074
current error: , 0.347645
current error: , 0.347774
current error: , 0.349368
current error: , 0.349277
current error: , 0.350493
current error: , 0.349168
current error: , 0.349411
current error: , 0.34779
current error: , 0.348645
current error: , 0.348913
current error: , 0.347971
current error: , 0.350037
current error: , 0.349018
current error: , 0.348931
current error: , 0.348149
current error: , 0.34794
current error: , 0.348181
current error: , 0.349717
current error: , 0.349856
current error: , 0.349366
current error: , 0.348042
current error: , 0.349908
current error: , 0.348508
current error: , 0.348011
current error: , 0.34782
current error: , 0.347824
current error: , 0.347713
current error: , 0.34826
current error: , 0.350181
current error: , 0.349485
current error: , 0.349909
current error: , 0.348061
current error: , 0.347856
current error: , 0.34824
current error: , 0.349212
current error: , 0.348083
current error: , 0.347924
current error: , 0.349038
current error: , 0.348412
current error: , 0.349265
current error: , 0.347927
current error: , 0.348341
current error: , 0.348092
current error: , 0.349203
current error: , 0.348271
current error: , 0.348835
current error: , 0.348566
current error: , 0.350115
current error: , 0.349992
current error: , 0.348732
current error: , 0.349028
current error: , 0.349769
current error: , 0.349351
current error: , 0.348057
current error: , 0.348232
current error: , 0.348535
current error: , 0.348628
current error: , 0.349813
current error: , 0.349529
current error: , 0.348519
current error: , 0.347315
current error: , 0.348996
current error: , 0.348163
current error: , 0.349168
current error: , 0.348834
current error: , 0.348577
current error: , 0.348871
current error: , 0.347709
current error: , 0.349233
current error: , 0.348443
current error: , 0.348576
current error: , 0.349311
current error: , 0.348003
current error: , 0.349798
current error: , 0.348683
current error: , 0.348584
current error: , 0.349666
current error: , 0.349057
current error: , 0.347925
current error: , 0.348203
current error: , 0.34931
current error: , 0.34958
current error: , 0.349199
current error: , 0.348279
current error: , 0.348787
current error: , 0.348897
current error: , 0.348586
current error: , 0.350697
current error: , 0.348925
current error: , 0.348164
current error: , 0.349652
current error: , 0.349219
current error: , 0.349094
current error: , 0.34999
current error: , 0.347882
current error: , 0.34906
current error: , 0.348858
current error: , 0.348174
current error: , 0.349156
current error: , 0.348055
current error: , 0.347586
current error: , 0.349447
current error: , 0.347699
current error: , 0.347837
current error: , 0.348269
current error: , 0.34989
current error: , 0.349553
current error: , 0.347097
current error: , 0.348602
current error: , 0.348389
current error: , 0.348975
current error: , 0.348858
current error: , 0.348592
current error: , 0.348753
current error: , 0.348074
current error: , 0.349282
current error: , 0.348085
current error: , 0.347869
current error: , 0.349604
current error: , 0.347959
current error: , 0.349694
current error: , 0.348488
current error: , 0.347824
current error: , 0.348852
current error: , 0.348392
current error: , 0.347747
current error: , 0.348678
current error: , 0.348105
current error: , 0.34838
current error: , 0.34782
current error: , 0.348004
current error: , 0.348772
current error: , 0.348114
current error: , 0.349489
current error: , 0.350005
current error: , 0.348609
current error: , 0.347451
current error: , 0.348099
current error: , 0.347711
current error: , 0.348235
current error: , 0.348091
current error: , 0.348609
current error: , 0.348405
current error: , 0.349277
current error: , 0.350763
current error: , 0.349587
current error: , 0.349495
current error: , 0.348758
current error: , 0.348645
current error: , 0.348544
current error: , 0.347755
current error: , 0.350244
current error: , 0.349128
current error: , 0.34866
current error: , 0.349541
current error: , 0.348845
current error: , 0.347448
current error: , 0.346874
current error: , 0.348621
current error: , 0.347802
current error: , 0.348924
current error: , 0.347772
current error: , 0.349542
current error: , 0.348113
current error: , 0.348682
current error: , 0.347678
current error: , 0.347914
current error: , 0.349252
current error: , 0.348721
current error: , 0.348444
current error: , 0.348587
current error: , 0.348285
current error: , 0.348508
current error: , 0.34972
current error: , 0.349234
current error: , 0.349874
current error: , 0.348014
[sandboxScript:info]   Simulation stopping...
current error: , 0.348741
[sandboxScript:info]   Simulation stopped.
[CoppeliaSim:loadinfo]   external exit request: 4
[Developer tools >> Commander >> Commander@addOnScript:loadinfo]   plugin simCmd: cleanup...
[Developer tools >> Commander >> Commander@addOnScript:loadinfo]   plugin simCmd: done.
[sandboxScript:info]   Leaving...
[CoppeliaSim:loadinfo]   plugin simRuckig: cleanup...
[CoppeliaSim:loadinfo]   plugin simRuckig: done.
[CoppeliaSim:loadinfo]   plugin simBullet-2-83: cleanup...
[CoppeliaSim:loadinfo]   plugin simBullet-2-83: done.
[CoppeliaSim:loadinfo]   plugin simGeom: cleanup...
[CoppeliaSim:loadinfo]   plugin simGeom: done.
[CoppeliaSim:loadinfo]   plugin simOMPL: cleanup...
[CoppeliaSim:loadinfo]   plugin simOMPL: done.
[CoppeliaSim:loadinfo]   plugin simIK: cleanup...
[CoppeliaSim:loadinfo]   plugin simIK: done.
[CoppeliaSim:loadinfo]   plugin simWS: cleanup...
[CoppeliaSim:loadinfo]   plugin simWS: done.
[CoppeliaSim:loadinfo]   plugin simSubprocess: cleanup...
[CoppeliaSim:loadinfo]   plugin simSubprocess: done.
[CoppeliaSim:loadinfo]   plugin simZMQ: cleanup...
[CoppeliaSim:loadinfo]   plugin simZMQ: done.
[CoppeliaSim:loadinfo]   plugin simIK0: cleanup...
[CoppeliaSim:loadinfo]   plugin simIK0: done.
[CoppeliaSim:loadinfo]   plugin 'RemoteApi': unloading...
[CoppeliaSim:loadinfo]   plugin 'RemoteApi': done.
[CoppeliaSim:loadinfo]   plugin 'BWF': unloading...
[CoppeliaSim:loadinfo]   plugin 'BWF': done.
[CoppeliaSim:loadinfo]   CoppeliaSim ended.
[CoppeliaSimClient:loadinfo]   unloading the CoppeliaSim library...
[CoppeliaSimClient]   done.
