Warning: Ignoring XDG_SESSION_TYPE=wayland on Gnome. Use QT_QPA_PLATFORM=wayland to run on Wayland anyway.
Warning: Ignoring XDG_SESSION_TYPE=wayland on Gnome. Use QT_QPA_PLATFORM=wayland to run on Wayland anyway.
[CoppeliaSimClient]   loading the CoppeliaSim library...
[CoppeliaSimClient:loadinfo]   done.
[CoppeliaSimClient:loadinfo]   launching CoppeliaSim...
[CoppeliaSim:loadinfo]   Application directory is /home/kolletms/CoppeliaSim_Edu_V4_10_0_rev0_Ubuntu22_04
[CoppeliaSim:loadinfo]   user settings file is /home/kolletms/.CoppeliaSim/usrset.txt
[CoppeliaSim:loadinfo]   CoppeliaSim v4.10.0 (rev. 0), flavor: 1, linux
[CoppeliaSim:loadinfo]   ds:   0
[CoppeliaSim:loadinfo]   msnd: 1
[CoppeliaSim:loadinfo]   ms:   1
[CoppeliaSim:loadinfo]   midx: 5000-91EB-FFC4-9CCA-F764-C71D
[CoppeliaSim:loadinfo]   did:  
[CoppeliaSim:loadinfo]   mid0: FC97-7379-1C16-0023-1C17-0101
[CoppeliaSim:loadinfo]   mid1: FC9773791C1600231C17
[CoppeliaSim:loadinfo]   mid2: 7AB7966CC9EF9BB7FD7FEC7D769DC7BA
[CoppeliaSim:loadinfo]   mid3: 04E3981EA27E99B4CE66
[CoppeliaSim:loadinfo]   k:    687FFE88B3DF088E5DDD414A
[CoppeliaSim:loadinfo]   plugin simIK0: loading...
[CoppeliaSim:loadinfo]   plugin simIK0: done.
[CoppeliaSim:loadinfo]   primary screen physical dots per inch: 165
[CoppeliaSim:loadinfo]   display scaling (guessed): 100
[CoppeliaSim:loadinfo]   simulator launched.
[CoppeliaSim:loadinfo]   plugin 'BWF': loading...
[CoppeliaSim:loadinfo]   plugin 'BWF': load succeeded.
[CoppeliaSim:loadinfo]   plugin 'RemoteApi': loading...
[CoppeliaSim:loadinfo]   plugin 'RemoteApi': load succeeded.
[CoppeliaSim:loadinfo]   SK:   687FFE88B3DF088E5DDD414A
[CoppeliaSim:loadinfo]   initializing the sandbox script...
[sandboxScript:loadinfo]   plugin simZMQ: loading...
[sandboxScript:loadinfo]   plugin simZMQ: done.
[sandboxScript:loadinfo]   plugin simSubprocess: loading...
[sandboxScript:loadinfo]   plugin simSubprocess: done.
[sandboxScript:info]   Simulator launched, welcome! 
[CoppeliaSim:loadinfo]   sandbox script initialized.
[CoppeliaSim:loadinfo]   add-on '3D text generator.lua' was loaded.
[CoppeliaSim:loadinfo]   add-on 'Add-on edit.lua' was loaded.
[CoppeliaSim:loadinfo]   add-on 'Alias change.lua' was loaded.
[CoppeliaSim:loadinfo]   add-on 'Animation capture.lua' was loaded.
[CoppeliaSim:loadinfo]   add-on 'B0 remote Api server.lua' was loaded.
[CoppeliaSim:loadinfo]   add-on 'Button action.lua' was loaded.
[CoppeliaSim:loadinfo]   add-on 'Collision check.lua' was loaded.
[CoppeliaSim:loadinfo]   add-on 'Color changer.lua' was loaded.
[CoppeliaSim:loadinfo]   add-on 'Commander.lua' was loaded.
[CoppeliaSim:loadinfo]   add-on 'Contact display.lua' was loaded.
[CoppeliaSim:loadinfo]   add-on 'Convex decomposition hacd.lua' was loaded.
[CoppeliaSim:loadinfo]   add-on 'Convex decomposition vhacd.lua' was loaded.
[CoppeliaSim:loadinfo]   add-on 'Convex hull.lua' was loaded.
[CoppeliaSim:loadinfo]   add-on 'Create dummies on mesh surface.lua' was loaded.
[CoppeliaSim:loadinfo]   add-on 'Define joint group.lua' was loaded.
[CoppeliaSim:loadinfo]   add-on 'Denavit Hartenberg creator.lua' was loaded.
[CoppeliaSim:loadinfo]   add-on 'Denavit Hartenberg extractor.lua' was loaded.
[CoppeliaSim:loadinfo]   add-on 'Distance check.lua' was loaded.
[CoppeliaSim:loadinfo]   add-on 'Distribute objects uniformly.lua' was loaded.
[CoppeliaSim:loadinfo]   add-on 'Event viewer.lua' was loaded.
[CoppeliaSim:loadinfo]   add-on 'Events capture.lua' was loaded.
[CoppeliaSim:loadinfo]   add-on 'Events dump exporter.lua' was loaded.
[CoppeliaSim:loadinfo]   add-on 'External model auto reload.lua' was loaded.
[CoppeliaSim:loadinfo]   add-on 'External model auto save.lua' was loaded.
[CoppeliaSim:loadinfo]   add-on 'External model load.lua' was loaded.
[CoppeliaSim:loadinfo]   add-on 'External model reload selected.lua' was loaded.
[CoppeliaSim:loadinfo]   add-on 'External model save.lua' was loaded.
[CoppeliaSim:loadinfo]   add-on 'Find in scripts.lua' was loaded.
[CoppeliaSim:loadinfo]   add-on 'Find midpoint.lua' was loaded.
[CoppeliaSim:loadinfo]   add-on 'Floor plan importer.lua' was loaded.
[CoppeliaSim:loadinfo]   add-on 'GLTF animation exporter.lua' was loaded.
[CoppeliaSim:loadinfo]   add-on 'GLTF exporter.lua' was loaded.
[CoppeliaSim:loadinfo]   add-on 'Inverse Kinematics > generator.lua' was loaded.
[CoppeliaSim:loadinfo]   add-on 'Isometric scaling.lua' was loaded.
[CoppeliaSim:loadinfo]   add-on 'Joint tool.lua' was loaded.
[CoppeliaSim:loadinfo]   add-on 'LDraw importer.lua' was loaded.
[CoppeliaSim:loadinfo]   add-on 'Make objects same appearance.lua' was loaded.
[CoppeliaSim:loadinfo]   add-on 'Measure distance and direction.lua' was loaded.
[CoppeliaSim:loadinfo]   add-on 'Mesh decimation.lua' was loaded.
[CoppeliaSim:loadinfo]   add-on 'Mesh difference.lua' was loaded.
[CoppeliaSim:loadinfo]   add-on 'Mesh intersection.lua' was loaded.
[CoppeliaSim:loadinfo]   add-on 'Mesh subdivision.lua' was loaded.
[CoppeliaSim:loadinfo]   add-on 'Mesh symmetric difference.lua' was loaded.
[CoppeliaSim:loadinfo]   add-on 'Mesh union.lua' was loaded.
[CoppeliaSim:loadinfo]   add-on 'Message viewer.lua' was loaded.
[CoppeliaSim:loadinfo]   add-on 'Minimalistic exporter.lua' was loaded.
[CoppeliaSim:loadinfo]   add-on 'Minimalistic importer.lua' was loaded.
[CoppeliaSim:loadinfo]   add-on 'Motion Planning generator.lua' was loaded.
[CoppeliaSim:loadinfo]   add-on 'Notepad++ autocompletion.lua' was loaded.
[CoppeliaSim:loadinfo]   add-on 'Pause Stop Simulation on Condition.lua' was loaded.
[CoppeliaSim:loadinfo]   add-on 'Plugin enumerator.lua' was loaded.
[CoppeliaSim:loadinfo]   add-on 'Point cloud importer.lua' was loaded.
[CoppeliaSim:loadinfo]   add-on 'Point sampler interactive.lua' was loaded.
[CoppeliaSim:loadinfo]   add-on 'Point sampler service.lua' was loaded.
[CoppeliaSim:loadinfo]   add-on 'Property explorer.lua' was loaded.
[CoppeliaSim:loadinfo]   add-on 'PyRep.lua' was loaded.
[CoppeliaSim:loadinfo]   add-on 'Referenced handles explorer.lua' was loaded.
[CoppeliaSim:loadinfo]   add-on 'Referenced handles highlight.lua' was loaded.
[CoppeliaSim:loadinfo]   add-on 'Screenshot tool.lua' was loaded.
[CoppeliaSim:loadinfo]   add-on 'Script capture.lua' was loaded.
[CoppeliaSim:loadinfo]   add-on 'SDF importer.lua' was loaded.
[CoppeliaSim:loadinfo]   add-on 'Simulation stepper.lua' was loaded.
[CoppeliaSim:loadinfo]   add-on 'Subdivide large triangles.lua' was loaded.
[CoppeliaSim:loadinfo]   add-on 'Surface reconstruction.lua' was loaded.
[CoppeliaSim:loadinfo]   add-on 'Translate to align vertex.lua' was loaded.
[CoppeliaSim:loadinfo]   add-on 'URDF exporter.lua' was loaded.
[CoppeliaSim:loadinfo]   add-on 'URDF importer.lua' was loaded.
[CoppeliaSim:loadinfo]   add-on 'URL drop service.lua' was loaded.
[CoppeliaSim:loadinfo]   add-on 'Video recorder.lua' was loaded.
[CoppeliaSim:loadinfo]   add-on 'Visualization stream.lua' was loaded.
[CoppeliaSim:loadinfo]   add-on 'WS remote API server.lua' was loaded.
[CoppeliaSim:loadinfo]   add-on 'ZMQ remote API server.lua' was loaded.
[CoppeliaSim:loadinfo]   add-on 'Convex decomposition coacd.py' was loaded.
[Developer tools >> Commander >> Commander@addOnScript:loadinfo]   plugin simCmd: loading...
[simCmd:warning]   Selected script: Sandbox (Python)
[Developer tools >> Commander >> Commander@addOnScript:loadinfo]   plugin simCmd: done.
[Connectivity >> WebSocket remote API server@addOnScript:loadinfo]   plugin simWS: loading...
[Connectivity >> WebSocket remote API server@addOnScript:loadinfo]   plugin simWS: done.
[Connectivity >> WebSocket remote API server@addOnScript:info]   WebSocket Remote API server starting (port=23050)...
[Connectivity >> ZMQ remote API server@addOnScript:info]   ZeroMQ Remote API server starting (rpcPort=23001)...
[/UR10/followPath:loadinfo]   plugin simIK: loading...
[/UR10/followPath:loadinfo]   plugin simIK: done.
[/UR10/followPath:loadinfo]   plugin simOMPL: loading...
[/UR10/followPath:loadinfo]   plugin simOMPL: done.
/Floor, 13
/MPO_700, 86
/assembly_table, 88
/obs1, 133
/obs2, 135
/obs0, 137
/column0, 139
/column1, 143
/column2, 141
[/UR10/followPath:warning]   sim.switchThread is deprecated. please use sim.step instead. (control verbosity via notifyDeprecated in usrset.txt)
[/moveToPose:warning]   sim.setThreadSwitchTiming is deprecated. please use sim.setAutoYieldDelay instead. (control verbosity via notifyDeprecated in usrset.txt)
[/moveToPose:warning]   sim.switchThread is deprecated. please use sim.step instead. (control verbosity via notifyDeprecated in usrset.txt)
[sandboxScript:info]   Simulation started.
[CoppeliaSim:loadinfo]   plugin simGeom: loading...
[CoppeliaSim:loadinfo]   plugin simGeom: done.
[CoppeliaSim:loadinfo]   plugin simBullet-2-83: loading...
[CoppeliaSim:loadinfo]   plugin simBullet-2-83: done.
[CoppeliaSim:warning]   Detected non-default settings (time steps and/or dyn. engine global settings).
[sandboxScript:info]   Simulation stopping...
[sandboxScript:info]   Simulation stopped.
[sandboxScript:info]   Simulation started.
[CoppeliaSim:warning]   Detected non-default settings (time steps and/or dyn. engine global settings).
[sandboxScript:info]   Simulation stopping...
[sandboxScript:info]   Simulation stopped.
[sandboxScript:info]   Simulation started.
[CoppeliaSim:warning]   Detected non-default settings (time steps and/or dyn. engine global settings).
Target signal recieved..
IK solutions found:, 15
Planning ...
Collision pairs set
goal state set
task setup complete
solving task...
OMPL states:, 200.
path found
Validating path...
valid path found, generating trajectory...
[/UR10/followPath:warning]   module 'matrix' was implicitly loaded.
[/UR10/followPath:warning]   "matrix" module is deprecated. please use simEigen
Trajectory points:, 1000.
Duration:, 3.564264
excecuting path...
current error: , 0.086417
current error: , 0.086417
current error: , 0.011414
Final error:, 0.000548
[CoppeliaSim:loadinfo]   plugin simRuckig: loading...
[CoppeliaSim:loadinfo]   plugin simRuckig: done.
Target signal recieved..
IK solutions found:, 15
Planning ...
Collision pairs set
goal state set
task setup complete
solving task...
OMPL states:, 200.
path found
Validating path...
Collision detected at state:, 126
Collision pairs:, column1, obs0_collisiondummy
path invalid
Target signal recieved..
IK solutions found:, 15
Planning ...
Collision pairs set
goal state set
task setup complete
solving task...
OMPL states:, 200.
path found
Validating path...
valid path found, generating trajectory...
Trajectory points:, 1000.
Duration:, 6.894457
excecuting path...
current error: , 0.43655
current error: , 0.43655
current error: , 0.353697
current error: , 0.270766
current error: , 0.187697
current error: , 0.104591
current error: , 0.023378
current error: , 0.002227
Final error:, 0.001508
Target signal recieved..
IK solutions found:, 15
Planning ...
Collision pairs set
goal state set
task setup complete
solving task...
Target signal recieved..
IK solutions found:, 15
Planning ...
Collision pairs set
goal state set
task setup complete
solving task...
OMPL states:, 200.
path found
Validating path...
Collision detected at state:, 186
Collision pairs:, link5_visible, assembly_table
path invalid
Target signal recieved..
IK solutions found:, 15
Planning ...
Collision pairs set
goal state set
task setup complete
solving task...
OMPL states:, 200.
path found
Validating path...
Collision detected at state:, 71
Collision pairs:, link4_visible, obs1_collisiondummy
path invalid
Target signal recieved..
IK solutions found:, 15
Planning ...
Collision pairs set
goal state set
task setup complete
solving task...
OMPL states:, 200.
path found
Validating path...
Collision detected at state:, 56
Collision pairs:, link4_visible, obs1_collisiondummy
path invalid
Target signal recieved..
IK solutions found:, 15
Planning ...
Collision pairs set
goal state set
task setup complete
solving task...
Target signal recieved..
IK solutions found:, 15
Planning ...
Collision pairs set
goal state set
task setup complete
solving task...
OMPL states:, 200.
path found
Validating path...
valid path found, generating trajectory...
Trajectory points:, 1000.
Duration:, 6.855531
excecuting path...
current error: , 0.004015
Final error:, 0.004015
Target signal recieved..
IK solutions found:, 15
Planning ...
Collision pairs set
goal state set
task setup complete
solving task...
OMPL states:, 200.
path found
Validating path...
Collision detected at state:, 171
Collision pairs:, link4_visible, obs1_collisiondummy
path invalid
Target signal recieved..
IK solutions found:, 15
Planning ...
Collision pairs set
goal state set
task setup complete
solving task...
Target signal recieved..
IK solutions found:, 15
Planning ...
Collision pairs set
goal state set
task setup complete
solving task...
OMPL states:, 200.
path found
Validating path...
valid path found, generating trajectory...
Trajectory points:, 1000.
Duration:, 4.241411
excecuting path...
current error: , 0.569263
current error: , 0.569263
current error: , 0.486511
current error: , 0.403522
current error: , 0.320774
current error: , 0.237636
current error: , 0.154706
current error: , 0.07175
current error: , 0.008761
Final error:, 0.001942
Target signal recieved..
IK solutions found:, 15
Planning ...
Collision pairs set
goal state set
task setup complete
solving task...
OMPL states:, 200.
path found
Validating path...
Collision detected at state:, 136
Collision pairs:, leftLink0_visible, column1
path invalid
Target signal recieved..
IK solutions found:, 15
Planning ...
Collision pairs set
goal state set
task setup complete
solving task...
OMPL states:, 200.
path found
Validating path...
valid path found, generating trajectory...
Trajectory points:, 1000.
Duration:, 6.862695
excecuting path...
current error: , 0.002905
Final error:, 0.002905
Target signal recieved..
IK solutions found:, 15
Planning ...
Collision pairs set
goal state set
task setup complete
solving task...
OMPL states:, 200.
path found
Validating path...
Collision detected at state:, 141
Collision pairs:, link4_visible, obs1_collisiondummy
path invalid
Target signal recieved..
IK solutions found:, 15
Planning ...
Collision pairs set
goal state set
task setup complete
solving task...
OMPL states:, 200.
path found
Validating path...
Collision detected at state:, 156
Collision pairs:, link4_visible, obs1_collisiondummy
path invalid
Target signal recieved..
IK solutions found:, 15
Planning ...
Collision pairs set
goal state set
task setup complete
solving task...
OMPL states:, 200.
path found
Validating path...
valid path found, generating trajectory...
Trajectory points:, 1000.
Duration:, 4.240952
excecuting path...
current error: , 0.573121
current error: , 0.573121
current error: , 0.490159
current error: , 0.407121
current error: , 0.323912
current error: , 0.240858
current error: , 0.157857
current error: , 0.074475
current error: , 0.009525
Final error:, 0.001356
Target signal recieved..
IK solutions found:, 15
Planning ...
Collision pairs set
goal state set
task setup complete
solving task...
OMPL states:, 200.
path found
Validating path...
Collision detected at state:, 151
Collision pairs:, link5_visible, assembly_table
path invalid
Target signal recieved..
IK solutions found:, 15
Planning ...
Collision pairs set
goal state set
task setup complete
solving task...
OMPL states:, 200.
path found
Validating path...
Collision detected at state:, 136
Collision pairs:, link6_visible, assembly_table
path invalid
Target signal recieved..
IK solutions found:, 15
Planning ...
Collision pairs set
goal state set
task setup complete
solving task...
OMPL states:, 200.
path found
Validating path...
valid path found, generating trajectory...
Trajectory points:, 1000.
Duration:, 7.188123
excecuting path...
current error: , 0.454401
current error: , 0.454401
current error: , 0.370718
current error: , 0.286998
current error: , 0.203307
current error: , 0.119653
current error: , 0.035972
current error: , 0.003229
Final error:, 0.000704
Target signal recieved..
IK solutions found:, 15
Planning ...
Collision pairs set
goal state set
task setup complete
solving task...
OMPL states:, 200.
path found
Validating path...
Collision detected at state:, 176
Collision pairs:, link4_visible, obs1_collisiondummy
path invalid
Target signal recieved..
IK solutions found:, 15
Planning ...
Collision pairs set
goal state set
task setup complete
solving task...
OMPL states:, 200.
path found
Validating path...
Collision detected at state:, 126
Collision pairs:, link4_visible, obs1_collisiondummy
path invalid
Target signal recieved..
IK solutions found:, 15
Planning ...
Collision pairs set
goal state set
task setup complete
solving task...
OMPL states:, 200.
path found
Validating path...
Collision detected at state:, 71
Collision pairs:, column1, assembly_table
path invalid
Target signal recieved..
IK solutions found:, 15
Planning ...
Collision pairs set
goal state set
task setup complete
solving task...
OMPL states:, 200.
path found
Validating path...
Collision detected at state:, 86
Collision pairs:, column1, assembly_table
path invalid
Target signal recieved..
IK solutions found:, 15
Planning ...
Collision pairs set
goal state set
task setup complete
solving task...
OMPL states:, 200.
path found
Validating path...
Collision detected at state:, 86
Collision pairs:, column1, assembly_table
path invalid
Target signal recieved..
IK solutions found:, 15
Planning ...
Collision pairs set
goal state set
task setup complete
solving task...
OMPL states:, 200.
path found
Validating path...
Collision detected at state:, 56
Collision pairs:, column1, assembly_table
path invalid
[sandboxScript:info]   Simulation stopping...
[sandboxScript:info]   Simulation stopped.
[sandboxScript:info]   Simulation started.
[CoppeliaSim:warning]   Detected non-default settings (time steps and/or dyn. engine global settings).
Target signal recieved..
IK solutions found:, 15
Planning ...
Collision pairs set
goal state set
task setup complete
solving task...
OMPL states:, 200.
path found
Validating path...
valid path found, generating trajectory...
Trajectory points:, 1000.
Duration:, 5.484192
excecuting path...
current error: , 0.001338
Final error:, 0.001338
Target signal recieved..
IK solutions found:, 15
Planning ...
Collision pairs set
goal state set
task setup complete
solving task...
OMPL states:, 200.
path found
Validating path...
Collision detected at state:, 31
Collision pairs:, column0, table
path invalid
Target signal recieved..
IK solutions found:, 15
Planning ...
Collision pairs set
goal state set
task setup complete
solving task...
OMPL states:, 200.
path found
Validating path...
Collision detected at state:, 36
Collision pairs:, link6_visible, obs0
path invalid
Target signal recieved..
IK solutions found:, 15
Planning ...
Collision pairs set
goal state set
task setup complete
solving task...
OMPL states:, 200.
path found
Validating path...
Collision detected at state:, 16
Collision pairs:, link6_visible, obs0
path invalid
Target signal recieved..
IK solutions found:, 15
Planning ...
Collision pairs set
goal state set
task setup complete
solving task...
OMPL states:, 200.
path found
Validating path...
Collision detected at state:, 16
Collision pairs:, column0, table
path invalid
Target signal recieved..
IK solutions found:, 15
Planning ...
Collision pairs set
goal state set
task setup complete
solving task...
OMPL states:, 200.
path found
Validating path...
Collision detected at state:, 16
Collision pairs:, link6_visible, obs0
path invalid
Target signal recieved..
IK solutions found:, 15
Planning ...
Collision pairs set
goal state set
task setup complete
solving task...
OMPL states:, 200.
path found
Validating path...
Collision detected at state:, 56
Collision pairs:, column0, obs0
path invalid
[sandboxScript:info]   Simulation stopping...
[sandboxScript:info]   Simulation stopped.
[sandboxScript:info]   Simulation started.
[CoppeliaSim:warning]   Detected non-default settings (time steps and/or dyn. engine global settings).
Target signal recieved..
IK solutions found:, 15
Planning ...
Collision pairs set
goal state set
task setup complete
solving task...
OMPL states:, 200.
path found
Validating path...
valid path found, generating trajectory...
Trajectory points:, 1000.
Duration:, 3.600593
excecuting path...
current error: , 0.104624
current error: , 0.104624
current error: , 0.021279
current error: , 0.000658
Final error:, 0.001055
Target signal recieved..
IK solutions found:, 15
Planning ...
Collision pairs set
goal state set
task setup complete
solving task...
OMPL states:, 200.
path found
Validating path...
valid path found, generating trajectory...
Trajectory points:, 1000.
Duration:, 10.284902
excecuting path...
current error: , 0.002907
Final error:, 0.002907
Target signal recieved..
IK solutions found:, 15
Planning ...
Collision pairs set
goal state set
task setup complete
solving task...
OMPL states:, 200.
path found
Validating path...
valid path found, generating trajectory...
Trajectory points:, 1000.
Duration:, 5.097662
excecuting path...
current error: , 0.003836
Final error:, 0.003836
Target signal recieved..
IK solutions found:, 15
Planning ...
Collision pairs set
goal state set
task setup complete
solving task...
OMPL states:, 200.
path found
Validating path...
Collision detected at state:, 66
Collision pairs:, column1, obs0_collisiondummy
path invalid
Target signal recieved..
IK solutions found:, 15
Planning ...
Collision pairs set
goal state set
task setup complete
solving task...
OMPL states:, 200.
path found
Validating path...
valid path found, generating trajectory...
Trajectory points:, 1000.
Duration:, 10.732826
excecuting path...
current error: , 1.094727
current error: , 1.094727
current error: , 0.98662
current error: , 0.881161
current error: , 0.779387
current error: , 0.682988
current error: , 0.594609
current error: , 0.510823
current error: , 0.427122
current error: , 0.343438
current error: , 0.25976
current error: , 0.176071
current error: , 0.092388
current error: , 0.015928
Final error:, 0.001812
Target signal recieved..
IK solutions found:, 15
Planning ...
Collision pairs set
goal state set
task setup complete
solving task...
OMPL states:, 200.
path found
Validating path...
valid path found, generating trajectory...
Trajectory points:, 1000.
Duration:, 3.537765
excecuting path...
current error: , 0.101694
current error: , 0.101694
current error: , 0.021106
current error: , 0.002853
Final error:, 0.001792
Target signal recieved..
IK solutions found:, 15
Planning ...
Collision pairs set
goal state set
task setup complete
solving task...
OMPL states:, 200.
path found
Validating path...
Collision detected at state:, 31
Collision pairs:, column1, table
path invalid
Target signal recieved..
IK solutions found:, 15
Planning ...
Collision pairs set
goal state set
task setup complete
solving task...
OMPL states:, 200.
path found
Validating path...
Collision detected at state:, 16
Collision pairs:, column1, table
path invalid
Target signal recieved..
IK solutions found:, 15
Planning ...
Collision pairs set
goal state set
task setup complete
solving task...
OMPL states:, 200.
path found
Validating path...
Collision detected at state:, 26
Collision pairs:, column1, table
path invalid
Target signal recieved..
IK solutions found:, 15
Planning ...
Collision pairs set
goal state set
task setup complete
solving task...
OMPL states:, 200.
path found
Validating path...
valid path found, generating trajectory...
Trajectory points:, 1000.
Duration:, 3.704469
excecuting path...
current error: , 0.200173
current error: , 0.200173
current error: , 0.116627
current error: , 0.032995
current error: , 0.003086
Final error:, 0.001474
Target signal recieved..
IK solutions found:, 15
Planning ...
Collision pairs set
goal state set
task setup complete
solving task...
OMPL states:, 200.
path found
Validating path...
valid path found, generating trajectory...
Trajectory points:, 1000.
Duration:, 3.564247
excecuting path...
current error: , 0.105629
current error: , 0.105629
current error: , 0.023662
current error: , 0.002607
Final error:, 0.001645
Target signal recieved..
IK solutions found:, 15
Planning ...
Collision pairs set
goal state set
task setup complete
solving task...
OMPL states:, 200.
path found
Validating path...
Collision detected at state:, 76
Collision pairs:, link6_visible, table
path invalid
Target signal recieved..
IK solutions found:, 15
Planning ...
Collision pairs set
goal state set
task setup complete
solving task...
OMPL states:, 200.
path found
Validating path...
Collision detected at state:, 96
Collision pairs:, link4_visible, table
path invalid
Target signal recieved..
IK solutions found:, 15
Planning ...
Collision pairs set
goal state set
task setup complete
solving task...
OMPL states:, 200.
path found
Validating path...
Collision detected at state:, 86
Collision pairs:, link6_visible, table
path invalid
Target signal recieved..
IK solutions found:, 15
Planning ...
Collision pairs set
goal state set
task setup complete
solving task...
OMPL states:, 200.
path found
Validating path...
Collision detected at state:, 51
Collision pairs:, column1, table
path invalid
Target signal recieved..
IK solutions found:, 15
Planning ...
Collision pairs set
goal state set
task setup complete
solving task...
OMPL states:, 200.
path found
Validating path...
Collision detected at state:, 61
Collision pairs:, leftLink2_visible, top
path invalid
Target signal recieved..
IK solutions found:, 15
Planning ...
Collision pairs set
goal state set
task setup complete
solving task...
OMPL states:, 200.
path found
Validating path...
Collision detected at state:, 66
Collision pairs:, leftLink0_visible, table
path invalid
[sandboxScript:info]   Simulation stopping...
[sandboxScript:info]   Simulation stopped.
[sandboxScript:info]   Simulation started.
[CoppeliaSim:warning]   Detected non-default settings (time steps and/or dyn. engine global settings).
Target signal recieved..
IK solutions found:, 15
Planning ...
Collision pairs set
goal state set
task setup complete
solving task...
OMPL states:, 200.
path found
Validating path...
valid path found, generating trajectory...
Trajectory points:, 1000.
Duration:, 3.62132
excecuting path...
current error: , 0.132096
current error: , 0.132096
current error: , 0.046321
current error: , 0.003226
Final error:, 0.000806
Target signal recieved..
IK solutions found:, 15
Planning ...
Collision pairs set
goal state set
task setup complete
solving task...
OMPL states:, 200.
path found
Validating path...
Collision detected at state:, 46
Collision pairs:, column0, obs0
path invalid
Target signal recieved..
IK solutions found:, 15
Planning ...
Collision pairs set
goal state set
task setup complete
solving task...
OMPL states:, 200.
path found
Validating path...
Collision detected at state:, 36
Collision pairs:, column0, obs0_collisiondummy
path invalid
Target signal recieved..
IK solutions found:, 15
Planning ...
Collision pairs set
goal state set
task setup complete
solving task...
OMPL states:, 200.
path found
Validating path...
valid path found, generating trajectory...
Trajectory points:, 1000.
Duration:, 9.170003
excecuting path...
current error: , 0.362384
current error: , 0.362384
current error: , 0.27869
current error: , 0.19501
current error: , 0.111298
current error: , 0.028179
current error: , 0.003367
Final error:, 0.001684
Target signal recieved..
IK solutions found:, 15
Planning ...
Collision pairs set
goal state set
task setup complete
solving task...
OMPL states:, 200.
path found
Validating path...
Collision detected at state:, 96
Collision pairs:, rightLink0_visible, obs1_collisiondummy
path invalid
Target signal recieved..
IK solutions found:, 15
Planning ...
Collision pairs set
goal state set
task setup complete
solving task...
OMPL states:, 200.
path found
Validating path...
Collision detected at state:, 76
Collision pairs:, leftLink0_visible, obs1_collisiondummy
path invalid
Target signal recieved..
IK solutions found:, 15
Planning ...
Collision pairs set
goal state set
task setup complete
solving task...
OMPL states:, 200.
path found
Validating path...
valid path found, generating trajectory...
Trajectory points:, 1000.
Duration:, 6.597342
excecuting path...
current error: , 0.081317
current error: , 0.081317
current error: , 0.011729
Final error:, 0.001954
Target signal recieved..
IK solutions found:, 15
Planning ...
Collision pairs set
goal state set
task setup complete
solving task...
Target signal recieved..
IK solutions found:, 15
Planning ...
Collision pairs set
goal state set
task setup complete
solving task...
Target signal recieved..
IK solutions found:, 15
Planning ...
Collision pairs set
goal state set
task setup complete
solving task...
Target signal recieved..
IK solutions found:, 15
Planning ...
Collision pairs set
goal state set
task setup complete
solving task...
Target signal recieved..
IK solutions found:, 15
Planning ...
Collision pairs set
goal state set
task setup complete
solving task...
Target signal recieved..
IK solutions found:, 15
Planning ...
Collision pairs set
goal state set
task setup complete
solving task...
[sandboxScript:info]   Simulation stopping...
[sandboxScript:info]   Simulation stopped.
[sandboxScript:info]   Simulation started.
[CoppeliaSim:warning]   Detected non-default settings (time steps and/or dyn. engine global settings).
Target signal recieved..
IK solutions found:, 15
Planning ...
Collision pairs set
goal state set
task setup complete
solving task...
OMPL states:, 200.
path found
Validating path...
valid path found, generating trajectory...
Trajectory points:, 1000.
Duration:, 3.574668
excecuting path...
current error: , 0.098714
current error: , 0.098714
current error: , 0.016541
Final error:, 0.000426
Target signal recieved..
IK solutions found:, 15
Planning ...
Collision pairs set
goal state set
task setup complete
solving task...
OMPL states:, 200.
path found
Validating path...
valid path found, generating trajectory...
Trajectory points:, 1000.
Duration:, 6.068923
excecuting path...
current error: , 0.243782
current error: , 0.243782
current error: , 0.160113
current error: , 0.076416
current error: , 0.009999
Final error:, 0.00126
Target signal recieved..
IK solutions found:, 15
Planning ...
Collision pairs set
goal state set
task setup complete
solving task...
OMPL states:, 200.
path found
Validating path...
valid path found, generating trajectory...
Trajectory points:, 1000.
Duration:, 7.267373
excecuting path...
current error: , 0.004632
Final error:, 0.004632
Target signal recieved..
IK solutions found:, 15
Planning ...
Collision pairs set
goal state set
task setup complete
solving task...
OMPL states:, 200.
path found
Validating path...
Collision detected at state:, 101
Collision pairs:, column0, obs1_collisiondummy
path invalid
Target signal recieved..
IK solutions found:, 15
Planning ...
Collision pairs set
goal state set
task setup complete
solving task...
OMPL states:, 200.
path found
Validating path...
Collision detected at state:, 126
Collision pairs:, column0, obs1
path invalid
Target signal recieved..
IK solutions found:, 15
Planning ...
Collision pairs set
goal state set
task setup complete
solving task...
OMPL states:, 200.
path found
Validating path...
Collision detected at state:, 126
Collision pairs:, column0, obs1
path invalid
Target signal recieved..
IK solutions found:, 15
Planning ...
Collision pairs set
goal state set
task setup complete
solving task...
Target signal recieved..
IK solutions found:, 15
Planning ...
Collision pairs set
goal state set
task setup complete
solving task...
Target signal recieved..
IK solutions found:, 15
Planning ...
Collision pairs set
goal state set
task setup complete
solving task...
OMPL states:, 200.
path found
Validating path...
Collision detected at state:, 96
Collision pairs:, column0, obs1_collisiondummy
path invalid
[sandboxScript:info]   Simulation stopping...
[sandboxScript:info]   Simulation stopped.
[sandboxScript:info]   Simulation started.
[CoppeliaSim:warning]   Detected non-default settings (time steps and/or dyn. engine global settings).
Target signal recieved..
IK solutions found:, 15
Planning ...
Collision pairs set
goal state set
task setup complete
solving task...
OMPL states:, 200.
path found
Validating path...
valid path found, generating trajectory...
Trajectory points:, 1000.
Duration:, 3.62115
excecuting path...
current error: , 0.130739
current error: , 0.130739
current error: , 0.044658
current error: , 0.003807
Final error:, 0.001636
Target signal recieved..
IK solutions found:, 15
Planning ...
Collision pairs set
goal state set
task setup complete
solving task...
OMPL states:, 200.
path found
Validating path...
Collision detected at state:, 71
Collision pairs:, column2, obs0
path invalid
Target signal recieved..
IK solutions found:, 15
Planning ...
Collision pairs set
goal state set
task setup complete
solving task...
OMPL states:, 200.
path found
Validating path...
valid path found, generating trajectory...
Trajectory points:, 1000.
Duration:, 6.556486
excecuting path...
current error: , 0.066822
current error: , 0.066822
current error: , 0.009262
Final error:, 0.003554
Target signal recieved..
IK solutions found:, 15
Planning ...
Collision pairs set
goal state set
task setup complete
solving task...
OMPL states:, 200.
path found
Validating path...
valid path found, generating trajectory...
Trajectory points:, 1000.
Duration:, 3.094576
excecuting path...
current error: , 0.004407
Final error:, 0.004407
Target signal recieved..
IK solutions found:, 15
Planning ...
Collision pairs set
goal state set
task setup complete
solving task...
OMPL states:, 200.
path found
Validating path...
valid path found, generating trajectory...
Trajectory points:, 1000.
Duration:, 3.461826
excecuting path...
current error: , 0.067043
current error: , 0.067043
current error: , 0.007675
Final error:, 0.00141
Target signal recieved..
IK solutions found:, 15
Planning ...
Collision pairs set
goal state set
task setup complete
solving task...
Target signal recieved..
IK solutions found:, 15
Planning ...
Collision pairs set
goal state set
task setup complete
solving task...
Target signal recieved..
IK solutions found:, 15
Planning ...
Collision pairs set
goal state set
task setup complete
solving task...
Target signal recieved..
IK solutions found:, 15
Planning ...
Collision pairs set
goal state set
task setup complete
solving task...
Target signal recieved..
IK solutions found:, 15
Planning ...
Collision pairs set
goal state set
task setup complete
solving task...
Target signal recieved..
IK solutions found:, 15
Planning ...
Collision pairs set
goal state set
task setup complete
solving task...
[sandboxScript:info]   Simulation stopping...
[sandboxScript:info]   Simulation stopped.
[sandboxScript:info]   Simulation started.
[CoppeliaSim:warning]   Detected non-default settings (time steps and/or dyn. engine global settings).
Target signal recieved..
IK solutions found:, 15
Planning ...
Collision pairs set
goal state set
task setup complete
solving task...
OMPL states:, 200.
path found
Validating path...
valid path found, generating trajectory...
Trajectory points:, 1000.
Duration:, 3.564347
excecuting path...
current error: , 0.058544
current error: , 0.058544
current error: , 0.004104
Final error:, 0.000633
Target signal recieved..
IK solutions found:, 15
Planning ...
Collision pairs set
goal state set
task setup complete
solving task...
OMPL states:, 200.
path found
Validating path...
valid path found, generating trajectory...
Trajectory points:, 1000.
Duration:, 3.47119
excecuting path...
current error: , 0.078588
current error: , 0.078588
current error: , 0.011069
Final error:, 0.00155
Target signal recieved..
IK solutions found:, 15
Planning ...
Collision pairs set
goal state set
task setup complete
solving task...
OMPL states:, 200.
path found
Validating path...
valid path found, generating trajectory...
Trajectory points:, 1000.
Duration:, 3.488854
excecuting path...
current error: , 0.098411
current error: , 0.098411
current error: , 0.019737
Final error:, 0.003005
Target signal recieved..
IK solutions found:, 15
Planning ...
Collision pairs set
goal state set
task setup complete
solving task...
OMPL states:, 200.
path found
Validating path...
valid path found, generating trajectory...
Trajectory points:, 1000.
Duration:, 3.488401
excecuting path...
current error: , 0.099961
current error: , 0.099961
current error: , 0.020717
current error: , 0.003034
Final error:, 0.001832
Target signal recieved..
IK solutions found:, 15
Planning ...
Collision pairs set
goal state set
task setup complete
solving task...
OMPL states:, 200.
path found
Validating path...
valid path found, generating trajectory...
Trajectory points:, 1000.
Duration:, 3.489415
excecuting path...
current error: , 0.099435
current error: , 0.099435
current error: , 0.020407
current error: , 0.002843
Final error:, 0.001992
Target signal recieved..
IK solutions found:, 15
Planning ...
Collision pairs set
goal state set
task setup complete
solving task...
OMPL states:, 200.
path found
Validating path...
valid path found, generating trajectory...
Trajectory points:, 1000.
Duration:, 3.488805
excecuting path...
current error: , 0.100795
current error: , 0.100795
current error: , 0.020877
current error: , 0.002048
Final error:, 0.001256
Target signal recieved..
IK solutions found:, 15
Planning ...
Collision pairs set
goal state set
task setup complete
solving task...
OMPL states:, 200.
path found
Validating path...
valid path found, generating trajectory...
Trajectory points:, 1000.
Duration:, 3.489357
excecuting path...
current error: , 0.075619
current error: , 0.075619
current error: , 0.009894
Final error:, 0.001564
Target signal recieved..
IK solutions found:, 15
Planning ...
Collision pairs set
goal state set
task setup complete
solving task...
OMPL states:, 200.
path found
Validating path...
valid path found, generating trajectory...
Trajectory points:, 1000.
Duration:, 3.489085
excecuting path...
current error: , 0.077514
current error: , 0.077514
current error: , 0.010377
Final error:, 0.00184
Target signal recieved..
IK solutions found:, 15
Planning ...
Collision pairs set
goal state set
task setup complete
solving task...
OMPL states:, 200.
path found
Validating path...
valid path found, generating trajectory...
Trajectory points:, 1000.
Duration:, 3.488975
excecuting path...
current error: , 0.075256
current error: , 0.075256
current error: , 0.009788
Final error:, 0.001841
Target signal recieved..
IK solutions found:, 15
Planning ...
Collision pairs set
goal state set
task setup complete
solving task...
OMPL states:, 200.
path found
Validating path...
valid path found, generating trajectory...
Trajectory points:, 1000.
Duration:, 3.488258
excecuting path...
current error: , 0.076438
current error: , 0.076438
current error: , 0.009986
Final error:, 0.001084
Target signal recieved..
IK solutions found:, 15
Planning ...
Collision pairs set
goal state set
task setup complete
solving task...
OMPL states:, 200.
path found
Validating path...
valid path found, generating trajectory...
Trajectory points:, 1000.
Duration:, 3.488477
excecuting path...
current error: , 0.074413
current error: , 0.074413
current error: , 0.009442
Final error:, 0.00182
Target signal recieved..
IK solutions found:, 15
Planning ...
Collision pairs set
goal state set
task setup complete
solving task...
OMPL states:, 200.
path found
Validating path...
valid path found, generating trajectory...
Trajectory points:, 1000.
Duration:, 3.489194
excecuting path...
current error: , 0.100337
current error: , 0.100337
current error: , 0.021113
current error: , 0.003047
Final error:, 0.001884
Target signal recieved..
IK solutions found:, 15
Planning ...
Collision pairs set
goal state set
task setup complete
solving task...
OMPL states:, 200.
path found
Validating path...
valid path found, generating trajectory...
Trajectory points:, 1000.
Duration:, 3.489242
excecuting path...
current error: , 0.099028
current error: , 0.099028
current error: , 0.02015
current error: , 0.002873
Final error:, 0.001766
Target signal recieved..
IK solutions found:, 15
Planning ...
Collision pairs set
goal state set
task setup complete
solving task...
OMPL states:, 200.
path found
Validating path...
valid path found, generating trajectory...
Trajectory points:, 1000.
Duration:, 3.488134
excecuting path...
current error: , 0.099153
current error: , 0.099153
current error: , 0.020295
current error: , 0.002813
Final error:, 0.001856
Target signal recieved..
IK solutions found:, 15
Planning ...
Collision pairs set
goal state set
task setup complete
solving task...
OMPL states:, 200.
path found
Validating path...
valid path found, generating trajectory...
Trajectory points:, 1000.
Duration:, 3.487916
excecuting path...
current error: , 0.096982
current error: , 0.096982
current error: , 0.018927
Final error:, 0.002819
Target signal recieved..
IK solutions found:, 15
Planning ...
Collision pairs set
goal state set
task setup complete
solving task...
OMPL states:, 200.
path found
Validating path...
valid path found, generating trajectory...
Trajectory points:, 1000.
Duration:, 3.488859
excecuting path...
current error: , 0.100424
current error: , 0.100424
current error: , 0.021007
current error: , 0.002831
Final error:, 0.001815
Target signal recieved..
IK solutions found:, 15
Planning ...
Collision pairs set
goal state set
task setup complete
solving task...
OMPL states:, 200.
path found
Validating path...
valid path found, generating trajectory...
Trajectory points:, 1000.
Duration:, 3.489722
excecuting path...
current error: , 0.098843
current error: , 0.098843
current error: , 0.019915
Final error:, 0.002838
Target signal recieved..
IK solutions found:, 15
Planning ...
Collision pairs set
goal state set
task setup complete
solving task...
OMPL states:, 200.
path found
Validating path...
valid path found, generating trajectory...
Trajectory points:, 1000.
Duration:, 3.486529
excecuting path...
current error: , 0.097012
current error: , 0.097012
current error: , 0.018923
Final error:, 0.002605
Target signal recieved..
IK solutions found:, 15
Planning ...
Collision pairs set
goal state set
task setup complete
solving task...
OMPL states:, 200.
path found
Validating path...
Collision detected at state:, 86
Collision pairs:, link6_visible, obs0_collisiondummy
path invalid
Target signal recieved..
IK solutions found:, 15
Planning ...
Collision pairs set
goal state set
task setup complete
solving task...
OMPL states:, 200.
path found
Validating path...
Collision detected at state:, 86
Collision pairs:, link6_visible, obs0_collisiondummy
path invalid
Target signal recieved..
IK solutions found:, 15
Planning ...
Collision pairs set
goal state set
task setup complete
solving task...
OMPL states:, 200.
path found
Validating path...
valid path found, generating trajectory...
Trajectory points:, 1000.
Duration:, 3.373869
excecuting path...
current error: , 0.019985
Final error:, 0.019985
Target signal recieved..
IK solutions found:, 0
No valid IK solutions
Target signal recieved..
IK solutions found:, 0
No valid IK solutions
Target signal recieved..
IK solutions found:, 0
No valid IK solutions
Target signal recieved..
IK solutions found:, 0
No valid IK solutions
Target signal recieved..
IK solutions found:, 0
No valid IK solutions
Target signal recieved..
IK solutions found:, 0
No valid IK solutions
[sandboxScript:info]   Simulation stopping...
[sandboxScript:info]   Simulation stopped.
[sandboxScript:info]   Simulation started.
[CoppeliaSim:warning]   Detected non-default settings (time steps and/or dyn. engine global settings).
Target signal recieved..
IK solutions found:, 15
Planning ...
Collision pairs set
goal state set
task setup complete
solving task...
OMPL states:, 200.
path found
Validating path...
valid path found, generating trajectory...
Trajectory points:, 1000.
Duration:, 3.62066
excecuting path...
current error: , 0.131577
current error: , 0.131577
current error: , 0.046029
current error: , 0.002547
Final error:, 0.000643
Target signal recieved..
IK solutions found:, 15
Planning ...
Collision pairs set
goal state set
task setup complete
solving task...
OMPL states:, 200.
path found
Validating path...
Collision detected at state:, 176
Collision pairs:, column2, obs0
path invalid
Target signal recieved..
IK solutions found:, 15
Planning ...
Collision pairs set
goal state set
task setup complete
solving task...
OMPL states:, 200.
path found
Validating path...
Collision detected at state:, 66
Collision pairs:, column2, obs0_collisiondummy
path invalid
Target signal recieved..
IK solutions found:, 15
Planning ...
Collision pairs set
goal state set
task setup complete
solving task...
OMPL states:, 200.
path found
Validating path...
Collision detected at state:, 46
Collision pairs:, column2, obs0
path invalid
Target signal recieved..
IK solutions found:, 15
Planning ...
Collision pairs set
goal state set
task setup complete
solving task...
OMPL states:, 200.
path found
Validating path...
Collision detected at state:, 131
Collision pairs:, link6_visible, table
path invalid
Target signal recieved..
IK solutions found:, 15
Planning ...
Collision pairs set
goal state set
task setup complete
solving task...
OMPL states:, 200.
path found
Validating path...
Collision detected at state:, 56
Collision pairs:, column2, obs0
path invalid
Target signal recieved..
IK solutions found:, 15
Planning ...
Collision pairs set
goal state set
task setup complete
solving task...
OMPL states:, 200.
path found
Validating path...
Collision detected at state:, 181
Collision pairs:, column2, obs0
path invalid
[sandboxScript:info]   Simulation stopping...
[sandboxScript:info]   Simulation stopped.
[sandboxScript:info]   Simulation started.
[CoppeliaSim:warning]   Detected non-default settings (time steps and/or dyn. engine global settings).
Target signal recieved..
IK solutions found:, 15
Planning ...
Collision pairs set
goal state set
task setup complete
solving task...
OMPL states:, 200.
path found
Validating path...
Collision detected at state:, 191
Collision pairs:, link6_visible, obs0_collisiondummy
path invalid
Target signal recieved..
IK solutions found:, 15
Planning ...
Collision pairs set
goal state set
task setup complete
solving task...
OMPL states:, 200.
path found
Validating path...
valid path found, generating trajectory...
Trajectory points:, 1000.
Duration:, 5.035525
excecuting path...
current error: , 0.002872
Final error:, 0.002872
Target signal recieved..
IK solutions found:, 15
Planning ...
Collision pairs set
goal state set
task setup complete
[simOMPL:warning]   OMPL: /home/marc/Documents/coppeliaRobotics/programming/simExtOMPL/build/ompl-1.5.0-prefix/src/ompl-1.5.0/src/ompl/base/src/Planner.cpp:257: RRTConnect: Skipping invalid start state (invalid state)
[simOMPL:error]   OMPL: /home/marc/Documents/coppeliaRobotics/programming/simExtOMPL/build/ompl-1.5.0-prefix/src/ompl-1.5.0/src/ompl/geometric/planners/rrt/src/RRTConnect.cpp:207: RRTConnect: Motion planning start tree could not be initialized!
solving task...
Target signal recieved..
IK solutions found:, 15
Planning ...
Collision pairs set
goal state set
task setup complete
[simOMPL:warning]   OMPL: /home/marc/Documents/coppeliaRobotics/programming/simExtOMPL/build/ompl-1.5.0-prefix/src/ompl-1.5.0/src/ompl/base/src/Planner.cpp:257: RRTConnect: Skipping invalid start state (invalid state)
[simOMPL:error]   OMPL: /home/marc/Documents/coppeliaRobotics/programming/simExtOMPL/build/ompl-1.5.0-prefix/src/ompl-1.5.0/src/ompl/geometric/planners/rrt/src/RRTConnect.cpp:207: RRTConnect: Motion planning start tree could not be initialized!
solving task...
Target signal recieved..
IK solutions found:, 15
Planning ...
Collision pairs set
goal state set
task setup complete
[simOMPL:warning]   OMPL: /home/marc/Documents/coppeliaRobotics/programming/simExtOMPL/build/ompl-1.5.0-prefix/src/ompl-1.5.0/src/ompl/base/src/Planner.cpp:257: RRTConnect: Skipping invalid start state (invalid state)
[simOMPL:error]   OMPL: /home/marc/Documents/coppeliaRobotics/programming/simExtOMPL/build/ompl-1.5.0-prefix/src/ompl-1.5.0/src/ompl/geometric/planners/rrt/src/RRTConnect.cpp:207: RRTConnect: Motion planning start tree could not be initialized!
solving task...
Target signal recieved..
IK solutions found:, 15
Planning ...
Collision pairs set
goal state set
task setup complete
[simOMPL:warning]   OMPL: /home/marc/Documents/coppeliaRobotics/programming/simExtOMPL/build/ompl-1.5.0-prefix/src/ompl-1.5.0/src/ompl/base/src/Planner.cpp:257: RRTConnect: Skipping invalid start state (invalid state)
[simOMPL:error]   OMPL: /home/marc/Documents/coppeliaRobotics/programming/simExtOMPL/build/ompl-1.5.0-prefix/src/ompl-1.5.0/src/ompl/geometric/planners/rrt/src/RRTConnect.cpp:207: RRTConnect: Motion planning start tree could not be initialized!
solving task...
Target signal recieved..
IK solutions found:, 15
Planning ...
Collision pairs set
goal state set
task setup complete
[simOMPL:warning]   OMPL: /home/marc/Documents/coppeliaRobotics/programming/simExtOMPL/build/ompl-1.5.0-prefix/src/ompl-1.5.0/src/ompl/base/src/Planner.cpp:257: RRTConnect: Skipping invalid start state (invalid state)
[simOMPL:error]   OMPL: /home/marc/Documents/coppeliaRobotics/programming/simExtOMPL/build/ompl-1.5.0-prefix/src/ompl-1.5.0/src/ompl/geometric/planners/rrt/src/RRTConnect.cpp:207: RRTConnect: Motion planning start tree could not be initialized!
solving task...
Target signal recieved..
IK solutions found:, 15
Planning ...
Collision pairs set
goal state set
task setup complete
[simOMPL:warning]   OMPL: /home/marc/Documents/coppeliaRobotics/programming/simExtOMPL/build/ompl-1.5.0-prefix/src/ompl-1.5.0/src/ompl/base/src/Planner.cpp:257: RRTConnect: Skipping invalid start state (invalid state)
[simOMPL:error]   OMPL: /home/marc/Documents/coppeliaRobotics/programming/simExtOMPL/build/ompl-1.5.0-prefix/src/ompl-1.5.0/src/ompl/geometric/planners/rrt/src/RRTConnect.cpp:207: RRTConnect: Motion planning start tree could not be initialized!
solving task...
[sandboxScript:info]   Simulation stopping...
[sandboxScript:info]   Simulation stopped.
[sandboxScript:info]   Simulation started.
[CoppeliaSim:warning]   Detected non-default settings (time steps and/or dyn. engine global settings).
Target signal recieved..
IK solutions found:, 15
Planning ...
Collision pairs set
goal state set
task setup complete
solving task...
OMPL states:, 200.
path found
Validating path...
valid path found, generating trajectory...
Trajectory points:, 1000.
Duration:, 3.60041
excecuting path...
current error: , 0.104998
current error: , 0.104998
current error: , 0.021288
current error: , 0.000448
Final error:, 0.000931
Target signal recieved..
IK solutions found:, 15
Planning ...
Collision pairs set
goal state set
task setup complete
solving task...
OMPL states:, 200.
path found
Validating path...
Collision detected at state:, 96
Collision pairs:, column0, top
path invalid
Target signal recieved..
IK solutions found:, 15
Planning ...
Collision pairs set
goal state set
task setup complete
solving task...
OMPL states:, 200.
path found
Validating path...
Collision detected at state:, 131
Collision pairs:, column0, table
path invalid
Target signal recieved..
IK solutions found:, 15
Planning ...
Collision pairs set
goal state set
task setup complete
solving task...
OMPL states:, 200.
path found
Validating path...
Collision detected at state:, 106
Collision pairs:, column0, table
path invalid
Target signal recieved..
IK solutions found:, 15
Planning ...
Collision pairs set
goal state set
task setup complete
solving task...
OMPL states:, 200.
path found
Validating path...
Collision detected at state:, 116
Collision pairs:, column0, table
path invalid
Target signal recieved..
IK solutions found:, 15
Planning ...
Collision pairs set
goal state set
task setup complete
solving task...
OMPL states:, 200.
path found
Validating path...
Collision detected at state:, 131
Collision pairs:, column0, table
path invalid
Target signal recieved..
IK solutions found:, 15
Planning ...
Collision pairs set
goal state set
task setup complete
solving task...
OMPL states:, 200.
path found
Validating path...
valid path found, generating trajectory...
Trajectory points:, 1000.
Duration:, 2.9311
excecuting path...
current error: , 0.003879
Final error:, 0.003879
Target signal recieved..
IK solutions found:, 15
Planning ...
Collision pairs set
goal state set
task setup complete
solving task...
OMPL states:, 200.
path found
Validating path...
valid path found, generating trajectory...
Trajectory points:, 1000.
Duration:, 8.579269
excecuting path...
current error: , 0.001354
Final error:, 0.001354
Target signal recieved..
IK solutions found:, 15
Planning ...
Collision pairs set
goal state set
task setup complete
solving task...
Target signal recieved..
IK solutions found:, 15
Planning ...
Collision pairs set
goal state set
task setup complete
solving task...
OMPL states:, 200.
path found
Validating path...
Collision detected at state:, 76
Collision pairs:, column0, assembly_table
path invalid
Target signal recieved..
IK solutions found:, 15
Planning ...
Collision pairs set
goal state set
task setup complete
solving task...
OMPL states:, 200.
path found
Validating path...
Collision detected at state:, 151
Collision pairs:, column0, assembly_table
path invalid
Target signal recieved..
IK solutions found:, 15
Planning ...
Collision pairs set
goal state set
task setup complete
solving task...
Target signal recieved..
IK solutions found:, 15
Planning ...
Collision pairs set
goal state set
task setup complete
solving task...
OMPL states:, 200.
path found
Validating path...
Collision detected at state:, 86
Collision pairs:, column0, assembly_table
path invalid
Target signal recieved..
IK solutions found:, 15
Planning ...
Collision pairs set
goal state set
task setup complete
solving task...
OMPL states:, 200.
path found
Validating path...
Collision detected at state:, 166
Collision pairs:, link6_visible, assembly_table
path invalid
[sandboxScript:info]   Simulation stopping...
[sandboxScript:info]   Simulation stopped.
[sandboxScript:info]   Simulation started.
[CoppeliaSim:warning]   Detected non-default settings (time steps and/or dyn. engine global settings).
Target signal recieved..
IK solutions found:, 15
Planning ...
Collision pairs set
goal state set
task setup complete
solving task...
OMPL states:, 200.
path found
Validating path...
valid path found, generating trajectory...
Trajectory points:, 1000.
Duration:, 5.833293
excecuting path...
current error: , 0.004866
Final error:, 0.004866
Target signal recieved..
IK solutions found:, 15
Planning ...
Collision pairs set
goal state set
task setup complete
[simOMPL:warning]   OMPL: /home/marc/Documents/coppeliaRobotics/programming/simExtOMPL/build/ompl-1.5.0-prefix/src/ompl-1.5.0/src/ompl/base/src/Planner.cpp:257: RRTConnect: Skipping invalid start state (invalid state)
[simOMPL:error]   OMPL: /home/marc/Documents/coppeliaRobotics/programming/simExtOMPL/build/ompl-1.5.0-prefix/src/ompl-1.5.0/src/ompl/geometric/planners/rrt/src/RRTConnect.cpp:207: RRTConnect: Motion planning start tree could not be initialized!
solving task...
Target signal recieved..
IK solutions found:, 15
Planning ...
Collision pairs set
goal state set
task setup complete
[simOMPL:warning]   OMPL: /home/marc/Documents/coppeliaRobotics/programming/simExtOMPL/build/ompl-1.5.0-prefix/src/ompl-1.5.0/src/ompl/base/src/Planner.cpp:257: RRTConnect: Skipping invalid start state (invalid state)
[simOMPL:error]   OMPL: /home/marc/Documents/coppeliaRobotics/programming/simExtOMPL/build/ompl-1.5.0-prefix/src/ompl-1.5.0/src/ompl/geometric/planners/rrt/src/RRTConnect.cpp:207: RRTConnect: Motion planning start tree could not be initialized!
solving task...
Target signal recieved..
IK solutions found:, 15
Planning ...
Collision pairs set
goal state set
task setup complete
[simOMPL:warning]   OMPL: /home/marc/Documents/coppeliaRobotics/programming/simExtOMPL/build/ompl-1.5.0-prefix/src/ompl-1.5.0/src/ompl/base/src/Planner.cpp:257: RRTConnect: Skipping invalid start state (invalid state)
[simOMPL:error]   OMPL: /home/marc/Documents/coppeliaRobotics/programming/simExtOMPL/build/ompl-1.5.0-prefix/src/ompl-1.5.0/src/ompl/geometric/planners/rrt/src/RRTConnect.cpp:207: RRTConnect: Motion planning start tree could not be initialized!
solving task...
Target signal recieved..
IK solutions found:, 15
Planning ...
Collision pairs set
goal state set
task setup complete
[simOMPL:warning]   OMPL: /home/marc/Documents/coppeliaRobotics/programming/simExtOMPL/build/ompl-1.5.0-prefix/src/ompl-1.5.0/src/ompl/base/src/Planner.cpp:257: RRTConnect: Skipping invalid start state (invalid state)
[simOMPL:error]   OMPL: /home/marc/Documents/coppeliaRobotics/programming/simExtOMPL/build/ompl-1.5.0-prefix/src/ompl-1.5.0/src/ompl/geometric/planners/rrt/src/RRTConnect.cpp:207: RRTConnect: Motion planning start tree could not be initialized!
solving task...
Target signal recieved..
IK solutions found:, 15
Planning ...
Collision pairs set
goal state set
task setup complete
[simOMPL:warning]   OMPL: /home/marc/Documents/coppeliaRobotics/programming/simExtOMPL/build/ompl-1.5.0-prefix/src/ompl-1.5.0/src/ompl/base/src/Planner.cpp:257: RRTConnect: Skipping invalid start state (invalid state)
[simOMPL:error]   OMPL: /home/marc/Documents/coppeliaRobotics/programming/simExtOMPL/build/ompl-1.5.0-prefix/src/ompl-1.5.0/src/ompl/geometric/planners/rrt/src/RRTConnect.cpp:207: RRTConnect: Motion planning start tree could not be initialized!
solving task...
Target signal recieved..
IK solutions found:, 15
Planning ...
Collision pairs set
goal state set
task setup complete
[simOMPL:warning]   OMPL: /home/marc/Documents/coppeliaRobotics/programming/simExtOMPL/build/ompl-1.5.0-prefix/src/ompl-1.5.0/src/ompl/base/src/Planner.cpp:257: RRTConnect: Skipping invalid start state (invalid state)
[simOMPL:error]   OMPL: /home/marc/Documents/coppeliaRobotics/programming/simExtOMPL/build/ompl-1.5.0-prefix/src/ompl-1.5.0/src/ompl/geometric/planners/rrt/src/RRTConnect.cpp:207: RRTConnect: Motion planning start tree could not be initialized!
solving task...
[sandboxScript:info]   Simulation stopping...
[sandboxScript:info]   Simulation stopped.
[sandboxScript:info]   Simulation started.
[CoppeliaSim:warning]   Detected non-default settings (time steps and/or dyn. engine global settings).
Target signal recieved..
IK solutions found:, 15
Planning ...
Collision pairs set
goal state set
task setup complete
solving task...
Target signal recieved..
IK solutions found:, 15
Planning ...
Collision pairs set
goal state set
task setup complete
solving task...
OMPL states:, 200.
path found
Validating path...
valid path found, generating trajectory...
Trajectory points:, 1000.
Duration:, 5.378832
excecuting path...
current error: , 0.001944
Final error:, 0.001944
Target signal recieved..
IK solutions found:, 15
Planning ...
Collision pairs set
goal state set
task setup complete
[simOMPL:warning]   OMPL: /home/marc/Documents/coppeliaRobotics/programming/simExtOMPL/build/ompl-1.5.0-prefix/src/ompl-1.5.0/src/ompl/base/src/Planner.cpp:257: RRTConnect: Skipping invalid start state (invalid state)
[simOMPL:error]   OMPL: /home/marc/Documents/coppeliaRobotics/programming/simExtOMPL/build/ompl-1.5.0-prefix/src/ompl-1.5.0/src/ompl/geometric/planners/rrt/src/RRTConnect.cpp:207: RRTConnect: Motion planning start tree could not be initialized!
solving task...
Target signal recieved..
IK solutions found:, 15
Planning ...
Collision pairs set
goal state set
task setup complete
[simOMPL:warning]   OMPL: /home/marc/Documents/coppeliaRobotics/programming/simExtOMPL/build/ompl-1.5.0-prefix/src/ompl-1.5.0/src/ompl/base/src/Planner.cpp:257: RRTConnect: Skipping invalid start state (invalid state)
[simOMPL:error]   OMPL: /home/marc/Documents/coppeliaRobotics/programming/simExtOMPL/build/ompl-1.5.0-prefix/src/ompl-1.5.0/src/ompl/geometric/planners/rrt/src/RRTConnect.cpp:207: RRTConnect: Motion planning start tree could not be initialized!
solving task...
Target signal recieved..
IK solutions found:, 15
Planning ...
Collision pairs set
goal state set
task setup complete
[simOMPL:warning]   OMPL: /home/marc/Documents/coppeliaRobotics/programming/simExtOMPL/build/ompl-1.5.0-prefix/src/ompl-1.5.0/src/ompl/base/src/Planner.cpp:257: RRTConnect: Skipping invalid start state (invalid state)
[simOMPL:error]   OMPL: /home/marc/Documents/coppeliaRobotics/programming/simExtOMPL/build/ompl-1.5.0-prefix/src/ompl-1.5.0/src/ompl/geometric/planners/rrt/src/RRTConnect.cpp:207: RRTConnect: Motion planning start tree could not be initialized!
solving task...
Target signal recieved..
IK solutions found:, 15
Planning ...
Collision pairs set
goal state set
task setup complete
[simOMPL:warning]   OMPL: /home/marc/Documents/coppeliaRobotics/programming/simExtOMPL/build/ompl-1.5.0-prefix/src/ompl-1.5.0/src/ompl/base/src/Planner.cpp:257: RRTConnect: Skipping invalid start state (invalid state)
[simOMPL:error]   OMPL: /home/marc/Documents/coppeliaRobotics/programming/simExtOMPL/build/ompl-1.5.0-prefix/src/ompl-1.5.0/src/ompl/geometric/planners/rrt/src/RRTConnect.cpp:207: RRTConnect: Motion planning start tree could not be initialized!
solving task...
Target signal recieved..
IK solutions found:, 15
Planning ...
Collision pairs set
goal state set
task setup complete
[simOMPL:warning]   OMPL: /home/marc/Documents/coppeliaRobotics/programming/simExtOMPL/build/ompl-1.5.0-prefix/src/ompl-1.5.0/src/ompl/base/src/Planner.cpp:257: RRTConnect: Skipping invalid start state (invalid state)
[simOMPL:error]   OMPL: /home/marc/Documents/coppeliaRobotics/programming/simExtOMPL/build/ompl-1.5.0-prefix/src/ompl-1.5.0/src/ompl/geometric/planners/rrt/src/RRTConnect.cpp:207: RRTConnect: Motion planning start tree could not be initialized!
solving task...
Target signal recieved..
IK solutions found:, 15
Planning ...
Collision pairs set
goal state set
task setup complete
[simOMPL:warning]   OMPL: /home/marc/Documents/coppeliaRobotics/programming/simExtOMPL/build/ompl-1.5.0-prefix/src/ompl-1.5.0/src/ompl/base/src/Planner.cpp:257: RRTConnect: Skipping invalid start state (invalid state)
[simOMPL:error]   OMPL: /home/marc/Documents/coppeliaRobotics/programming/simExtOMPL/build/ompl-1.5.0-prefix/src/ompl-1.5.0/src/ompl/geometric/planners/rrt/src/RRTConnect.cpp:207: RRTConnect: Motion planning start tree could not be initialized!
solving task...
[sandboxScript:info]   Simulation stopping...
[sandboxScript:info]   Simulation stopped.
[sandboxScript:info]   Simulation started.
[CoppeliaSim:warning]   Detected non-default settings (time steps and/or dyn. engine global settings).
Target signal recieved..
IK solutions found:, 15
Planning ...
Collision pairs set
goal state set
task setup complete
solving task...
OMPL states:, 200.
path found
Validating path...
valid path found, generating trajectory...
Trajectory points:, 1000.
Duration:, 3.600679
excecuting path...
current error: , 0.077471
current error: , 0.077471
current error: , 0.00817
Final error:, 0.000614
Target signal recieved..
IK solutions found:, 15
Planning ...
Collision pairs set
goal state set
task setup complete
solving task...
OMPL states:, 200.
path found
Validating path...
Collision detected at state:, 161
Collision pairs:, column0, obs0
path invalid
Target signal recieved..
IK solutions found:, 15
Planning ...
Collision pairs set
goal state set
task setup complete
solving task...
OMPL states:, 200.
path found
Validating path...
Collision detected at state:, 101
Collision pairs:, leftLink0_visible, table
path invalid
Target signal recieved..
IK solutions found:, 15
Planning ...
Collision pairs set
goal state set
task setup complete
solving task...
OMPL states:, 200.
path found
Validating path...
Collision detected at state:, 151
Collision pairs:, column0, obs0
path invalid
Target signal recieved..
IK solutions found:, 15
Planning ...
Collision pairs set
goal state set
task setup complete
solving task...
OMPL states:, 200.
path found
Validating path...
Collision detected at state:, 161
Collision pairs:, column0, obs0
path invalid
Target signal recieved..
IK solutions found:, 15
Planning ...
Collision pairs set
goal state set
task setup complete
solving task...
OMPL states:, 200.
path found
Validating path...
Collision detected at state:, 111
Collision pairs:, leftLink0_visible, table
path invalid
Target signal recieved..
IK solutions found:, 15
Planning ...
Collision pairs set
goal state set
task setup complete
solving task...
OMPL states:, 200.
path found
Validating path...
Collision detected at state:, 121
Collision pairs:, column0, table
path invalid
[sandboxScript:info]   Simulation stopping...
[sandboxScript:info]   Simulation stopped.
[sandboxScript:info]   Simulation started.
[CoppeliaSim:warning]   Detected non-default settings (time steps and/or dyn. engine global settings).
Target signal recieved..
IK solutions found:, 15
Planning ...
Collision pairs set
goal state set
task setup complete
solving task...
OMPL states:, 200.
path found
Validating path...
valid path found, generating trajectory...
Trajectory points:, 1000.
Duration:, 3.600267
excecuting path...
current error: , 0.105067
current error: , 0.105067
current error: , 0.021307
current error: , 0.00065
Final error:, 0.00107
Target signal recieved..
IK solutions found:, 15
Planning ...
Collision pairs set
goal state set
task setup complete
solving task...
OMPL states:, 200.
path found
Validating path...
Collision detected at state:, 146
Collision pairs:, column0, table
path invalid
Target signal recieved..
IK solutions found:, 15
Planning ...
Collision pairs set
goal state set
task setup complete
solving task...
OMPL states:, 200.
path found
Validating path...
Collision detected at state:, 101
Collision pairs:, column0, table
path invalid
Target signal recieved..
IK solutions found:, 15
Planning ...
Collision pairs set
goal state set
task setup complete
solving task...
OMPL states:, 200.
path found
Validating path...
Collision detected at state:, 141
Collision pairs:, column0, table
path invalid
Target signal recieved..
IK solutions found:, 15
Planning ...
Collision pairs set
goal state set
task setup complete
solving task...
OMPL states:, 200.
path found
Validating path...
Collision detected at state:, 126
Collision pairs:, column0, table
path invalid
Target signal recieved..
IK solutions found:, 15
Planning ...
Collision pairs set
goal state set
task setup complete
solving task...
OMPL states:, 200.
path found
Validating path...
Collision detected at state:, 121
Collision pairs:, column0, table
path invalid
Target signal recieved..
IK solutions found:, 15
Planning ...
Collision pairs set
goal state set
task setup complete
solving task...
OMPL states:, 200.
path found
Validating path...
Collision detected at state:, 141
Collision pairs:, column0, table
path invalid
[sandboxScript:info]   Simulation stopping...
[sandboxScript:info]   Simulation stopped.
[sandboxScript:info]   Simulation started.
[CoppeliaSim:warning]   Detected non-default settings (time steps and/or dyn. engine global settings).
Target signal recieved..
IK solutions found:, 15
Planning ...
Collision pairs set
goal state set
task setup complete
solving task...
Target signal recieved..
IK solutions found:, 15
Planning ...
Collision pairs set
goal state set
task setup complete
solving task...
OMPL states:, 200.
path found
Validating path...
Collision detected at state:, 111
Collision pairs:, link6_visible, obs0_collisiondummy
path invalid
Target signal recieved..
IK solutions found:, 15
Planning ...
Collision pairs set
goal state set
task setup complete
solving task...
OMPL states:, 200.
path found
Validating path...
Collision detected at state:, 131
Collision pairs:, link6_visible, obs0_collisiondummy
path invalid
Target signal recieved..
IK solutions found:, 15
Planning ...
Collision pairs set
goal state set
task setup complete
solving task...
OMPL states:, 200.
path found
Validating path...
Collision detected at state:, 171
Collision pairs:, link6_visible, obs0_collisiondummy
path invalid
Target signal recieved..
IK solutions found:, 15
Planning ...
Collision pairs set
goal state set
task setup complete
solving task...
OMPL states:, 200.
path found
Validating path...
valid path found, generating trajectory...
Trajectory points:, 1000.
Duration:, 10.382508
excecuting path...
current error: , 1.10358
current error: , 1.10358
current error: , 1.020194
current error: , 0.937192
current error: , 0.854086
current error: , 0.77109
current error: , 0.68816
current error: , 0.605013
current error: , 0.521988
current error: , 0.439161
current error: , 0.356247
current error: , 0.273334
current error: , 0.190014
current error: , 0.107133
current error: , 0.025453
current error: , 0.003781
Final error:, 0.002695
Target signal recieved..
IK solutions found:, 15
Planning ...
Collision pairs set
goal state set
task setup complete
[simOMPL:warning]   OMPL: /home/marc/Documents/coppeliaRobotics/programming/simExtOMPL/build/ompl-1.5.0-prefix/src/ompl-1.5.0/src/ompl/base/src/Planner.cpp:257: RRTConnect: Skipping invalid start state (invalid state)
[simOMPL:error]   OMPL: /home/marc/Documents/coppeliaRobotics/programming/simExtOMPL/build/ompl-1.5.0-prefix/src/ompl-1.5.0/src/ompl/geometric/planners/rrt/src/RRTConnect.cpp:207: RRTConnect: Motion planning start tree could not be initialized!
solving task...
Target signal recieved..
IK solutions found:, 15
Planning ...
Collision pairs set
goal state set
task setup complete
[simOMPL:warning]   OMPL: /home/marc/Documents/coppeliaRobotics/programming/simExtOMPL/build/ompl-1.5.0-prefix/src/ompl-1.5.0/src/ompl/base/src/Planner.cpp:257: RRTConnect: Skipping invalid start state (invalid state)
[simOMPL:error]   OMPL: /home/marc/Documents/coppeliaRobotics/programming/simExtOMPL/build/ompl-1.5.0-prefix/src/ompl-1.5.0/src/ompl/geometric/planners/rrt/src/RRTConnect.cpp:207: RRTConnect: Motion planning start tree could not be initialized!
solving task...
Target signal recieved..
IK solutions found:, 15
Planning ...
Collision pairs set
goal state set
task setup complete
[simOMPL:warning]   OMPL: /home/marc/Documents/coppeliaRobotics/programming/simExtOMPL/build/ompl-1.5.0-prefix/src/ompl-1.5.0/src/ompl/base/src/Planner.cpp:257: RRTConnect: Skipping invalid start state (invalid state)
[simOMPL:error]   OMPL: /home/marc/Documents/coppeliaRobotics/programming/simExtOMPL/build/ompl-1.5.0-prefix/src/ompl-1.5.0/src/ompl/geometric/planners/rrt/src/RRTConnect.cpp:207: RRTConnect: Motion planning start tree could not be initialized!
solving task...
Target signal recieved..
IK solutions found:, 15
Planning ...
Collision pairs set
goal state set
task setup complete
[simOMPL:warning]   OMPL: /home/marc/Documents/coppeliaRobotics/programming/simExtOMPL/build/ompl-1.5.0-prefix/src/ompl-1.5.0/src/ompl/base/src/Planner.cpp:257: RRTConnect: Skipping invalid start state (invalid state)
[simOMPL:error]   OMPL: /home/marc/Documents/coppeliaRobotics/programming/simExtOMPL/build/ompl-1.5.0-prefix/src/ompl-1.5.0/src/ompl/geometric/planners/rrt/src/RRTConnect.cpp:207: RRTConnect: Motion planning start tree could not be initialized!
solving task...
Target signal recieved..
IK solutions found:, 15
Planning ...
Collision pairs set
goal state set
task setup complete
[simOMPL:warning]   OMPL: /home/marc/Documents/coppeliaRobotics/programming/simExtOMPL/build/ompl-1.5.0-prefix/src/ompl-1.5.0/src/ompl/base/src/Planner.cpp:257: RRTConnect: Skipping invalid start state (invalid state)
[simOMPL:error]   OMPL: /home/marc/Documents/coppeliaRobotics/programming/simExtOMPL/build/ompl-1.5.0-prefix/src/ompl-1.5.0/src/ompl/geometric/planners/rrt/src/RRTConnect.cpp:207: RRTConnect: Motion planning start tree could not be initialized!
solving task...
Target signal recieved..
IK solutions found:, 15
Planning ...
Collision pairs set
goal state set
task setup complete
[simOMPL:warning]   OMPL: /home/marc/Documents/coppeliaRobotics/programming/simExtOMPL/build/ompl-1.5.0-prefix/src/ompl-1.5.0/src/ompl/base/src/Planner.cpp:257: RRTConnect: Skipping invalid start state (invalid state)
[simOMPL:error]   OMPL: /home/marc/Documents/coppeliaRobotics/programming/simExtOMPL/build/ompl-1.5.0-prefix/src/ompl-1.5.0/src/ompl/geometric/planners/rrt/src/RRTConnect.cpp:207: RRTConnect: Motion planning start tree could not be initialized!
solving task...
[sandboxScript:info]   Simulation stopping...
[sandboxScript:info]   Simulation stopped.
[sandboxScript:info]   Simulation started.
[CoppeliaSim:warning]   Detected non-default settings (time steps and/or dyn. engine global settings).
Target signal recieved..
IK solutions found:, 15
Planning ...
Collision pairs set
goal state set
task setup complete
solving task...
OMPL states:, 200.
path found
Validating path...
valid path found, generating trajectory...
Trajectory points:, 1000.
Duration:, 3.564362
excecuting path...
current error: , 0.086997
current error: , 0.086997
current error: , 0.010565
Final error:, 0.000903
Target signal recieved..
IK solutions found:, 15
Planning ...
Collision pairs set
goal state set
task setup complete
solving task...
OMPL states:, 200.
path found
Validating path...
valid path found, generating trajectory...
Trajectory points:, 1000.
Duration:, 4.631247
excecuting path...
current error: , 0.026044
current error: , 0.026044
current error: , 0.004199
Final error:, 0.00264
Target signal recieved..
IK solutions found:, 15
Planning ...
Collision pairs set
goal state set
task setup complete
solving task...
OMPL states:, 200.
path found
Validating path...
valid path found, generating trajectory...
Trajectory points:, 1000.
Duration:, 2.091987
excecuting path...
current error: , 0.001839
Final error:, 0.001839
Target signal recieved..
IK solutions found:, 0
No valid IK solutions
Target signal recieved..
IK solutions found:, 0
No valid IK solutions
Target signal recieved..
IK solutions found:, 0
No valid IK solutions
Target signal recieved..
IK solutions found:, 0
No valid IK solutions
Target signal recieved..
IK solutions found:, 0
No valid IK solutions
[sandboxScript:info]   Simulation stopping...
[sandboxScript:info]   Simulation stopped.
[sandboxScript:info]   Simulation started.
[CoppeliaSim:warning]   Detected non-default settings (time steps and/or dyn. engine global settings).
Target signal recieved..
IK solutions found:, 15
Planning ...
Collision pairs set
goal state set
task setup complete
solving task...
OMPL states:, 200.
path found
Validating path...
valid path found, generating trajectory...
Trajectory points:, 1000.
Duration:, 3.600757
excecuting path...
current error: , 0.106164
current error: , 0.106164
current error: , 0.021691
current error: , 0.000424
Final error:, 0.001097
Target signal recieved..
IK solutions found:, 15
Planning ...
Collision pairs set
goal state set
task setup complete
solving task...
OMPL states:, 200.
path found
Validating path...
valid path found, generating trajectory...
Trajectory points:, 1000.
Duration:, 7.313577
excecuting path...
current error: , 0.495634
current error: , 0.495634
current error: , 0.40353
current error: , 0.319471
current error: , 0.23579
current error: , 0.152085
current error: , 0.068402
current error: , 0.009386
Final error:, 0.003302
Target signal recieved..
IK solutions found:, 15
Planning ...
Collision pairs set
goal state set
task setup complete
solving task...
OMPL states:, 200.
path found
Validating path...
Collision detected at state:, 161
Collision pairs:, leftLink0_visible, table
path invalid
Target signal recieved..
IK solutions found:, 15
Planning ...
Collision pairs set
goal state set
task setup complete
solving task...
OMPL states:, 200.
path found
Validating path...
Collision detected at state:, 61
Collision pairs:, leftLink0_visible, obs0_collisiondummy
path invalid
Target signal recieved..
IK solutions found:, 15
Planning ...
Collision pairs set
goal state set
task setup complete
solving task...
OMPL states:, 200.
path found
Validating path...
Collision detected at state:, 156
Collision pairs:, leftLink0_visible, obs0_collisiondummy
path invalid
Target signal recieved..
IK solutions found:, 15
Planning ...
Collision pairs set
goal state set
task setup complete
solving task...
OMPL states:, 200.
path found
Validating path...
Collision detected at state:, 171
Collision pairs:, leftLink0_visible, obs0_collisiondummy
path invalid
Target signal recieved..
IK solutions found:, 15
Planning ...
Collision pairs set
goal state set
task setup complete
solving task...
OMPL states:, 200.
path found
Validating path...
Collision detected at state:, 111
Collision pairs:, rightLink0_visible, obs0_collisiondummy
path invalid
Target signal recieved..
IK solutions found:, 15
Planning ...
Collision pairs set
goal state set
task setup complete
solving task...
OMPL states:, 200.
path found
Validating path...
Collision detected at state:, 101
Collision pairs:, rightLink0_visible, obs0_collisiondummy
path invalid
[sandboxScript:info]   Simulation stopping...
[sandboxScript:info]   Simulation stopped.
[sandboxScript:info]   Simulation started.
[CoppeliaSim:warning]   Detected non-default settings (time steps and/or dyn. engine global settings).
Target signal recieved..
IK solutions found:, 15
Planning ...
Collision pairs set
goal state set
task setup complete
solving task...
OMPL states:, 200.
path found
Validating path...
valid path found, generating trajectory...
Trajectory points:, 1000.
Duration:, 3.621325
excecuting path...
current error: , 0.132444
current error: , 0.132444
current error: , 0.046654
current error: , 0.003128
Final error:, 0.000513
Target signal recieved..
IK solutions found:, 15
Planning ...
Collision pairs set
goal state set
task setup complete
solving task...
OMPL states:, 200.
path found
Validating path...
Collision detected at state:, 86
Collision pairs:, column0, obs0
path invalid
Target signal recieved..
IK solutions found:, 15
Planning ...
Collision pairs set
goal state set
task setup complete
solving task...
OMPL states:, 200.
path found
Validating path...
Collision detected at state:, 101
Collision pairs:, column0, obs0
path invalid
Target signal recieved..
IK solutions found:, 15
Planning ...
Collision pairs set
goal state set
task setup complete
solving task...
OMPL states:, 200.
path found
Validating path...
Collision detected at state:, 111
Collision pairs:, column0, obs0
path invalid
Target signal recieved..
IK solutions found:, 15
Planning ...
Collision pairs set
goal state set
task setup complete
solving task...
OMPL states:, 200.
path found
Validating path...
Collision detected at state:, 71
Collision pairs:, column0, obs0
path invalid
Target signal recieved..
IK solutions found:, 15
Planning ...
Collision pairs set
goal state set
task setup complete
solving task...
OMPL states:, 200.
path found
Validating path...
Collision detected at state:, 81
Collision pairs:, column0, obs0
path invalid
Target signal recieved..
IK solutions found:, 15
Planning ...
Collision pairs set
goal state set
task setup complete
solving task...
OMPL states:, 200.
path found
Validating path...
Collision detected at state:, 91
Collision pairs:, column0, obs0
path invalid
[sandboxScript:info]   Simulation stopping...
[sandboxScript:info]   Simulation stopped.
[sandboxScript:info]   Simulation started.
[CoppeliaSim:warning]   Detected non-default settings (time steps and/or dyn. engine global settings).
Target signal recieved..
IK solutions found:, 15
Planning ...
Collision pairs set
goal state set
task setup complete
solving task...
OMPL states:, 200.
path found
Validating path...
valid path found, generating trajectory...
Trajectory points:, 1000.
Duration:, 3.6008
excecuting path...
current error: , 0.106225
current error: , 0.106225
current error: , 0.021978
current error: , 0.000668
Final error:, 0.001229
Target signal recieved..
IK solutions found:, 15
Planning ...
Collision pairs set
goal state set
task setup complete
solving task...
OMPL states:, 200.
path found
Validating path...
Collision detected at state:, 111
Collision pairs:, column0, obs0
path invalid
Target signal recieved..
IK solutions found:, 15
Planning ...
Collision pairs set
goal state set
task setup complete
solving task...
OMPL states:, 200.
path found
Validating path...
Collision detected at state:, 81
Collision pairs:, column0, obs0
path invalid
Target signal recieved..
IK solutions found:, 15
Planning ...
Collision pairs set
goal state set
task setup complete
solving task...
OMPL states:, 200.
path found
Validating path...
Collision detected at state:, 91
Collision pairs:, column0, obs0
path invalid
Target signal recieved..
IK solutions found:, 15
Planning ...
Collision pairs set
goal state set
task setup complete
solving task...
OMPL states:, 200.
path found
Validating path...
Collision detected at state:, 61
Collision pairs:, column0, obs0_collisiondummy
path invalid
Target signal recieved..
IK solutions found:, 15
Planning ...
Collision pairs set
goal state set
task setup complete
solving task...
OMPL states:, 200.
path found
Validating path...
Collision detected at state:, 71
Collision pairs:, column0, obs0
path invalid
Target signal recieved..
IK solutions found:, 15
Planning ...
Collision pairs set
goal state set
task setup complete
solving task...
OMPL states:, 200.
path found
Validating path...
Collision detected at state:, 61
Collision pairs:, column0, obs0_collisiondummy
path invalid
[sandboxScript:info]   Simulation stopping...
[sandboxScript:info]   Simulation stopped.
[sandboxScript:info]   Simulation started.
[CoppeliaSim:warning]   Detected non-default settings (time steps and/or dyn. engine global settings).
Target signal recieved..
IK solutions found:, 15
Planning ...
Collision pairs set
goal state set
task setup complete
solving task...
OMPL states:, 200.
path found
Validating path...
valid path found, generating trajectory...
Trajectory points:, 1000.
Duration:, 3.564531
excecuting path...
current error: , 0.057147
current error: , 0.057147
current error: , 0.003334
Final error:, 0.001414
Target signal recieved..
IK solutions found:, 15
Planning ...
Collision pairs set
goal state set
task setup complete
solving task...
OMPL states:, 200.
path found
Validating path...
Collision detected at state:, 91
Collision pairs:, column0, obs0
path invalid
Target signal recieved..
IK solutions found:, 15
Planning ...
Collision pairs set
goal state set
task setup complete
solving task...
OMPL states:, 200.
path found
Validating path...
Collision detected at state:, 186
Collision pairs:, column0, table
path invalid
Target signal recieved..
IK solutions found:, 15
Planning ...
Collision pairs set
goal state set
task setup complete
solving task...
OMPL states:, 200.
path found
Validating path...
Collision detected at state:, 131
Collision pairs:, column0, table
path invalid
Target signal recieved..
IK solutions found:, 15
Planning ...
Collision pairs set
goal state set
task setup complete
solving task...
OMPL states:, 200.
path found
Validating path...
valid path found, generating trajectory...
Trajectory points:, 1000.
Duration:, 5.594128
excecuting path...
current error: , 0.007642
Final error:, 0.007642
Target signal recieved..
IK solutions found:, 15
Planning ...
Collision pairs set
goal state set
task setup complete
solving task...
OMPL states:, 200.
path found
Validating path...
valid path found, generating trajectory...
Trajectory points:, 1000.
Duration:, 7.34257
excecuting path...
current error: , 0.00762
Final error:, 0.00762
Target signal recieved..
IK solutions found:, 15
Planning ...
Collision pairs set
goal state set
task setup complete
solving task...
OMPL states:, 200.
path found
Validating path...
Collision detected at state:, 111
Collision pairs:, link6_visible, column0
path invalid
Target signal recieved..
IK solutions found:, 15
Planning ...
Collision pairs set
goal state set
task setup complete
solving task...
OMPL states:, 200.
path found
Validating path...
Collision detected at state:, 181
Collision pairs:, baseVisible, column0
path invalid
Target signal recieved..
IK solutions found:, 15
Planning ...
Collision pairs set
goal state set
task setup complete
solving task...
OMPL states:, 200.
path found
Validating path...
Collision detected at state:, 121
Collision pairs:, link6_visible, column0
path invalid
Target signal recieved..
IK solutions found:, 15
Planning ...
Collision pairs set
goal state set
task setup complete
solving task...
OMPL states:, 200.
path found
Validating path...
Collision detected at state:, 161
Collision pairs:, rightLink0_visible, column0
path invalid
Target signal recieved..
IK solutions found:, 15
Planning ...
Collision pairs set
goal state set
task setup complete
solving task...
OMPL states:, 200.
path found
Validating path...
Collision detected at state:, 121
Collision pairs:, link6_visible, column0
path invalid
[sandboxScript:info]   Simulation stopping...
[sandboxScript:info]   Simulation stopped.
[CoppeliaSim:loadinfo]   external exit request: 4
[Developer tools >> Commander >> Commander@addOnScript:loadinfo]   plugin simCmd: cleanup...
[Developer tools >> Commander >> Commander@addOnScript:loadinfo]   plugin simCmd: done.
[sandboxScript:info]   Leaving...
[CoppeliaSim:loadinfo]   plugin simRuckig: cleanup...
[CoppeliaSim:loadinfo]   plugin simRuckig: done.
[CoppeliaSim:loadinfo]   plugin simBullet-2-83: cleanup...
[CoppeliaSim:loadinfo]   plugin simBullet-2-83: done.
[CoppeliaSim:loadinfo]   plugin simGeom: cleanup...
[CoppeliaSim:loadinfo]   plugin simGeom: done.
[CoppeliaSim:loadinfo]   plugin simOMPL: cleanup...
[CoppeliaSim:loadinfo]   plugin simOMPL: done.
[CoppeliaSim:loadinfo]   plugin simIK: cleanup...
[CoppeliaSim:loadinfo]   plugin simIK: done.
[CoppeliaSim:loadinfo]   plugin simWS: cleanup...
[CoppeliaSim:loadinfo]   plugin simWS: done.
[CoppeliaSim:loadinfo]   plugin simSubprocess: cleanup...
[CoppeliaSim:loadinfo]   plugin simSubprocess: done.
[CoppeliaSim:loadinfo]   plugin simZMQ: cleanup...
[CoppeliaSim:loadinfo]   plugin simZMQ: done.
[CoppeliaSim:loadinfo]   plugin simIK0: cleanup...
[CoppeliaSim:loadinfo]   plugin simIK0: done.
[CoppeliaSim:loadinfo]   plugin 'RemoteApi': unloading...
[CoppeliaSim:loadinfo]   plugin 'RemoteApi': done.
[CoppeliaSim:loadinfo]   plugin 'BWF': unloading...
[CoppeliaSim:loadinfo]   plugin 'BWF': done.
[CoppeliaSim:loadinfo]   CoppeliaSim ended.
[CoppeliaSimClient:loadinfo]   unloading the CoppeliaSim library...
[CoppeliaSimClient]   done.
