[0.034s] Invoking command in '/home/user/refine_plan_v2/build/action_interfaces': CMAKE_PREFIX_PATH=${CMAKE_PREFIX_PATH}:/home/user/refine_plan_v2/install/simulation:/home/user/refine_plan_v2/install/behaviour_trees:/opt/ros/humble /usr/bin/cmake --build /home/user/refine_plan_v2/build/action_interfaces -- -j8 -l8
[0.425s] -- Found ament_cmake: 1.3.11 (/opt/ros/humble/share/ament_cmake/cmake)
[0.426s] -- Found ament_lint_auto: 0.12.12 (/opt/ros/humble/share/ament_lint_auto/cmake)
[0.426s] -- Found rosidl_default_generators: 1.2.0 (/opt/ros/humble/share/rosidl_default_generators/cmake)
[0.426s] -- Using all available rosidl_typesupport_c: rosidl_typesupport_fastrtps_c;rosidl_typesupport_introspection_c
[0.426s] -- Found rosidl_adapter: 3.1.6 (/opt/ros/humble/share/rosidl_adapter/cmake)
[0.436s] -- Using all available rosidl_typesupport_cpp: rosidl_typesupport_fastrtps_cpp;rosidl_typesupport_introspection_cpp
[0.806s] -- Found ament_cmake_ros: 0.10.0 (/opt/ros/humble/share/ament_cmake_ros/cmake)
[1.047s] -- Using all available rosidl_typesupport_c: rosidl_typesupport_fastrtps_c;rosidl_typesupport_introspection_c
[1.407s] -- Using all available rosidl_typesupport_cpp: rosidl_typesupport_fastrtps_cpp;rosidl_typesupport_introspection_cpp
[1.436s] -- Found python_cmake_module: 0.10.0 (/opt/ros/humble/share/python_cmake_module/cmake)
[1.461s] -- Using PYTHON_EXECUTABLE: /usr/bin/python3
[1.462s] -- Using PYTHON_INCLUDE_DIRS: /usr/include/python3.10
[1.462s] -- Using PYTHON_LIBRARIES: /usr/lib/x86_64-linux-gnu/libpython3.10.so
[1.487s] -- Added test 'lint_cmake' to check CMake code style
[1.488s] -- Added test 'xmllint' to check XML markup files
[1.494s] -- Configuring done
[1.556s] -- Generating done
[1.571s] -- Build files have been written to: /home/user/refine_plan_v2/build/action_interfaces
[1.608s] [  1%] [34m[1mGenerating C code for ROS interfaces[0m
[1.620s] [  2%] [34m[1mGenerating C++ code for ROS interfaces[0m
[1.655s] [  2%] Built target ament_cmake_python_copy_action_interfaces
[2.063s] running egg_info
[2.064s] writing action_interfaces.egg-info/PKG-INFO
[2.064s] writing dependency_links to action_interfaces.egg-info/dependency_links.txt
[2.064s] writing top-level names to action_interfaces.egg-info/top_level.txt
[2.067s] reading manifest file 'action_interfaces.egg-info/SOURCES.txt'
[2.067s] writing manifest file 'action_interfaces.egg-info/SOURCES.txt'
[2.097s] [  2%] Built target ament_cmake_python_build_action_interfaces_egg
[3.706s] [  2%] Built target action_interfaces__cpp
[3.722s] [  4%] [34m[1mGenerating C++ introspection for ROS interfaces[0m
[3.722s] [  7%] [34m[1mGenerating C++ type support for eProsima Fast-RTPS[0m
[3.722s] [  7%] [34m[1mGenerating C++ type support dispatch for ROS interfaces[0m
[3.727s] [35m[1mConsolidate compiler generated dependencies of target action_interfaces__rosidl_generator_c[0m
[3.750s] [ 12%] [32mBuilding C object CMakeFiles/action_interfaces__rosidl_generator_c.dir/rosidl_generator_c/action_interfaces/action/detail/pick_object__functions.c.o[0m
[3.750s] [ 12%] [32mBuilding C object CMakeFiles/action_interfaces__rosidl_generator_c.dir/rosidl_generator_c/action_interfaces/action/detail/place_object__functions.c.o[0m
[3.751s] [ 14%] [32mBuilding C object CMakeFiles/action_interfaces__rosidl_generator_c.dir/rosidl_generator_c/action_interfaces/action/detail/go_back_home__functions.c.o[0m
[3.751s] [ 12%] [32mBuilding C object CMakeFiles/action_interfaces__rosidl_generator_c.dir/rosidl_generator_c/action_interfaces/action/detail/go_to_pose__functions.c.o[0m
[3.751s] [ 12%] [32mBuilding C object CMakeFiles/action_interfaces__rosidl_generator_c.dir/rosidl_generator_c/action_interfaces/action/detail/goal_check__functions.c.o[0m
[4.063s] [ 15%] [32mBuilding C object CMakeFiles/action_interfaces__rosidl_generator_c.dir/rosidl_generator_c/action_interfaces/action/detail/get_scene_graph__functions.c.o[0m
[4.213s] [ 16%] [32m[1mLinking C shared library libaction_interfaces__rosidl_generator_c.so[0m
[4.267s] [ 16%] Built target action_interfaces__rosidl_generator_c
[4.282s] [ 18%] [34m[1mGenerating C type support dispatch for ROS interfaces[0m
[4.285s] [ 21%] [34m[1mGenerating C type support for eProsima Fast-RTPS[0m
[4.286s] [ 21%] [34m[1mGenerating C introspection for ROS interfaces[0m
[5.341s] [35m[1mConsolidate compiler generated dependencies of target action_interfaces__rosidl_typesupport_c[0m
[5.361s] [ 22%] [32mBuilding CXX object CMakeFiles/action_interfaces__rosidl_typesupport_c.dir/rosidl_typesupport_c/action_interfaces/action/go_back_home__type_support.cpp.o[0m
[5.361s] [ 23%] [32mBuilding CXX object CMakeFiles/action_interfaces__rosidl_typesupport_c.dir/rosidl_typesupport_c/action_interfaces/action/go_to_pose__type_support.cpp.o[0m
[5.363s] [ 25%] [32mBuilding CXX object CMakeFiles/action_interfaces__rosidl_typesupport_c.dir/rosidl_typesupport_c/action_interfaces/action/pick_object__type_support.cpp.o[0m
[5.494s] [ 26%] [32mBuilding CXX object CMakeFiles/action_interfaces__rosidl_typesupport_c.dir/rosidl_typesupport_c/action_interfaces/action/place_object__type_support.cpp.o[0m
[5.500s] [ 28%] [32mBuilding CXX object CMakeFiles/action_interfaces__rosidl_typesupport_c.dir/rosidl_typesupport_c/action_interfaces/action/goal_check__type_support.cpp.o[0m
[5.510s] [ 29%] [32mBuilding CXX object CMakeFiles/action_interfaces__rosidl_typesupport_c.dir/rosidl_typesupport_c/action_interfaces/action/get_scene_graph__type_support.cpp.o[0m
[5.514s] [35m[1mConsolidate compiler generated dependencies of target action_interfaces__rosidl_typesupport_cpp[0m
[5.552s] [ 30%] [32mBuilding CXX object CMakeFiles/action_interfaces__rosidl_typesupport_cpp.dir/rosidl_typesupport_cpp/action_interfaces/action/go_back_home__type_support.cpp.o[0m
[5.597s] [ 32%] [32mBuilding CXX object CMakeFiles/action_interfaces__rosidl_typesupport_cpp.dir/rosidl_typesupport_cpp/action_interfaces/action/go_to_pose__type_support.cpp.o[0m
[5.603s] [ 33%] [32mBuilding CXX object CMakeFiles/action_interfaces__rosidl_typesupport_cpp.dir/rosidl_typesupport_cpp/action_interfaces/action/pick_object__type_support.cpp.o[0m
[5.614s] [ 35%] [32m[1mLinking CXX shared library libaction_interfaces__rosidl_typesupport_c.so[0m
[5.708s] [ 35%] Built target action_interfaces__rosidl_typesupport_c
[5.724s] [ 36%] [32mBuilding CXX object CMakeFiles/action_interfaces__rosidl_typesupport_cpp.dir/rosidl_typesupport_cpp/action_interfaces/action/place_object__type_support.cpp.o[0m
[6.209s] [35m[1mConsolidate compiler generated dependencies of target action_interfaces__rosidl_typesupport_introspection_cpp[0m
[6.244s] [ 38%] [32mBuilding CXX object CMakeFiles/action_interfaces__rosidl_typesupport_introspection_cpp.dir/rosidl_typesupport_introspection_cpp/action_interfaces/action/detail/go_back_home__type_support.cpp.o[0m
[6.674s] [ 39%] [32mBuilding CXX object CMakeFiles/action_interfaces__rosidl_typesupport_introspection_cpp.dir/rosidl_typesupport_introspection_cpp/action_interfaces/action/detail/go_to_pose__type_support.cpp.o[0m
[6.709s] [ 40%] [32mBuilding CXX object CMakeFiles/action_interfaces__rosidl_typesupport_introspection_cpp.dir/rosidl_typesupport_introspection_cpp/action_interfaces/action/detail/pick_object__type_support.cpp.o[0m
[6.728s] [ 42%] [32mBuilding CXX object CMakeFiles/action_interfaces__rosidl_typesupport_introspection_cpp.dir/rosidl_typesupport_introspection_cpp/action_interfaces/action/detail/place_object__type_support.cpp.o[0m
[6.743s] [35m[1mConsolidate compiler generated dependencies of target action_interfaces__rosidl_typesupport_introspection_c[0m
[6.770s] [ 43%] [32mBuilding C object CMakeFiles/action_interfaces__rosidl_typesupport_introspection_c.dir/rosidl_typesupport_introspection_c/action_interfaces/action/detail/go_back_home__type_support.c.o[0m
[6.796s] [ 45%] [32mBuilding CXX object CMakeFiles/action_interfaces__rosidl_typesupport_cpp.dir/rosidl_typesupport_cpp/action_interfaces/action/goal_check__type_support.cpp.o[0m
[6.888s] [ 46%] [32mBuilding C object CMakeFiles/action_interfaces__rosidl_typesupport_introspection_c.dir/rosidl_typesupport_introspection_c/action_interfaces/action/detail/go_to_pose__type_support.c.o[0m
[7.026s] [ 47%] [32mBuilding C object CMakeFiles/action_interfaces__rosidl_typesupport_introspection_c.dir/rosidl_typesupport_introspection_c/action_interfaces/action/detail/pick_object__type_support.c.o[0m
[7.171s] [ 49%] [32mBuilding C object CMakeFiles/action_interfaces__rosidl_typesupport_introspection_c.dir/rosidl_typesupport_introspection_c/action_interfaces/action/detail/place_object__type_support.c.o[0m
[7.302s] [ 50%] [32mBuilding C object CMakeFiles/action_interfaces__rosidl_typesupport_introspection_c.dir/rosidl_typesupport_introspection_c/action_interfaces/action/detail/goal_check__type_support.c.o[0m
[7.400s] [35m[1mConsolidate compiler generated dependencies of target action_interfaces__rosidl_typesupport_fastrtps_cpp[0m
[7.449s] [ 52%] [32mBuilding C object CMakeFiles/action_interfaces__rosidl_typesupport_introspection_c.dir/rosidl_typesupport_introspection_c/action_interfaces/action/detail/get_scene_graph__type_support.c.o[0m
[7.450s] [ 53%] [32mBuilding CXX object CMakeFiles/action_interfaces__rosidl_typesupport_fastrtps_cpp.dir/rosidl_typesupport_fastrtps_cpp/action_interfaces/action/detail/dds_fastrtps/go_back_home__type_support.cpp.o[0m
[7.605s] [ 54%] [32m[1mLinking C shared library libaction_interfaces__rosidl_typesupport_introspection_c.so[0m
[7.712s] [ 54%] Built target action_interfaces__rosidl_typesupport_introspection_c
[7.749s] [ 56%] [32mBuilding CXX object CMakeFiles/action_interfaces__rosidl_typesupport_introspection_cpp.dir/rosidl_typesupport_introspection_cpp/action_interfaces/action/detail/goal_check__type_support.cpp.o[0m
[7.934s] [ 57%] [32mBuilding CXX object CMakeFiles/action_interfaces__rosidl_typesupport_cpp.dir/rosidl_typesupport_cpp/action_interfaces/action/get_scene_graph__type_support.cpp.o[0m
[8.008s] [ 59%] [32mBuilding CXX object CMakeFiles/action_interfaces__rosidl_typesupport_fastrtps_cpp.dir/rosidl_typesupport_fastrtps_cpp/action_interfaces/action/detail/dds_fastrtps/go_to_pose__type_support.cpp.o[0m
[8.072s] [35m[1mConsolidate compiler generated dependencies of target action_interfaces__rosidl_typesupport_fastrtps_c[0m
[8.117s] [ 60%] [32mBuilding CXX object CMakeFiles/action_interfaces__rosidl_typesupport_fastrtps_c.dir/rosidl_typesupport_fastrtps_c/action_interfaces/action/detail/go_back_home__type_support_c.cpp.o[0m
[8.315s] [ 61%] [32mBuilding CXX object CMakeFiles/action_interfaces__rosidl_typesupport_fastrtps_c.dir/rosidl_typesupport_fastrtps_c/action_interfaces/action/detail/go_to_pose__type_support_c.cpp.o[0m
[8.361s] [ 63%] [32mBuilding CXX object CMakeFiles/action_interfaces__rosidl_typesupport_fastrtps_c.dir/rosidl_typesupport_fastrtps_c/action_interfaces/action/detail/pick_object__type_support_c.cpp.o[0m
[8.400s] [ 64%] [32mBuilding CXX object CMakeFiles/action_interfaces__rosidl_typesupport_fastrtps_c.dir/rosidl_typesupport_fastrtps_c/action_interfaces/action/detail/place_object__type_support_c.cpp.o[0m
[9.127s] [ 66%] [32mBuilding CXX object CMakeFiles/action_interfaces__rosidl_typesupport_fastrtps_c.dir/rosidl_typesupport_fastrtps_c/action_interfaces/action/detail/goal_check__type_support_c.cpp.o[0m
[9.171s] [ 67%] [32m[1mLinking CXX shared library libaction_interfaces__rosidl_typesupport_cpp.so[0m
[9.182s] [ 69%] [32mBuilding CXX object CMakeFiles/action_interfaces__rosidl_typesupport_introspection_cpp.dir/rosidl_typesupport_introspection_cpp/action_interfaces/action/detail/get_scene_graph__type_support.cpp.o[0m
[9.265s] [ 70%] [32mBuilding CXX object CMakeFiles/action_interfaces__rosidl_typesupport_fastrtps_cpp.dir/rosidl_typesupport_fastrtps_cpp/action_interfaces/action/detail/dds_fastrtps/pick_object__type_support.cpp.o[0m
[9.292s] [ 70%] Built target action_interfaces__rosidl_typesupport_cpp
[9.307s] [ 71%] [32mBuilding CXX object CMakeFiles/action_interfaces__rosidl_typesupport_fastrtps_cpp.dir/rosidl_typesupport_fastrtps_cpp/action_interfaces/action/detail/dds_fastrtps/place_object__type_support.cpp.o[0m
[9.361s] [ 73%] [32mBuilding CXX object CMakeFiles/action_interfaces__rosidl_typesupport_fastrtps_cpp.dir/rosidl_typesupport_fastrtps_cpp/action_interfaces/action/detail/dds_fastrtps/get_scene_graph__type_support.cpp.o[0m
[9.364s] [ 74%] [32mBuilding CXX object CMakeFiles/action_interfaces__rosidl_typesupport_fastrtps_cpp.dir/rosidl_typesupport_fastrtps_cpp/action_interfaces/action/detail/dds_fastrtps/goal_check__type_support.cpp.o[0m
[9.568s] [ 76%] [32mBuilding CXX object CMakeFiles/action_interfaces__rosidl_typesupport_fastrtps_c.dir/rosidl_typesupport_fastrtps_c/action_interfaces/action/detail/get_scene_graph__type_support_c.cpp.o[0m
[10.465s] [ 77%] [32m[1mLinking CXX shared library libaction_interfaces__rosidl_typesupport_fastrtps_c.so[0m
[10.627s] [ 77%] Built target action_interfaces__rosidl_typesupport_fastrtps_c
[10.743s] [ 78%] [32m[1mLinking CXX shared library libaction_interfaces__rosidl_typesupport_introspection_cpp.so[0m
[10.838s] [ 80%] [32m[1mLinking CXX shared library libaction_interfaces__rosidl_typesupport_fastrtps_cpp.so[0m
[10.853s] [ 80%] Built target action_interfaces__rosidl_typesupport_introspection_cpp
[10.977s] [ 80%] Built target action_interfaces__rosidl_typesupport_fastrtps_cpp
[11.011s] [ 80%] Built target action_interfaces
[11.055s] [ 81%] [34m[1mGenerating Python code for ROS interfaces[0m
[15.257s] [ 81%] Built target action_interfaces__py
[15.268s] [35m[1mConsolidate compiler generated dependencies of target action_interfaces__rosidl_generator_py[0m
[15.286s] [ 84%] [32mBuilding C object CMakeFiles/action_interfaces__rosidl_generator_py.dir/rosidl_generator_py/action_interfaces/action/_place_object_s.c.o[0m
[15.287s] [ 84%] [32mBuilding C object CMakeFiles/action_interfaces__rosidl_generator_py.dir/rosidl_generator_py/action_interfaces/action/_get_scene_graph_s.c.o[0m
[15.288s] [ 87%] [32mBuilding C object CMakeFiles/action_interfaces__rosidl_generator_py.dir/rosidl_generator_py/action_interfaces/action/_go_back_home_s.c.o[0m
[15.288s] [ 87%] [32mBuilding C object CMakeFiles/action_interfaces__rosidl_generator_py.dir/rosidl_generator_py/action_interfaces/action/_go_to_pose_s.c.o[0m
[15.290s] [ 88%] [32mBuilding C object CMakeFiles/action_interfaces__rosidl_generator_py.dir/rosidl_generator_py/action_interfaces/action/_pick_object_s.c.o[0m
[15.290s] [ 90%] [32mBuilding C object CMakeFiles/action_interfaces__rosidl_generator_py.dir/rosidl_generator_py/action_interfaces/action/_goal_check_s.c.o[0m
[15.585s] [ 91%] [32m[1mLinking C shared library rosidl_generator_py/action_interfaces/libaction_interfaces__rosidl_generator_py.so[0m
[15.628s] [ 91%] Built target action_interfaces__rosidl_generator_py
[15.639s] [35m[1mConsolidate compiler generated dependencies of target action_interfaces__rosidl_typesupport_introspection_c__pyext[0m
[15.640s] [35m[1mConsolidate compiler generated dependencies of target action_interfaces__rosidl_typesupport_fastrtps_c__pyext[0m
[15.640s] [35m[1mConsolidate compiler generated dependencies of target action_interfaces__rosidl_typesupport_c__pyext[0m
[15.653s] [ 95%] [32mBuilding C object CMakeFiles/action_interfaces__rosidl_typesupport_introspection_c__pyext.dir/rosidl_generator_py/action_interfaces/_action_interfaces_s.ep.rosidl_typesupport_introspection_c.c.o[0m
[15.653s] [ 95%] [32mBuilding C object CMakeFiles/action_interfaces__rosidl_typesupport_fastrtps_c__pyext.dir/rosidl_generator_py/action_interfaces/_action_interfaces_s.ep.rosidl_typesupport_fastrtps_c.c.o[0m
[15.653s] [ 95%] [32mBuilding C object CMakeFiles/action_interfaces__rosidl_typesupport_c__pyext.dir/rosidl_generator_py/action_interfaces/_action_interfaces_s.ep.rosidl_typesupport_c.c.o[0m
[15.933s] [ 97%] [32m[1mLinking C shared library rosidl_generator_py/action_interfaces/action_interfaces_s__rosidl_typesupport_c.cpython-310-x86_64-linux-gnu.so[0m
[15.937s] [ 98%] [32m[1mLinking C shared library rosidl_generator_py/action_interfaces/action_interfaces_s__rosidl_typesupport_fastrtps_c.cpython-310-x86_64-linux-gnu.so[0m
[15.941s] [100%] [32m[1mLinking C shared library rosidl_generator_py/action_interfaces/action_interfaces_s__rosidl_typesupport_introspection_c.cpython-310-x86_64-linux-gnu.so[0m
[15.989s] [100%] Built target action_interfaces__rosidl_typesupport_c__pyext
[15.990s] [100%] Built target action_interfaces__rosidl_typesupport_fastrtps_c__pyext
[15.990s] [100%] Built target action_interfaces__rosidl_typesupport_introspection_c__pyext
[16.003s] Invoked command in '/home/user/refine_plan_v2/build/action_interfaces' returned '0': CMAKE_PREFIX_PATH=${CMAKE_PREFIX_PATH}:/home/user/refine_plan_v2/install/simulation:/home/user/refine_plan_v2/install/behaviour_trees:/opt/ros/humble /usr/bin/cmake --build /home/user/refine_plan_v2/build/action_interfaces -- -j8 -l8
[16.016s] Invoking command in '/home/user/refine_plan_v2/build/action_interfaces': CMAKE_PREFIX_PATH=${CMAKE_PREFIX_PATH}:/home/user/refine_plan_v2/install/simulation:/home/user/refine_plan_v2/install/behaviour_trees:/opt/ros/humble /usr/bin/cmake --install /home/user/refine_plan_v2/build/action_interfaces
[16.025s] -- Install configuration: ""
[16.026s] -- Installing: /home/user/refine_plan_v2/install/action_interfaces/share/ament_index/resource_index/rosidl_interfaces/action_interfaces
[16.026s] -- Up-to-date: /home/user/refine_plan_v2/install/action_interfaces/include/action_interfaces/action_interfaces
[16.026s] -- Up-to-date: /home/user/refine_plan_v2/install/action_interfaces/include/action_interfaces/action_interfaces/msg
[16.026s] -- Up-to-date: /home/user/refine_plan_v2/install/action_interfaces/include/action_interfaces/action_interfaces/msg/rosidl_generator_c__visibility_control.h
[16.026s] -- Up-to-date: /home/user/refine_plan_v2/install/action_interfaces/include/action_interfaces/action_interfaces/action
[16.026s] -- Installing: /home/user/refine_plan_v2/install/action_interfaces/include/action_interfaces/action_interfaces/action/pick_object.h
[16.026s] -- Installing: /home/user/refine_plan_v2/install/action_interfaces/include/action_interfaces/action_interfaces/action/goal_check.h
[16.027s] -- Up-to-date: /home/user/refine_plan_v2/install/action_interfaces/include/action_interfaces/action_interfaces/action/detail
[16.027s] -- Installing: /home/user/refine_plan_v2/install/action_interfaces/include/action_interfaces/action_interfaces/action/detail/place_object__struct.h
[16.027s] -- Installing: /home/user/refine_plan_v2/install/action_interfaces/include/action_interfaces/action_interfaces/action/detail/go_back_home__struct.h
[16.027s] -- Installing: /home/user/refine_plan_v2/install/action_interfaces/include/action_interfaces/action_interfaces/action/detail/place_object__functions.h
[16.027s] -- Installing: /home/user/refine_plan_v2/install/action_interfaces/include/action_interfaces/action_interfaces/action/detail/pick_object__struct.h
[16.027s] -- Installing: /home/user/refine_plan_v2/install/action_interfaces/include/action_interfaces/action_interfaces/action/detail/go_back_home__functions.c
[16.027s] -- Installing: /home/user/refine_plan_v2/install/action_interfaces/include/action_interfaces/action_interfaces/action/detail/go_to_pose__functions.c
[16.027s] -- Installing: /home/user/refine_plan_v2/install/action_interfaces/include/action_interfaces/action_interfaces/action/detail/pick_object__type_support.h
[16.028s] -- Installing: /home/user/refine_plan_v2/install/action_interfaces/include/action_interfaces/action_interfaces/action/detail/goal_check__functions.h
[16.028s] -- Installing: /home/user/refine_plan_v2/install/action_interfaces/include/action_interfaces/action_interfaces/action/detail/pick_object__functions.h
[16.028s] -- Installing: /home/user/refine_plan_v2/install/action_interfaces/include/action_interfaces/action_interfaces/action/detail/goal_check__functions.c
[16.028s] -- Installing: /home/user/refine_plan_v2/install/action_interfaces/include/action_interfaces/action_interfaces/action/detail/pick_object__functions.c
[16.029s] -- Installing: /home/user/refine_plan_v2/install/action_interfaces/include/action_interfaces/action_interfaces/action/detail/get_scene_graph__functions.c
[16.029s] -- Installing: /home/user/refine_plan_v2/install/action_interfaces/include/action_interfaces/action_interfaces/action/detail/place_object__type_support.h
[16.029s] -- Installing: /home/user/refine_plan_v2/install/action_interfaces/include/action_interfaces/action_interfaces/action/detail/get_scene_graph__functions.h
[16.029s] -- Installing: /home/user/refine_plan_v2/install/action_interfaces/include/action_interfaces/action_interfaces/action/detail/go_to_pose__struct.h
[16.030s] -- Installing: /home/user/refine_plan_v2/install/action_interfaces/include/action_interfaces/action_interfaces/action/detail/go_back_home__functions.h
[16.030s] -- Installing: /home/user/refine_plan_v2/install/action_interfaces/include/action_interfaces/action_interfaces/action/detail/goal_check__type_support.h
[16.030s] -- Installing: /home/user/refine_plan_v2/install/action_interfaces/include/action_interfaces/action_interfaces/action/detail/get_scene_graph__struct.h
[16.030s] -- Installing: /home/user/refine_plan_v2/install/action_interfaces/include/action_interfaces/action_interfaces/action/detail/place_object__functions.c
[16.030s] -- Installing: /home/user/refine_plan_v2/install/action_interfaces/include/action_interfaces/action_interfaces/action/detail/go_to_pose__functions.h
[16.031s] -- Installing: /home/user/refine_plan_v2/install/action_interfaces/include/action_interfaces/action_interfaces/action/detail/go_back_home__type_support.h
[16.031s] -- Installing: /home/user/refine_plan_v2/install/action_interfaces/include/action_interfaces/action_interfaces/action/detail/go_to_pose__type_support.h
[16.031s] -- Installing: /home/user/refine_plan_v2/install/action_interfaces/include/action_interfaces/action_interfaces/action/detail/get_scene_graph__type_support.h
[16.031s] -- Installing: /home/user/refine_plan_v2/install/action_interfaces/include/action_interfaces/action_interfaces/action/detail/goal_check__struct.h
[16.031s] -- Installing: /home/user/refine_plan_v2/install/action_interfaces/include/action_interfaces/action_interfaces/action/go_back_home.h
[16.032s] -- Installing: /home/user/refine_plan_v2/install/action_interfaces/include/action_interfaces/action_interfaces/action/get_scene_graph.h
[16.032s] -- Installing: /home/user/refine_plan_v2/install/action_interfaces/include/action_interfaces/action_interfaces/action/place_object.h
[16.032s] -- Installing: /home/user/refine_plan_v2/install/action_interfaces/include/action_interfaces/action_interfaces/action/go_to_pose.h
[16.032s] -- Up-to-date: /home/user/refine_plan_v2/install/action_interfaces/share/action_interfaces/environment/library_path.sh
[16.032s] -- Installing: /home/user/refine_plan_v2/install/action_interfaces/share/action_interfaces/environment/library_path.dsv
[16.033s] -- Installing: /home/user/refine_plan_v2/install/action_interfaces/lib/libaction_interfaces__rosidl_generator_c.so
[16.034s] -- Set runtime path of "/home/user/refine_plan_v2/install/action_interfaces/lib/libaction_interfaces__rosidl_generator_c.so" to ""
[16.034s] -- Up-to-date: /home/user/refine_plan_v2/install/action_interfaces/include/action_interfaces/action_interfaces
[16.034s] -- Up-to-date: /home/user/refine_plan_v2/install/action_interfaces/include/action_interfaces/action_interfaces/msg
[16.034s] -- Up-to-date: /home/user/refine_plan_v2/install/action_interfaces/include/action_interfaces/action_interfaces/msg/rosidl_typesupport_fastrtps_c__visibility_control.h
[16.034s] -- Up-to-date: /home/user/refine_plan_v2/install/action_interfaces/include/action_interfaces/action_interfaces/action
[16.034s] -- Up-to-date: /home/user/refine_plan_v2/install/action_interfaces/include/action_interfaces/action_interfaces/action/detail
[16.035s] -- Installing: /home/user/refine_plan_v2/install/action_interfaces/include/action_interfaces/action_interfaces/action/detail/place_object__rosidl_typesupport_fastrtps_c.h
[16.035s] -- Installing: /home/user/refine_plan_v2/install/action_interfaces/include/action_interfaces/action_interfaces/action/detail/go_back_home__rosidl_typesupport_fastrtps_c.h
[16.035s] -- Installing: /home/user/refine_plan_v2/install/action_interfaces/include/action_interfaces/action_interfaces/action/detail/pick_object__rosidl_typesupport_fastrtps_c.h
[16.035s] -- Installing: /home/user/refine_plan_v2/install/action_interfaces/include/action_interfaces/action_interfaces/action/detail/goal_check__rosidl_typesupport_fastrtps_c.h
[16.035s] -- Installing: /home/user/refine_plan_v2/install/action_interfaces/include/action_interfaces/action_interfaces/action/detail/go_to_pose__rosidl_typesupport_fastrtps_c.h
[16.035s] -- Installing: /home/user/refine_plan_v2/install/action_interfaces/include/action_interfaces/action_interfaces/action/detail/get_scene_graph__rosidl_typesupport_fastrtps_c.h
[16.035s] -- Installing: /home/user/refine_plan_v2/install/action_interfaces/lib/libaction_interfaces__rosidl_typesupport_fastrtps_c.so
[16.036s] -- Set runtime path of "/home/user/refine_plan_v2/install/action_interfaces/lib/libaction_interfaces__rosidl_typesupport_fastrtps_c.so" to ""
[16.036s] -- Up-to-date: /home/user/refine_plan_v2/install/action_interfaces/include/action_interfaces/action_interfaces
[16.036s] -- Up-to-date: /home/user/refine_plan_v2/install/action_interfaces/include/action_interfaces/action_interfaces/msg
[16.036s] -- Up-to-date: /home/user/refine_plan_v2/install/action_interfaces/include/action_interfaces/action_interfaces/msg/rosidl_typesupport_introspection_c__visibility_control.h
[16.036s] -- Up-to-date: /home/user/refine_plan_v2/install/action_interfaces/include/action_interfaces/action_interfaces/action
[16.036s] -- Up-to-date: /home/user/refine_plan_v2/install/action_interfaces/include/action_interfaces/action_interfaces/action/detail
[16.036s] -- Installing: /home/user/refine_plan_v2/install/action_interfaces/include/action_interfaces/action_interfaces/action/detail/go_back_home__type_support.c
[16.037s] -- Installing: /home/user/refine_plan_v2/install/action_interfaces/include/action_interfaces/action_interfaces/action/detail/pick_object__rosidl_typesupport_introspection_c.h
[16.037s] -- Installing: /home/user/refine_plan_v2/install/action_interfaces/include/action_interfaces/action_interfaces/action/detail/place_object__rosidl_typesupport_introspection_c.h
[16.037s] -- Installing: /home/user/refine_plan_v2/install/action_interfaces/include/action_interfaces/action_interfaces/action/detail/go_to_pose__type_support.c
[16.037s] -- Installing: /home/user/refine_plan_v2/install/action_interfaces/include/action_interfaces/action_interfaces/action/detail/goal_check__rosidl_typesupport_introspection_c.h
[16.037s] -- Installing: /home/user/refine_plan_v2/install/action_interfaces/include/action_interfaces/action_interfaces/action/detail/place_object__type_support.c
[16.038s] -- Installing: /home/user/refine_plan_v2/install/action_interfaces/include/action_interfaces/action_interfaces/action/detail/go_to_pose__rosidl_typesupport_introspection_c.h
[16.038s] -- Installing: /home/user/refine_plan_v2/install/action_interfaces/include/action_interfaces/action_interfaces/action/detail/get_scene_graph__type_support.c
[16.038s] -- Installing: /home/user/refine_plan_v2/install/action_interfaces/include/action_interfaces/action_interfaces/action/detail/get_scene_graph__rosidl_typesupport_introspection_c.h
[16.038s] -- Installing: /home/user/refine_plan_v2/install/action_interfaces/include/action_interfaces/action_interfaces/action/detail/go_back_home__rosidl_typesupport_introspection_c.h
[16.038s] -- Installing: /home/user/refine_plan_v2/install/action_interfaces/include/action_interfaces/action_interfaces/action/detail/goal_check__type_support.c
[16.038s] -- Installing: /home/user/refine_plan_v2/install/action_interfaces/include/action_interfaces/action_interfaces/action/detail/pick_object__type_support.c
[16.038s] -- Installing: /home/user/refine_plan_v2/install/action_interfaces/lib/libaction_interfaces__rosidl_typesupport_introspection_c.so
[16.039s] -- Set runtime path of "/home/user/refine_plan_v2/install/action_interfaces/lib/libaction_interfaces__rosidl_typesupport_introspection_c.so" to ""
[16.039s] -- Installing: /home/user/refine_plan_v2/install/action_interfaces/lib/libaction_interfaces__rosidl_typesupport_c.so
[16.040s] -- Set runtime path of "/home/user/refine_plan_v2/install/action_interfaces/lib/libaction_interfaces__rosidl_typesupport_c.so" to ""
[16.040s] -- Up-to-date: /home/user/refine_plan_v2/install/action_interfaces/include/action_interfaces/action_interfaces
[16.040s] -- Up-to-date: /home/user/refine_plan_v2/install/action_interfaces/include/action_interfaces/action_interfaces/msg
[16.041s] -- Up-to-date: /home/user/refine_plan_v2/install/action_interfaces/include/action_interfaces/action_interfaces/msg/rosidl_generator_cpp__visibility_control.hpp
[16.041s] -- Up-to-date: /home/user/refine_plan_v2/install/action_interfaces/include/action_interfaces/action_interfaces/action
[16.041s] -- Installing: /home/user/refine_plan_v2/install/action_interfaces/include/action_interfaces/action_interfaces/action/pick_object.hpp
[16.041s] -- Installing: /home/user/refine_plan_v2/install/action_interfaces/include/action_interfaces/action_interfaces/action/go_back_home.hpp
[16.041s] -- Installing: /home/user/refine_plan_v2/install/action_interfaces/include/action_interfaces/action_interfaces/action/place_object.hpp
[16.042s] -- Up-to-date: /home/user/refine_plan_v2/install/action_interfaces/include/action_interfaces/action_interfaces/action/detail
[16.042s] -- Installing: /home/user/refine_plan_v2/install/action_interfaces/include/action_interfaces/action_interfaces/action/detail/place_object__struct.hpp
[16.042s] -- Installing: /home/user/refine_plan_v2/install/action_interfaces/include/action_interfaces/action_interfaces/action/detail/go_back_home__type_support.hpp
[16.042s] -- Installing: /home/user/refine_plan_v2/install/action_interfaces/include/action_interfaces/action_interfaces/action/detail/goal_check__traits.hpp
[16.042s] -- Installing: /home/user/refine_plan_v2/install/action_interfaces/include/action_interfaces/action_interfaces/action/detail/goal_check__struct.hpp
[16.042s] -- Installing: /home/user/refine_plan_v2/install/action_interfaces/include/action_interfaces/action_interfaces/action/detail/goal_check__type_support.hpp
[16.042s] -- Installing: /home/user/refine_plan_v2/install/action_interfaces/include/action_interfaces/action_interfaces/action/detail/go_to_pose__type_support.hpp
[16.043s] -- Installing: /home/user/refine_plan_v2/install/action_interfaces/include/action_interfaces/action_interfaces/action/detail/pick_object__type_support.hpp
[16.043s] -- Installing: /home/user/refine_plan_v2/install/action_interfaces/include/action_interfaces/action_interfaces/action/detail/go_to_pose__builder.hpp
[16.043s] -- Installing: /home/user/refine_plan_v2/install/action_interfaces/include/action_interfaces/action_interfaces/action/detail/place_object__traits.hpp
[16.043s] -- Installing: /home/user/refine_plan_v2/install/action_interfaces/include/action_interfaces/action_interfaces/action/detail/pick_object__builder.hpp
[16.043s] -- Installing: /home/user/refine_plan_v2/install/action_interfaces/include/action_interfaces/action_interfaces/action/detail/get_scene_graph__builder.hpp
[16.043s] -- Installing: /home/user/refine_plan_v2/install/action_interfaces/include/action_interfaces/action_interfaces/action/detail/go_back_home__traits.hpp
[16.044s] -- Installing: /home/user/refine_plan_v2/install/action_interfaces/include/action_interfaces/action_interfaces/action/detail/goal_check__builder.hpp
[16.044s] -- Installing: /home/user/refine_plan_v2/install/action_interfaces/include/action_interfaces/action_interfaces/action/detail/get_scene_graph__struct.hpp
[16.044s] -- Installing: /home/user/refine_plan_v2/install/action_interfaces/include/action_interfaces/action_interfaces/action/detail/pick_object__traits.hpp
[16.044s] -- Installing: /home/user/refine_plan_v2/install/action_interfaces/include/action_interfaces/action_interfaces/action/detail/pick_object__struct.hpp
[16.044s] -- Installing: /home/user/refine_plan_v2/install/action_interfaces/include/action_interfaces/action_interfaces/action/detail/go_to_pose__struct.hpp
[16.044s] -- Installing: /home/user/refine_plan_v2/install/action_interfaces/include/action_interfaces/action_interfaces/action/detail/go_back_home__builder.hpp
[16.044s] -- Installing: /home/user/refine_plan_v2/install/action_interfaces/include/action_interfaces/action_interfaces/action/detail/place_object__builder.hpp
[16.044s] -- Installing: /home/user/refine_plan_v2/install/action_interfaces/include/action_interfaces/action_interfaces/action/detail/get_scene_graph__type_support.hpp
[16.044s] -- Installing: /home/user/refine_plan_v2/install/action_interfaces/include/action_interfaces/action_interfaces/action/detail/go_to_pose__traits.hpp
[16.045s] -- Installing: /home/user/refine_plan_v2/install/action_interfaces/include/action_interfaces/action_interfaces/action/detail/place_object__type_support.hpp
[16.045s] -- Installing: /home/user/refine_plan_v2/install/action_interfaces/include/action_interfaces/action_interfaces/action/detail/go_back_home__struct.hpp
[16.045s] -- Installing: /home/user/refine_plan_v2/install/action_interfaces/include/action_interfaces/action_interfaces/action/detail/get_scene_graph__traits.hpp
[16.045s] -- Installing: /home/user/refine_plan_v2/install/action_interfaces/include/action_interfaces/action_interfaces/action/get_scene_graph.hpp
[16.045s] -- Installing: /home/user/refine_plan_v2/install/action_interfaces/include/action_interfaces/action_interfaces/action/go_to_pose.hpp
[16.045s] -- Installing: /home/user/refine_plan_v2/install/action_interfaces/include/action_interfaces/action_interfaces/action/goal_check.hpp
[16.045s] -- Up-to-date: /home/user/refine_plan_v2/install/action_interfaces/include/action_interfaces/action_interfaces
[16.045s] -- Up-to-date: /home/user/refine_plan_v2/install/action_interfaces/include/action_interfaces/action_interfaces/msg
[16.046s] -- Up-to-date: /home/user/refine_plan_v2/install/action_interfaces/include/action_interfaces/action_interfaces/msg/rosidl_typesupport_fastrtps_cpp__visibility_control.h
[16.046s] -- Up-to-date: /home/user/refine_plan_v2/install/action_interfaces/include/action_interfaces/action_interfaces/action
[16.046s] -- Up-to-date: /home/user/refine_plan_v2/install/action_interfaces/include/action_interfaces/action_interfaces/action/detail
[16.046s] -- Installing: /home/user/refine_plan_v2/install/action_interfaces/include/action_interfaces/action_interfaces/action/detail/place_object__rosidl_typesupport_fastrtps_cpp.hpp
[16.046s] -- Installing: /home/user/refine_plan_v2/install/action_interfaces/include/action_interfaces/action_interfaces/action/detail/get_scene_graph__rosidl_typesupport_fastrtps_cpp.hpp
[16.046s] -- Installing: /home/user/refine_plan_v2/install/action_interfaces/include/action_interfaces/action_interfaces/action/detail/go_to_pose__rosidl_typesupport_fastrtps_cpp.hpp
[16.046s] -- Installing: /home/user/refine_plan_v2/install/action_interfaces/include/action_interfaces/action_interfaces/action/detail/pick_object__rosidl_typesupport_fastrtps_cpp.hpp
[16.046s] -- Installing: /home/user/refine_plan_v2/install/action_interfaces/include/action_interfaces/action_interfaces/action/detail/go_back_home__rosidl_typesupport_fastrtps_cpp.hpp
[16.047s] -- Installing: /home/user/refine_plan_v2/install/action_interfaces/include/action_interfaces/action_interfaces/action/detail/goal_check__rosidl_typesupport_fastrtps_cpp.hpp
[16.047s] -- Up-to-date: /home/user/refine_plan_v2/install/action_interfaces/include/action_interfaces/action_interfaces/action/detail/dds_fastrtps
[16.047s] -- Installing: /home/user/refine_plan_v2/install/action_interfaces/lib/libaction_interfaces__rosidl_typesupport_fastrtps_cpp.so
[16.047s] -- Set runtime path of "/home/user/refine_plan_v2/install/action_interfaces/lib/libaction_interfaces__rosidl_typesupport_fastrtps_cpp.so" to ""
[16.047s] -- Up-to-date: /home/user/refine_plan_v2/install/action_interfaces/include/action_interfaces/action_interfaces
[16.047s] -- Up-to-date: /home/user/refine_plan_v2/install/action_interfaces/include/action_interfaces/action_interfaces/action
[16.047s] -- Up-to-date: /home/user/refine_plan_v2/install/action_interfaces/include/action_interfaces/action_interfaces/action/detail
[16.048s] -- Installing: /home/user/refine_plan_v2/install/action_interfaces/include/action_interfaces/action_interfaces/action/detail/go_back_home__type_support.cpp
[16.048s] -- Installing: /home/user/refine_plan_v2/install/action_interfaces/include/action_interfaces/action_interfaces/action/detail/pick_object__rosidl_typesupport_introspection_cpp.hpp
[16.048s] -- Installing: /home/user/refine_plan_v2/install/action_interfaces/include/action_interfaces/action_interfaces/action/detail/go_to_pose__type_support.cpp
[16.048s] -- Installing: /home/user/refine_plan_v2/install/action_interfaces/include/action_interfaces/action_interfaces/action/detail/get_scene_graph__rosidl_typesupport_introspection_cpp.hpp
[16.048s] -- Installing: /home/user/refine_plan_v2/install/action_interfaces/include/action_interfaces/action_interfaces/action/detail/pick_object__type_support.cpp
[16.048s] -- Installing: /home/user/refine_plan_v2/install/action_interfaces/include/action_interfaces/action_interfaces/action/detail/goal_check__type_support.cpp
[16.048s] -- Installing: /home/user/refine_plan_v2/install/action_interfaces/include/action_interfaces/action_interfaces/action/detail/place_object__rosidl_typesupport_introspection_cpp.hpp
[16.048s] -- Installing: /home/user/refine_plan_v2/install/action_interfaces/include/action_interfaces/action_interfaces/action/detail/go_back_home__rosidl_typesupport_introspection_cpp.hpp
[16.049s] -- Installing: /home/user/refine_plan_v2/install/action_interfaces/include/action_interfaces/action_interfaces/action/detail/goal_check__rosidl_typesupport_introspection_cpp.hpp
[16.049s] -- Installing: /home/user/refine_plan_v2/install/action_interfaces/include/action_interfaces/action_interfaces/action/detail/place_object__type_support.cpp
[16.049s] -- Installing: /home/user/refine_plan_v2/install/action_interfaces/include/action_interfaces/action_interfaces/action/detail/get_scene_graph__type_support.cpp
[16.049s] -- Installing: /home/user/refine_plan_v2/install/action_interfaces/include/action_interfaces/action_interfaces/action/detail/go_to_pose__rosidl_typesupport_introspection_cpp.hpp
[16.049s] -- Installing: /home/user/refine_plan_v2/install/action_interfaces/lib/libaction_interfaces__rosidl_typesupport_introspection_cpp.so
[16.050s] -- Set runtime path of "/home/user/refine_plan_v2/install/action_interfaces/lib/libaction_interfaces__rosidl_typesupport_introspection_cpp.so" to ""
[16.050s] -- Installing: /home/user/refine_plan_v2/install/action_interfaces/lib/libaction_interfaces__rosidl_typesupport_cpp.so
[16.050s] -- Set runtime path of "/home/user/refine_plan_v2/install/action_interfaces/lib/libaction_interfaces__rosidl_typesupport_cpp.so" to ""
[16.051s] -- Up-to-date: /home/user/refine_plan_v2/install/action_interfaces/share/action_interfaces/environment/pythonpath.sh
[16.051s] -- Installing: /home/user/refine_plan_v2/install/action_interfaces/share/action_interfaces/environment/pythonpath.dsv
[16.051s] -- Up-to-date: /home/user/refine_plan_v2/install/action_interfaces/local/lib/python3.10/dist-packages/action_interfaces-0.0.0-py3.10.egg-info
[16.051s] -- Installing: /home/user/refine_plan_v2/install/action_interfaces/local/lib/python3.10/dist-packages/action_interfaces-0.0.0-py3.10.egg-info/top_level.txt
[16.051s] -- Installing: /home/user/refine_plan_v2/install/action_interfaces/local/lib/python3.10/dist-packages/action_interfaces-0.0.0-py3.10.egg-info/SOURCES.txt
[16.051s] -- Installing: /home/user/refine_plan_v2/install/action_interfaces/local/lib/python3.10/dist-packages/action_interfaces-0.0.0-py3.10.egg-info/dependency_links.txt
[16.052s] -- Installing: /home/user/refine_plan_v2/install/action_interfaces/local/lib/python3.10/dist-packages/action_interfaces-0.0.0-py3.10.egg-info/PKG-INFO
[16.052s] -- Up-to-date: /home/user/refine_plan_v2/install/action_interfaces/local/lib/python3.10/dist-packages/action_interfaces
[16.052s] -- Installing: /home/user/refine_plan_v2/install/action_interfaces/local/lib/python3.10/dist-packages/action_interfaces/_action_interfaces_s.ep.rosidl_typesupport_c.c
[16.052s] -- Installing: /home/user/refine_plan_v2/install/action_interfaces/local/lib/python3.10/dist-packages/action_interfaces/_action_interfaces_s.ep.rosidl_typesupport_introspection_c.c
[16.052s] -- Installing: /home/user/refine_plan_v2/install/action_interfaces/local/lib/python3.10/dist-packages/action_interfaces/action_interfaces_s__rosidl_typesupport_introspection_c.cpython-310-x86_64-linux-gnu.so
[16.053s] -- Installing: /home/user/refine_plan_v2/install/action_interfaces/local/lib/python3.10/dist-packages/action_interfaces/action_interfaces_s__rosidl_typesupport_c.cpython-310-x86_64-linux-gnu.so
[16.053s] -- Installing: /home/user/refine_plan_v2/install/action_interfaces/local/lib/python3.10/dist-packages/action_interfaces/_action_interfaces_s.ep.rosidl_typesupport_fastrtps_c.c
[16.054s] -- Installing: /home/user/refine_plan_v2/install/action_interfaces/local/lib/python3.10/dist-packages/action_interfaces/action_interfaces_s__rosidl_typesupport_fastrtps_c.cpython-310-x86_64-linux-gnu.so
[16.054s] -- Installing: /home/user/refine_plan_v2/install/action_interfaces/local/lib/python3.10/dist-packages/action_interfaces/libaction_interfaces__rosidl_generator_py.so
[16.054s] -- Up-to-date: /home/user/refine_plan_v2/install/action_interfaces/local/lib/python3.10/dist-packages/action_interfaces/action
[16.055s] -- Installing: /home/user/refine_plan_v2/install/action_interfaces/local/lib/python3.10/dist-packages/action_interfaces/action/_go_back_home_s.c
[16.055s] -- Installing: /home/user/refine_plan_v2/install/action_interfaces/local/lib/python3.10/dist-packages/action_interfaces/action/_goal_check_s.c
[16.055s] -- Installing: /home/user/refine_plan_v2/install/action_interfaces/local/lib/python3.10/dist-packages/action_interfaces/action/_go_to_pose.py
[16.055s] -- Installing: /home/user/refine_plan_v2/install/action_interfaces/local/lib/python3.10/dist-packages/action_interfaces/action/_go_to_pose_s.c
[16.055s] -- Installing: /home/user/refine_plan_v2/install/action_interfaces/local/lib/python3.10/dist-packages/action_interfaces/action/_goal_check.py
[16.055s] -- Installing: /home/user/refine_plan_v2/install/action_interfaces/local/lib/python3.10/dist-packages/action_interfaces/action/_place_object_s.c
[16.056s] -- Installing: /home/user/refine_plan_v2/install/action_interfaces/local/lib/python3.10/dist-packages/action_interfaces/action/_go_back_home.py
[16.056s] -- Installing: /home/user/refine_plan_v2/install/action_interfaces/local/lib/python3.10/dist-packages/action_interfaces/action/_get_scene_graph_s.c
[16.056s] -- Installing: /home/user/refine_plan_v2/install/action_interfaces/local/lib/python3.10/dist-packages/action_interfaces/action/_place_object.py
[16.056s] -- Installing: /home/user/refine_plan_v2/install/action_interfaces/local/lib/python3.10/dist-packages/action_interfaces/action/_get_scene_graph.py
[16.056s] -- Installing: /home/user/refine_plan_v2/install/action_interfaces/local/lib/python3.10/dist-packages/action_interfaces/action/_pick_object_s.c
[16.056s] -- Installing: /home/user/refine_plan_v2/install/action_interfaces/local/lib/python3.10/dist-packages/action_interfaces/action/_pick_object.py
[16.057s] -- Installing: /home/user/refine_plan_v2/install/action_interfaces/local/lib/python3.10/dist-packages/action_interfaces/action/__init__.py
[16.057s] -- Installing: /home/user/refine_plan_v2/install/action_interfaces/local/lib/python3.10/dist-packages/action_interfaces/__init__.py
[16.142s] Listing '/home/user/refine_plan_v2/install/action_interfaces/local/lib/python3.10/dist-packages/action_interfaces'...
[16.142s] Compiling '/home/user/refine_plan_v2/install/action_interfaces/local/lib/python3.10/dist-packages/action_interfaces/__init__.py'...
[16.142s] Listing '/home/user/refine_plan_v2/install/action_interfaces/local/lib/python3.10/dist-packages/action_interfaces/action'...
[16.142s] Compiling '/home/user/refine_plan_v2/install/action_interfaces/local/lib/python3.10/dist-packages/action_interfaces/action/__init__.py'...
[16.142s] Compiling '/home/user/refine_plan_v2/install/action_interfaces/local/lib/python3.10/dist-packages/action_interfaces/action/_get_scene_graph.py'...
[16.142s] Compiling '/home/user/refine_plan_v2/install/action_interfaces/local/lib/python3.10/dist-packages/action_interfaces/action/_go_back_home.py'...
[16.143s] Compiling '/home/user/refine_plan_v2/install/action_interfaces/local/lib/python3.10/dist-packages/action_interfaces/action/_go_to_pose.py'...
[16.143s] Compiling '/home/user/refine_plan_v2/install/action_interfaces/local/lib/python3.10/dist-packages/action_interfaces/action/_goal_check.py'...
[16.143s] Compiling '/home/user/refine_plan_v2/install/action_interfaces/local/lib/python3.10/dist-packages/action_interfaces/action/_pick_object.py'...
[16.143s] Compiling '/home/user/refine_plan_v2/install/action_interfaces/local/lib/python3.10/dist-packages/action_interfaces/action/_place_object.py'...
[16.149s] -- Installing: /home/user/refine_plan_v2/install/action_interfaces/local/lib/python3.10/dist-packages/action_interfaces/action_interfaces_s__rosidl_typesupport_fastrtps_c.cpython-310-x86_64-linux-gnu.so
[16.149s] -- Set runtime path of "/home/user/refine_plan_v2/install/action_interfaces/local/lib/python3.10/dist-packages/action_interfaces/action_interfaces_s__rosidl_typesupport_fastrtps_c.cpython-310-x86_64-linux-gnu.so" to ""
[16.149s] -- Installing: /home/user/refine_plan_v2/install/action_interfaces/local/lib/python3.10/dist-packages/action_interfaces/action_interfaces_s__rosidl_typesupport_introspection_c.cpython-310-x86_64-linux-gnu.so
[16.150s] -- Set runtime path of "/home/user/refine_plan_v2/install/action_interfaces/local/lib/python3.10/dist-packages/action_interfaces/action_interfaces_s__rosidl_typesupport_introspection_c.cpython-310-x86_64-linux-gnu.so" to ""
[16.150s] -- Installing: /home/user/refine_plan_v2/install/action_interfaces/local/lib/python3.10/dist-packages/action_interfaces/action_interfaces_s__rosidl_typesupport_c.cpython-310-x86_64-linux-gnu.so
[16.151s] -- Set runtime path of "/home/user/refine_plan_v2/install/action_interfaces/local/lib/python3.10/dist-packages/action_interfaces/action_interfaces_s__rosidl_typesupport_c.cpython-310-x86_64-linux-gnu.so" to ""
[16.151s] -- Installing: /home/user/refine_plan_v2/install/action_interfaces/lib/libaction_interfaces__rosidl_generator_py.so
[16.151s] -- Set runtime path of "/home/user/refine_plan_v2/install/action_interfaces/lib/libaction_interfaces__rosidl_generator_py.so" to ""
[16.151s] -- Up-to-date: /home/user/refine_plan_v2/install/action_interfaces/share/action_interfaces/action/GoBackHome.idl
[16.152s] -- Up-to-date: /home/user/refine_plan_v2/install/action_interfaces/share/action_interfaces/action/GoToPose.idl
[16.152s] -- Up-to-date: /home/user/refine_plan_v2/install/action_interfaces/share/action_interfaces/action/PickObject.idl
[16.152s] -- Up-to-date: /home/user/refine_plan_v2/install/action_interfaces/share/action_interfaces/action/PlaceObject.idl
[16.152s] -- Installing: /home/user/refine_plan_v2/install/action_interfaces/share/action_interfaces/action/GoalCheck.idl
[16.152s] -- Installing: /home/user/refine_plan_v2/install/action_interfaces/share/action_interfaces/action/GetSceneGraph.idl
[16.152s] -- Up-to-date: /home/user/refine_plan_v2/install/action_interfaces/share/action_interfaces/action/GoBackHome.action
[16.152s] -- Up-to-date: /home/user/refine_plan_v2/install/action_interfaces/share/action_interfaces/action/GoToPose.action
[16.152s] -- Up-to-date: /home/user/refine_plan_v2/install/action_interfaces/share/action_interfaces/action/PickObject.action
[16.153s] -- Up-to-date: /home/user/refine_plan_v2/install/action_interfaces/share/action_interfaces/action/PlaceObject.action
[16.153s] -- Installing: /home/user/refine_plan_v2/install/action_interfaces/share/action_interfaces/action/GoalCheck.action
[16.153s] -- Installing: /home/user/refine_plan_v2/install/action_interfaces/share/action_interfaces/action/GetSceneGraph.action
[16.153s] -- Up-to-date: /home/user/refine_plan_v2/install/action_interfaces/share/ament_index/resource_index/package_run_dependencies/action_interfaces
[16.153s] -- Installing: /home/user/refine_plan_v2/install/action_interfaces/share/ament_index/resource_index/parent_prefix_path/action_interfaces
[16.153s] -- Up-to-date: /home/user/refine_plan_v2/install/action_interfaces/share/action_interfaces/environment/ament_prefix_path.sh
[16.153s] -- Installing: /home/user/refine_plan_v2/install/action_interfaces/share/action_interfaces/environment/ament_prefix_path.dsv
[16.153s] -- Up-to-date: /home/user/refine_plan_v2/install/action_interfaces/share/action_interfaces/environment/path.sh
[16.153s] -- Installing: /home/user/refine_plan_v2/install/action_interfaces/share/action_interfaces/environment/path.dsv
[16.154s] -- Up-to-date: /home/user/refine_plan_v2/install/action_interfaces/share/action_interfaces/local_setup.bash
[16.154s] -- Up-to-date: /home/user/refine_plan_v2/install/action_interfaces/share/action_interfaces/local_setup.sh
[16.154s] -- Up-to-date: /home/user/refine_plan_v2/install/action_interfaces/share/action_interfaces/local_setup.zsh
[16.154s] -- Installing: /home/user/refine_plan_v2/install/action_interfaces/share/action_interfaces/local_setup.dsv
[16.154s] -- Installing: /home/user/refine_plan_v2/install/action_interfaces/share/action_interfaces/package.dsv
[16.154s] -- Up-to-date: /home/user/refine_plan_v2/install/action_interfaces/share/ament_index/resource_index/packages/action_interfaces
[16.154s] -- Up-to-date: /home/user/refine_plan_v2/install/action_interfaces/share/action_interfaces/cmake/export_action_interfaces__rosidl_generator_cExport.cmake
[16.154s] -- Up-to-date: /home/user/refine_plan_v2/install/action_interfaces/share/action_interfaces/cmake/export_action_interfaces__rosidl_generator_cExport-noconfig.cmake
[16.155s] -- Up-to-date: /home/user/refine_plan_v2/install/action_interfaces/share/action_interfaces/cmake/export_action_interfaces__rosidl_typesupport_fastrtps_cExport.cmake
[16.155s] -- Up-to-date: /home/user/refine_plan_v2/install/action_interfaces/share/action_interfaces/cmake/export_action_interfaces__rosidl_typesupport_fastrtps_cExport-noconfig.cmake
[16.155s] -- Up-to-date: /home/user/refine_plan_v2/install/action_interfaces/share/action_interfaces/cmake/action_interfaces__rosidl_typesupport_introspection_cExport.cmake
[16.155s] -- Up-to-date: /home/user/refine_plan_v2/install/action_interfaces/share/action_interfaces/cmake/action_interfaces__rosidl_typesupport_introspection_cExport-noconfig.cmake
[16.155s] -- Up-to-date: /home/user/refine_plan_v2/install/action_interfaces/share/action_interfaces/cmake/action_interfaces__rosidl_typesupport_cExport.cmake
[16.155s] -- Up-to-date: /home/user/refine_plan_v2/install/action_interfaces/share/action_interfaces/cmake/action_interfaces__rosidl_typesupport_cExport-noconfig.cmake
[16.155s] -- Up-to-date: /home/user/refine_plan_v2/install/action_interfaces/share/action_interfaces/cmake/export_action_interfaces__rosidl_generator_cppExport.cmake
[16.156s] -- Up-to-date: /home/user/refine_plan_v2/install/action_interfaces/share/action_interfaces/cmake/export_action_interfaces__rosidl_typesupport_fastrtps_cppExport.cmake
[16.156s] -- Up-to-date: /home/user/refine_plan_v2/install/action_interfaces/share/action_interfaces/cmake/export_action_interfaces__rosidl_typesupport_fastrtps_cppExport-noconfig.cmake
[16.156s] -- Up-to-date: /home/user/refine_plan_v2/install/action_interfaces/share/action_interfaces/cmake/action_interfaces__rosidl_typesupport_introspection_cppExport.cmake
[16.156s] -- Up-to-date: /home/user/refine_plan_v2/install/action_interfaces/share/action_interfaces/cmake/action_interfaces__rosidl_typesupport_introspection_cppExport-noconfig.cmake
[16.156s] -- Up-to-date: /home/user/refine_plan_v2/install/action_interfaces/share/action_interfaces/cmake/action_interfaces__rosidl_typesupport_cppExport.cmake
[16.156s] -- Up-to-date: /home/user/refine_plan_v2/install/action_interfaces/share/action_interfaces/cmake/action_interfaces__rosidl_typesupport_cppExport-noconfig.cmake
[16.156s] -- Up-to-date: /home/user/refine_plan_v2/install/action_interfaces/share/action_interfaces/cmake/export_action_interfaces__rosidl_generator_pyExport.cmake
[16.156s] -- Up-to-date: /home/user/refine_plan_v2/install/action_interfaces/share/action_interfaces/cmake/export_action_interfaces__rosidl_generator_pyExport-noconfig.cmake
[16.156s] -- Installing: /home/user/refine_plan_v2/install/action_interfaces/share/action_interfaces/cmake/rosidl_cmake-extras.cmake
[16.156s] -- Up-to-date: /home/user/refine_plan_v2/install/action_interfaces/share/action_interfaces/cmake/ament_cmake_export_dependencies-extras.cmake
[16.157s] -- Up-to-date: /home/user/refine_plan_v2/install/action_interfaces/share/action_interfaces/cmake/ament_cmake_export_include_directories-extras.cmake
[16.157s] -- Up-to-date: /home/user/refine_plan_v2/install/action_interfaces/share/action_interfaces/cmake/ament_cmake_export_libraries-extras.cmake
[16.157s] -- Up-to-date: /home/user/refine_plan_v2/install/action_interfaces/share/action_interfaces/cmake/ament_cmake_export_targets-extras.cmake
[16.157s] -- Up-to-date: /home/user/refine_plan_v2/install/action_interfaces/share/action_interfaces/cmake/rosidl_cmake_export_typesupport_targets-extras.cmake
[16.157s] -- Up-to-date: /home/user/refine_plan_v2/install/action_interfaces/share/action_interfaces/cmake/rosidl_cmake_export_typesupport_libraries-extras.cmake
[16.157s] -- Up-to-date: /home/user/refine_plan_v2/install/action_interfaces/share/action_interfaces/cmake/action_interfacesConfig.cmake
[16.157s] -- Up-to-date: /home/user/refine_plan_v2/install/action_interfaces/share/action_interfaces/cmake/action_interfacesConfig-version.cmake
[16.157s] -- Up-to-date: /home/user/refine_plan_v2/install/action_interfaces/share/action_interfaces/package.xml
[16.159s] Invoked command in '/home/user/refine_plan_v2/build/action_interfaces' returned '0': CMAKE_PREFIX_PATH=${CMAKE_PREFIX_PATH}:/home/user/refine_plan_v2/install/simulation:/home/user/refine_plan_v2/install/behaviour_trees:/opt/ros/humble /usr/bin/cmake --install /home/user/refine_plan_v2/build/action_interfaces
