[1.769s] Invoking command in '/home/user/refine_plan_v2/src/simulation': PYTHONPATH=/home/user/refine_plan_v2/build/simulation/prefix_override:/usr/lib/python3/dist-packages/colcon_core/task/python/colcon_distutils_commands:/home/user/refine_plan_v2/install/simulation/lib/python3.10/site-packages:${PYTHONPATH} /usr/bin/python3 -W ignore:setup.py install is deprecated -W ignore:easy_install command is deprecated setup.py egg_info --egg-base ../../build/simulation build --build-base /home/user/refine_plan_v2/build/simulation/build install --record /home/user/refine_plan_v2/build/simulation/install.log --single-version-externally-managed install_data
[2.200s] running egg_info
[2.202s] writing ../../build/simulation/simulation.egg-info/PKG-INFO
[2.203s] writing dependency_links to ../../build/simulation/simulation.egg-info/dependency_links.txt
[2.205s] writing entry points to ../../build/simulation/simulation.egg-info/entry_points.txt
[2.206s] writing requirements to ../../build/simulation/simulation.egg-info/requires.txt
[2.207s] writing top-level names to ../../build/simulation/simulation.egg-info/top_level.txt
[2.220s] reading manifest file '../../build/simulation/simulation.egg-info/SOURCES.txt'
[2.220s] adding license file 'LICENSE'
[2.222s] writing manifest file '../../build/simulation/simulation.egg-info/SOURCES.txt'
[2.222s] running build
[2.223s] running build_py
[2.224s] running install
[2.225s] running install_lib
[2.228s] running install_data
[2.228s] running install_egg_info
[2.232s] removing '/home/user/refine_plan_v2/install/simulation/lib/python3.10/site-packages/simulation-0.0.0-py3.10.egg-info' (and everything under it)
[2.233s] Copying ../../build/simulation/simulation.egg-info to /home/user/refine_plan_v2/install/simulation/lib/python3.10/site-packages/simulation-0.0.0-py3.10.egg-info
[2.234s] running install_scripts
[2.267s] Installing action_server script to /home/user/refine_plan_v2/install/simulation/lib/simulation
[2.267s] Installing observer script to /home/user/refine_plan_v2/install/simulation/lib/simulation
[2.268s] writing list of installed files to '/home/user/refine_plan_v2/build/simulation/install.log'
[2.336s] Invoked command in '/home/user/refine_plan_v2/src/simulation' returned '0': PYTHONPATH=/home/user/refine_plan_v2/build/simulation/prefix_override:/usr/lib/python3/dist-packages/colcon_core/task/python/colcon_distutils_commands:/home/user/refine_plan_v2/install/simulation/lib/python3.10/site-packages:${PYTHONPATH} /usr/bin/python3 -W ignore:setup.py install is deprecated -W ignore:easy_install command is deprecated setup.py egg_info --egg-base ../../build/simulation build --build-base /home/user/refine_plan_v2/build/simulation/build install --record /home/user/refine_plan_v2/build/simulation/install.log --single-version-externally-managed install_data
