[0.172s] DEBUG:colcon:Command line arguments: ['/usr/bin/colcon', 'build']
[0.172s] DEBUG:colcon:Parsed command line arguments: Namespace(log_base=None, log_level=None, verb_name='build', build_base='build', install_base='install', merge_install=False, symlink_install=False, test_result_base=None, continue_on_error=False, executor='parallel', parallel_workers=8, event_handlers=None, ignore_user_meta=False, metas=['./colcon.meta'], base_paths=['.'], packages_ignore=None, packages_ignore_regex=None, paths=None, packages_up_to=None, packages_up_to_regex=None, packages_above=None, packages_above_and_dependencies=None, packages_above_depth=None, packages_select_by_dep=None, packages_skip_by_dep=None, packages_skip_up_to=None, packages_select_build_failed=False, packages_skip_build_finished=False, packages_select_test_failures=False, packages_skip_test_passed=False, packages_select=None, packages_skip=None, packages_select_regex=None, packages_skip_regex=None, packages_start=None, packages_end=None, allow_overriding=[], cmake_args=None, cmake_target=None, cmake_target_skip_unavailable=False, cmake_clean_cache=False, cmake_clean_first=False, cmake_force_configure=False, ament_cmake_args=None, catkin_cmake_args=None, catkin_skip_building_tests=False, mixin_files=None, mixin=None, verb_parser=<colcon_mixin.mixin.mixin_argument.MixinArgumentDecorator object at 0x7a0ff4357df0>, verb_extension=<colcon_core.verb.build.BuildVerb object at 0x7a0ff430e2f0>, main=<bound method BuildVerb.main of <colcon_core.verb.build.BuildVerb object at 0x7a0ff430e2f0>>, mixin_verb=('build',))
[0.587s] Level 1:colcon.colcon_core.package_discovery:discover_packages(colcon_meta) check parameters
[0.587s] Level 1:colcon.colcon_core.package_discovery:discover_packages(recursive) check parameters
[0.587s] Level 1:colcon.colcon_core.package_discovery:discover_packages(ignore) check parameters
[0.587s] Level 1:colcon.colcon_core.package_discovery:discover_packages(path) check parameters
[0.587s] Level 1:colcon.colcon_core.package_discovery:discover_packages(colcon_meta) discover
[0.587s] Level 1:colcon.colcon_core.package_discovery:discover_packages(recursive) discover
[0.587s] INFO:colcon.colcon_core.package_discovery:Crawling recursively for packages in '/home/user/refine_plan_v2'
[0.588s] Level 1:colcon.colcon_core.package_identification:_identify(.) by extensions ['ignore', 'ignore_ament_install']
[0.588s] Level 1:colcon.colcon_core.package_identification:_identify(.) by extension 'ignore'
[0.588s] Level 1:colcon.colcon_core.package_identification:_identify(.) by extension 'ignore_ament_install'
[0.588s] Level 1:colcon.colcon_core.package_identification:_identify(.) by extensions ['colcon_pkg']
[0.588s] Level 1:colcon.colcon_core.package_identification:_identify(.) by extension 'colcon_pkg'
[0.588s] Level 1:colcon.colcon_core.package_identification:_identify(.) by extensions ['colcon_meta']
[0.588s] Level 1:colcon.colcon_core.package_identification:_identify(.) by extension 'colcon_meta'
[0.588s] Level 1:colcon.colcon_core.package_identification:_identify(.) by extensions ['ros']
[0.588s] Level 1:colcon.colcon_core.package_identification:_identify(.) by extension 'ros'
[0.619s] Level 1:colcon.colcon_core.package_identification:_identify(.) by extensions ['cmake', 'python']
[0.619s] Level 1:colcon.colcon_core.package_identification:_identify(.) by extension 'cmake'
[0.620s] Level 1:colcon.colcon_core.package_identification:_identify(.) by extension 'python'
[0.620s] Level 1:colcon.colcon_core.package_identification:_identify(.) by extensions ['python_setup_py']
[0.620s] Level 1:colcon.colcon_core.package_identification:_identify(.) by extension 'python_setup_py'
[0.620s] Level 1:colcon.colcon_core.package_identification:_identify(build) by extensions ['ignore', 'ignore_ament_install']
[0.620s] Level 1:colcon.colcon_core.package_identification:_identify(build) by extension 'ignore'
[0.620s] Level 1:colcon.colcon_core.package_identification:_identify(build) ignored
[0.620s] Level 1:colcon.colcon_core.package_identification:_identify(install) by extensions ['ignore', 'ignore_ament_install']
[0.621s] Level 1:colcon.colcon_core.package_identification:_identify(install) by extension 'ignore'
[0.621s] Level 1:colcon.colcon_core.package_identification:_identify(install) ignored
[0.621s] Level 1:colcon.colcon_core.package_identification:_identify(log) by extensions ['ignore', 'ignore_ament_install']
[0.621s] Level 1:colcon.colcon_core.package_identification:_identify(log) by extension 'ignore'
[0.621s] Level 1:colcon.colcon_core.package_identification:_identify(log) ignored
[0.621s] Level 1:colcon.colcon_core.package_identification:_identify(src) by extensions ['ignore', 'ignore_ament_install']
[0.621s] Level 1:colcon.colcon_core.package_identification:_identify(src) by extension 'ignore'
[0.622s] Level 1:colcon.colcon_core.package_identification:_identify(src) by extension 'ignore_ament_install'
[0.622s] Level 1:colcon.colcon_core.package_identification:_identify(src) by extensions ['colcon_pkg']
[0.622s] Level 1:colcon.colcon_core.package_identification:_identify(src) by extension 'colcon_pkg'
[0.622s] Level 1:colcon.colcon_core.package_identification:_identify(src) by extensions ['colcon_meta']
[0.622s] Level 1:colcon.colcon_core.package_identification:_identify(src) by extension 'colcon_meta'
[0.622s] Level 1:colcon.colcon_core.package_identification:_identify(src) by extensions ['ros']
[0.622s] Level 1:colcon.colcon_core.package_identification:_identify(src) by extension 'ros'
[0.622s] Level 1:colcon.colcon_core.package_identification:_identify(src) by extensions ['cmake', 'python']
[0.622s] Level 1:colcon.colcon_core.package_identification:_identify(src) by extension 'cmake'
[0.622s] Level 1:colcon.colcon_core.package_identification:_identify(src) by extension 'python'
[0.622s] Level 1:colcon.colcon_core.package_identification:_identify(src) by extensions ['python_setup_py']
[0.622s] Level 1:colcon.colcon_core.package_identification:_identify(src) by extension 'python_setup_py'
[0.622s] Level 1:colcon.colcon_core.package_identification:_identify(src/action_interfaces) by extensions ['ignore', 'ignore_ament_install']
[0.623s] Level 1:colcon.colcon_core.package_identification:_identify(src/action_interfaces) by extension 'ignore'
[0.623s] Level 1:colcon.colcon_core.package_identification:_identify(src/action_interfaces) by extension 'ignore_ament_install'
[0.623s] Level 1:colcon.colcon_core.package_identification:_identify(src/action_interfaces) by extensions ['colcon_pkg']
[0.623s] Level 1:colcon.colcon_core.package_identification:_identify(src/action_interfaces) by extension 'colcon_pkg'
[0.623s] Level 1:colcon.colcon_core.package_identification:_identify(src/action_interfaces) by extensions ['colcon_meta']
[0.623s] Level 1:colcon.colcon_core.package_identification:_identify(src/action_interfaces) by extension 'colcon_meta'
[0.623s] Level 1:colcon.colcon_core.package_identification:_identify(src/action_interfaces) by extensions ['ros']
[0.623s] Level 1:colcon.colcon_core.package_identification:_identify(src/action_interfaces) by extension 'ros'
[0.626s] DEBUG:colcon.colcon_core.package_identification:Package 'src/action_interfaces' with type 'ros.ament_cmake' and name 'action_interfaces'
[0.626s] Level 1:colcon.colcon_core.package_identification:_identify(src/behaviour_trees) by extensions ['ignore', 'ignore_ament_install']
[0.627s] Level 1:colcon.colcon_core.package_identification:_identify(src/behaviour_trees) by extension 'ignore'
[0.627s] Level 1:colcon.colcon_core.package_identification:_identify(src/behaviour_trees) by extension 'ignore_ament_install'
[0.627s] Level 1:colcon.colcon_core.package_identification:_identify(src/behaviour_trees) by extensions ['colcon_pkg']
[0.627s] Level 1:colcon.colcon_core.package_identification:_identify(src/behaviour_trees) by extension 'colcon_pkg'
[0.627s] Level 1:colcon.colcon_core.package_identification:_identify(src/behaviour_trees) by extensions ['colcon_meta']
[0.627s] Level 1:colcon.colcon_core.package_identification:_identify(src/behaviour_trees) by extension 'colcon_meta'
[0.627s] Level 1:colcon.colcon_core.package_identification:_identify(src/behaviour_trees) by extensions ['ros']
[0.627s] Level 1:colcon.colcon_core.package_identification:_identify(src/behaviour_trees) by extension 'ros'
[0.628s] DEBUG:colcon.colcon_core.package_identification:Package 'src/behaviour_trees' with type 'ros.ament_python' and name 'behaviour_trees'
[0.628s] Level 1:colcon.colcon_core.package_identification:_identify(src/simulation) by extensions ['ignore', 'ignore_ament_install']
[0.629s] Level 1:colcon.colcon_core.package_identification:_identify(src/simulation) by extension 'ignore'
[0.629s] Level 1:colcon.colcon_core.package_identification:_identify(src/simulation) by extension 'ignore_ament_install'
[0.629s] Level 1:colcon.colcon_core.package_identification:_identify(src/simulation) by extensions ['colcon_pkg']
[0.629s] Level 1:colcon.colcon_core.package_identification:_identify(src/simulation) by extension 'colcon_pkg'
[0.629s] Level 1:colcon.colcon_core.package_identification:_identify(src/simulation) by extensions ['colcon_meta']
[0.629s] Level 1:colcon.colcon_core.package_identification:_identify(src/simulation) by extension 'colcon_meta'
[0.629s] Level 1:colcon.colcon_core.package_identification:_identify(src/simulation) by extensions ['ros']
[0.629s] Level 1:colcon.colcon_core.package_identification:_identify(src/simulation) by extension 'ros'
[0.630s] DEBUG:colcon.colcon_core.package_identification:Package 'src/simulation' with type 'ros.ament_python' and name 'simulation'
[0.630s] Level 1:colcon.colcon_core.package_discovery:discover_packages(recursive) using defaults
[0.630s] Level 1:colcon.colcon_core.package_discovery:discover_packages(ignore) discover
[0.630s] Level 1:colcon.colcon_core.package_discovery:discover_packages(ignore) using defaults
[0.630s] Level 1:colcon.colcon_core.package_discovery:discover_packages(path) discover
[0.630s] Level 1:colcon.colcon_core.package_discovery:discover_packages(path) using defaults
[0.674s] Level 1:colcon.colcon_core.package_discovery:discover_packages(prefix_path) check parameters
[0.674s] Level 1:colcon.colcon_core.package_discovery:discover_packages(prefix_path) discover
[0.682s] DEBUG:colcon.colcon_installed_package_information.package_discovery:Found 469 installed packages in /opt/ros/humble
[0.686s] Level 1:colcon.colcon_core.package_discovery:discover_packages(prefix_path) using defaults
[0.788s] Level 5:colcon.colcon_core.verb:set package 'action_interfaces' build argument 'cmake_args' from command line to 'None'
[0.788s] Level 5:colcon.colcon_core.verb:set package 'action_interfaces' build argument 'cmake_target' from command line to 'None'
[0.788s] Level 5:colcon.colcon_core.verb:set package 'action_interfaces' build argument 'cmake_target_skip_unavailable' from command line to 'False'
[0.788s] Level 5:colcon.colcon_core.verb:set package 'action_interfaces' build argument 'cmake_clean_cache' from command line to 'False'
[0.788s] Level 5:colcon.colcon_core.verb:set package 'action_interfaces' build argument 'cmake_clean_first' from command line to 'False'
[0.788s] Level 5:colcon.colcon_core.verb:set package 'action_interfaces' build argument 'cmake_force_configure' from command line to 'False'
[0.788s] Level 5:colcon.colcon_core.verb:set package 'action_interfaces' build argument 'ament_cmake_args' from command line to 'None'
[0.788s] Level 5:colcon.colcon_core.verb:set package 'action_interfaces' build argument 'catkin_cmake_args' from command line to 'None'
[0.788s] Level 5:colcon.colcon_core.verb:set package 'action_interfaces' build argument 'catkin_skip_building_tests' from command line to 'False'
[0.788s] DEBUG:colcon.colcon_core.verb:Building package 'action_interfaces' with the following arguments: {'ament_cmake_args': None, 'build_base': '/home/user/refine_plan_v2/build/action_interfaces', 'catkin_cmake_args': None, 'catkin_skip_building_tests': False, 'cmake_args': None, 'cmake_clean_cache': False, 'cmake_clean_first': False, 'cmake_force_configure': False, 'cmake_target': None, 'cmake_target_skip_unavailable': False, 'install_base': '/home/user/refine_plan_v2/install/action_interfaces', 'merge_install': False, 'path': '/home/user/refine_plan_v2/src/action_interfaces', 'symlink_install': False, 'test_result_base': None}
[0.788s] Level 5:colcon.colcon_core.verb:set package 'behaviour_trees' build argument 'cmake_args' from command line to 'None'
[0.789s] Level 5:colcon.colcon_core.verb:set package 'behaviour_trees' build argument 'cmake_target' from command line to 'None'
[0.789s] Level 5:colcon.colcon_core.verb:set package 'behaviour_trees' build argument 'cmake_target_skip_unavailable' from command line to 'False'
[0.789s] Level 5:colcon.colcon_core.verb:set package 'behaviour_trees' build argument 'cmake_clean_cache' from command line to 'False'
[0.789s] Level 5:colcon.colcon_core.verb:set package 'behaviour_trees' build argument 'cmake_clean_first' from command line to 'False'
[0.789s] Level 5:colcon.colcon_core.verb:set package 'behaviour_trees' build argument 'cmake_force_configure' from command line to 'False'
[0.789s] Level 5:colcon.colcon_core.verb:set package 'behaviour_trees' build argument 'ament_cmake_args' from command line to 'None'
[0.789s] Level 5:colcon.colcon_core.verb:set package 'behaviour_trees' build argument 'catkin_cmake_args' from command line to 'None'
[0.789s] Level 5:colcon.colcon_core.verb:set package 'behaviour_trees' build argument 'catkin_skip_building_tests' from command line to 'False'
[0.789s] DEBUG:colcon.colcon_core.verb:Building package 'behaviour_trees' with the following arguments: {'ament_cmake_args': None, 'build_base': '/home/user/refine_plan_v2/build/behaviour_trees', 'catkin_cmake_args': None, 'catkin_skip_building_tests': False, 'cmake_args': None, 'cmake_clean_cache': False, 'cmake_clean_first': False, 'cmake_force_configure': False, 'cmake_target': None, 'cmake_target_skip_unavailable': False, 'install_base': '/home/user/refine_plan_v2/install/behaviour_trees', 'merge_install': False, 'path': '/home/user/refine_plan_v2/src/behaviour_trees', 'symlink_install': False, 'test_result_base': None}
[0.789s] Level 5:colcon.colcon_core.verb:set package 'simulation' build argument 'cmake_args' from command line to 'None'
[0.789s] Level 5:colcon.colcon_core.verb:set package 'simulation' build argument 'cmake_target' from command line to 'None'
[0.789s] Level 5:colcon.colcon_core.verb:set package 'simulation' build argument 'cmake_target_skip_unavailable' from command line to 'False'
[0.789s] Level 5:colcon.colcon_core.verb:set package 'simulation' build argument 'cmake_clean_cache' from command line to 'False'
[0.789s] Level 5:colcon.colcon_core.verb:set package 'simulation' build argument 'cmake_clean_first' from command line to 'False'
[0.790s] Level 5:colcon.colcon_core.verb:set package 'simulation' build argument 'cmake_force_configure' from command line to 'False'
[0.790s] Level 5:colcon.colcon_core.verb:set package 'simulation' build argument 'ament_cmake_args' from command line to 'None'
[0.790s] Level 5:colcon.colcon_core.verb:set package 'simulation' build argument 'catkin_cmake_args' from command line to 'None'
[0.790s] Level 5:colcon.colcon_core.verb:set package 'simulation' build argument 'catkin_skip_building_tests' from command line to 'False'
[0.790s] DEBUG:colcon.colcon_core.verb:Building package 'simulation' with the following arguments: {'ament_cmake_args': None, 'build_base': '/home/user/refine_plan_v2/build/simulation', 'catkin_cmake_args': None, 'catkin_skip_building_tests': False, 'cmake_args': None, 'cmake_clean_cache': False, 'cmake_clean_first': False, 'cmake_force_configure': False, 'cmake_target': None, 'cmake_target_skip_unavailable': False, 'install_base': '/home/user/refine_plan_v2/install/simulation', 'merge_install': False, 'path': '/home/user/refine_plan_v2/src/simulation', 'symlink_install': False, 'test_result_base': None}
[0.790s] INFO:colcon.colcon_core.executor:Executing jobs using 'parallel' executor
[0.791s] DEBUG:colcon.colcon_parallel_executor.executor.parallel:run_until_complete
[0.791s] INFO:colcon.colcon_ros.task.ament_cmake.build:Building ROS package in '/home/user/refine_plan_v2/src/action_interfaces' with build type 'ament_cmake'
[0.791s] INFO:colcon.colcon_cmake.task.cmake.build:Building CMake package in '/home/user/refine_plan_v2/src/action_interfaces'
[0.794s] INFO:colcon.colcon_core.plugin_system:Skipping extension 'colcon_core.shell.bat': Not used on non-Windows systems
[0.794s] INFO:colcon.colcon_core.shell:Skip shell extension 'powershell' for command environment: Not usable outside of PowerShell
[0.794s] DEBUG:colcon.colcon_core.shell:Skip shell extension 'dsv' for command environment
[0.798s] INFO:colcon.colcon_ros.task.ament_python.build:Building ROS package in '/home/user/refine_plan_v2/src/behaviour_trees' with build type 'ament_python'
[0.798s] Level 1:colcon.colcon_core.shell:create_environment_hook('behaviour_trees', 'ament_prefix_path')
[0.799s] INFO:colcon.colcon_core.shell:Creating environment hook '/home/user/refine_plan_v2/install/behaviour_trees/share/behaviour_trees/hook/ament_prefix_path.ps1'
[0.807s] INFO:colcon.colcon_core.shell:Creating environment descriptor '/home/user/refine_plan_v2/install/behaviour_trees/share/behaviour_trees/hook/ament_prefix_path.dsv'
[0.813s] INFO:colcon.colcon_core.shell:Creating environment hook '/home/user/refine_plan_v2/install/behaviour_trees/share/behaviour_trees/hook/ament_prefix_path.sh'
[0.817s] INFO:colcon.colcon_core.shell:Skip shell extension 'powershell' for command environment: Not usable outside of PowerShell
[0.818s] DEBUG:colcon.colcon_core.shell:Skip shell extension 'dsv' for command environment
[0.836s] INFO:colcon.colcon_ros.task.ament_python.build:Building ROS package in '/home/user/refine_plan_v2/src/simulation' with build type 'ament_python'
[0.839s] Level 1:colcon.colcon_core.shell:create_environment_hook('simulation', 'ament_prefix_path')
[0.840s] INFO:colcon.colcon_core.shell:Creating environment hook '/home/user/refine_plan_v2/install/simulation/share/simulation/hook/ament_prefix_path.ps1'
[0.841s] INFO:colcon.colcon_core.shell:Creating environment descriptor '/home/user/refine_plan_v2/install/simulation/share/simulation/hook/ament_prefix_path.dsv'
[0.842s] INFO:colcon.colcon_core.shell:Creating environment hook '/home/user/refine_plan_v2/install/simulation/share/simulation/hook/ament_prefix_path.sh'
[0.844s] INFO:colcon.colcon_core.shell:Skip shell extension 'powershell' for command environment: Not usable outside of PowerShell
[0.844s] DEBUG:colcon.colcon_core.shell:Skip shell extension 'dsv' for command environment
[0.885s] DEBUG:colcon.colcon_core.event_handler.log_command:Invoking command in '/home/user/refine_plan_v2/build/action_interfaces': CMAKE_PREFIX_PATH=/opt/ros/humble /usr/bin/cmake --build /home/user/refine_plan_v2/build/action_interfaces -- -j8 -l8
[1.490s] INFO:colcon.colcon_core.task.python.build:Building Python package in '/home/user/refine_plan_v2/src/behaviour_trees'
[1.490s] INFO:colcon.colcon_core.shell:Skip shell extension 'powershell' for command environment: Not usable outside of PowerShell
[1.490s] DEBUG:colcon.colcon_core.shell:Skip shell extension 'dsv' for command environment
[2.067s] INFO:colcon.colcon_core.task.python.build:Building Python package in '/home/user/refine_plan_v2/src/simulation'
[2.067s] INFO:colcon.colcon_core.shell:Skip shell extension 'powershell' for command environment: Not usable outside of PowerShell
[2.067s] DEBUG:colcon.colcon_core.shell:Skip shell extension 'dsv' for command environment
[2.911s] DEBUG:colcon.colcon_core.event_handler.log_command:Invoking command in '/home/user/refine_plan_v2/src/simulation': PYTHONPATH=/home/user/refine_plan_v2/build/simulation/prefix_override:/usr/lib/python3/dist-packages/colcon_core/task/python/colcon_distutils_commands:/home/user/refine_plan_v2/install/simulation/lib/python3.10/site-packages:${PYTHONPATH} /usr/bin/python3 -W ignore:setup.py install is deprecated -W ignore:easy_install command is deprecated setup.py egg_info --egg-base ../../build/simulation build --build-base /home/user/refine_plan_v2/build/simulation/build install --record /home/user/refine_plan_v2/build/simulation/install.log --single-version-externally-managed install_data
[3.095s] DEBUG:colcon.colcon_core.event_handler.log_command:Invoking command in '/home/user/refine_plan_v2/src/behaviour_trees': PYTHONPATH=/home/user/refine_plan_v2/build/behaviour_trees/prefix_override:/usr/lib/python3/dist-packages/colcon_core/task/python/colcon_distutils_commands:/home/user/refine_plan_v2/install/behaviour_trees/lib/python3.10/site-packages:${PYTHONPATH} /usr/bin/python3 -W ignore:setup.py install is deprecated -W ignore:easy_install command is deprecated setup.py egg_info --egg-base ../../build/behaviour_trees build --build-base /home/user/refine_plan_v2/build/behaviour_trees/build install --record /home/user/refine_plan_v2/build/behaviour_trees/install.log --single-version-externally-managed install_data
[3.878s] DEBUG:colcon.colcon_core.event_handler.log_command:Invoked command in '/home/user/refine_plan_v2/src/simulation' returned '0': PYTHONPATH=/home/user/refine_plan_v2/build/simulation/prefix_override:/usr/lib/python3/dist-packages/colcon_core/task/python/colcon_distutils_commands:/home/user/refine_plan_v2/install/simulation/lib/python3.10/site-packages:${PYTHONPATH} /usr/bin/python3 -W ignore:setup.py install is deprecated -W ignore:easy_install command is deprecated setup.py egg_info --egg-base ../../build/simulation build --build-base /home/user/refine_plan_v2/build/simulation/build install --record /home/user/refine_plan_v2/build/simulation/install.log --single-version-externally-managed install_data
[3.884s] Level 1:colcon.colcon_core.environment:checking '/home/user/refine_plan_v2/install/simulation' for CMake module files
[3.885s] Level 1:colcon.colcon_core.environment:checking '/home/user/refine_plan_v2/install/simulation' for CMake config files
[3.890s] Level 1:colcon.colcon_core.environment:checking '/home/user/refine_plan_v2/install/simulation/lib'
[3.891s] Level 1:colcon.colcon_core.environment:checking '/home/user/refine_plan_v2/install/simulation/bin'
[3.892s] Level 1:colcon.colcon_core.environment:checking '/home/user/refine_plan_v2/install/simulation/lib/pkgconfig/simulation.pc'
[3.893s] Level 1:colcon.colcon_core.environment:checking '/home/user/refine_plan_v2/install/simulation/lib/python3.10/site-packages'
[3.894s] Level 1:colcon.colcon_core.shell:create_environment_hook('simulation', 'pythonpath')
[3.895s] INFO:colcon.colcon_core.shell:Creating environment hook '/home/user/refine_plan_v2/install/simulation/share/simulation/hook/pythonpath.ps1'
[3.898s] INFO:colcon.colcon_core.shell:Creating environment descriptor '/home/user/refine_plan_v2/install/simulation/share/simulation/hook/pythonpath.dsv'
[3.901s] INFO:colcon.colcon_core.shell:Creating environment hook '/home/user/refine_plan_v2/install/simulation/share/simulation/hook/pythonpath.sh'
[3.903s] Level 1:colcon.colcon_core.environment:checking '/home/user/refine_plan_v2/install/simulation/bin'
[3.904s] Level 1:colcon.colcon_core.environment:create_environment_scripts_only(simulation)
[3.904s] INFO:colcon.colcon_core.shell:Creating package script '/home/user/refine_plan_v2/install/simulation/share/simulation/package.ps1'
[3.908s] INFO:colcon.colcon_core.shell:Creating package descriptor '/home/user/refine_plan_v2/install/simulation/share/simulation/package.dsv'
[3.910s] INFO:colcon.colcon_core.shell:Creating package script '/home/user/refine_plan_v2/install/simulation/share/simulation/package.sh'
[3.914s] INFO:colcon.colcon_core.shell:Creating package script '/home/user/refine_plan_v2/install/simulation/share/simulation/package.bash'
[3.920s] INFO:colcon.colcon_core.shell:Creating package script '/home/user/refine_plan_v2/install/simulation/share/simulation/package.zsh'
[3.925s] Level 1:colcon.colcon_core.environment:create_file_with_runtime_dependencies(/home/user/refine_plan_v2/install/simulation/share/colcon-core/packages/simulation)
[4.175s] Level 1:colcon.colcon_core.environment:checking '/home/user/refine_plan_v2/install/behaviour_trees' for CMake module files
[4.179s] Level 1:colcon.colcon_core.environment:checking '/home/user/refine_plan_v2/install/behaviour_trees' for CMake config files
[4.177s] DEBUG:colcon.colcon_core.event_handler.log_command:Invoked command in '/home/user/refine_plan_v2/src/behaviour_trees' returned '0': PYTHONPATH=/home/user/refine_plan_v2/build/behaviour_trees/prefix_override:/usr/lib/python3/dist-packages/colcon_core/task/python/colcon_distutils_commands:/home/user/refine_plan_v2/install/behaviour_trees/lib/python3.10/site-packages:${PYTHONPATH} /usr/bin/python3 -W ignore:setup.py install is deprecated -W ignore:easy_install command is deprecated setup.py egg_info --egg-base ../../build/behaviour_trees build --build-base /home/user/refine_plan_v2/build/behaviour_trees/build install --record /home/user/refine_plan_v2/build/behaviour_trees/install.log --single-version-externally-managed install_data
[4.190s] Level 1:colcon.colcon_core.environment:checking '/home/user/refine_plan_v2/install/behaviour_trees/lib'
[4.190s] Level 1:colcon.colcon_core.environment:checking '/home/user/refine_plan_v2/install/behaviour_trees/bin'
[4.190s] Level 1:colcon.colcon_core.environment:checking '/home/user/refine_plan_v2/install/behaviour_trees/lib/pkgconfig/behaviour_trees.pc'
[4.191s] Level 1:colcon.colcon_core.environment:checking '/home/user/refine_plan_v2/install/behaviour_trees/lib/python3.10/site-packages'
[4.191s] Level 1:colcon.colcon_core.shell:create_environment_hook('behaviour_trees', 'pythonpath')
[4.192s] INFO:colcon.colcon_core.shell:Creating environment hook '/home/user/refine_plan_v2/install/behaviour_trees/share/behaviour_trees/hook/pythonpath.ps1'
[4.195s] INFO:colcon.colcon_core.shell:Creating environment descriptor '/home/user/refine_plan_v2/install/behaviour_trees/share/behaviour_trees/hook/pythonpath.dsv'
[4.196s] INFO:colcon.colcon_core.shell:Creating environment hook '/home/user/refine_plan_v2/install/behaviour_trees/share/behaviour_trees/hook/pythonpath.sh'
[4.198s] Level 1:colcon.colcon_core.environment:checking '/home/user/refine_plan_v2/install/behaviour_trees/bin'
[4.198s] Level 1:colcon.colcon_core.environment:create_environment_scripts_only(behaviour_trees)
[4.199s] INFO:colcon.colcon_core.shell:Creating package script '/home/user/refine_plan_v2/install/behaviour_trees/share/behaviour_trees/package.ps1'
[4.201s] INFO:colcon.colcon_core.shell:Creating package descriptor '/home/user/refine_plan_v2/install/behaviour_trees/share/behaviour_trees/package.dsv'
[4.213s] INFO:colcon.colcon_core.shell:Creating package script '/home/user/refine_plan_v2/install/behaviour_trees/share/behaviour_trees/package.sh'
[4.216s] INFO:colcon.colcon_core.shell:Creating package script '/home/user/refine_plan_v2/install/behaviour_trees/share/behaviour_trees/package.bash'
[4.218s] INFO:colcon.colcon_core.shell:Creating package script '/home/user/refine_plan_v2/install/behaviour_trees/share/behaviour_trees/package.zsh'
[4.219s] Level 1:colcon.colcon_core.environment:create_file_with_runtime_dependencies(/home/user/refine_plan_v2/install/behaviour_trees/share/colcon-core/packages/behaviour_trees)
[16.029s] DEBUG:colcon.colcon_core.event_handler.log_command:Invoked command in '/home/user/refine_plan_v2/build/action_interfaces' returned '0': CMAKE_PREFIX_PATH=/opt/ros/humble /usr/bin/cmake --build /home/user/refine_plan_v2/build/action_interfaces -- -j8 -l8
[16.044s] DEBUG:colcon.colcon_core.event_handler.log_command:Invoking command in '/home/user/refine_plan_v2/build/action_interfaces': CMAKE_PREFIX_PATH=/opt/ros/humble /usr/bin/cmake --install /home/user/refine_plan_v2/build/action_interfaces
[16.268s] Level 1:colcon.colcon_core.environment:create_environment_scripts_only(action_interfaces)
[16.270s] Level 1:colcon.colcon_core.environment:checking '/home/user/refine_plan_v2/install/action_interfaces' for CMake module files
[16.272s] Level 1:colcon.colcon_core.environment:checking '/home/user/refine_plan_v2/install/action_interfaces' for CMake config files
[16.278s] Level 1:colcon.colcon_core.shell:create_environment_hook('action_interfaces', 'cmake_prefix_path')
[16.279s] INFO:colcon.colcon_core.shell:Creating environment hook '/home/user/refine_plan_v2/install/action_interfaces/share/action_interfaces/hook/cmake_prefix_path.ps1'
[16.282s] INFO:colcon.colcon_core.shell:Creating environment descriptor '/home/user/refine_plan_v2/install/action_interfaces/share/action_interfaces/hook/cmake_prefix_path.dsv'
[16.284s] INFO:colcon.colcon_core.shell:Creating environment hook '/home/user/refine_plan_v2/install/action_interfaces/share/action_interfaces/hook/cmake_prefix_path.sh'
[16.289s] Level 1:colcon.colcon_core.environment:checking '/home/user/refine_plan_v2/install/action_interfaces/lib'
[16.290s] DEBUG:colcon.colcon_core.event_handler.log_command:Invoked command in '/home/user/refine_plan_v2/build/action_interfaces' returned '0': CMAKE_PREFIX_PATH=/opt/ros/humble /usr/bin/cmake --install /home/user/refine_plan_v2/build/action_interfaces
[16.291s] Level 1:colcon.colcon_core.shell:create_environment_hook('action_interfaces', 'ld_library_path_lib')
[16.292s] INFO:colcon.colcon_core.shell:Creating environment hook '/home/user/refine_plan_v2/install/action_interfaces/share/action_interfaces/hook/ld_library_path_lib.ps1'
[16.295s] INFO:colcon.colcon_core.shell:Creating environment descriptor '/home/user/refine_plan_v2/install/action_interfaces/share/action_interfaces/hook/ld_library_path_lib.dsv'
[16.297s] INFO:colcon.colcon_core.shell:Creating environment hook '/home/user/refine_plan_v2/install/action_interfaces/share/action_interfaces/hook/ld_library_path_lib.sh'
[16.299s] Level 1:colcon.colcon_core.environment:checking '/home/user/refine_plan_v2/install/action_interfaces/bin'
[16.300s] Level 1:colcon.colcon_core.environment:checking '/home/user/refine_plan_v2/install/action_interfaces/lib/pkgconfig/action_interfaces.pc'
[16.301s] Level 1:colcon.colcon_core.environment:checking '/home/user/refine_plan_v2/install/action_interfaces/lib/python3.10/site-packages'
[16.302s] Level 1:colcon.colcon_core.environment:checking '/home/user/refine_plan_v2/install/action_interfaces/bin'
[16.304s] INFO:colcon.colcon_core.shell:Creating package script '/home/user/refine_plan_v2/install/action_interfaces/share/action_interfaces/package.ps1'
[16.305s] INFO:colcon.colcon_core.shell:Creating package descriptor '/home/user/refine_plan_v2/install/action_interfaces/share/action_interfaces/package.dsv'
[16.306s] INFO:colcon.colcon_core.shell:Creating package script '/home/user/refine_plan_v2/install/action_interfaces/share/action_interfaces/package.sh'
[16.308s] INFO:colcon.colcon_core.shell:Creating package script '/home/user/refine_plan_v2/install/action_interfaces/share/action_interfaces/package.bash'
[16.309s] INFO:colcon.colcon_core.shell:Creating package script '/home/user/refine_plan_v2/install/action_interfaces/share/action_interfaces/package.zsh'
[16.312s] Level 1:colcon.colcon_core.environment:create_file_with_runtime_dependencies(/home/user/refine_plan_v2/install/action_interfaces/share/colcon-core/packages/action_interfaces)
[16.317s] Level 1:colcon.colcon_core.environment:create_environment_scripts_only(action_interfaces)
[16.319s] Level 1:colcon.colcon_core.environment:checking '/home/user/refine_plan_v2/install/action_interfaces' for CMake module files
[16.324s] Level 1:colcon.colcon_core.environment:checking '/home/user/refine_plan_v2/install/action_interfaces' for CMake config files
[16.328s] Level 1:colcon.colcon_core.shell:create_environment_hook('action_interfaces', 'cmake_prefix_path')
[16.330s] INFO:colcon.colcon_core.shell:Creating environment hook '/home/user/refine_plan_v2/install/action_interfaces/share/action_interfaces/hook/cmake_prefix_path.ps1'
[16.332s] INFO:colcon.colcon_core.shell:Creating environment descriptor '/home/user/refine_plan_v2/install/action_interfaces/share/action_interfaces/hook/cmake_prefix_path.dsv'
[16.333s] INFO:colcon.colcon_core.shell:Creating environment hook '/home/user/refine_plan_v2/install/action_interfaces/share/action_interfaces/hook/cmake_prefix_path.sh'
[16.334s] Level 1:colcon.colcon_core.environment:checking '/home/user/refine_plan_v2/install/action_interfaces/lib'
[16.334s] Level 1:colcon.colcon_core.shell:create_environment_hook('action_interfaces', 'ld_library_path_lib')
[16.335s] INFO:colcon.colcon_core.shell:Creating environment hook '/home/user/refine_plan_v2/install/action_interfaces/share/action_interfaces/hook/ld_library_path_lib.ps1'
[16.336s] INFO:colcon.colcon_core.shell:Creating environment descriptor '/home/user/refine_plan_v2/install/action_interfaces/share/action_interfaces/hook/ld_library_path_lib.dsv'
[16.337s] INFO:colcon.colcon_core.shell:Creating environment hook '/home/user/refine_plan_v2/install/action_interfaces/share/action_interfaces/hook/ld_library_path_lib.sh'
[16.338s] Level 1:colcon.colcon_core.environment:checking '/home/user/refine_plan_v2/install/action_interfaces/bin'
[16.338s] Level 1:colcon.colcon_core.environment:checking '/home/user/refine_plan_v2/install/action_interfaces/lib/pkgconfig/action_interfaces.pc'
[16.340s] Level 1:colcon.colcon_core.environment:checking '/home/user/refine_plan_v2/install/action_interfaces/lib/python3.10/site-packages'
[16.342s] Level 1:colcon.colcon_core.environment:checking '/home/user/refine_plan_v2/install/action_interfaces/bin'
[16.343s] INFO:colcon.colcon_core.shell:Creating package script '/home/user/refine_plan_v2/install/action_interfaces/share/action_interfaces/package.ps1'
[16.345s] INFO:colcon.colcon_core.shell:Creating package descriptor '/home/user/refine_plan_v2/install/action_interfaces/share/action_interfaces/package.dsv'
[16.346s] INFO:colcon.colcon_core.shell:Creating package script '/home/user/refine_plan_v2/install/action_interfaces/share/action_interfaces/package.sh'
[16.347s] INFO:colcon.colcon_core.shell:Creating package script '/home/user/refine_plan_v2/install/action_interfaces/share/action_interfaces/package.bash'
[16.348s] INFO:colcon.colcon_core.shell:Creating package script '/home/user/refine_plan_v2/install/action_interfaces/share/action_interfaces/package.zsh'
[16.349s] Level 1:colcon.colcon_core.environment:create_file_with_runtime_dependencies(/home/user/refine_plan_v2/install/action_interfaces/share/colcon-core/packages/action_interfaces)
[16.350s] DEBUG:colcon.colcon_parallel_executor.executor.parallel:closing loop
[16.351s] DEBUG:colcon.colcon_parallel_executor.executor.parallel:loop closed
[16.351s] DEBUG:colcon.colcon_parallel_executor.executor.parallel:run_until_complete finished with '0'
[16.351s] DEBUG:colcon.colcon_core.event_reactor:joining thread
[16.364s] INFO:colcon.colcon_core.plugin_system:Skipping extension 'colcon_notification.desktop_notification.terminal_notifier': Not used on non-Darwin systems
[16.364s] INFO:colcon.colcon_core.plugin_system:Skipping extension 'colcon_notification.desktop_notification.win32': Not used on non-Windows systems
[16.365s] INFO:colcon.colcon_notification.desktop_notification:Sending desktop notification using 'notify2'
[16.379s] DEBUG:colcon.colcon_core.event_reactor:joined thread
[16.380s] INFO:colcon.colcon_core.shell:Creating prefix script '/home/user/refine_plan_v2/install/local_setup.ps1'
[16.387s] INFO:colcon.colcon_core.shell:Creating prefix util module '/home/user/refine_plan_v2/install/_local_setup_util_ps1.py'
[16.393s] INFO:colcon.colcon_core.shell:Creating prefix chain script '/home/user/refine_plan_v2/install/setup.ps1'
[16.397s] INFO:colcon.colcon_core.shell:Creating prefix script '/home/user/refine_plan_v2/install/local_setup.sh'
[16.399s] INFO:colcon.colcon_core.shell:Creating prefix util module '/home/user/refine_plan_v2/install/_local_setup_util_sh.py'
[16.400s] INFO:colcon.colcon_core.shell:Creating prefix chain script '/home/user/refine_plan_v2/install/setup.sh'
[16.402s] INFO:colcon.colcon_core.shell:Creating prefix script '/home/user/refine_plan_v2/install/local_setup.bash'
[16.403s] INFO:colcon.colcon_core.shell:Creating prefix chain script '/home/user/refine_plan_v2/install/setup.bash'
[16.407s] INFO:colcon.colcon_core.shell:Creating prefix script '/home/user/refine_plan_v2/install/local_setup.zsh'
[16.412s] INFO:colcon.colcon_core.shell:Creating prefix chain script '/home/user/refine_plan_v2/install/setup.zsh'
