[0.045s] Invoking command in '/home/user/refine_plan_v2/build/action_interfaces': CMAKE_PREFIX_PATH=/opt/ros/humble /usr/bin/cmake --build /home/user/refine_plan_v2/build/action_interfaces -- -j8 -l8
[0.603s] -- Found ament_cmake: 1.3.11 (/opt/ros/humble/share/ament_cmake/cmake)
[0.604s] -- Found ament_lint_auto: 0.12.12 (/opt/ros/humble/share/ament_lint_auto/cmake)
[0.604s] -- Found rosidl_default_generators: 1.2.0 (/opt/ros/humble/share/rosidl_default_generators/cmake)
[0.604s] -- Using all available rosidl_typesupport_c: rosidl_typesupport_fastrtps_c;rosidl_typesupport_introspection_c
[0.604s] -- Found rosidl_adapter: 3.1.6 (/opt/ros/humble/share/rosidl_adapter/cmake)
[0.604s] -- Using all available rosidl_typesupport_cpp: rosidl_typesupport_fastrtps_cpp;rosidl_typesupport_introspection_cpp
[1.190s] -- Found ament_cmake_ros: 0.10.0 (/opt/ros/humble/share/ament_cmake_ros/cmake)
[1.568s] -- Using all available rosidl_typesupport_c: rosidl_typesupport_fastrtps_c;rosidl_typesupport_introspection_c
[2.049s] -- Using all available rosidl_typesupport_cpp: rosidl_typesupport_fastrtps_cpp;rosidl_typesupport_introspection_cpp
[2.075s] -- Found python_cmake_module: 0.10.0 (/opt/ros/humble/share/python_cmake_module/cmake)
[2.134s] -- Using PYTHON_EXECUTABLE: /usr/bin/python3
[2.134s] -- Using PYTHON_INCLUDE_DIRS: /usr/include/python3.10
[2.134s] -- Using PYTHON_LIBRARIES: /usr/lib/x86_64-linux-gnu/libpython3.10.so
[2.187s] -- Added test 'flake8' to check Python code syntax and style conventions
[2.189s] -- Added test 'lint_cmake' to check CMake code style
[2.190s] -- Added test 'pep257' to check Python code against some of the docstring style conventions in PEP 257
[2.192s] -- Added test 'xmllint' to check XML markup files
[2.202s] -- Configuring done
[2.293s] -- Generating done
[2.310s] -- Build files have been written to: /home/user/refine_plan_v2/build/action_interfaces
[2.360s] [  2%] [34m[1mGenerating C code for ROS interfaces[0m
[2.381s] [  4%] [34m[1mGenerating C++ code for ROS interfaces[0m
[2.426s] [  4%] Built target ament_cmake_python_copy_action_interfaces
[3.020s] running egg_info
[3.023s] writing action_interfaces.egg-info/PKG-INFO
[3.024s] writing dependency_links to action_interfaces.egg-info/dependency_links.txt
[3.025s] writing top-level names to action_interfaces.egg-info/top_level.txt
[3.033s] reading manifest file 'action_interfaces.egg-info/SOURCES.txt'
[3.035s] writing manifest file 'action_interfaces.egg-info/SOURCES.txt'
[3.092s] [  4%] Built target ament_cmake_python_build_action_interfaces_egg
[4.807s] [  4%] Built target action_interfaces__cpp
[4.829s] [  6%] [34m[1mGenerating C++ type support dispatch for ROS interfaces[0m
[4.832s] [  8%] [34m[1mGenerating C++ type support for eProsima Fast-RTPS[0m
[4.844s] [ 10%] [34m[1mGenerating C++ introspection for ROS interfaces[0m
[4.865s] [35m[1mConsolidate compiler generated dependencies of target action_interfaces__rosidl_generator_c[0m
[4.905s] [ 12%] [32mBuilding C object CMakeFiles/action_interfaces__rosidl_generator_c.dir/rosidl_generator_c/action_interfaces/action/detail/go_back_home__functions.c.o[0m
[4.909s] [ 14%] [32mBuilding C object CMakeFiles/action_interfaces__rosidl_generator_c.dir/rosidl_generator_c/action_interfaces/action/detail/go_to_pose__functions.c.o[0m
[4.912s] [ 17%] [32mBuilding C object CMakeFiles/action_interfaces__rosidl_generator_c.dir/rosidl_generator_c/action_interfaces/action/detail/pick_object__functions.c.o[0m
[5.292s] [ 19%] [32m[1mLinking C shared library libaction_interfaces__rosidl_generator_c.so[0m
[5.383s] [ 19%] Built target action_interfaces__rosidl_generator_c
[5.436s] [ 21%] [34m[1mGenerating C type support for eProsima Fast-RTPS[0m
[5.437s] [ 23%] [34m[1mGenerating C introspection for ROS interfaces[0m
[5.437s] [ 25%] [34m[1mGenerating C type support dispatch for ROS interfaces[0m
[6.480s] [35m[1mConsolidate compiler generated dependencies of target action_interfaces__rosidl_typesupport_cpp[0m
[6.503s] [ 27%] [32mBuilding CXX object CMakeFiles/action_interfaces__rosidl_typesupport_cpp.dir/rosidl_typesupport_cpp/action_interfaces/action/go_to_pose__type_support.cpp.o[0m
[6.505s] [ 31%] [32mBuilding CXX object CMakeFiles/action_interfaces__rosidl_typesupport_cpp.dir/rosidl_typesupport_cpp/action_interfaces/action/go_back_home__type_support.cpp.o[0m
[6.512s] [ 29%] [32mBuilding CXX object CMakeFiles/action_interfaces__rosidl_typesupport_cpp.dir/rosidl_typesupport_cpp/action_interfaces/action/pick_object__type_support.cpp.o[0m
[6.984s] [35m[1mConsolidate compiler generated dependencies of target action_interfaces__rosidl_typesupport_c[0m
[7.004s] [ 34%] [32mBuilding CXX object CMakeFiles/action_interfaces__rosidl_typesupport_c.dir/rosidl_typesupport_c/action_interfaces/action/go_back_home__type_support.cpp.o[0m
[7.186s] [ 36%] [32mBuilding CXX object CMakeFiles/action_interfaces__rosidl_typesupport_c.dir/rosidl_typesupport_c/action_interfaces/action/go_to_pose__type_support.cpp.o[0m
[7.251s] [35m[1mConsolidate compiler generated dependencies of target action_interfaces__rosidl_typesupport_introspection_cpp[0m
[7.288s] [ 38%] [32mBuilding CXX object CMakeFiles/action_interfaces__rosidl_typesupport_introspection_cpp.dir/rosidl_typesupport_introspection_cpp/action_interfaces/action/detail/go_back_home__type_support.cpp.o[0m
[7.357s] [ 40%] [32mBuilding CXX object CMakeFiles/action_interfaces__rosidl_typesupport_c.dir/rosidl_typesupport_c/action_interfaces/action/pick_object__type_support.cpp.o[0m
[7.449s] [ 42%] [32m[1mLinking CXX shared library libaction_interfaces__rosidl_typesupport_c.so[0m
[7.534s] [ 42%] Built target action_interfaces__rosidl_typesupport_c
[7.555s] [ 44%] [32mBuilding CXX object CMakeFiles/action_interfaces__rosidl_typesupport_introspection_cpp.dir/rosidl_typesupport_introspection_cpp/action_interfaces/action/detail/go_to_pose__type_support.cpp.o[0m
[7.736s] [35m[1mConsolidate compiler generated dependencies of target action_interfaces__rosidl_typesupport_fastrtps_cpp[0m
[7.795s] [ 46%] [32mBuilding CXX object CMakeFiles/action_interfaces__rosidl_typesupport_fastrtps_cpp.dir/rosidl_typesupport_fastrtps_cpp/action_interfaces/action/detail/dds_fastrtps/go_back_home__type_support.cpp.o[0m
[7.851s] [ 48%] [32mBuilding CXX object CMakeFiles/action_interfaces__rosidl_typesupport_fastrtps_cpp.dir/rosidl_typesupport_fastrtps_cpp/action_interfaces/action/detail/dds_fastrtps/go_to_pose__type_support.cpp.o[0m
[7.900s] [ 51%] [32mBuilding CXX object CMakeFiles/action_interfaces__rosidl_typesupport_fastrtps_cpp.dir/rosidl_typesupport_fastrtps_cpp/action_interfaces/action/detail/dds_fastrtps/pick_object__type_support.cpp.o[0m
[7.906s] [ 53%] [32m[1mLinking CXX shared library libaction_interfaces__rosidl_typesupport_cpp.so[0m
[7.946s] [35m[1mConsolidate compiler generated dependencies of target action_interfaces__rosidl_typesupport_introspection_c[0m
[7.986s] [ 55%] [32mBuilding C object CMakeFiles/action_interfaces__rosidl_typesupport_introspection_c.dir/rosidl_typesupport_introspection_c/action_interfaces/action/detail/go_back_home__type_support.c.o[0m
[8.027s] [ 55%] Built target action_interfaces__rosidl_typesupport_cpp
[8.044s] [ 57%] [32mBuilding C object CMakeFiles/action_interfaces__rosidl_typesupport_introspection_c.dir/rosidl_typesupport_introspection_c/action_interfaces/action/detail/go_to_pose__type_support.c.o[0m
[8.135s] [ 59%] [32mBuilding CXX object CMakeFiles/action_interfaces__rosidl_typesupport_introspection_cpp.dir/rosidl_typesupport_introspection_cpp/action_interfaces/action/detail/pick_object__type_support.cpp.o[0m
[8.238s] [ 61%] [32mBuilding C object CMakeFiles/action_interfaces__rosidl_typesupport_introspection_c.dir/rosidl_typesupport_introspection_c/action_interfaces/action/detail/pick_object__type_support.c.o[0m
[8.340s] [35m[1mConsolidate compiler generated dependencies of target action_interfaces__rosidl_typesupport_fastrtps_c[0m
[8.377s] [ 63%] [32mBuilding CXX object CMakeFiles/action_interfaces__rosidl_typesupport_fastrtps_c.dir/rosidl_typesupport_fastrtps_c/action_interfaces/action/detail/go_back_home__type_support_c.cpp.o[0m
[8.393s] [ 65%] [32m[1mLinking C shared library libaction_interfaces__rosidl_typesupport_introspection_c.so[0m
[8.472s] [ 65%] Built target action_interfaces__rosidl_typesupport_introspection_c
[8.489s] [ 68%] [32mBuilding CXX object CMakeFiles/action_interfaces__rosidl_typesupport_fastrtps_c.dir/rosidl_typesupport_fastrtps_c/action_interfaces/action/detail/go_to_pose__type_support_c.cpp.o[0m
[9.045s] [ 70%] [32mBuilding CXX object CMakeFiles/action_interfaces__rosidl_typesupport_fastrtps_c.dir/rosidl_typesupport_fastrtps_c/action_interfaces/action/detail/pick_object__type_support_c.cpp.o[0m
[9.580s] [ 72%] [32m[1mLinking CXX shared library libaction_interfaces__rosidl_typesupport_fastrtps_cpp.so[0m
[9.704s] [ 72%] Built target action_interfaces__rosidl_typesupport_fastrtps_cpp
[9.786s] [ 74%] [32m[1mLinking CXX shared library libaction_interfaces__rosidl_typesupport_introspection_cpp.so[0m
[9.876s] [ 76%] [32m[1mLinking CXX shared library libaction_interfaces__rosidl_typesupport_fastrtps_c.so[0m
[9.963s] [ 76%] Built target action_interfaces__rosidl_typesupport_introspection_cpp
[10.053s] [ 76%] Built target action_interfaces__rosidl_typesupport_fastrtps_c
[10.086s] [ 76%] Built target action_interfaces
[10.114s] [ 78%] [34m[1mGenerating Python code for ROS interfaces[0m
[12.647s] [ 78%] Built target action_interfaces__py
[12.664s] [35m[1mConsolidate compiler generated dependencies of target action_interfaces__rosidl_generator_py[0m
[12.680s] [ 85%] [32mBuilding C object CMakeFiles/action_interfaces__rosidl_generator_py.dir/rosidl_generator_py/action_interfaces/action/_go_back_home_s.c.o[0m
[12.680s] [ 85%] [32mBuilding C object CMakeFiles/action_interfaces__rosidl_generator_py.dir/rosidl_generator_py/action_interfaces/action/_pick_object_s.c.o[0m
[12.680s] [ 85%] [32mBuilding C object CMakeFiles/action_interfaces__rosidl_generator_py.dir/rosidl_generator_py/action_interfaces/action/_go_to_pose_s.c.o[0m
[13.008s] [ 87%] [32m[1mLinking C shared library rosidl_generator_py/action_interfaces/libaction_interfaces__rosidl_generator_py.so[0m
[13.113s] [ 87%] Built target action_interfaces__rosidl_generator_py
[13.129s] [35m[1mConsolidate compiler generated dependencies of target action_interfaces__rosidl_typesupport_introspection_c__pyext[0m
[13.129s] [35m[1mConsolidate compiler generated dependencies of target action_interfaces__rosidl_typesupport_c__pyext[0m
[13.129s] [35m[1mConsolidate compiler generated dependencies of target action_interfaces__rosidl_typesupport_fastrtps_c__pyext[0m
[13.148s] [ 93%] [32mBuilding C object CMakeFiles/action_interfaces__rosidl_typesupport_fastrtps_c__pyext.dir/rosidl_generator_py/action_interfaces/_action_interfaces_s.ep.rosidl_typesupport_fastrtps_c.c.o[0m
[13.149s] [ 93%] [32mBuilding C object CMakeFiles/action_interfaces__rosidl_typesupport_c__pyext.dir/rosidl_generator_py/action_interfaces/_action_interfaces_s.ep.rosidl_typesupport_c.c.o[0m
[13.149s] [ 93%] [32mBuilding C object CMakeFiles/action_interfaces__rosidl_typesupport_introspection_c__pyext.dir/rosidl_generator_py/action_interfaces/_action_interfaces_s.ep.rosidl_typesupport_introspection_c.c.o[0m
[13.454s] [ 95%] [32m[1mLinking C shared library rosidl_generator_py/action_interfaces/action_interfaces_s__rosidl_typesupport_c.cpython-310-x86_64-linux-gnu.so[0m
[13.460s] [ 97%] [32m[1mLinking C shared library rosidl_generator_py/action_interfaces/action_interfaces_s__rosidl_typesupport_fastrtps_c.cpython-310-x86_64-linux-gnu.so[0m
[13.461s] [100%] [32m[1mLinking C shared library rosidl_generator_py/action_interfaces/action_interfaces_s__rosidl_typesupport_introspection_c.cpython-310-x86_64-linux-gnu.so[0m
[13.537s] [100%] Built target action_interfaces__rosidl_typesupport_c__pyext
[13.576s] [100%] Built target action_interfaces__rosidl_typesupport_introspection_c__pyext
[13.577s] [100%] Built target action_interfaces__rosidl_typesupport_fastrtps_c__pyext
[13.596s] Invoked command in '/home/user/refine_plan_v2/build/action_interfaces' returned '0': CMAKE_PREFIX_PATH=/opt/ros/humble /usr/bin/cmake --build /home/user/refine_plan_v2/build/action_interfaces -- -j8 -l8
[13.608s] Invoking command in '/home/user/refine_plan_v2/build/action_interfaces': CMAKE_PREFIX_PATH=/opt/ros/humble /usr/bin/cmake --install /home/user/refine_plan_v2/build/action_interfaces
[13.634s] -- Install configuration: ""
[13.634s] -- Installing: /home/user/refine_plan_v2/install/action_interfaces/share/ament_index/resource_index/rosidl_interfaces/action_interfaces
[13.636s] -- Up-to-date: /home/user/refine_plan_v2/install/action_interfaces/include/action_interfaces/action_interfaces
[13.636s] -- Up-to-date: /home/user/refine_plan_v2/install/action_interfaces/include/action_interfaces/action_interfaces/msg
[13.636s] -- Up-to-date: /home/user/refine_plan_v2/install/action_interfaces/include/action_interfaces/action_interfaces/msg/rosidl_generator_c__visibility_control.h
[13.637s] -- Up-to-date: /home/user/refine_plan_v2/install/action_interfaces/include/action_interfaces/action_interfaces/action
[13.637s] -- Installing: /home/user/refine_plan_v2/install/action_interfaces/include/action_interfaces/action_interfaces/action/pick_object.h
[13.638s] -- Up-to-date: /home/user/refine_plan_v2/install/action_interfaces/include/action_interfaces/action_interfaces/action/detail
[13.638s] -- Installing: /home/user/refine_plan_v2/install/action_interfaces/include/action_interfaces/action_interfaces/action/detail/go_back_home__struct.h
[13.638s] -- Installing: /home/user/refine_plan_v2/install/action_interfaces/include/action_interfaces/action_interfaces/action/detail/pick_object__struct.h
[13.639s] -- Installing: /home/user/refine_plan_v2/install/action_interfaces/include/action_interfaces/action_interfaces/action/detail/go_back_home__functions.c
[13.639s] -- Installing: /home/user/refine_plan_v2/install/action_interfaces/include/action_interfaces/action_interfaces/action/detail/go_to_pose__functions.c
[13.639s] -- Installing: /home/user/refine_plan_v2/install/action_interfaces/include/action_interfaces/action_interfaces/action/detail/pick_object__type_support.h
[13.640s] -- Installing: /home/user/refine_plan_v2/install/action_interfaces/include/action_interfaces/action_interfaces/action/detail/pick_object__functions.h
[13.640s] -- Installing: /home/user/refine_plan_v2/install/action_interfaces/include/action_interfaces/action_interfaces/action/detail/pick_object__functions.c
[13.640s] -- Installing: /home/user/refine_plan_v2/install/action_interfaces/include/action_interfaces/action_interfaces/action/detail/go_to_pose__struct.h
[13.641s] -- Installing: /home/user/refine_plan_v2/install/action_interfaces/include/action_interfaces/action_interfaces/action/detail/go_back_home__functions.h
[13.641s] -- Installing: /home/user/refine_plan_v2/install/action_interfaces/include/action_interfaces/action_interfaces/action/detail/go_to_pose__functions.h
[13.641s] -- Installing: /home/user/refine_plan_v2/install/action_interfaces/include/action_interfaces/action_interfaces/action/detail/go_back_home__type_support.h
[13.641s] -- Installing: /home/user/refine_plan_v2/install/action_interfaces/include/action_interfaces/action_interfaces/action/detail/go_to_pose__type_support.h
[13.642s] -- Installing: /home/user/refine_plan_v2/install/action_interfaces/include/action_interfaces/action_interfaces/action/go_back_home.h
[13.642s] -- Installing: /home/user/refine_plan_v2/install/action_interfaces/include/action_interfaces/action_interfaces/action/go_to_pose.h
[13.642s] -- Up-to-date: /home/user/refine_plan_v2/install/action_interfaces/share/action_interfaces/environment/library_path.sh
[13.642s] -- Installing: /home/user/refine_plan_v2/install/action_interfaces/share/action_interfaces/environment/library_path.dsv
[13.643s] -- Installing: /home/user/refine_plan_v2/install/action_interfaces/lib/libaction_interfaces__rosidl_generator_c.so
[13.643s] -- Set runtime path of "/home/user/refine_plan_v2/install/action_interfaces/lib/libaction_interfaces__rosidl_generator_c.so" to ""
[13.643s] -- Up-to-date: /home/user/refine_plan_v2/install/action_interfaces/include/action_interfaces/action_interfaces
[13.643s] -- Up-to-date: /home/user/refine_plan_v2/install/action_interfaces/include/action_interfaces/action_interfaces/msg
[13.644s] -- Up-to-date: /home/user/refine_plan_v2/install/action_interfaces/include/action_interfaces/action_interfaces/msg/rosidl_typesupport_fastrtps_c__visibility_control.h
[13.644s] -- Up-to-date: /home/user/refine_plan_v2/install/action_interfaces/include/action_interfaces/action_interfaces/action
[13.644s] -- Up-to-date: /home/user/refine_plan_v2/install/action_interfaces/include/action_interfaces/action_interfaces/action/detail
[13.645s] -- Installing: /home/user/refine_plan_v2/install/action_interfaces/include/action_interfaces/action_interfaces/action/detail/go_back_home__rosidl_typesupport_fastrtps_c.h
[13.645s] -- Installing: /home/user/refine_plan_v2/install/action_interfaces/include/action_interfaces/action_interfaces/action/detail/pick_object__rosidl_typesupport_fastrtps_c.h
[13.645s] -- Installing: /home/user/refine_plan_v2/install/action_interfaces/include/action_interfaces/action_interfaces/action/detail/go_to_pose__rosidl_typesupport_fastrtps_c.h
[13.645s] -- Installing: /home/user/refine_plan_v2/install/action_interfaces/lib/libaction_interfaces__rosidl_typesupport_fastrtps_c.so
[13.646s] -- Set runtime path of "/home/user/refine_plan_v2/install/action_interfaces/lib/libaction_interfaces__rosidl_typesupport_fastrtps_c.so" to ""
[13.646s] -- Up-to-date: /home/user/refine_plan_v2/install/action_interfaces/include/action_interfaces/action_interfaces
[13.646s] -- Up-to-date: /home/user/refine_plan_v2/install/action_interfaces/include/action_interfaces/action_interfaces/msg
[13.646s] -- Up-to-date: /home/user/refine_plan_v2/install/action_interfaces/include/action_interfaces/action_interfaces/msg/rosidl_typesupport_introspection_c__visibility_control.h
[13.647s] -- Up-to-date: /home/user/refine_plan_v2/install/action_interfaces/include/action_interfaces/action_interfaces/action
[13.647s] -- Up-to-date: /home/user/refine_plan_v2/install/action_interfaces/include/action_interfaces/action_interfaces/action/detail
[13.647s] -- Installing: /home/user/refine_plan_v2/install/action_interfaces/include/action_interfaces/action_interfaces/action/detail/go_back_home__type_support.c
[13.648s] -- Installing: /home/user/refine_plan_v2/install/action_interfaces/include/action_interfaces/action_interfaces/action/detail/pick_object__rosidl_typesupport_introspection_c.h
[13.648s] -- Installing: /home/user/refine_plan_v2/install/action_interfaces/include/action_interfaces/action_interfaces/action/detail/go_to_pose__type_support.c
[13.648s] -- Installing: /home/user/refine_plan_v2/install/action_interfaces/include/action_interfaces/action_interfaces/action/detail/go_to_pose__rosidl_typesupport_introspection_c.h
[13.648s] -- Installing: /home/user/refine_plan_v2/install/action_interfaces/include/action_interfaces/action_interfaces/action/detail/go_back_home__rosidl_typesupport_introspection_c.h
[13.649s] -- Installing: /home/user/refine_plan_v2/install/action_interfaces/include/action_interfaces/action_interfaces/action/detail/pick_object__type_support.c
[13.649s] -- Installing: /home/user/refine_plan_v2/install/action_interfaces/lib/libaction_interfaces__rosidl_typesupport_introspection_c.so
[13.649s] -- Set runtime path of "/home/user/refine_plan_v2/install/action_interfaces/lib/libaction_interfaces__rosidl_typesupport_introspection_c.so" to ""
[13.649s] -- Installing: /home/user/refine_plan_v2/install/action_interfaces/lib/libaction_interfaces__rosidl_typesupport_c.so
[13.649s] -- Set runtime path of "/home/user/refine_plan_v2/install/action_interfaces/lib/libaction_interfaces__rosidl_typesupport_c.so" to ""
[13.650s] -- Up-to-date: /home/user/refine_plan_v2/install/action_interfaces/include/action_interfaces/action_interfaces
[13.650s] -- Up-to-date: /home/user/refine_plan_v2/install/action_interfaces/include/action_interfaces/action_interfaces/msg
[13.650s] -- Up-to-date: /home/user/refine_plan_v2/install/action_interfaces/include/action_interfaces/action_interfaces/msg/rosidl_generator_cpp__visibility_control.hpp
[13.650s] -- Up-to-date: /home/user/refine_plan_v2/install/action_interfaces/include/action_interfaces/action_interfaces/action
[13.651s] -- Installing: /home/user/refine_plan_v2/install/action_interfaces/include/action_interfaces/action_interfaces/action/pick_object.hpp
[13.651s] -- Installing: /home/user/refine_plan_v2/install/action_interfaces/include/action_interfaces/action_interfaces/action/go_back_home.hpp
[13.651s] -- Up-to-date: /home/user/refine_plan_v2/install/action_interfaces/include/action_interfaces/action_interfaces/action/detail
[13.651s] -- Installing: /home/user/refine_plan_v2/install/action_interfaces/include/action_interfaces/action_interfaces/action/detail/go_back_home__type_support.hpp
[13.652s] -- Installing: /home/user/refine_plan_v2/install/action_interfaces/include/action_interfaces/action_interfaces/action/detail/go_to_pose__type_support.hpp
[13.652s] -- Installing: /home/user/refine_plan_v2/install/action_interfaces/include/action_interfaces/action_interfaces/action/detail/pick_object__type_support.hpp
[13.652s] -- Installing: /home/user/refine_plan_v2/install/action_interfaces/include/action_interfaces/action_interfaces/action/detail/go_to_pose__builder.hpp
[13.652s] -- Installing: /home/user/refine_plan_v2/install/action_interfaces/include/action_interfaces/action_interfaces/action/detail/pick_object__builder.hpp
[13.652s] -- Installing: /home/user/refine_plan_v2/install/action_interfaces/include/action_interfaces/action_interfaces/action/detail/go_back_home__traits.hpp
[13.653s] -- Installing: /home/user/refine_plan_v2/install/action_interfaces/include/action_interfaces/action_interfaces/action/detail/pick_object__traits.hpp
[13.653s] -- Installing: /home/user/refine_plan_v2/install/action_interfaces/include/action_interfaces/action_interfaces/action/detail/pick_object__struct.hpp
[13.653s] -- Installing: /home/user/refine_plan_v2/install/action_interfaces/include/action_interfaces/action_interfaces/action/detail/go_to_pose__struct.hpp
[13.653s] -- Installing: /home/user/refine_plan_v2/install/action_interfaces/include/action_interfaces/action_interfaces/action/detail/go_back_home__builder.hpp
[13.653s] -- Installing: /home/user/refine_plan_v2/install/action_interfaces/include/action_interfaces/action_interfaces/action/detail/go_to_pose__traits.hpp
[13.653s] -- Installing: /home/user/refine_plan_v2/install/action_interfaces/include/action_interfaces/action_interfaces/action/detail/go_back_home__struct.hpp
[13.654s] -- Installing: /home/user/refine_plan_v2/install/action_interfaces/include/action_interfaces/action_interfaces/action/go_to_pose.hpp
[13.654s] -- Up-to-date: /home/user/refine_plan_v2/install/action_interfaces/include/action_interfaces/action_interfaces
[13.654s] -- Up-to-date: /home/user/refine_plan_v2/install/action_interfaces/include/action_interfaces/action_interfaces/msg
[13.654s] -- Up-to-date: /home/user/refine_plan_v2/install/action_interfaces/include/action_interfaces/action_interfaces/msg/rosidl_typesupport_fastrtps_cpp__visibility_control.h
[13.655s] -- Up-to-date: /home/user/refine_plan_v2/install/action_interfaces/include/action_interfaces/action_interfaces/action
[13.655s] -- Up-to-date: /home/user/refine_plan_v2/install/action_interfaces/include/action_interfaces/action_interfaces/action/detail
[13.655s] -- Installing: /home/user/refine_plan_v2/install/action_interfaces/include/action_interfaces/action_interfaces/action/detail/go_to_pose__rosidl_typesupport_fastrtps_cpp.hpp
[13.655s] -- Installing: /home/user/refine_plan_v2/install/action_interfaces/include/action_interfaces/action_interfaces/action/detail/pick_object__rosidl_typesupport_fastrtps_cpp.hpp
[13.656s] -- Installing: /home/user/refine_plan_v2/install/action_interfaces/include/action_interfaces/action_interfaces/action/detail/go_back_home__rosidl_typesupport_fastrtps_cpp.hpp
[13.656s] -- Up-to-date: /home/user/refine_plan_v2/install/action_interfaces/include/action_interfaces/action_interfaces/action/detail/dds_fastrtps
[13.656s] -- Installing: /home/user/refine_plan_v2/install/action_interfaces/lib/libaction_interfaces__rosidl_typesupport_fastrtps_cpp.so
[13.656s] -- Set runtime path of "/home/user/refine_plan_v2/install/action_interfaces/lib/libaction_interfaces__rosidl_typesupport_fastrtps_cpp.so" to ""
[13.657s] -- Up-to-date: /home/user/refine_plan_v2/install/action_interfaces/include/action_interfaces/action_interfaces
[13.657s] -- Up-to-date: /home/user/refine_plan_v2/install/action_interfaces/include/action_interfaces/action_interfaces/action
[13.657s] -- Up-to-date: /home/user/refine_plan_v2/install/action_interfaces/include/action_interfaces/action_interfaces/action/detail
[13.657s] -- Installing: /home/user/refine_plan_v2/install/action_interfaces/include/action_interfaces/action_interfaces/action/detail/go_back_home__type_support.cpp
[13.658s] -- Installing: /home/user/refine_plan_v2/install/action_interfaces/include/action_interfaces/action_interfaces/action/detail/pick_object__rosidl_typesupport_introspection_cpp.hpp
[13.658s] -- Installing: /home/user/refine_plan_v2/install/action_interfaces/include/action_interfaces/action_interfaces/action/detail/go_to_pose__type_support.cpp
[13.658s] -- Installing: /home/user/refine_plan_v2/install/action_interfaces/include/action_interfaces/action_interfaces/action/detail/pick_object__type_support.cpp
[13.658s] -- Installing: /home/user/refine_plan_v2/install/action_interfaces/include/action_interfaces/action_interfaces/action/detail/go_back_home__rosidl_typesupport_introspection_cpp.hpp
[13.658s] -- Installing: /home/user/refine_plan_v2/install/action_interfaces/include/action_interfaces/action_interfaces/action/detail/go_to_pose__rosidl_typesupport_introspection_cpp.hpp
[13.658s] -- Installing: /home/user/refine_plan_v2/install/action_interfaces/lib/libaction_interfaces__rosidl_typesupport_introspection_cpp.so
[13.659s] -- Set runtime path of "/home/user/refine_plan_v2/install/action_interfaces/lib/libaction_interfaces__rosidl_typesupport_introspection_cpp.so" to ""
[13.659s] -- Installing: /home/user/refine_plan_v2/install/action_interfaces/lib/libaction_interfaces__rosidl_typesupport_cpp.so
[13.659s] -- Set runtime path of "/home/user/refine_plan_v2/install/action_interfaces/lib/libaction_interfaces__rosidl_typesupport_cpp.so" to ""
[13.659s] -- Up-to-date: /home/user/refine_plan_v2/install/action_interfaces/share/action_interfaces/environment/pythonpath.sh
[13.659s] -- Installing: /home/user/refine_plan_v2/install/action_interfaces/share/action_interfaces/environment/pythonpath.dsv
[13.660s] -- Up-to-date: /home/user/refine_plan_v2/install/action_interfaces/local/lib/python3.10/dist-packages/action_interfaces-0.0.0-py3.10.egg-info
[13.660s] -- Installing: /home/user/refine_plan_v2/install/action_interfaces/local/lib/python3.10/dist-packages/action_interfaces-0.0.0-py3.10.egg-info/top_level.txt
[13.660s] -- Installing: /home/user/refine_plan_v2/install/action_interfaces/local/lib/python3.10/dist-packages/action_interfaces-0.0.0-py3.10.egg-info/SOURCES.txt
[13.660s] -- Installing: /home/user/refine_plan_v2/install/action_interfaces/local/lib/python3.10/dist-packages/action_interfaces-0.0.0-py3.10.egg-info/dependency_links.txt
[13.660s] -- Installing: /home/user/refine_plan_v2/install/action_interfaces/local/lib/python3.10/dist-packages/action_interfaces-0.0.0-py3.10.egg-info/PKG-INFO
[13.660s] -- Up-to-date: /home/user/refine_plan_v2/install/action_interfaces/local/lib/python3.10/dist-packages/action_interfaces
[13.661s] -- Installing: /home/user/refine_plan_v2/install/action_interfaces/local/lib/python3.10/dist-packages/action_interfaces/_action_interfaces_s.ep.rosidl_typesupport_c.c
[13.661s] -- Installing: /home/user/refine_plan_v2/install/action_interfaces/local/lib/python3.10/dist-packages/action_interfaces/_action_interfaces_s.ep.rosidl_typesupport_introspection_c.c
[13.661s] -- Installing: /home/user/refine_plan_v2/install/action_interfaces/local/lib/python3.10/dist-packages/action_interfaces/action_interfaces_s__rosidl_typesupport_introspection_c.cpython-310-x86_64-linux-gnu.so
[13.661s] -- Installing: /home/user/refine_plan_v2/install/action_interfaces/local/lib/python3.10/dist-packages/action_interfaces/action_interfaces_s__rosidl_typesupport_c.cpython-310-x86_64-linux-gnu.so
[13.661s] -- Installing: /home/user/refine_plan_v2/install/action_interfaces/local/lib/python3.10/dist-packages/action_interfaces/_action_interfaces_s.ep.rosidl_typesupport_fastrtps_c.c
[13.661s] -- Installing: /home/user/refine_plan_v2/install/action_interfaces/local/lib/python3.10/dist-packages/action_interfaces/action_interfaces_s__rosidl_typesupport_fastrtps_c.cpython-310-x86_64-linux-gnu.so
[13.661s] -- Installing: /home/user/refine_plan_v2/install/action_interfaces/local/lib/python3.10/dist-packages/action_interfaces/libaction_interfaces__rosidl_generator_py.so
[13.661s] -- Up-to-date: /home/user/refine_plan_v2/install/action_interfaces/local/lib/python3.10/dist-packages/action_interfaces/action
[13.662s] -- Installing: /home/user/refine_plan_v2/install/action_interfaces/local/lib/python3.10/dist-packages/action_interfaces/action/_go_back_home_s.c
[13.662s] -- Installing: /home/user/refine_plan_v2/install/action_interfaces/local/lib/python3.10/dist-packages/action_interfaces/action/_go_to_pose.py
[13.662s] -- Installing: /home/user/refine_plan_v2/install/action_interfaces/local/lib/python3.10/dist-packages/action_interfaces/action/_go_to_pose_s.c
[13.662s] -- Installing: /home/user/refine_plan_v2/install/action_interfaces/local/lib/python3.10/dist-packages/action_interfaces/action/_go_back_home.py
[13.663s] -- Installing: /home/user/refine_plan_v2/install/action_interfaces/local/lib/python3.10/dist-packages/action_interfaces/action/_pick_object_s.c
[13.663s] -- Installing: /home/user/refine_plan_v2/install/action_interfaces/local/lib/python3.10/dist-packages/action_interfaces/action/_pick_object.py
[13.663s] -- Installing: /home/user/refine_plan_v2/install/action_interfaces/local/lib/python3.10/dist-packages/action_interfaces/action/__init__.py
[13.664s] -- Installing: /home/user/refine_plan_v2/install/action_interfaces/local/lib/python3.10/dist-packages/action_interfaces/__init__.py
[13.785s] Listing '/home/user/refine_plan_v2/install/action_interfaces/local/lib/python3.10/dist-packages/action_interfaces'...
[13.785s] Compiling '/home/user/refine_plan_v2/install/action_interfaces/local/lib/python3.10/dist-packages/action_interfaces/__init__.py'...
[13.785s] Listing '/home/user/refine_plan_v2/install/action_interfaces/local/lib/python3.10/dist-packages/action_interfaces/action'...
[13.785s] Compiling '/home/user/refine_plan_v2/install/action_interfaces/local/lib/python3.10/dist-packages/action_interfaces/action/__init__.py'...
[13.785s] Compiling '/home/user/refine_plan_v2/install/action_interfaces/local/lib/python3.10/dist-packages/action_interfaces/action/_go_back_home.py'...
[13.786s] Compiling '/home/user/refine_plan_v2/install/action_interfaces/local/lib/python3.10/dist-packages/action_interfaces/action/_go_to_pose.py'...
[13.786s] Compiling '/home/user/refine_plan_v2/install/action_interfaces/local/lib/python3.10/dist-packages/action_interfaces/action/_pick_object.py'...
[13.795s] -- Installing: /home/user/refine_plan_v2/install/action_interfaces/local/lib/python3.10/dist-packages/action_interfaces/action_interfaces_s__rosidl_typesupport_fastrtps_c.cpython-310-x86_64-linux-gnu.so
[13.796s] -- Set runtime path of "/home/user/refine_plan_v2/install/action_interfaces/local/lib/python3.10/dist-packages/action_interfaces/action_interfaces_s__rosidl_typesupport_fastrtps_c.cpython-310-x86_64-linux-gnu.so" to ""
[13.797s] -- Installing: /home/user/refine_plan_v2/install/action_interfaces/local/lib/python3.10/dist-packages/action_interfaces/action_interfaces_s__rosidl_typesupport_introspection_c.cpython-310-x86_64-linux-gnu.so
[13.798s] -- Set runtime path of "/home/user/refine_plan_v2/install/action_interfaces/local/lib/python3.10/dist-packages/action_interfaces/action_interfaces_s__rosidl_typesupport_introspection_c.cpython-310-x86_64-linux-gnu.so" to ""
[13.799s] -- Installing: /home/user/refine_plan_v2/install/action_interfaces/local/lib/python3.10/dist-packages/action_interfaces/action_interfaces_s__rosidl_typesupport_c.cpython-310-x86_64-linux-gnu.so
[13.799s] -- Set runtime path of "/home/user/refine_plan_v2/install/action_interfaces/local/lib/python3.10/dist-packages/action_interfaces/action_interfaces_s__rosidl_typesupport_c.cpython-310-x86_64-linux-gnu.so" to ""
[13.800s] -- Installing: /home/user/refine_plan_v2/install/action_interfaces/lib/libaction_interfaces__rosidl_generator_py.so
[13.800s] -- Set runtime path of "/home/user/refine_plan_v2/install/action_interfaces/lib/libaction_interfaces__rosidl_generator_py.so" to ""
[13.801s] -- Up-to-date: /home/user/refine_plan_v2/install/action_interfaces/share/action_interfaces/action/GoBackHome.idl
[13.801s] -- Up-to-date: /home/user/refine_plan_v2/install/action_interfaces/share/action_interfaces/action/GoToPose.idl
[13.802s] -- Installing: /home/user/refine_plan_v2/install/action_interfaces/share/action_interfaces/action/PickObject.idl
[13.803s] -- Up-to-date: /home/user/refine_plan_v2/install/action_interfaces/share/action_interfaces/action/GoBackHome.action
[13.803s] -- Up-to-date: /home/user/refine_plan_v2/install/action_interfaces/share/action_interfaces/action/GoToPose.action
[13.803s] -- Installing: /home/user/refine_plan_v2/install/action_interfaces/share/action_interfaces/action/PickObject.action
[13.803s] -- Up-to-date: /home/user/refine_plan_v2/install/action_interfaces/share/ament_index/resource_index/package_run_dependencies/action_interfaces
[13.803s] -- Installing: /home/user/refine_plan_v2/install/action_interfaces/share/ament_index/resource_index/parent_prefix_path/action_interfaces
[13.803s] -- Up-to-date: /home/user/refine_plan_v2/install/action_interfaces/share/action_interfaces/environment/ament_prefix_path.sh
[13.804s] -- Installing: /home/user/refine_plan_v2/install/action_interfaces/share/action_interfaces/environment/ament_prefix_path.dsv
[13.804s] -- Up-to-date: /home/user/refine_plan_v2/install/action_interfaces/share/action_interfaces/environment/path.sh
[13.804s] -- Installing: /home/user/refine_plan_v2/install/action_interfaces/share/action_interfaces/environment/path.dsv
[13.804s] -- Up-to-date: /home/user/refine_plan_v2/install/action_interfaces/share/action_interfaces/local_setup.bash
[13.804s] -- Up-to-date: /home/user/refine_plan_v2/install/action_interfaces/share/action_interfaces/local_setup.sh
[13.804s] -- Up-to-date: /home/user/refine_plan_v2/install/action_interfaces/share/action_interfaces/local_setup.zsh
[13.804s] -- Installing: /home/user/refine_plan_v2/install/action_interfaces/share/action_interfaces/local_setup.dsv
[13.804s] -- Installing: /home/user/refine_plan_v2/install/action_interfaces/share/action_interfaces/package.dsv
[13.804s] -- Up-to-date: /home/user/refine_plan_v2/install/action_interfaces/share/ament_index/resource_index/packages/action_interfaces
[13.805s] -- Up-to-date: /home/user/refine_plan_v2/install/action_interfaces/share/action_interfaces/cmake/export_action_interfaces__rosidl_generator_cExport.cmake
[13.805s] -- Up-to-date: /home/user/refine_plan_v2/install/action_interfaces/share/action_interfaces/cmake/export_action_interfaces__rosidl_generator_cExport-noconfig.cmake
[13.805s] -- Up-to-date: /home/user/refine_plan_v2/install/action_interfaces/share/action_interfaces/cmake/export_action_interfaces__rosidl_typesupport_fastrtps_cExport.cmake
[13.805s] -- Up-to-date: /home/user/refine_plan_v2/install/action_interfaces/share/action_interfaces/cmake/export_action_interfaces__rosidl_typesupport_fastrtps_cExport-noconfig.cmake
[13.805s] -- Up-to-date: /home/user/refine_plan_v2/install/action_interfaces/share/action_interfaces/cmake/action_interfaces__rosidl_typesupport_introspection_cExport.cmake
[13.805s] -- Up-to-date: /home/user/refine_plan_v2/install/action_interfaces/share/action_interfaces/cmake/action_interfaces__rosidl_typesupport_introspection_cExport-noconfig.cmake
[13.805s] -- Up-to-date: /home/user/refine_plan_v2/install/action_interfaces/share/action_interfaces/cmake/action_interfaces__rosidl_typesupport_cExport.cmake
[13.805s] -- Up-to-date: /home/user/refine_plan_v2/install/action_interfaces/share/action_interfaces/cmake/action_interfaces__rosidl_typesupport_cExport-noconfig.cmake
[13.805s] -- Up-to-date: /home/user/refine_plan_v2/install/action_interfaces/share/action_interfaces/cmake/export_action_interfaces__rosidl_generator_cppExport.cmake
[13.805s] -- Up-to-date: /home/user/refine_plan_v2/install/action_interfaces/share/action_interfaces/cmake/export_action_interfaces__rosidl_typesupport_fastrtps_cppExport.cmake
[13.806s] -- Up-to-date: /home/user/refine_plan_v2/install/action_interfaces/share/action_interfaces/cmake/export_action_interfaces__rosidl_typesupport_fastrtps_cppExport-noconfig.cmake
[13.806s] -- Up-to-date: /home/user/refine_plan_v2/install/action_interfaces/share/action_interfaces/cmake/action_interfaces__rosidl_typesupport_introspection_cppExport.cmake
[13.806s] -- Up-to-date: /home/user/refine_plan_v2/install/action_interfaces/share/action_interfaces/cmake/action_interfaces__rosidl_typesupport_introspection_cppExport-noconfig.cmake
[13.806s] -- Up-to-date: /home/user/refine_plan_v2/install/action_interfaces/share/action_interfaces/cmake/action_interfaces__rosidl_typesupport_cppExport.cmake
[13.806s] -- Up-to-date: /home/user/refine_plan_v2/install/action_interfaces/share/action_interfaces/cmake/action_interfaces__rosidl_typesupport_cppExport-noconfig.cmake
[13.806s] -- Up-to-date: /home/user/refine_plan_v2/install/action_interfaces/share/action_interfaces/cmake/export_action_interfaces__rosidl_generator_pyExport.cmake
[13.806s] -- Up-to-date: /home/user/refine_plan_v2/install/action_interfaces/share/action_interfaces/cmake/export_action_interfaces__rosidl_generator_pyExport-noconfig.cmake
[13.806s] -- Installing: /home/user/refine_plan_v2/install/action_interfaces/share/action_interfaces/cmake/rosidl_cmake-extras.cmake
[13.806s] -- Up-to-date: /home/user/refine_plan_v2/install/action_interfaces/share/action_interfaces/cmake/ament_cmake_export_dependencies-extras.cmake
[13.806s] -- Up-to-date: /home/user/refine_plan_v2/install/action_interfaces/share/action_interfaces/cmake/ament_cmake_export_include_directories-extras.cmake
[13.806s] -- Up-to-date: /home/user/refine_plan_v2/install/action_interfaces/share/action_interfaces/cmake/ament_cmake_export_libraries-extras.cmake
[13.806s] -- Up-to-date: /home/user/refine_plan_v2/install/action_interfaces/share/action_interfaces/cmake/ament_cmake_export_targets-extras.cmake
[13.806s] -- Up-to-date: /home/user/refine_plan_v2/install/action_interfaces/share/action_interfaces/cmake/rosidl_cmake_export_typesupport_targets-extras.cmake
[13.807s] -- Up-to-date: /home/user/refine_plan_v2/install/action_interfaces/share/action_interfaces/cmake/rosidl_cmake_export_typesupport_libraries-extras.cmake
[13.807s] -- Up-to-date: /home/user/refine_plan_v2/install/action_interfaces/share/action_interfaces/cmake/action_interfacesConfig.cmake
[13.807s] -- Up-to-date: /home/user/refine_plan_v2/install/action_interfaces/share/action_interfaces/cmake/action_interfacesConfig-version.cmake
[13.807s] -- Up-to-date: /home/user/refine_plan_v2/install/action_interfaces/share/action_interfaces/package.xml
[13.810s] Invoked command in '/home/user/refine_plan_v2/build/action_interfaces' returned '0': CMAKE_PREFIX_PATH=/opt/ros/humble /usr/bin/cmake --install /home/user/refine_plan_v2/build/action_interfaces
