connected to simulation
simulation is explicitly stepped
Joint handles retrieved
[LOG] TransitionLogger initialized with ID: 0dec7392-1f16-4179-8e68-aabb4c2237fb
[LOG] MongoDB connection established
[LOG] TransitionLogger initialized with ID: bc9d4643-00bc-4091-9229-1b6d4fa2c638
[LOG] MongoDB connection established
USING STORM: False
Reading data from MongoDB...
Total option moiton param combinations 36
Collected combinations 36
Building state to idx mapping...
Building option ensembles...
pick_column0_top_0: Identifying enabled states...
pick_column0_top_0: Splitting up datasets...
pick_column0_top_0: Learning DBNS...
pick_column0_top_0: Building transition dicts for each DBN
pick_column0_top_0: Starting process for DBN 0
pick_column0_top_0: Starting process for DBN 1
pick_column0_top_0: Starting process for DBN 2
pick_column0_top_0: Starting process for DBN 3
pick_column0_top_0: Received dict for DBN 0
pick_column0_top_0: Received dict for DBN 1
pick_column0_top_0: Received dict for DBN 2
pick_column0_top_0: Received dict for DBN 3
pick_column0_top_0: Sampling transitions and computing reward
pick_column0_top_0: Building transition/reward matrices
pick_column0_left_0: Identifying enabled states...
pick_column0_left_0: Splitting up datasets...
pick_column0_left_0: Learning DBNS...
pick_column0_left_0: Building transition dicts for each DBN
pick_column0_left_0: Starting process for DBN 0
pick_column0_left_0: Starting process for DBN 1
pick_column0_left_0: Starting process for DBN 2
pick_column0_left_0: Starting process for DBN 3
pick_column0_left_0: Received dict for DBN 0
pick_column0_left_0: Received dict for DBN 1
pick_column0_left_0: Received dict for DBN 2
pick_column0_left_0: Received dict for DBN 3
pick_column0_left_0: Sampling transitions and computing reward
pick_column0_left_0: Building transition/reward matrices
pick_column0_right_0: Identifying enabled states...
pick_column0_right_0: Splitting up datasets...
pick_column0_right_0: Learning DBNS...
pick_column0_right_0: Building transition dicts for each DBN
pick_column0_right_0: Starting process for DBN 0
pick_column0_right_0: Starting process for DBN 1
pick_column0_right_0: Starting process for DBN 2
pick_column0_right_0: Starting process for DBN 3
pick_column0_right_0: Received dict for DBN 0
pick_column0_right_0: Received dict for DBN 1
pick_column0_right_0: Received dict for DBN 2
pick_column0_right_0: Received dict for DBN 3
pick_column0_right_0: Sampling transitions and computing reward
pick_column0_right_0: Building transition/reward matrices
pick_column0_front_270: Identifying enabled states...
pick_column0_front_270: Splitting up datasets...
pick_column0_front_270: Learning DBNS...
pick_column0_front_270: Building transition dicts for each DBN
pick_column0_front_270: Starting process for DBN 0
pick_column0_front_270: Starting process for DBN 1
pick_column0_front_270: Starting process for DBN 2
pick_column0_front_270: Starting process for DBN 3
pick_column0_front_270: Received dict for DBN 0
pick_column0_front_270: Received dict for DBN 1
pick_column0_front_270: Received dict for DBN 2
pick_column0_front_270: Received dict for DBN 3
pick_column0_front_270: Sampling transitions and computing reward
pick_column0_front_270: Building transition/reward matrices
pick_column1_top_0: Identifying enabled states...
pick_column1_top_0: Splitting up datasets...
pick_column1_top_0: Learning DBNS...
pick_column1_top_0: Building transition dicts for each DBN
pick_column1_top_0: Starting process for DBN 0
pick_column1_top_0: Starting process for DBN 1
pick_column1_top_0: Starting process for DBN 2
pick_column1_top_0: Starting process for DBN 3
pick_column1_top_0: Received dict for DBN 0
pick_column1_top_0: Received dict for DBN 1
pick_column1_top_0: Received dict for DBN 2
pick_column1_top_0: Received dict for DBN 3
pick_column1_top_0: Sampling transitions and computing reward
pick_column1_top_0: Building transition/reward matrices
pick_column1_left_0: Identifying enabled states...
pick_column1_left_0: Splitting up datasets...
pick_column1_left_0: Learning DBNS...
pick_column1_left_0: Building transition dicts for each DBN
pick_column1_left_0: Starting process for DBN 0
pick_column1_left_0: Starting process for DBN 1
pick_column1_left_0: Starting process for DBN 2
pick_column1_left_0: Starting process for DBN 3
pick_column1_left_0: Received dict for DBN 0
pick_column1_left_0: Received dict for DBN 1
pick_column1_left_0: Received dict for DBN 2
pick_column1_left_0: Received dict for DBN 3
pick_column1_left_0: Sampling transitions and computing reward
pick_column1_left_0: Building transition/reward matrices
pick_column1_right_0: Identifying enabled states...
pick_column1_right_0: Splitting up datasets...
pick_column1_right_0: Learning DBNS...
pick_column1_right_0: Building transition dicts for each DBN
pick_column1_right_0: Starting process for DBN 0
pick_column1_right_0: Starting process for DBN 1
pick_column1_right_0: Starting process for DBN 2
pick_column1_right_0: Starting process for DBN 3
pick_column1_right_0: Received dict for DBN 0
pick_column1_right_0: Received dict for DBN 1
pick_column1_right_0: Received dict for DBN 2
pick_column1_right_0: Received dict for DBN 3
pick_column1_right_0: Sampling transitions and computing reward
pick_column1_right_0: Building transition/reward matrices
pick_column1_front_270: Identifying enabled states...
pick_column1_front_270: Splitting up datasets...
pick_column1_front_270: Learning DBNS...
pick_column1_front_270: Building transition dicts for each DBN
pick_column1_front_270: Starting process for DBN 0
pick_column1_front_270: Starting process for DBN 1
pick_column1_front_270: Starting process for DBN 2
pick_column1_front_270: Starting process for DBN 3
pick_column1_front_270: Received dict for DBN 0
pick_column1_front_270: Received dict for DBN 1
pick_column1_front_270: Received dict for DBN 2
pick_column1_front_270: Received dict for DBN 3
pick_column1_front_270: Sampling transitions and computing reward
pick_column1_front_270: Building transition/reward matrices
pick_column2_top_0: Identifying enabled states...
pick_column2_top_0: Splitting up datasets...
pick_column2_top_0: Learning DBNS...
pick_column2_top_0: Building transition dicts for each DBN
pick_column2_top_0: Starting process for DBN 0
pick_column2_top_0: Starting process for DBN 1
pick_column2_top_0: Starting process for DBN 2
pick_column2_top_0: Starting process for DBN 3
pick_column2_top_0: Received dict for DBN 0
pick_column2_top_0: Received dict for DBN 1
pick_column2_top_0: Received dict for DBN 2
pick_column2_top_0: Received dict for DBN 3
pick_column2_top_0: Sampling transitions and computing reward
pick_column2_top_0: Building transition/reward matrices
pick_column2_left_0: Identifying enabled states...
pick_column2_left_0: Splitting up datasets...
pick_column2_left_0: Learning DBNS...
pick_column2_left_0: Building transition dicts for each DBN
pick_column2_left_0: Starting process for DBN 0
pick_column2_left_0: Starting process for DBN 1
pick_column2_left_0: Starting process for DBN 2
pick_column2_left_0: Starting process for DBN 3
pick_column2_left_0: Received dict for DBN 0
pick_column2_left_0: Received dict for DBN 1
pick_column2_left_0: Received dict for DBN 2
pick_column2_left_0: Received dict for DBN 3
pick_column2_left_0: Sampling transitions and computing reward
pick_column2_left_0: Building transition/reward matrices
pick_column2_right_0: Identifying enabled states...
pick_column2_right_0: Splitting up datasets...
pick_column2_right_0: Learning DBNS...
pick_column2_right_0: Building transition dicts for each DBN
pick_column2_right_0: Starting process for DBN 0
pick_column2_right_0: Starting process for DBN 1
pick_column2_right_0: Starting process for DBN 2
pick_column2_right_0: Starting process for DBN 3
pick_column2_right_0: Received dict for DBN 0
pick_column2_right_0: Received dict for DBN 1
pick_column2_right_0: Received dict for DBN 2
pick_column2_right_0: Received dict for DBN 3
pick_column2_right_0: Sampling transitions and computing reward
pick_column2_right_0: Building transition/reward matrices
pick_column2_front_270: Identifying enabled states...
pick_column2_front_270: Splitting up datasets...
pick_column2_front_270: Learning DBNS...
pick_column2_front_270: Building transition dicts for each DBN
pick_column2_front_270: Starting process for DBN 0
pick_column2_front_270: Starting process for DBN 1
pick_column2_front_270: Starting process for DBN 2
pick_column2_front_270: Starting process for DBN 3
pick_column2_front_270: Received dict for DBN 0
pick_column2_front_270: Received dict for DBN 1
pick_column2_front_270: Received dict for DBN 2
pick_column2_front_270: Received dict for DBN 3
pick_column2_front_270: Sampling transitions and computing reward
pick_column2_front_270: Building transition/reward matrices
place_goal_0_top_0: Identifying enabled states...
place_goal_0_top_0: Splitting up datasets...
place_goal_0_top_0: Learning DBNS...
place_goal_0_top_0: Building transition dicts for each DBN
place_goal_0_top_0: Starting process for DBN 0
place_goal_0_top_0: Starting process for DBN 1
place_goal_0_top_0: Starting process for DBN 2
place_goal_0_top_0: Starting process for DBN 3
place_goal_0_top_0: Received dict for DBN 0
place_goal_0_top_0: Received dict for DBN 1
place_goal_0_top_0: Received dict for DBN 2
place_goal_0_top_0: Received dict for DBN 3
place_goal_0_top_0: Sampling transitions and computing reward
place_goal_0_top_0: Building transition/reward matrices
place_goal_0_left_0: Identifying enabled states...
place_goal_0_left_0: Splitting up datasets...
place_goal_0_left_0: Learning DBNS...
place_goal_0_left_0: Building transition dicts for each DBN
place_goal_0_left_0: Starting process for DBN 0
place_goal_0_left_0: Starting process for DBN 1
place_goal_0_left_0: Starting process for DBN 2
place_goal_0_left_0: Starting process for DBN 3
place_goal_0_left_0: Received dict for DBN 1
place_goal_0_left_0: Received dict for DBN 0
place_goal_0_left_0: Received dict for DBN 2
place_goal_0_left_0: Received dict for DBN 3
place_goal_0_left_0: Sampling transitions and computing reward
place_goal_0_left_0: Building transition/reward matrices
place_goal_0_right_0: Identifying enabled states...
place_goal_0_right_0: Splitting up datasets...
place_goal_0_right_0: Learning DBNS...
place_goal_0_right_0: Building transition dicts for each DBN
place_goal_0_right_0: Starting process for DBN 0
place_goal_0_right_0: Starting process for DBN 1
place_goal_0_right_0: Starting process for DBN 2
place_goal_0_right_0: Starting process for DBN 3
place_goal_0_right_0: Received dict for DBN 0
place_goal_0_right_0: Received dict for DBN 1
place_goal_0_right_0: Received dict for DBN 2
place_goal_0_right_0: Received dict for DBN 3
place_goal_0_right_0: Sampling transitions and computing reward
place_goal_0_right_0: Building transition/reward matrices
place_goal_0_front_270: Identifying enabled states...
place_goal_0_front_270: Splitting up datasets...
place_goal_0_front_270: Learning DBNS...
place_goal_0_front_270: Building transition dicts for each DBN
place_goal_0_front_270: Starting process for DBN 0
place_goal_0_front_270: Starting process for DBN 1
place_goal_0_front_270: Starting process for DBN 2
place_goal_0_front_270: Starting process for DBN 3
place_goal_0_front_270: Received dict for DBN 1
place_goal_0_front_270: Received dict for DBN 0
place_goal_0_front_270: Received dict for DBN 2
place_goal_0_front_270: Received dict for DBN 3
place_goal_0_front_270: Sampling transitions and computing reward
place_goal_0_front_270: Building transition/reward matrices
place_goal_1_top_0: Identifying enabled states...
place_goal_1_top_0: Splitting up datasets...
place_goal_1_top_0: Learning DBNS...
place_goal_1_top_0: Building transition dicts for each DBN
place_goal_1_top_0: Starting process for DBN 0
place_goal_1_top_0: Starting process for DBN 1
place_goal_1_top_0: Starting process for DBN 2
place_goal_1_top_0: Starting process for DBN 3
place_goal_1_top_0: Received dict for DBN 0
place_goal_1_top_0: Received dict for DBN 1
place_goal_1_top_0: Received dict for DBN 2
place_goal_1_top_0: Received dict for DBN 3
place_goal_1_top_0: Sampling transitions and computing reward
place_goal_1_top_0: Building transition/reward matrices
place_goal_1_left_0: Identifying enabled states...
place_goal_1_left_0: Splitting up datasets...
place_goal_1_left_0: Learning DBNS...
place_goal_1_left_0: Building transition dicts for each DBN
place_goal_1_left_0: Starting process for DBN 0
place_goal_1_left_0: Starting process for DBN 1
place_goal_1_left_0: Starting process for DBN 2
place_goal_1_left_0: Starting process for DBN 3
place_goal_1_left_0: Received dict for DBN 0
place_goal_1_left_0: Received dict for DBN 1
place_goal_1_left_0: Received dict for DBN 3
place_goal_1_left_0: Received dict for DBN 2
place_goal_1_left_0: Sampling transitions and computing reward
place_goal_1_left_0: Building transition/reward matrices
place_goal_1_right_0: Identifying enabled states...
place_goal_1_right_0: Splitting up datasets...
place_goal_1_right_0: Learning DBNS...
place_goal_1_right_0: Building transition dicts for each DBN
place_goal_1_right_0: Starting process for DBN 0
place_goal_1_right_0: Starting process for DBN 1
place_goal_1_right_0: Starting process for DBN 2
place_goal_1_right_0: Starting process for DBN 3
place_goal_1_right_0: Received dict for DBN 1
place_goal_1_right_0: Received dict for DBN 0
place_goal_1_right_0: Received dict for DBN 2
place_goal_1_right_0: Received dict for DBN 3
place_goal_1_right_0: Sampling transitions and computing reward
place_goal_1_right_0: Building transition/reward matrices
place_goal_1_front_270: Identifying enabled states...
place_goal_1_front_270: Splitting up datasets...
place_goal_1_front_270: Learning DBNS...
place_goal_1_front_270: Building transition dicts for each DBN
place_goal_1_front_270: Starting process for DBN 0
place_goal_1_front_270: Starting process for DBN 1
place_goal_1_front_270: Starting process for DBN 2
place_goal_1_front_270: Starting process for DBN 3
place_goal_1_front_270: Received dict for DBN 1
place_goal_1_front_270: Received dict for DBN 2
place_goal_1_front_270: Received dict for DBN 0
place_goal_1_front_270: Received dict for DBN 3
place_goal_1_front_270: Sampling transitions and computing reward
place_goal_1_front_270: Building transition/reward matrices
place_goal_2_top_0: Identifying enabled states...
place_goal_2_top_0: Splitting up datasets...
place_goal_2_top_0: Learning DBNS...
place_goal_2_top_0: Building transition dicts for each DBN
place_goal_2_top_0: Starting process for DBN 0
place_goal_2_top_0: Starting process for DBN 1
place_goal_2_top_0: Starting process for DBN 2
place_goal_2_top_0: Starting process for DBN 3
place_goal_2_top_0: Received dict for DBN 0
place_goal_2_top_0: Received dict for DBN 1
place_goal_2_top_0: Received dict for DBN 2
place_goal_2_top_0: Received dict for DBN 3
place_goal_2_top_0: Sampling transitions and computing reward
place_goal_2_top_0: Building transition/reward matrices
place_goal_2_left_0: Identifying enabled states...
place_goal_2_left_0: Splitting up datasets...
place_goal_2_left_0: Learning DBNS...
place_goal_2_left_0: Building transition dicts for each DBN
place_goal_2_left_0: Starting process for DBN 0
place_goal_2_left_0: Starting process for DBN 1
place_goal_2_left_0: Starting process for DBN 2
place_goal_2_left_0: Starting process for DBN 3
place_goal_2_left_0: Received dict for DBN 0
place_goal_2_left_0: Received dict for DBN 1
place_goal_2_left_0: Received dict for DBN 2
place_goal_2_left_0: Received dict for DBN 3
place_goal_2_left_0: Sampling transitions and computing reward
place_goal_2_left_0: Building transition/reward matrices
place_goal_2_right_0: Identifying enabled states...
place_goal_2_right_0: Splitting up datasets...
place_goal_2_right_0: Learning DBNS...
place_goal_2_right_0: Building transition dicts for each DBN
place_goal_2_right_0: Starting process for DBN 0
place_goal_2_right_0: Starting process for DBN 1
place_goal_2_right_0: Starting process for DBN 2
place_goal_2_right_0: Starting process for DBN 3
place_goal_2_right_0: Received dict for DBN 0
place_goal_2_right_0: Received dict for DBN 1
place_goal_2_right_0: Received dict for DBN 2
place_goal_2_right_0: Received dict for DBN 3
place_goal_2_right_0: Sampling transitions and computing reward
place_goal_2_right_0: Building transition/reward matrices
place_goal_2_front_270: Identifying enabled states...
place_goal_2_front_270: Splitting up datasets...
place_goal_2_front_270: Learning DBNS...
place_goal_2_front_270: Building transition dicts for each DBN
place_goal_2_front_270: Starting process for DBN 0
place_goal_2_front_270: Starting process for DBN 1
place_goal_2_front_270: Starting process for DBN 2
place_goal_2_front_270: Starting process for DBN 3
place_goal_2_front_270: Received dict for DBN 0
place_goal_2_front_270: Received dict for DBN 1
place_goal_2_front_270: Received dict for DBN 2
place_goal_2_front_270: Received dict for DBN 3
place_goal_2_front_270: Sampling transitions and computing reward
place_goal_2_front_270: Building transition/reward matrices
place_region_0_top_0: Identifying enabled states...
place_region_0_top_0: Splitting up datasets...
place_region_0_top_0: Learning DBNS...
place_region_0_top_0: Building transition dicts for each DBN
place_region_0_top_0: Starting process for DBN 0
place_region_0_top_0: Starting process for DBN 1
place_region_0_top_0: Starting process for DBN 2
place_region_0_top_0: Starting process for DBN 3
place_region_0_top_0: Received dict for DBN 0
place_region_0_top_0: Received dict for DBN 1
place_region_0_top_0: Received dict for DBN 2
place_region_0_top_0: Received dict for DBN 3
place_region_0_top_0: Sampling transitions and computing reward
place_region_0_top_0: Building transition/reward matrices
place_region_0_left_0: Identifying enabled states...
place_region_0_left_0: Splitting up datasets...
place_region_0_left_0: Learning DBNS...
place_region_0_left_0: Building transition dicts for each DBN
place_region_0_left_0: Starting process for DBN 0
place_region_0_left_0: Starting process for DBN 1
place_region_0_left_0: Starting process for DBN 2
place_region_0_left_0: Starting process for DBN 3
place_region_0_left_0: Received dict for DBN 0
place_region_0_left_0: Received dict for DBN 1
place_region_0_left_0: Received dict for DBN 2
place_region_0_left_0: Received dict for DBN 3
place_region_0_left_0: Sampling transitions and computing reward
place_region_0_left_0: Building transition/reward matrices
place_region_0_right_0: Identifying enabled states...
place_region_0_right_0: Splitting up datasets...
place_region_0_right_0: Learning DBNS...
place_region_0_right_0: Building transition dicts for each DBN
place_region_0_right_0: Starting process for DBN 0
place_region_0_right_0: Starting process for DBN 1
place_region_0_right_0: Starting process for DBN 2
place_region_0_right_0: Starting process for DBN 3
place_region_0_right_0: Received dict for DBN 0
place_region_0_right_0: Received dict for DBN 1
place_region_0_right_0: Received dict for DBN 3
place_region_0_right_0: Received dict for DBN 2
place_region_0_right_0: Sampling transitions and computing reward
place_region_0_right_0: Building transition/reward matrices
place_region_0_front_270: Identifying enabled states...
place_region_0_front_270: Splitting up datasets...
place_region_0_front_270: Learning DBNS...
place_region_0_front_270: Building transition dicts for each DBN
place_region_0_front_270: Starting process for DBN 0
place_region_0_front_270: Starting process for DBN 1
place_region_0_front_270: Starting process for DBN 2
place_region_0_front_270: Starting process for DBN 3
place_region_0_front_270: Received dict for DBN 1
place_region_0_front_270: Received dict for DBN 0
place_region_0_front_270: Received dict for DBN 2
place_region_0_front_270: Received dict for DBN 3
place_region_0_front_270: Sampling transitions and computing reward
place_region_0_front_270: Building transition/reward matrices
place_region_1_top_0: Identifying enabled states...
place_region_1_top_0: Splitting up datasets...
place_region_1_top_0: Learning DBNS...
place_region_1_top_0: Building transition dicts for each DBN
place_region_1_top_0: Starting process for DBN 0
place_region_1_top_0: Starting process for DBN 1
place_region_1_top_0: Starting process for DBN 2
place_region_1_top_0: Starting process for DBN 3
place_region_1_top_0: Received dict for DBN 0
place_region_1_top_0: Received dict for DBN 1
place_region_1_top_0: Received dict for DBN 2
place_region_1_top_0: Received dict for DBN 3
place_region_1_top_0: Sampling transitions and computing reward
place_region_1_top_0: Building transition/reward matrices
place_region_1_left_0: Identifying enabled states...
place_region_1_left_0: Splitting up datasets...
place_region_1_left_0: Learning DBNS...
place_region_1_left_0: Building transition dicts for each DBN
place_region_1_left_0: Starting process for DBN 0
place_region_1_left_0: Starting process for DBN 1
place_region_1_left_0: Starting process for DBN 2
place_region_1_left_0: Starting process for DBN 3
place_region_1_left_0: Received dict for DBN 0
place_region_1_left_0: Received dict for DBN 1
place_region_1_left_0: Received dict for DBN 2
place_region_1_left_0: Received dict for DBN 3
place_region_1_left_0: Sampling transitions and computing reward
place_region_1_left_0: Building transition/reward matrices
place_region_1_right_0: Identifying enabled states...
place_region_1_right_0: Splitting up datasets...
place_region_1_right_0: Learning DBNS...
place_region_1_right_0: Building transition dicts for each DBN
place_region_1_right_0: Starting process for DBN 0
place_region_1_right_0: Starting process for DBN 1
place_region_1_right_0: Starting process for DBN 2
place_region_1_right_0: Starting process for DBN 3
place_region_1_right_0: Received dict for DBN 0
place_region_1_right_0: Received dict for DBN 1
place_region_1_right_0: Received dict for DBN 2
place_region_1_right_0: Received dict for DBN 3
place_region_1_right_0: Sampling transitions and computing reward
place_region_1_right_0: Building transition/reward matrices
place_region_1_front_270: Identifying enabled states...
place_region_1_front_270: Splitting up datasets...
place_region_1_front_270: Learning DBNS...
place_region_1_front_270: Building transition dicts for each DBN
place_region_1_front_270: Starting process for DBN 0
place_region_1_front_270: Starting process for DBN 1
place_region_1_front_270: Starting process for DBN 2
place_region_1_front_270: Starting process for DBN 3
place_region_1_front_270: Received dict for DBN 0
place_region_1_front_270: Received dict for DBN 1
place_region_1_front_270: Received dict for DBN 2
place_region_1_front_270: Received dict for DBN 3
place_region_1_front_270: Sampling transitions and computing reward
place_region_1_front_270: Building transition/reward matrices
place_region_2_top_0: Identifying enabled states...
place_region_2_top_0: Splitting up datasets...
place_region_2_top_0: Learning DBNS...
place_region_2_top_0: Building transition dicts for each DBN
place_region_2_top_0: Starting process for DBN 0
place_region_2_top_0: Starting process for DBN 1
place_region_2_top_0: Starting process for DBN 2
place_region_2_top_0: Starting process for DBN 3
place_region_2_top_0: Received dict for DBN 0
place_region_2_top_0: Received dict for DBN 1
place_region_2_top_0: Received dict for DBN 2
place_region_2_top_0: Received dict for DBN 3
place_region_2_top_0: Sampling transitions and computing reward
place_region_2_top_0: Building transition/reward matrices
place_region_2_left_0: Identifying enabled states...
place_region_2_left_0: Splitting up datasets...
place_region_2_left_0: Learning DBNS...
place_region_2_left_0: Building transition dicts for each DBN
place_region_2_left_0: Starting process for DBN 0
place_region_2_left_0: Starting process for DBN 1
place_region_2_left_0: Starting process for DBN 2
place_region_2_left_0: Starting process for DBN 3
place_region_2_left_0: Received dict for DBN 0
place_region_2_left_0: Received dict for DBN 1
place_region_2_left_0: Received dict for DBN 2
place_region_2_left_0: Received dict for DBN 3
place_region_2_left_0: Sampling transitions and computing reward
place_region_2_left_0: Building transition/reward matrices
place_region_2_right_0: Identifying enabled states...
place_region_2_right_0: Splitting up datasets...
place_region_2_right_0: Learning DBNS...
place_region_2_right_0: Building transition dicts for each DBN
place_region_2_right_0: Starting process for DBN 0
place_region_2_right_0: Starting process for DBN 1
place_region_2_right_0: Starting process for DBN 2
place_region_2_right_0: Starting process for DBN 3
place_region_2_right_0: Received dict for DBN 1
place_region_2_right_0: Received dict for DBN 0
place_region_2_right_0: Received dict for DBN 2
place_region_2_right_0: Received dict for DBN 3
place_region_2_right_0: Sampling transitions and computing reward
place_region_2_right_0: Building transition/reward matrices
place_region_2_front_270: Identifying enabled states...
place_region_2_front_270: Splitting up datasets...
place_region_2_front_270: Learning DBNS...
place_region_2_front_270: Building transition dicts for each DBN
place_region_2_front_270: Starting process for DBN 0
place_region_2_front_270: Starting process for DBN 1
place_region_2_front_270: Starting process for DBN 2
place_region_2_front_270: Starting process for DBN 3
place_region_2_front_270: Received dict for DBN 0
place_region_2_front_270: Received dict for DBN 1
place_region_2_front_270: Received dict for DBN 2
place_region_2_front_270: Received dict for DBN 3
place_region_2_front_270: Sampling transitions and computing reward
place_region_2_front_270: Building transition/reward matrices
Building MDP...
Synthesising Policy...
Solving MDP for timestep: 29
Solving MDP for timestep: 28
Solving MDP for timestep: 27
Solving MDP for timestep: 26
Solving MDP for timestep: 25
Solving MDP for timestep: 24
Solving MDP for timestep: 23
Solving MDP for timestep: 22
Solving MDP for timestep: 21
Solving MDP for timestep: 20
Solving MDP for timestep: 19
Solving MDP for timestep: 18
Solving MDP for timestep: 17
Solving MDP for timestep: 16
Solving MDP for timestep: 15
Solving MDP for timestep: 14
Solving MDP for timestep: 13
Solving MDP for timestep: 12
Solving MDP for timestep: 11
Solving MDP for timestep: 10
Solving MDP for timestep: 9
Solving MDP for timestep: 8
Solving MDP for timestep: 7
Solving MDP for timestep: 6
Solving MDP for timestep: 5
Solving MDP for timestep: 4
Solving MDP for timestep: 3
Solving MDP for timestep: 2
Solving MDP for timestep: 1
Solving MDP for timestep: 0
Informed collection will begin if selected
Resetting the scene for new episode
Step 0
policy value 44.39458465576172
State(column0: region_1, column1: region_2, column2: region_0)
pick_column2_top_0
Action: Action(ActionType.PICK, obj=/column2, slot=None,grasp=GraspType.TOP_0)
[EXEC] Picking /column2 with top_0
[INFO] Motion completed successfully with result: success,in execution time: 3.44 seconds
[INFO] Target pose attained for pick action, proceeding with grasp.
Tip distance after pick: 0.04125891752027484
[INFO] Pick action completed successfully.in execution time: 3.44 seconds
[EXEC] Action ActionType.PICK executed in 20.36 seconds
[SUCCESS] Action ActionType.PICK succeeded for object /column2
Action duration: 3.44
[LOG] Transition logged to MongoDB: 0dec7392-1f16-4179-8e68-aabb4c2237fb - Episode 0
Step 1
policy value 44.332027435302734
State(column0: region_1, column1: region_2, column2: held)
place_goal_1_top_0
Action: Action(ActionType.PLACE, obj=/column2, slot=/goal_1,grasp=GraspType.TOP_0)
[EXEC] Placing at [-0.2749999999999999, 1.0750000000000006, 0.5] with grasp top_0
[ERROR] Motion timeout
