[1.598s] Invoking command in '/home/user/refine_plan_v2/src/behaviour_trees': PYTHONPATH=/home/user/refine_plan_v2/build/behaviour_trees/prefix_override:/usr/lib/python3/dist-packages/colcon_core/task/python/colcon_distutils_commands:/home/user/refine_plan_v2/install/behaviour_trees/lib/python3.10/site-packages:${PYTHONPATH} /usr/bin/python3 -W ignore:setup.py install is deprecated -W ignore:easy_install command is deprecated setup.py egg_info --egg-base ../../build/behaviour_trees build --build-base /home/user/refine_plan_v2/build/behaviour_trees/build install --record /home/user/refine_plan_v2/build/behaviour_trees/install.log --single-version-externally-managed install_data
[2.037s] running egg_info
[2.038s] writing ../../build/behaviour_trees/behaviour_trees.egg-info/PKG-INFO
[2.038s] writing dependency_links to ../../build/behaviour_trees/behaviour_trees.egg-info/dependency_links.txt
[2.038s] writing entry points to ../../build/behaviour_trees/behaviour_trees.egg-info/entry_points.txt
[2.039s] writing requirements to ../../build/behaviour_trees/behaviour_trees.egg-info/requires.txt
[2.039s] writing top-level names to ../../build/behaviour_trees/behaviour_trees.egg-info/top_level.txt
[2.042s] reading manifest file '../../build/behaviour_trees/behaviour_trees.egg-info/SOURCES.txt'
[2.043s] adding license file 'LICENSE'
[2.044s] writing manifest file '../../build/behaviour_trees/behaviour_trees.egg-info/SOURCES.txt'
[2.044s] running build
[2.044s] running build_py
[2.045s] copying behaviour_trees/utils/pickObject.py -> /home/user/refine_plan_v2/build/behaviour_trees/build/lib/behaviour_trees/utils
[2.045s] running install
[2.046s] running install_lib
[2.047s] copying /home/user/refine_plan_v2/build/behaviour_trees/build/lib/behaviour_trees/utils/pickObject.py -> /home/user/refine_plan_v2/install/behaviour_trees/lib/python3.10/site-packages/behaviour_trees/utils
[2.048s] byte-compiling /home/user/refine_plan_v2/install/behaviour_trees/lib/python3.10/site-packages/behaviour_trees/utils/pickObject.py to pickObject.cpython-310.pyc
[2.048s] running install_data
[2.049s] running install_egg_info
[2.051s] removing '/home/user/refine_plan_v2/install/behaviour_trees/lib/python3.10/site-packages/behaviour_trees-0.0.0-py3.10.egg-info' (and everything under it)
[2.051s] Copying ../../build/behaviour_trees/behaviour_trees.egg-info to /home/user/refine_plan_v2/install/behaviour_trees/lib/python3.10/site-packages/behaviour_trees-0.0.0-py3.10.egg-info
[2.052s] running install_scripts
[2.104s] Installing main_planner script to /home/user/refine_plan_v2/install/behaviour_trees/lib/behaviour_trees
[2.105s] writing list of installed files to '/home/user/refine_plan_v2/build/behaviour_trees/install.log'
[2.150s] Invoked command in '/home/user/refine_plan_v2/src/behaviour_trees' returned '0': PYTHONPATH=/home/user/refine_plan_v2/build/behaviour_trees/prefix_override:/usr/lib/python3/dist-packages/colcon_core/task/python/colcon_distutils_commands:/home/user/refine_plan_v2/install/behaviour_trees/lib/python3.10/site-packages:${PYTHONPATH} /usr/bin/python3 -W ignore:setup.py install is deprecated -W ignore:easy_install command is deprecated setup.py egg_info --egg-base ../../build/behaviour_trees build --build-base /home/user/refine_plan_v2/build/behaviour_trees/build install --record /home/user/refine_plan_v2/build/behaviour_trees/install.log --single-version-externally-managed install_data
