running egg_info
writing ../../build/behaviour_trees/behaviour_trees.egg-info/PKG-INFO
writing dependency_links to ../../build/behaviour_trees/behaviour_trees.egg-info/dependency_links.txt
writing entry points to ../../build/behaviour_trees/behaviour_trees.egg-info/entry_points.txt
writing requirements to ../../build/behaviour_trees/behaviour_trees.egg-info/requires.txt
writing top-level names to ../../build/behaviour_trees/behaviour_trees.egg-info/top_level.txt
reading manifest file '../../build/behaviour_trees/behaviour_trees.egg-info/SOURCES.txt'
adding license file 'LICENSE'
writing manifest file '../../build/behaviour_trees/behaviour_trees.egg-info/SOURCES.txt'
running build
running build_py
copying behaviour_trees/main_planner.py -> /home/user/refine_plan_v2/build/behaviour_trees/build/lib/behaviour_trees
copying behaviour_trees/utils/goToPose.py -> /home/user/refine_plan_v2/build/behaviour_trees/build/lib/behaviour_trees/utils
running install
running install_lib
copying /home/user/refine_plan_v2/build/behaviour_trees/build/lib/behaviour_trees/main_planner.py -> /home/user/refine_plan_v2/install/behaviour_trees/lib/python3.10/site-packages/behaviour_trees
copying /home/user/refine_plan_v2/build/behaviour_trees/build/lib/behaviour_trees/utils/goToPose.py -> /home/user/refine_plan_v2/install/behaviour_trees/lib/python3.10/site-packages/behaviour_trees/utils
byte-compiling /home/user/refine_plan_v2/install/behaviour_trees/lib/python3.10/site-packages/behaviour_trees/main_planner.py to main_planner.cpython-310.pyc
byte-compiling /home/user/refine_plan_v2/install/behaviour_trees/lib/python3.10/site-packages/behaviour_trees/utils/goToPose.py to goToPose.cpython-310.pyc
running install_data
copying package.xml -> /home/user/refine_plan_v2/install/behaviour_trees/share/behaviour_trees
running install_egg_info
removing '/home/user/refine_plan_v2/install/behaviour_trees/lib/python3.10/site-packages/behaviour_trees-0.0.0-py3.10.egg-info' (and everything under it)
Copying ../../build/behaviour_trees/behaviour_trees.egg-info to /home/user/refine_plan_v2/install/behaviour_trees/lib/python3.10/site-packages/behaviour_trees-0.0.0-py3.10.egg-info
running install_scripts
Installing main_planner script to /home/user/refine_plan_v2/install/behaviour_trees/lib/behaviour_trees
writing list of installed files to '/home/user/refine_plan_v2/build/behaviour_trees/install.log'
