[1.292s] Invoking command in '/home/user/refine_plan_v2/src/behaviour_trees': PYTHONPATH=/home/user/refine_plan_v2/build/behaviour_trees/prefix_override:/usr/lib/python3/dist-packages/colcon_core/task/python/colcon_distutils_commands:/home/user/refine_plan_v2/install/behaviour_trees/lib/python3.10/site-packages:${PYTHONPATH} /usr/bin/python3 -W ignore:setup.py install is deprecated -W ignore:easy_install command is deprecated setup.py egg_info --egg-base ../../build/behaviour_trees build --build-base /home/user/refine_plan_v2/build/behaviour_trees/build install --record /home/user/refine_plan_v2/build/behaviour_trees/install.log --single-version-externally-managed install_data
[1.631s] running egg_info
[1.632s] writing ../../build/behaviour_trees/behaviour_trees.egg-info/PKG-INFO
[1.632s] writing dependency_links to ../../build/behaviour_trees/behaviour_trees.egg-info/dependency_links.txt
[1.632s] writing entry points to ../../build/behaviour_trees/behaviour_trees.egg-info/entry_points.txt
[1.632s] writing requirements to ../../build/behaviour_trees/behaviour_trees.egg-info/requires.txt
[1.633s] writing top-level names to ../../build/behaviour_trees/behaviour_trees.egg-info/top_level.txt
[1.636s] reading manifest file '../../build/behaviour_trees/behaviour_trees.egg-info/SOURCES.txt'
[1.636s] adding license file 'LICENSE'
[1.638s] writing manifest file '../../build/behaviour_trees/behaviour_trees.egg-info/SOURCES.txt'
[1.638s] running build
[1.638s] running build_py
[1.638s] copying behaviour_trees/main_planner.py -> /home/user/refine_plan_v2/build/behaviour_trees/build/lib/behaviour_trees
[1.639s] copying behaviour_trees/utils/goToPose.py -> /home/user/refine_plan_v2/build/behaviour_trees/build/lib/behaviour_trees/utils
[1.640s] running install
[1.640s] running install_lib
[1.642s] copying /home/user/refine_plan_v2/build/behaviour_trees/build/lib/behaviour_trees/main_planner.py -> /home/user/refine_plan_v2/install/behaviour_trees/lib/python3.10/site-packages/behaviour_trees
[1.642s] copying /home/user/refine_plan_v2/build/behaviour_trees/build/lib/behaviour_trees/utils/goToPose.py -> /home/user/refine_plan_v2/install/behaviour_trees/lib/python3.10/site-packages/behaviour_trees/utils
[1.643s] byte-compiling /home/user/refine_plan_v2/install/behaviour_trees/lib/python3.10/site-packages/behaviour_trees/main_planner.py to main_planner.cpython-310.pyc
[1.644s] byte-compiling /home/user/refine_plan_v2/install/behaviour_trees/lib/python3.10/site-packages/behaviour_trees/utils/goToPose.py to goToPose.cpython-310.pyc
[1.645s] running install_data
[1.645s] copying package.xml -> /home/user/refine_plan_v2/install/behaviour_trees/share/behaviour_trees
[1.646s] running install_egg_info
[1.649s] removing '/home/user/refine_plan_v2/install/behaviour_trees/lib/python3.10/site-packages/behaviour_trees-0.0.0-py3.10.egg-info' (and everything under it)
[1.650s] Copying ../../build/behaviour_trees/behaviour_trees.egg-info to /home/user/refine_plan_v2/install/behaviour_trees/lib/python3.10/site-packages/behaviour_trees-0.0.0-py3.10.egg-info
[1.651s] running install_scripts
[1.680s] Installing main_planner script to /home/user/refine_plan_v2/install/behaviour_trees/lib/behaviour_trees
[1.680s] writing list of installed files to '/home/user/refine_plan_v2/build/behaviour_trees/install.log'
[1.727s] Invoked command in '/home/user/refine_plan_v2/src/behaviour_trees' returned '0': PYTHONPATH=/home/user/refine_plan_v2/build/behaviour_trees/prefix_override:/usr/lib/python3/dist-packages/colcon_core/task/python/colcon_distutils_commands:/home/user/refine_plan_v2/install/behaviour_trees/lib/python3.10/site-packages:${PYTHONPATH} /usr/bin/python3 -W ignore:setup.py install is deprecated -W ignore:easy_install command is deprecated setup.py egg_info --egg-base ../../build/behaviour_trees build --build-base /home/user/refine_plan_v2/build/behaviour_trees/build install --record /home/user/refine_plan_v2/build/behaviour_trees/install.log --single-version-externally-managed install_data
