[1.297s] Invoking command in '/home/user/refine_plan_ws/src/behaviour_trees': PYTHONPATH=/home/user/refine_plan_ws/build/behaviour_trees/prefix_override:/usr/lib/python3/dist-packages/colcon_core/task/python/colcon_distutils_commands:/home/user/refine_plan_ws/install/behaviour_trees/lib/python3.10/site-packages:${PYTHONPATH} /usr/bin/python3 -W ignore:setup.py install is deprecated -W ignore:easy_install command is deprecated setup.py egg_info --egg-base ../../build/behaviour_trees build --build-base /home/user/refine_plan_ws/build/behaviour_trees/build install --record /home/user/refine_plan_ws/build/behaviour_trees/install.log --single-version-externally-managed install_data
[1.568s] running egg_info
[1.569s] writing ../../build/behaviour_trees/behaviour_trees.egg-info/PKG-INFO
[1.571s] writing dependency_links to ../../build/behaviour_trees/behaviour_trees.egg-info/dependency_links.txt
[1.571s] writing entry points to ../../build/behaviour_trees/behaviour_trees.egg-info/entry_points.txt
[1.571s] writing requirements to ../../build/behaviour_trees/behaviour_trees.egg-info/requires.txt
[1.571s] writing top-level names to ../../build/behaviour_trees/behaviour_trees.egg-info/top_level.txt
[1.576s] reading manifest file '../../build/behaviour_trees/behaviour_trees.egg-info/SOURCES.txt'
[1.576s] adding license file 'LICENSE'
[1.580s] writing manifest file '../../build/behaviour_trees/behaviour_trees.egg-info/SOURCES.txt'
[1.581s] running build
[1.581s] running build_py
[1.581s] running install
[1.581s] running install_lib
[1.581s] running install_data
[1.582s] copying package.xml -> /home/user/refine_plan_ws/install/behaviour_trees/share/behaviour_trees
[1.582s] running install_egg_info
[1.585s] removing '/home/user/refine_plan_ws/install/behaviour_trees/lib/python3.10/site-packages/behaviour_trees-0.0.0-py3.10.egg-info' (and everything under it)
[1.585s] Copying ../../build/behaviour_trees/behaviour_trees.egg-info to /home/user/refine_plan_ws/install/behaviour_trees/lib/python3.10/site-packages/behaviour_trees-0.0.0-py3.10.egg-info
[1.587s] running install_scripts
[1.615s] writing list of installed files to '/home/user/refine_plan_ws/build/behaviour_trees/install.log'
[1.667s] Invoked command in '/home/user/refine_plan_ws/src/behaviour_trees' returned '0': PYTHONPATH=/home/user/refine_plan_ws/build/behaviour_trees/prefix_override:/usr/lib/python3/dist-packages/colcon_core/task/python/colcon_distutils_commands:/home/user/refine_plan_ws/install/behaviour_trees/lib/python3.10/site-packages:${PYTHONPATH} /usr/bin/python3 -W ignore:setup.py install is deprecated -W ignore:easy_install command is deprecated setup.py egg_info --egg-base ../../build/behaviour_trees build --build-base /home/user/refine_plan_ws/build/behaviour_trees/build install --record /home/user/refine_plan_ws/build/behaviour_trees/install.log --single-version-externally-managed install_data
