[0.039s] Invoking command in '/home/user/refine_plan_ws/build/action_tutorials_interfaces': CMAKE_PREFIX_PATH=${CMAKE_PREFIX_PATH}:/home/user/refine_plan_ws/install/behaviour_trees:/home/user/refine_plan_ws/install/actions_interface:/opt/ros/humble /usr/bin/cmake --build /home/user/refine_plan_ws/build/action_tutorials_interfaces -- -j8 -l8
[0.325s] [  3%] Built target action_tutorials_interfaces__cpp
[0.357s] [ 12%] Built target action_tutorials_interfaces__rosidl_generator_c
[0.359s] [ 12%] Built target ament_cmake_python_symlink_action_tutorials_interfaces
[0.415s] [ 22%] Built target action_tutorials_interfaces__rosidl_typesupport_fastrtps_c
[0.421s] [ 32%] Built target action_tutorials_interfaces__rosidl_typesupport_introspection_c
[0.426s] [ 41%] Built target action_tutorials_interfaces__rosidl_typesupport_cpp
[0.430s] [ 54%] Built target action_tutorials_interfaces__rosidl_typesupport_introspection_cpp
[0.431s] [ 61%] Built target action_tutorials_interfaces__rosidl_typesupport_c
[0.434s] [ 70%] Built target action_tutorials_interfaces__rosidl_typesupport_fastrtps_cpp
[0.479s] [ 70%] Built target action_tutorials_interfaces
[0.522s] [ 74%] Built target action_tutorials_interfaces__py
[0.610s] [ 80%] Built target action_tutorials_interfaces__rosidl_generator_py
[0.654s] [ 87%] Built target action_tutorials_interfaces__rosidl_typesupport_introspection_c__pyext
[0.663s] [ 93%] Built target action_tutorials_interfaces__rosidl_typesupport_c__pyext
[0.667s] [100%] Built target action_tutorials_interfaces__rosidl_typesupport_fastrtps_c__pyext
[1.143s] running egg_info
[1.145s] writing action_tutorials_interfaces.egg-info/PKG-INFO
[1.145s] writing dependency_links to action_tutorials_interfaces.egg-info/dependency_links.txt
[1.145s] writing top-level names to action_tutorials_interfaces.egg-info/top_level.txt
[1.153s] reading manifest file 'action_tutorials_interfaces.egg-info/SOURCES.txt'
[1.155s] writing manifest file 'action_tutorials_interfaces.egg-info/SOURCES.txt'
[1.214s] [100%] Built target ament_cmake_python_build_action_tutorials_interfaces_egg
[1.234s] Invoked command in '/home/user/refine_plan_ws/build/action_tutorials_interfaces' returned '0': CMAKE_PREFIX_PATH=${CMAKE_PREFIX_PATH}:/home/user/refine_plan_ws/install/behaviour_trees:/home/user/refine_plan_ws/install/actions_interface:/opt/ros/humble /usr/bin/cmake --build /home/user/refine_plan_ws/build/action_tutorials_interfaces -- -j8 -l8
[1.253s] Invoking command in '/home/user/refine_plan_ws/build/action_tutorials_interfaces': CMAKE_PREFIX_PATH=${CMAKE_PREFIX_PATH}:/home/user/refine_plan_ws/install/behaviour_trees:/home/user/refine_plan_ws/install/actions_interface:/opt/ros/humble /usr/bin/cmake --install /home/user/refine_plan_ws/build/action_tutorials_interfaces
[1.261s] -- Install configuration: ""
[1.261s] -- Execute custom install script
[1.262s] -- Up-to-date symlink: /home/user/refine_plan_ws/install/action_tutorials_interfaces/share/ament_index/resource_index/rosidl_interfaces/action_tutorials_interfaces
[1.263s] -- Up-to-date symlink: /home/user/refine_plan_ws/install/action_tutorials_interfaces/include/action_tutorials_interfaces/action_tutorials_interfaces/action/detail/fibonacci__functions.h
[1.263s] -- Up-to-date symlink: /home/user/refine_plan_ws/install/action_tutorials_interfaces/include/action_tutorials_interfaces/action_tutorials_interfaces/action/detail/fibonacci__struct.h
[1.264s] -- Up-to-date symlink: /home/user/refine_plan_ws/install/action_tutorials_interfaces/include/action_tutorials_interfaces/action_tutorials_interfaces/action/detail/fibonacci__type_support.h
[1.264s] -- Up-to-date symlink: /home/user/refine_plan_ws/install/action_tutorials_interfaces/include/action_tutorials_interfaces/action_tutorials_interfaces/action/fibonacci.h
[1.264s] -- Up-to-date symlink: /home/user/refine_plan_ws/install/action_tutorials_interfaces/include/action_tutorials_interfaces/action_tutorials_interfaces/msg/rosidl_generator_c__visibility_control.h
[1.264s] -- Up-to-date symlink: /home/user/refine_plan_ws/install/action_tutorials_interfaces/share/action_tutorials_interfaces/environment/library_path.sh
[1.265s] -- Up-to-date symlink: /home/user/refine_plan_ws/install/action_tutorials_interfaces/share/action_tutorials_interfaces/environment/library_path.dsv
[1.265s] -- Up-to-date symlink: /home/user/refine_plan_ws/install/action_tutorials_interfaces/include/action_tutorials_interfaces/action_tutorials_interfaces/action/detail/fibonacci__rosidl_typesupport_fastrtps_c.h
[1.266s] -- Up-to-date symlink: /home/user/refine_plan_ws/install/action_tutorials_interfaces/include/action_tutorials_interfaces/action_tutorials_interfaces/msg/rosidl_typesupport_fastrtps_c__visibility_control.h
[1.266s] -- Up-to-date symlink: /home/user/refine_plan_ws/install/action_tutorials_interfaces/include/action_tutorials_interfaces/action_tutorials_interfaces/action/detail/fibonacci__rosidl_typesupport_introspection_c.h
[1.266s] -- Up-to-date symlink: /home/user/refine_plan_ws/install/action_tutorials_interfaces/include/action_tutorials_interfaces/action_tutorials_interfaces/msg/rosidl_typesupport_introspection_c__visibility_control.h
[1.267s] -- Up-to-date symlink: /home/user/refine_plan_ws/install/action_tutorials_interfaces/include/action_tutorials_interfaces/action_tutorials_interfaces/action/detail/fibonacci__builder.hpp
[1.267s] -- Up-to-date symlink: /home/user/refine_plan_ws/install/action_tutorials_interfaces/include/action_tutorials_interfaces/action_tutorials_interfaces/action/detail/fibonacci__struct.hpp
[1.267s] -- Up-to-date symlink: /home/user/refine_plan_ws/install/action_tutorials_interfaces/include/action_tutorials_interfaces/action_tutorials_interfaces/action/detail/fibonacci__traits.hpp
[1.267s] -- Up-to-date symlink: /home/user/refine_plan_ws/install/action_tutorials_interfaces/include/action_tutorials_interfaces/action_tutorials_interfaces/action/detail/fibonacci__type_support.hpp
[1.268s] -- Up-to-date symlink: /home/user/refine_plan_ws/install/action_tutorials_interfaces/include/action_tutorials_interfaces/action_tutorials_interfaces/action/fibonacci.hpp
[1.268s] -- Up-to-date symlink: /home/user/refine_plan_ws/install/action_tutorials_interfaces/include/action_tutorials_interfaces/action_tutorials_interfaces/msg/rosidl_generator_cpp__visibility_control.hpp
[1.268s] -- Up-to-date symlink: /home/user/refine_plan_ws/install/action_tutorials_interfaces/include/action_tutorials_interfaces/action_tutorials_interfaces/action/detail/fibonacci__rosidl_typesupport_fastrtps_cpp.hpp
[1.268s] -- Up-to-date symlink: /home/user/refine_plan_ws/install/action_tutorials_interfaces/include/action_tutorials_interfaces/action_tutorials_interfaces/msg/rosidl_typesupport_fastrtps_cpp__visibility_control.h
[1.269s] -- Up-to-date symlink: /home/user/refine_plan_ws/install/action_tutorials_interfaces/include/action_tutorials_interfaces/action_tutorials_interfaces/action/detail/fibonacci__rosidl_typesupport_introspection_cpp.hpp
[1.269s] -- Up-to-date symlink: /home/user/refine_plan_ws/install/action_tutorials_interfaces/share/action_tutorials_interfaces/environment/pythonpath.sh
[1.269s] -- Up-to-date symlink: /home/user/refine_plan_ws/install/action_tutorials_interfaces/share/action_tutorials_interfaces/environment/pythonpath.dsv
[1.270s] -- Up-to-date symlink: /home/user/refine_plan_ws/install/action_tutorials_interfaces/local/lib/python3.10/dist-packages/action_tutorials_interfaces-0.0.0-py3.10.egg-info/PKG-INFO
[1.270s] -- Up-to-date symlink: /home/user/refine_plan_ws/install/action_tutorials_interfaces/local/lib/python3.10/dist-packages/action_tutorials_interfaces-0.0.0-py3.10.egg-info/SOURCES.txt
[1.270s] -- Up-to-date symlink: /home/user/refine_plan_ws/install/action_tutorials_interfaces/local/lib/python3.10/dist-packages/action_tutorials_interfaces-0.0.0-py3.10.egg-info/dependency_links.txt
[1.270s] -- Up-to-date symlink: /home/user/refine_plan_ws/install/action_tutorials_interfaces/local/lib/python3.10/dist-packages/action_tutorials_interfaces-0.0.0-py3.10.egg-info/top_level.txt
[1.271s] -- Up-to-date symlink: /home/user/refine_plan_ws/install/action_tutorials_interfaces/local/lib/python3.10/dist-packages/action_tutorials_interfaces/__init__.py
[1.271s] -- Up-to-date symlink: /home/user/refine_plan_ws/install/action_tutorials_interfaces/local/lib/python3.10/dist-packages/action_tutorials_interfaces/_action_tutorials_interfaces_s.ep.rosidl_typesupport_c.c
[1.271s] -- Up-to-date symlink: /home/user/refine_plan_ws/install/action_tutorials_interfaces/local/lib/python3.10/dist-packages/action_tutorials_interfaces/_action_tutorials_interfaces_s.ep.rosidl_typesupport_fastrtps_c.c
[1.272s] -- Up-to-date symlink: /home/user/refine_plan_ws/install/action_tutorials_interfaces/local/lib/python3.10/dist-packages/action_tutorials_interfaces/_action_tutorials_interfaces_s.ep.rosidl_typesupport_introspection_c.c
[1.272s] -- Up-to-date symlink: /home/user/refine_plan_ws/install/action_tutorials_interfaces/local/lib/python3.10/dist-packages/action_tutorials_interfaces/action/__init__.py
[1.272s] -- Up-to-date symlink: /home/user/refine_plan_ws/install/action_tutorials_interfaces/local/lib/python3.10/dist-packages/action_tutorials_interfaces/action/_fibonacci.py
[1.272s] -- Up-to-date symlink: /home/user/refine_plan_ws/install/action_tutorials_interfaces/local/lib/python3.10/dist-packages/action_tutorials_interfaces/action/_fibonacci_s.c
[1.273s] -- Up-to-date symlink: /home/user/refine_plan_ws/install/action_tutorials_interfaces/local/lib/python3.10/dist-packages/action_tutorials_interfaces/action_tutorials_interfaces_s__rosidl_typesupport_c.cpython-310-x86_64-linux-gnu.so
[1.273s] -- Up-to-date symlink: /home/user/refine_plan_ws/install/action_tutorials_interfaces/local/lib/python3.10/dist-packages/action_tutorials_interfaces/action_tutorials_interfaces_s__rosidl_typesupport_fastrtps_c.cpython-310-x86_64-linux-gnu.so
[1.273s] -- Up-to-date symlink: /home/user/refine_plan_ws/install/action_tutorials_interfaces/local/lib/python3.10/dist-packages/action_tutorials_interfaces/action_tutorials_interfaces_s__rosidl_typesupport_introspection_c.cpython-310-x86_64-linux-gnu.so
[1.273s] -- Up-to-date symlink: /home/user/refine_plan_ws/install/action_tutorials_interfaces/local/lib/python3.10/dist-packages/action_tutorials_interfaces/libaction_tutorials_interfaces__rosidl_generator_py.so
[1.274s] -- Up-to-date symlink: /home/user/refine_plan_ws/install/action_tutorials_interfaces/local/lib/python3.10/dist-packages/action_tutorials_interfaces/action_tutorials_interfaces_s__rosidl_typesupport_fastrtps_c.cpython-310-x86_64-linux-gnu.so
[1.274s] -- Up-to-date symlink: /home/user/refine_plan_ws/install/action_tutorials_interfaces/local/lib/python3.10/dist-packages/action_tutorials_interfaces/action_tutorials_interfaces_s__rosidl_typesupport_introspection_c.cpython-310-x86_64-linux-gnu.so
[1.275s] -- Up-to-date symlink: /home/user/refine_plan_ws/install/action_tutorials_interfaces/local/lib/python3.10/dist-packages/action_tutorials_interfaces/action_tutorials_interfaces_s__rosidl_typesupport_c.cpython-310-x86_64-linux-gnu.so
[1.275s] -- Up-to-date symlink: /home/user/refine_plan_ws/install/action_tutorials_interfaces/share/action_tutorials_interfaces/action/Fibonacci.idl
[1.275s] -- Up-to-date symlink: /home/user/refine_plan_ws/install/action_tutorials_interfaces/share/action_tutorials_interfaces/action/Fibonacci.action
[1.276s] -- Up-to-date symlink: /home/user/refine_plan_ws/install/action_tutorials_interfaces/share/ament_index/resource_index/package_run_dependencies/action_tutorials_interfaces
[1.276s] -- Up-to-date symlink: /home/user/refine_plan_ws/install/action_tutorials_interfaces/share/ament_index/resource_index/parent_prefix_path/action_tutorials_interfaces
[1.276s] -- Up-to-date symlink: /home/user/refine_plan_ws/install/action_tutorials_interfaces/share/action_tutorials_interfaces/environment/ament_prefix_path.sh
[1.276s] -- Up-to-date symlink: /home/user/refine_plan_ws/install/action_tutorials_interfaces/share/action_tutorials_interfaces/environment/ament_prefix_path.dsv
[1.276s] -- Up-to-date symlink: /home/user/refine_plan_ws/install/action_tutorials_interfaces/share/action_tutorials_interfaces/environment/path.sh
[1.277s] -- Up-to-date symlink: /home/user/refine_plan_ws/install/action_tutorials_interfaces/share/action_tutorials_interfaces/environment/path.dsv
[1.277s] -- Up-to-date symlink: /home/user/refine_plan_ws/install/action_tutorials_interfaces/share/action_tutorials_interfaces/local_setup.bash
[1.277s] -- Up-to-date symlink: /home/user/refine_plan_ws/install/action_tutorials_interfaces/share/action_tutorials_interfaces/local_setup.sh
[1.278s] -- Up-to-date symlink: /home/user/refine_plan_ws/install/action_tutorials_interfaces/share/action_tutorials_interfaces/local_setup.zsh
[1.278s] -- Up-to-date symlink: /home/user/refine_plan_ws/install/action_tutorials_interfaces/share/action_tutorials_interfaces/local_setup.dsv
[1.278s] -- Symlinking: /home/user/refine_plan_ws/install/action_tutorials_interfaces/share/action_tutorials_interfaces/package.dsv
[1.290s] -- Up-to-date symlink: /home/user/refine_plan_ws/install/action_tutorials_interfaces/share/ament_index/resource_index/packages/action_tutorials_interfaces
[1.290s] -- Up-to-date symlink: /home/user/refine_plan_ws/install/action_tutorials_interfaces/share/action_tutorials_interfaces/cmake/rosidl_cmake-extras.cmake
[1.290s] -- Up-to-date symlink: /home/user/refine_plan_ws/install/action_tutorials_interfaces/share/action_tutorials_interfaces/cmake/ament_cmake_export_dependencies-extras.cmake
[1.291s] -- Up-to-date symlink: /home/user/refine_plan_ws/install/action_tutorials_interfaces/share/action_tutorials_interfaces/cmake/ament_cmake_export_include_directories-extras.cmake
[1.291s] -- Up-to-date symlink: /home/user/refine_plan_ws/install/action_tutorials_interfaces/share/action_tutorials_interfaces/cmake/ament_cmake_export_libraries-extras.cmake
[1.292s] -- Up-to-date symlink: /home/user/refine_plan_ws/install/action_tutorials_interfaces/share/action_tutorials_interfaces/cmake/ament_cmake_export_targets-extras.cmake
[1.292s] -- Up-to-date symlink: /home/user/refine_plan_ws/install/action_tutorials_interfaces/share/action_tutorials_interfaces/cmake/rosidl_cmake_export_typesupport_targets-extras.cmake
[1.292s] -- Up-to-date symlink: /home/user/refine_plan_ws/install/action_tutorials_interfaces/share/action_tutorials_interfaces/cmake/rosidl_cmake_export_typesupport_libraries-extras.cmake
[1.292s] -- Up-to-date symlink: /home/user/refine_plan_ws/install/action_tutorials_interfaces/share/action_tutorials_interfaces/cmake/action_tutorials_interfacesConfig.cmake
[1.293s] -- Up-to-date symlink: /home/user/refine_plan_ws/install/action_tutorials_interfaces/share/action_tutorials_interfaces/cmake/action_tutorials_interfacesConfig-version.cmake
[1.293s] -- Up-to-date symlink: /home/user/refine_plan_ws/install/action_tutorials_interfaces/share/action_tutorials_interfaces/package.xml
[1.294s] -- Up-to-date: /home/user/refine_plan_ws/install/action_tutorials_interfaces/lib/libaction_tutorials_interfaces__rosidl_generator_c.so
[1.294s] -- Up-to-date: /home/user/refine_plan_ws/install/action_tutorials_interfaces/lib/libaction_tutorials_interfaces__rosidl_typesupport_fastrtps_c.so
[1.295s] -- Up-to-date: /home/user/refine_plan_ws/install/action_tutorials_interfaces/lib/libaction_tutorials_interfaces__rosidl_typesupport_introspection_c.so
[1.296s] -- Up-to-date: /home/user/refine_plan_ws/install/action_tutorials_interfaces/lib/libaction_tutorials_interfaces__rosidl_typesupport_c.so
[1.297s] -- Up-to-date: /home/user/refine_plan_ws/install/action_tutorials_interfaces/lib/libaction_tutorials_interfaces__rosidl_typesupport_fastrtps_cpp.so
[1.298s] -- Up-to-date: /home/user/refine_plan_ws/install/action_tutorials_interfaces/lib/libaction_tutorials_interfaces__rosidl_typesupport_introspection_cpp.so
[1.298s] -- Up-to-date: /home/user/refine_plan_ws/install/action_tutorials_interfaces/lib/libaction_tutorials_interfaces__rosidl_typesupport_cpp.so
[1.412s] Listing '/home/user/refine_plan_ws/install/action_tutorials_interfaces/local/lib/python3.10/dist-packages/action_tutorials_interfaces'...
[1.412s] Listing '/home/user/refine_plan_ws/install/action_tutorials_interfaces/local/lib/python3.10/dist-packages/action_tutorials_interfaces/action'...
[1.418s] -- Up-to-date: /home/user/refine_plan_ws/install/action_tutorials_interfaces/lib/libaction_tutorials_interfaces__rosidl_generator_py.so
[1.419s] -- Up-to-date: /home/user/refine_plan_ws/install/action_tutorials_interfaces/share/action_tutorials_interfaces/cmake/export_action_tutorials_interfaces__rosidl_generator_cExport.cmake
[1.419s] -- Up-to-date: /home/user/refine_plan_ws/install/action_tutorials_interfaces/share/action_tutorials_interfaces/cmake/export_action_tutorials_interfaces__rosidl_generator_cExport-noconfig.cmake
[1.420s] -- Up-to-date: /home/user/refine_plan_ws/install/action_tutorials_interfaces/share/action_tutorials_interfaces/cmake/export_action_tutorials_interfaces__rosidl_typesupport_fastrtps_cExport.cmake
[1.421s] -- Up-to-date: /home/user/refine_plan_ws/install/action_tutorials_interfaces/share/action_tutorials_interfaces/cmake/export_action_tutorials_interfaces__rosidl_typesupport_fastrtps_cExport-noconfig.cmake
[1.424s] -- Up-to-date: /home/user/refine_plan_ws/install/action_tutorials_interfaces/share/action_tutorials_interfaces/cmake/action_tutorials_interfaces__rosidl_typesupport_introspection_cExport.cmake
[1.425s] -- Up-to-date: /home/user/refine_plan_ws/install/action_tutorials_interfaces/share/action_tutorials_interfaces/cmake/action_tutorials_interfaces__rosidl_typesupport_introspection_cExport-noconfig.cmake
[1.425s] -- Up-to-date: /home/user/refine_plan_ws/install/action_tutorials_interfaces/share/action_tutorials_interfaces/cmake/action_tutorials_interfaces__rosidl_typesupport_cExport.cmake
[1.425s] -- Up-to-date: /home/user/refine_plan_ws/install/action_tutorials_interfaces/share/action_tutorials_interfaces/cmake/action_tutorials_interfaces__rosidl_typesupport_cExport-noconfig.cmake
[1.425s] -- Up-to-date: /home/user/refine_plan_ws/install/action_tutorials_interfaces/share/action_tutorials_interfaces/cmake/export_action_tutorials_interfaces__rosidl_generator_cppExport.cmake
[1.426s] -- Up-to-date: /home/user/refine_plan_ws/install/action_tutorials_interfaces/share/action_tutorials_interfaces/cmake/export_action_tutorials_interfaces__rosidl_typesupport_fastrtps_cppExport.cmake
[1.426s] -- Up-to-date: /home/user/refine_plan_ws/install/action_tutorials_interfaces/share/action_tutorials_interfaces/cmake/export_action_tutorials_interfaces__rosidl_typesupport_fastrtps_cppExport-noconfig.cmake
[1.427s] -- Up-to-date: /home/user/refine_plan_ws/install/action_tutorials_interfaces/share/action_tutorials_interfaces/cmake/action_tutorials_interfaces__rosidl_typesupport_introspection_cppExport.cmake
[1.427s] -- Up-to-date: /home/user/refine_plan_ws/install/action_tutorials_interfaces/share/action_tutorials_interfaces/cmake/action_tutorials_interfaces__rosidl_typesupport_introspection_cppExport-noconfig.cmake
[1.427s] -- Up-to-date: /home/user/refine_plan_ws/install/action_tutorials_interfaces/share/action_tutorials_interfaces/cmake/action_tutorials_interfaces__rosidl_typesupport_cppExport.cmake
[1.427s] -- Up-to-date: /home/user/refine_plan_ws/install/action_tutorials_interfaces/share/action_tutorials_interfaces/cmake/action_tutorials_interfaces__rosidl_typesupport_cppExport-noconfig.cmake
[1.428s] -- Up-to-date: /home/user/refine_plan_ws/install/action_tutorials_interfaces/share/action_tutorials_interfaces/cmake/export_action_tutorials_interfaces__rosidl_generator_pyExport.cmake
[1.428s] -- Up-to-date: /home/user/refine_plan_ws/install/action_tutorials_interfaces/share/action_tutorials_interfaces/cmake/export_action_tutorials_interfaces__rosidl_generator_pyExport-noconfig.cmake
[1.432s] Invoked command in '/home/user/refine_plan_ws/build/action_tutorials_interfaces' returned '0': CMAKE_PREFIX_PATH=${CMAKE_PREFIX_PATH}:/home/user/refine_plan_ws/install/behaviour_trees:/home/user/refine_plan_ws/install/actions_interface:/opt/ros/humble /usr/bin/cmake --install /home/user/refine_plan_ws/build/action_tutorials_interfaces
