[0.090s] Invoking command in '/home/user/refine_plan_v2/build/action_interfaces': CMAKE_PREFIX_PATH=/opt/ros/humble /usr/bin/cmake --build /home/user/refine_plan_v2/build/action_interfaces -- -j8 -l8
[0.705s] -- Found ament_cmake: 1.3.11 (/opt/ros/humble/share/ament_cmake/cmake)
[0.705s] -- Found ament_lint_auto: 0.12.12 (/opt/ros/humble/share/ament_lint_auto/cmake)
[0.705s] -- Found rosidl_default_generators: 1.2.0 (/opt/ros/humble/share/rosidl_default_generators/cmake)
[0.705s] -- Using all available rosidl_typesupport_c: rosidl_typesupport_fastrtps_c;rosidl_typesupport_introspection_c
[0.706s] -- Found rosidl_adapter: 3.1.6 (/opt/ros/humble/share/rosidl_adapter/cmake)
[0.706s] -- Using all available rosidl_typesupport_cpp: rosidl_typesupport_fastrtps_cpp;rosidl_typesupport_introspection_cpp
[1.168s] -- Found ament_cmake_ros: 0.10.0 (/opt/ros/humble/share/ament_cmake_ros/cmake)
[1.527s] -- Using all available rosidl_typesupport_c: rosidl_typesupport_fastrtps_c;rosidl_typesupport_introspection_c
[2.084s] -- Using all available rosidl_typesupport_cpp: rosidl_typesupport_fastrtps_cpp;rosidl_typesupport_introspection_cpp
[2.134s] -- Found python_cmake_module: 0.10.0 (/opt/ros/humble/share/python_cmake_module/cmake)
[2.180s] -- Using PYTHON_EXECUTABLE: /usr/bin/python3
[2.181s] -- Using PYTHON_INCLUDE_DIRS: /usr/include/python3.10
[2.181s] -- Using PYTHON_LIBRARIES: /usr/lib/x86_64-linux-gnu/libpython3.10.so
[2.236s] -- Added test 'flake8' to check Python code syntax and style conventions
[2.237s] -- Added test 'lint_cmake' to check CMake code style
[2.238s] -- Added test 'pep257' to check Python code against some of the docstring style conventions in PEP 257
[2.241s] -- Added test 'xmllint' to check XML markup files
[2.248s] -- Configuring done
[2.325s] -- Generating done
[2.381s] -- Build files have been written to: /home/user/refine_plan_v2/build/action_interfaces
[2.470s] [  2%] [34m[1mGenerating C code for ROS interfaces[0m
[2.477s] [  4%] [34m[1mGenerating C++ code for ROS interfaces[0m
[2.501s] [  4%] Built target ament_cmake_python_copy_action_interfaces
[3.391s] running egg_info
[3.393s] writing action_interfaces.egg-info/PKG-INFO
[3.403s] writing dependency_links to action_interfaces.egg-info/dependency_links.txt
[3.403s] writing top-level names to action_interfaces.egg-info/top_level.txt
[3.408s] reading manifest file 'action_interfaces.egg-info/SOURCES.txt'
[3.411s] writing manifest file 'action_interfaces.egg-info/SOURCES.txt'
[3.540s] [  4%] Built target ament_cmake_python_build_action_interfaces_egg
[5.140s] [  4%] Built target action_interfaces__cpp
[5.161s] [  6%] [34m[1mGenerating C++ introspection for ROS interfaces[0m
[5.161s] [  8%] [34m[1mGenerating C++ type support for eProsima Fast-RTPS[0m
[5.162s] [ 10%] [34m[1mGenerating C++ type support dispatch for ROS interfaces[0m
[5.289s] [35m[1mConsolidate compiler generated dependencies of target action_interfaces__rosidl_generator_c[0m
[5.327s] [ 14%] [32mBuilding C object CMakeFiles/action_interfaces__rosidl_generator_c.dir/rosidl_generator_c/action_interfaces/action/detail/go_back_home__functions.c.o[0m
[5.327s] [ 14%] [32mBuilding C object CMakeFiles/action_interfaces__rosidl_generator_c.dir/rosidl_generator_c/action_interfaces/action/detail/go_to_pose__functions.c.o[0m
[5.339s] [ 17%] [32mBuilding C object CMakeFiles/action_interfaces__rosidl_generator_c.dir/rosidl_generator_c/action_interfaces/action/detail/pick_object__functions.c.o[0m
[5.696s] [ 19%] [32m[1mLinking C shared library libaction_interfaces__rosidl_generator_c.so[0m
[5.753s] [ 19%] Built target action_interfaces__rosidl_generator_c
[5.777s] [ 21%] [34m[1mGenerating C type support for eProsima Fast-RTPS[0m
[5.785s] [ 23%] [34m[1mGenerating C type support dispatch for ROS interfaces[0m
[5.785s] [ 25%] [34m[1mGenerating C introspection for ROS interfaces[0m
[6.826s] [35m[1mConsolidate compiler generated dependencies of target action_interfaces__rosidl_typesupport_cpp[0m
[6.881s] [ 27%] [32mBuilding CXX object CMakeFiles/action_interfaces__rosidl_typesupport_cpp.dir/rosidl_typesupport_cpp/action_interfaces/action/go_back_home__type_support.cpp.o[0m
[6.881s] [ 29%] [32mBuilding CXX object CMakeFiles/action_interfaces__rosidl_typesupport_cpp.dir/rosidl_typesupport_cpp/action_interfaces/action/go_to_pose__type_support.cpp.o[0m
[6.894s] [ 31%] [32mBuilding CXX object CMakeFiles/action_interfaces__rosidl_typesupport_cpp.dir/rosidl_typesupport_cpp/action_interfaces/action/pick_object__type_support.cpp.o[0m
[7.630s] [35m[1mConsolidate compiler generated dependencies of target action_interfaces__rosidl_typesupport_c[0m
[7.653s] [ 34%] [32mBuilding CXX object CMakeFiles/action_interfaces__rosidl_typesupport_c.dir/rosidl_typesupport_c/action_interfaces/action/go_back_home__type_support.cpp.o[0m
[7.700s] [35m[1mConsolidate compiler generated dependencies of target action_interfaces__rosidl_typesupport_introspection_cpp[0m
[7.725s] [ 36%] [32mBuilding CXX object CMakeFiles/action_interfaces__rosidl_typesupport_introspection_cpp.dir/rosidl_typesupport_introspection_cpp/action_interfaces/action/detail/go_back_home__type_support.cpp.o[0m
[7.777s] [ 38%] [32mBuilding CXX object CMakeFiles/action_interfaces__rosidl_typesupport_c.dir/rosidl_typesupport_c/action_interfaces/action/go_to_pose__type_support.cpp.o[0m
[7.897s] [ 40%] [32mBuilding CXX object CMakeFiles/action_interfaces__rosidl_typesupport_c.dir/rosidl_typesupport_c/action_interfaces/action/pick_object__type_support.cpp.o[0m
[7.989s] [35m[1mConsolidate compiler generated dependencies of target action_interfaces__rosidl_typesupport_fastrtps_cpp[0m
[8.031s] [ 42%] [32m[1mLinking CXX shared library libaction_interfaces__rosidl_typesupport_c.so[0m
[8.052s] [ 44%] [32mBuilding CXX object CMakeFiles/action_interfaces__rosidl_typesupport_fastrtps_cpp.dir/rosidl_typesupport_fastrtps_cpp/action_interfaces/action/detail/dds_fastrtps/go_back_home__type_support.cpp.o[0m
[8.165s] [ 44%] Built target action_interfaces__rosidl_typesupport_c
[8.196s] [ 46%] [32mBuilding CXX object CMakeFiles/action_interfaces__rosidl_typesupport_fastrtps_cpp.dir/rosidl_typesupport_fastrtps_cpp/action_interfaces/action/detail/dds_fastrtps/go_to_pose__type_support.cpp.o[0m
[8.341s] [ 48%] [32mBuilding CXX object CMakeFiles/action_interfaces__rosidl_typesupport_introspection_cpp.dir/rosidl_typesupport_introspection_cpp/action_interfaces/action/detail/go_to_pose__type_support.cpp.o[0m
[8.495s] [ 51%] [32mBuilding CXX object CMakeFiles/action_interfaces__rosidl_typesupport_fastrtps_cpp.dir/rosidl_typesupport_fastrtps_cpp/action_interfaces/action/detail/dds_fastrtps/pick_object__type_support.cpp.o[0m
[8.496s] [35m[1mConsolidate compiler generated dependencies of target action_interfaces__rosidl_typesupport_introspection_c[0m
[8.546s] [ 53%] [32mBuilding C object CMakeFiles/action_interfaces__rosidl_typesupport_introspection_c.dir/rosidl_typesupport_introspection_c/action_interfaces/action/detail/go_back_home__type_support.c.o[0m
[8.546s] [ 55%] [32m[1mLinking CXX shared library libaction_interfaces__rosidl_typesupport_cpp.so[0m
[8.647s] [ 55%] Built target action_interfaces__rosidl_typesupport_cpp
[8.665s] [ 57%] [32mBuilding C object CMakeFiles/action_interfaces__rosidl_typesupport_introspection_c.dir/rosidl_typesupport_introspection_c/action_interfaces/action/detail/go_to_pose__type_support.c.o[0m
[8.689s] [ 59%] [32mBuilding C object CMakeFiles/action_interfaces__rosidl_typesupport_introspection_c.dir/rosidl_typesupport_introspection_c/action_interfaces/action/detail/pick_object__type_support.c.o[0m
[8.827s] [35m[1mConsolidate compiler generated dependencies of target action_interfaces__rosidl_typesupport_fastrtps_c[0m
[8.830s] [ 61%] [32mBuilding CXX object CMakeFiles/action_interfaces__rosidl_typesupport_introspection_cpp.dir/rosidl_typesupport_introspection_cpp/action_interfaces/action/detail/pick_object__type_support.cpp.o[0m
[8.877s] [ 63%] [32mBuilding CXX object CMakeFiles/action_interfaces__rosidl_typesupport_fastrtps_c.dir/rosidl_typesupport_fastrtps_c/action_interfaces/action/detail/go_back_home__type_support_c.cpp.o[0m
[8.897s] [ 65%] [32m[1mLinking C shared library libaction_interfaces__rosidl_typesupport_introspection_c.so[0m
[9.047s] [ 65%] Built target action_interfaces__rosidl_typesupport_introspection_c
[9.075s] [ 68%] [32mBuilding CXX object CMakeFiles/action_interfaces__rosidl_typesupport_fastrtps_c.dir/rosidl_typesupport_fastrtps_c/action_interfaces/action/detail/go_to_pose__type_support_c.cpp.o[0m
[9.393s] [ 70%] [32mBuilding CXX object CMakeFiles/action_interfaces__rosidl_typesupport_fastrtps_c.dir/rosidl_typesupport_fastrtps_c/action_interfaces/action/detail/pick_object__type_support_c.cpp.o[0m
[10.077s] [ 72%] [32m[1mLinking CXX shared library libaction_interfaces__rosidl_typesupport_fastrtps_cpp.so[0m
[10.222s] [ 72%] Built target action_interfaces__rosidl_typesupport_fastrtps_cpp
[10.289s] [ 74%] [32m[1mLinking CXX shared library libaction_interfaces__rosidl_typesupport_fastrtps_c.so[0m
[10.364s] [ 76%] [32m[1mLinking CXX shared library libaction_interfaces__rosidl_typesupport_introspection_cpp.so[0m
[10.460s] [ 76%] Built target action_interfaces__rosidl_typesupport_fastrtps_c
[10.515s] [ 76%] Built target action_interfaces__rosidl_typesupport_introspection_cpp
[10.540s] [ 76%] Built target action_interfaces
[10.568s] [ 78%] [34m[1mGenerating Python code for ROS interfaces[0m
[14.229s] [ 78%] Built target action_interfaces__py
[14.248s] [35m[1mConsolidate compiler generated dependencies of target action_interfaces__rosidl_generator_py[0m
[14.282s] [ 80%] [32mBuilding C object CMakeFiles/action_interfaces__rosidl_generator_py.dir/rosidl_generator_py/action_interfaces/action/_pick_object_s.c.o[0m
[14.282s] [ 85%] [32mBuilding C object CMakeFiles/action_interfaces__rosidl_generator_py.dir/rosidl_generator_py/action_interfaces/action/_go_to_pose_s.c.o[0m
[14.283s] [ 85%] [32mBuilding C object CMakeFiles/action_interfaces__rosidl_generator_py.dir/rosidl_generator_py/action_interfaces/action/_go_back_home_s.c.o[0m
[14.682s] [ 87%] [32m[1mLinking C shared library rosidl_generator_py/action_interfaces/libaction_interfaces__rosidl_generator_py.so[0m
[14.746s] [ 87%] Built target action_interfaces__rosidl_generator_py
[14.766s] [35m[1mConsolidate compiler generated dependencies of target action_interfaces__rosidl_typesupport_introspection_c__pyext[0m
[14.766s] [35m[1mConsolidate compiler generated dependencies of target action_interfaces__rosidl_typesupport_fastrtps_c__pyext[0m
[14.767s] [35m[1mConsolidate compiler generated dependencies of target action_interfaces__rosidl_typesupport_c__pyext[0m
[14.787s] [ 89%] [32mBuilding C object CMakeFiles/action_interfaces__rosidl_typesupport_c__pyext.dir/rosidl_generator_py/action_interfaces/_action_interfaces_s.ep.rosidl_typesupport_c.c.o[0m
[14.787s] [ 91%] [32mBuilding C object CMakeFiles/action_interfaces__rosidl_typesupport_fastrtps_c__pyext.dir/rosidl_generator_py/action_interfaces/_action_interfaces_s.ep.rosidl_typesupport_fastrtps_c.c.o[0m
[14.792s] [ 93%] [32mBuilding C object CMakeFiles/action_interfaces__rosidl_typesupport_introspection_c__pyext.dir/rosidl_generator_py/action_interfaces/_action_interfaces_s.ep.rosidl_typesupport_introspection_c.c.o[0m
[15.120s] [ 95%] [32m[1mLinking C shared library rosidl_generator_py/action_interfaces/action_interfaces_s__rosidl_typesupport_fastrtps_c.cpython-310-x86_64-linux-gnu.so[0m
[15.127s] [ 97%] [32m[1mLinking C shared library rosidl_generator_py/action_interfaces/action_interfaces_s__rosidl_typesupport_c.cpython-310-x86_64-linux-gnu.so[0m
[15.151s] [100%] [32m[1mLinking C shared library rosidl_generator_py/action_interfaces/action_interfaces_s__rosidl_typesupport_introspection_c.cpython-310-x86_64-linux-gnu.so[0m
[15.204s] [100%] Built target action_interfaces__rosidl_typesupport_c__pyext
[15.213s] [100%] Built target action_interfaces__rosidl_typesupport_fastrtps_c__pyext
[15.221s] [100%] Built target action_interfaces__rosidl_typesupport_introspection_c__pyext
[15.237s] Invoked command in '/home/user/refine_plan_v2/build/action_interfaces' returned '0': CMAKE_PREFIX_PATH=/opt/ros/humble /usr/bin/cmake --build /home/user/refine_plan_v2/build/action_interfaces -- -j8 -l8
[15.252s] Invoking command in '/home/user/refine_plan_v2/build/action_interfaces': CMAKE_PREFIX_PATH=/opt/ros/humble /usr/bin/cmake --install /home/user/refine_plan_v2/build/action_interfaces
[15.262s] -- Install configuration: ""
[15.262s] -- Up-to-date: /home/user/refine_plan_v2/install/action_interfaces/share/ament_index/resource_index/rosidl_interfaces/action_interfaces
[15.262s] -- Up-to-date: /home/user/refine_plan_v2/install/action_interfaces/include/action_interfaces/action_interfaces
[15.263s] -- Up-to-date: /home/user/refine_plan_v2/install/action_interfaces/include/action_interfaces/action_interfaces/msg
[15.263s] -- Up-to-date: /home/user/refine_plan_v2/install/action_interfaces/include/action_interfaces/action_interfaces/msg/rosidl_generator_c__visibility_control.h
[15.263s] -- Up-to-date: /home/user/refine_plan_v2/install/action_interfaces/include/action_interfaces/action_interfaces/action
[15.263s] -- Installing: /home/user/refine_plan_v2/install/action_interfaces/include/action_interfaces/action_interfaces/action/pick_object.h
[15.263s] -- Up-to-date: /home/user/refine_plan_v2/install/action_interfaces/include/action_interfaces/action_interfaces/action/detail
[15.263s] -- Installing: /home/user/refine_plan_v2/install/action_interfaces/include/action_interfaces/action_interfaces/action/detail/go_back_home__struct.h
[15.264s] -- Installing: /home/user/refine_plan_v2/install/action_interfaces/include/action_interfaces/action_interfaces/action/detail/pick_object__struct.h
[15.264s] -- Installing: /home/user/refine_plan_v2/install/action_interfaces/include/action_interfaces/action_interfaces/action/detail/go_back_home__functions.c
[15.264s] -- Installing: /home/user/refine_plan_v2/install/action_interfaces/include/action_interfaces/action_interfaces/action/detail/go_to_pose__functions.c
[15.264s] -- Installing: /home/user/refine_plan_v2/install/action_interfaces/include/action_interfaces/action_interfaces/action/detail/pick_object__type_support.h
[15.264s] -- Installing: /home/user/refine_plan_v2/install/action_interfaces/include/action_interfaces/action_interfaces/action/detail/pick_object__functions.h
[15.265s] -- Installing: /home/user/refine_plan_v2/install/action_interfaces/include/action_interfaces/action_interfaces/action/detail/pick_object__functions.c
[15.265s] -- Installing: /home/user/refine_plan_v2/install/action_interfaces/include/action_interfaces/action_interfaces/action/detail/go_to_pose__struct.h
[15.265s] -- Installing: /home/user/refine_plan_v2/install/action_interfaces/include/action_interfaces/action_interfaces/action/detail/go_back_home__functions.h
[15.265s] -- Installing: /home/user/refine_plan_v2/install/action_interfaces/include/action_interfaces/action_interfaces/action/detail/go_to_pose__functions.h
[15.266s] -- Installing: /home/user/refine_plan_v2/install/action_interfaces/include/action_interfaces/action_interfaces/action/detail/go_back_home__type_support.h
[15.266s] -- Installing: /home/user/refine_plan_v2/install/action_interfaces/include/action_interfaces/action_interfaces/action/detail/go_to_pose__type_support.h
[15.266s] -- Installing: /home/user/refine_plan_v2/install/action_interfaces/include/action_interfaces/action_interfaces/action/go_back_home.h
[15.267s] -- Installing: /home/user/refine_plan_v2/install/action_interfaces/include/action_interfaces/action_interfaces/action/go_to_pose.h
[15.267s] -- Up-to-date: /home/user/refine_plan_v2/install/action_interfaces/share/action_interfaces/environment/library_path.sh
[15.267s] -- Installing: /home/user/refine_plan_v2/install/action_interfaces/share/action_interfaces/environment/library_path.dsv
[15.268s] -- Installing: /home/user/refine_plan_v2/install/action_interfaces/lib/libaction_interfaces__rosidl_generator_c.so
[15.273s] -- Set runtime path of "/home/user/refine_plan_v2/install/action_interfaces/lib/libaction_interfaces__rosidl_generator_c.so" to ""
[15.274s] -- Up-to-date: /home/user/refine_plan_v2/install/action_interfaces/include/action_interfaces/action_interfaces
[15.276s] -- Up-to-date: /home/user/refine_plan_v2/install/action_interfaces/include/action_interfaces/action_interfaces/msg
[15.277s] -- Up-to-date: /home/user/refine_plan_v2/install/action_interfaces/include/action_interfaces/action_interfaces/msg/rosidl_typesupport_fastrtps_c__visibility_control.h
[15.279s] -- Up-to-date: /home/user/refine_plan_v2/install/action_interfaces/include/action_interfaces/action_interfaces/action
[15.280s] -- Up-to-date: /home/user/refine_plan_v2/install/action_interfaces/include/action_interfaces/action_interfaces/action/detail
[15.281s] -- Installing: /home/user/refine_plan_v2/install/action_interfaces/include/action_interfaces/action_interfaces/action/detail/go_back_home__rosidl_typesupport_fastrtps_c.h
[15.282s] -- Installing: /home/user/refine_plan_v2/install/action_interfaces/include/action_interfaces/action_interfaces/action/detail/pick_object__rosidl_typesupport_fastrtps_c.h
[15.283s] -- Installing: /home/user/refine_plan_v2/install/action_interfaces/include/action_interfaces/action_interfaces/action/detail/go_to_pose__rosidl_typesupport_fastrtps_c.h
[15.284s] -- Installing: /home/user/refine_plan_v2/install/action_interfaces/lib/libaction_interfaces__rosidl_typesupport_fastrtps_c.so
[15.287s] -- Set runtime path of "/home/user/refine_plan_v2/install/action_interfaces/lib/libaction_interfaces__rosidl_typesupport_fastrtps_c.so" to ""
[15.287s] -- Up-to-date: /home/user/refine_plan_v2/install/action_interfaces/include/action_interfaces/action_interfaces
[15.288s] -- Up-to-date: /home/user/refine_plan_v2/install/action_interfaces/include/action_interfaces/action_interfaces/msg
[15.288s] -- Up-to-date: /home/user/refine_plan_v2/install/action_interfaces/include/action_interfaces/action_interfaces/msg/rosidl_typesupport_introspection_c__visibility_control.h
[15.289s] -- Up-to-date: /home/user/refine_plan_v2/install/action_interfaces/include/action_interfaces/action_interfaces/action
[15.290s] -- Up-to-date: /home/user/refine_plan_v2/install/action_interfaces/include/action_interfaces/action_interfaces/action/detail
[15.290s] -- Installing: /home/user/refine_plan_v2/install/action_interfaces/include/action_interfaces/action_interfaces/action/detail/go_back_home__type_support.c
[15.290s] -- Installing: /home/user/refine_plan_v2/install/action_interfaces/include/action_interfaces/action_interfaces/action/detail/pick_object__rosidl_typesupport_introspection_c.h
[15.291s] -- Installing: /home/user/refine_plan_v2/install/action_interfaces/include/action_interfaces/action_interfaces/action/detail/go_to_pose__type_support.c
[15.291s] -- Installing: /home/user/refine_plan_v2/install/action_interfaces/include/action_interfaces/action_interfaces/action/detail/go_to_pose__rosidl_typesupport_introspection_c.h
[15.291s] -- Installing: /home/user/refine_plan_v2/install/action_interfaces/include/action_interfaces/action_interfaces/action/detail/go_back_home__rosidl_typesupport_introspection_c.h
[15.292s] -- Installing: /home/user/refine_plan_v2/install/action_interfaces/include/action_interfaces/action_interfaces/action/detail/pick_object__type_support.c
[15.292s] -- Installing: /home/user/refine_plan_v2/install/action_interfaces/lib/libaction_interfaces__rosidl_typesupport_introspection_c.so
[15.294s] -- Set runtime path of "/home/user/refine_plan_v2/install/action_interfaces/lib/libaction_interfaces__rosidl_typesupport_introspection_c.so" to ""
[15.294s] -- Installing: /home/user/refine_plan_v2/install/action_interfaces/lib/libaction_interfaces__rosidl_typesupport_c.so
[15.295s] -- Set runtime path of "/home/user/refine_plan_v2/install/action_interfaces/lib/libaction_interfaces__rosidl_typesupport_c.so" to ""
[15.295s] -- Up-to-date: /home/user/refine_plan_v2/install/action_interfaces/include/action_interfaces/action_interfaces
[15.296s] -- Up-to-date: /home/user/refine_plan_v2/install/action_interfaces/include/action_interfaces/action_interfaces/msg
[15.296s] -- Up-to-date: /home/user/refine_plan_v2/install/action_interfaces/include/action_interfaces/action_interfaces/msg/rosidl_generator_cpp__visibility_control.hpp
[15.297s] -- Up-to-date: /home/user/refine_plan_v2/install/action_interfaces/include/action_interfaces/action_interfaces/action
[15.297s] -- Installing: /home/user/refine_plan_v2/install/action_interfaces/include/action_interfaces/action_interfaces/action/pick_object.hpp
[15.297s] -- Installing: /home/user/refine_plan_v2/install/action_interfaces/include/action_interfaces/action_interfaces/action/go_back_home.hpp
[15.297s] -- Up-to-date: /home/user/refine_plan_v2/install/action_interfaces/include/action_interfaces/action_interfaces/action/detail
[15.298s] -- Installing: /home/user/refine_plan_v2/install/action_interfaces/include/action_interfaces/action_interfaces/action/detail/go_back_home__type_support.hpp
[15.298s] -- Installing: /home/user/refine_plan_v2/install/action_interfaces/include/action_interfaces/action_interfaces/action/detail/go_to_pose__type_support.hpp
[15.298s] -- Installing: /home/user/refine_plan_v2/install/action_interfaces/include/action_interfaces/action_interfaces/action/detail/pick_object__type_support.hpp
[15.299s] -- Installing: /home/user/refine_plan_v2/install/action_interfaces/include/action_interfaces/action_interfaces/action/detail/go_to_pose__builder.hpp
[15.299s] -- Installing: /home/user/refine_plan_v2/install/action_interfaces/include/action_interfaces/action_interfaces/action/detail/pick_object__builder.hpp
[15.299s] -- Installing: /home/user/refine_plan_v2/install/action_interfaces/include/action_interfaces/action_interfaces/action/detail/go_back_home__traits.hpp
[15.299s] -- Installing: /home/user/refine_plan_v2/install/action_interfaces/include/action_interfaces/action_interfaces/action/detail/pick_object__traits.hpp
[15.299s] -- Installing: /home/user/refine_plan_v2/install/action_interfaces/include/action_interfaces/action_interfaces/action/detail/pick_object__struct.hpp
[15.299s] -- Installing: /home/user/refine_plan_v2/install/action_interfaces/include/action_interfaces/action_interfaces/action/detail/go_to_pose__struct.hpp
[15.300s] -- Installing: /home/user/refine_plan_v2/install/action_interfaces/include/action_interfaces/action_interfaces/action/detail/go_back_home__builder.hpp
[15.300s] -- Installing: /home/user/refine_plan_v2/install/action_interfaces/include/action_interfaces/action_interfaces/action/detail/go_to_pose__traits.hpp
[15.300s] -- Installing: /home/user/refine_plan_v2/install/action_interfaces/include/action_interfaces/action_interfaces/action/detail/go_back_home__struct.hpp
[15.300s] -- Installing: /home/user/refine_plan_v2/install/action_interfaces/include/action_interfaces/action_interfaces/action/go_to_pose.hpp
[15.301s] -- Up-to-date: /home/user/refine_plan_v2/install/action_interfaces/include/action_interfaces/action_interfaces
[15.301s] -- Up-to-date: /home/user/refine_plan_v2/install/action_interfaces/include/action_interfaces/action_interfaces/msg
[15.301s] -- Up-to-date: /home/user/refine_plan_v2/install/action_interfaces/include/action_interfaces/action_interfaces/msg/rosidl_typesupport_fastrtps_cpp__visibility_control.h
[15.301s] -- Up-to-date: /home/user/refine_plan_v2/install/action_interfaces/include/action_interfaces/action_interfaces/action
[15.301s] -- Up-to-date: /home/user/refine_plan_v2/install/action_interfaces/include/action_interfaces/action_interfaces/action/detail
[15.301s] -- Installing: /home/user/refine_plan_v2/install/action_interfaces/include/action_interfaces/action_interfaces/action/detail/go_to_pose__rosidl_typesupport_fastrtps_cpp.hpp
[15.302s] -- Installing: /home/user/refine_plan_v2/install/action_interfaces/include/action_interfaces/action_interfaces/action/detail/pick_object__rosidl_typesupport_fastrtps_cpp.hpp
[15.302s] -- Installing: /home/user/refine_plan_v2/install/action_interfaces/include/action_interfaces/action_interfaces/action/detail/go_back_home__rosidl_typesupport_fastrtps_cpp.hpp
[15.302s] -- Up-to-date: /home/user/refine_plan_v2/install/action_interfaces/include/action_interfaces/action_interfaces/action/detail/dds_fastrtps
[15.302s] -- Installing: /home/user/refine_plan_v2/install/action_interfaces/lib/libaction_interfaces__rosidl_typesupport_fastrtps_cpp.so
[15.303s] -- Set runtime path of "/home/user/refine_plan_v2/install/action_interfaces/lib/libaction_interfaces__rosidl_typesupport_fastrtps_cpp.so" to ""
[15.303s] -- Up-to-date: /home/user/refine_plan_v2/install/action_interfaces/include/action_interfaces/action_interfaces
[15.304s] -- Up-to-date: /home/user/refine_plan_v2/install/action_interfaces/include/action_interfaces/action_interfaces/action
[15.304s] -- Up-to-date: /home/user/refine_plan_v2/install/action_interfaces/include/action_interfaces/action_interfaces/action/detail
[15.304s] -- Installing: /home/user/refine_plan_v2/install/action_interfaces/include/action_interfaces/action_interfaces/action/detail/go_back_home__type_support.cpp
[15.304s] -- Installing: /home/user/refine_plan_v2/install/action_interfaces/include/action_interfaces/action_interfaces/action/detail/pick_object__rosidl_typesupport_introspection_cpp.hpp
[15.304s] -- Installing: /home/user/refine_plan_v2/install/action_interfaces/include/action_interfaces/action_interfaces/action/detail/go_to_pose__type_support.cpp
[15.305s] -- Installing: /home/user/refine_plan_v2/install/action_interfaces/include/action_interfaces/action_interfaces/action/detail/pick_object__type_support.cpp
[15.305s] -- Installing: /home/user/refine_plan_v2/install/action_interfaces/include/action_interfaces/action_interfaces/action/detail/go_back_home__rosidl_typesupport_introspection_cpp.hpp
[15.305s] -- Installing: /home/user/refine_plan_v2/install/action_interfaces/include/action_interfaces/action_interfaces/action/detail/go_to_pose__rosidl_typesupport_introspection_cpp.hpp
[15.305s] -- Installing: /home/user/refine_plan_v2/install/action_interfaces/lib/libaction_interfaces__rosidl_typesupport_introspection_cpp.so
[15.306s] -- Set runtime path of "/home/user/refine_plan_v2/install/action_interfaces/lib/libaction_interfaces__rosidl_typesupport_introspection_cpp.so" to ""
[15.307s] -- Installing: /home/user/refine_plan_v2/install/action_interfaces/lib/libaction_interfaces__rosidl_typesupport_cpp.so
[15.307s] -- Set runtime path of "/home/user/refine_plan_v2/install/action_interfaces/lib/libaction_interfaces__rosidl_typesupport_cpp.so" to ""
[15.308s] -- Up-to-date: /home/user/refine_plan_v2/install/action_interfaces/share/action_interfaces/environment/pythonpath.sh
[15.308s] -- Installing: /home/user/refine_plan_v2/install/action_interfaces/share/action_interfaces/environment/pythonpath.dsv
[15.308s] -- Up-to-date: /home/user/refine_plan_v2/install/action_interfaces/local/lib/python3.10/dist-packages/action_interfaces-0.0.0-py3.10.egg-info
[15.308s] -- Installing: /home/user/refine_plan_v2/install/action_interfaces/local/lib/python3.10/dist-packages/action_interfaces-0.0.0-py3.10.egg-info/top_level.txt
[15.308s] -- Installing: /home/user/refine_plan_v2/install/action_interfaces/local/lib/python3.10/dist-packages/action_interfaces-0.0.0-py3.10.egg-info/SOURCES.txt
[15.309s] -- Installing: /home/user/refine_plan_v2/install/action_interfaces/local/lib/python3.10/dist-packages/action_interfaces-0.0.0-py3.10.egg-info/dependency_links.txt
[15.309s] -- Installing: /home/user/refine_plan_v2/install/action_interfaces/local/lib/python3.10/dist-packages/action_interfaces-0.0.0-py3.10.egg-info/PKG-INFO
[15.309s] -- Up-to-date: /home/user/refine_plan_v2/install/action_interfaces/local/lib/python3.10/dist-packages/action_interfaces
[15.309s] -- Installing: /home/user/refine_plan_v2/install/action_interfaces/local/lib/python3.10/dist-packages/action_interfaces/_action_interfaces_s.ep.rosidl_typesupport_c.c
[15.309s] -- Installing: /home/user/refine_plan_v2/install/action_interfaces/local/lib/python3.10/dist-packages/action_interfaces/_action_interfaces_s.ep.rosidl_typesupport_introspection_c.c
[15.310s] -- Installing: /home/user/refine_plan_v2/install/action_interfaces/local/lib/python3.10/dist-packages/action_interfaces/action_interfaces_s__rosidl_typesupport_introspection_c.cpython-310-x86_64-linux-gnu.so
[15.310s] -- Installing: /home/user/refine_plan_v2/install/action_interfaces/local/lib/python3.10/dist-packages/action_interfaces/action_interfaces_s__rosidl_typesupport_c.cpython-310-x86_64-linux-gnu.so
[15.310s] -- Installing: /home/user/refine_plan_v2/install/action_interfaces/local/lib/python3.10/dist-packages/action_interfaces/_action_interfaces_s.ep.rosidl_typesupport_fastrtps_c.c
[15.311s] -- Installing: /home/user/refine_plan_v2/install/action_interfaces/local/lib/python3.10/dist-packages/action_interfaces/action_interfaces_s__rosidl_typesupport_fastrtps_c.cpython-310-x86_64-linux-gnu.so
[15.311s] -- Installing: /home/user/refine_plan_v2/install/action_interfaces/local/lib/python3.10/dist-packages/action_interfaces/libaction_interfaces__rosidl_generator_py.so
[15.312s] -- Up-to-date: /home/user/refine_plan_v2/install/action_interfaces/local/lib/python3.10/dist-packages/action_interfaces/action
[15.312s] -- Installing: /home/user/refine_plan_v2/install/action_interfaces/local/lib/python3.10/dist-packages/action_interfaces/action/_go_back_home_s.c
[15.312s] -- Installing: /home/user/refine_plan_v2/install/action_interfaces/local/lib/python3.10/dist-packages/action_interfaces/action/_go_to_pose.py
[15.312s] -- Installing: /home/user/refine_plan_v2/install/action_interfaces/local/lib/python3.10/dist-packages/action_interfaces/action/_go_to_pose_s.c
[15.313s] -- Installing: /home/user/refine_plan_v2/install/action_interfaces/local/lib/python3.10/dist-packages/action_interfaces/action/_go_back_home.py
[15.313s] -- Installing: /home/user/refine_plan_v2/install/action_interfaces/local/lib/python3.10/dist-packages/action_interfaces/action/_pick_object_s.c
[15.313s] -- Installing: /home/user/refine_plan_v2/install/action_interfaces/local/lib/python3.10/dist-packages/action_interfaces/action/_pick_object.py
[15.314s] -- Installing: /home/user/refine_plan_v2/install/action_interfaces/local/lib/python3.10/dist-packages/action_interfaces/action/__init__.py
[15.314s] -- Installing: /home/user/refine_plan_v2/install/action_interfaces/local/lib/python3.10/dist-packages/action_interfaces/__init__.py
[15.427s] Listing '/home/user/refine_plan_v2/install/action_interfaces/local/lib/python3.10/dist-packages/action_interfaces'...
[15.427s] Compiling '/home/user/refine_plan_v2/install/action_interfaces/local/lib/python3.10/dist-packages/action_interfaces/__init__.py'...
[15.427s] Listing '/home/user/refine_plan_v2/install/action_interfaces/local/lib/python3.10/dist-packages/action_interfaces/action'...
[15.427s] Compiling '/home/user/refine_plan_v2/install/action_interfaces/local/lib/python3.10/dist-packages/action_interfaces/action/__init__.py'...
[15.428s] Compiling '/home/user/refine_plan_v2/install/action_interfaces/local/lib/python3.10/dist-packages/action_interfaces/action/_go_back_home.py'...
[15.428s] Compiling '/home/user/refine_plan_v2/install/action_interfaces/local/lib/python3.10/dist-packages/action_interfaces/action/_go_to_pose.py'...
[15.428s] Compiling '/home/user/refine_plan_v2/install/action_interfaces/local/lib/python3.10/dist-packages/action_interfaces/action/_pick_object.py'...
[15.439s] -- Installing: /home/user/refine_plan_v2/install/action_interfaces/local/lib/python3.10/dist-packages/action_interfaces/action_interfaces_s__rosidl_typesupport_fastrtps_c.cpython-310-x86_64-linux-gnu.so
[15.440s] -- Set runtime path of "/home/user/refine_plan_v2/install/action_interfaces/local/lib/python3.10/dist-packages/action_interfaces/action_interfaces_s__rosidl_typesupport_fastrtps_c.cpython-310-x86_64-linux-gnu.so" to ""
[15.441s] -- Installing: /home/user/refine_plan_v2/install/action_interfaces/local/lib/python3.10/dist-packages/action_interfaces/action_interfaces_s__rosidl_typesupport_introspection_c.cpython-310-x86_64-linux-gnu.so
[15.442s] -- Set runtime path of "/home/user/refine_plan_v2/install/action_interfaces/local/lib/python3.10/dist-packages/action_interfaces/action_interfaces_s__rosidl_typesupport_introspection_c.cpython-310-x86_64-linux-gnu.so" to ""
[15.442s] -- Installing: /home/user/refine_plan_v2/install/action_interfaces/local/lib/python3.10/dist-packages/action_interfaces/action_interfaces_s__rosidl_typesupport_c.cpython-310-x86_64-linux-gnu.so
[15.444s] -- Set runtime path of "/home/user/refine_plan_v2/install/action_interfaces/local/lib/python3.10/dist-packages/action_interfaces/action_interfaces_s__rosidl_typesupport_c.cpython-310-x86_64-linux-gnu.so" to ""
[15.445s] -- Installing: /home/user/refine_plan_v2/install/action_interfaces/lib/libaction_interfaces__rosidl_generator_py.so
[15.450s] -- Set runtime path of "/home/user/refine_plan_v2/install/action_interfaces/lib/libaction_interfaces__rosidl_generator_py.so" to ""
[15.451s] -- Up-to-date: /home/user/refine_plan_v2/install/action_interfaces/share/action_interfaces/action/GoBackHome.idl
[15.451s] -- Up-to-date: /home/user/refine_plan_v2/install/action_interfaces/share/action_interfaces/action/GoToPose.idl
[15.451s] -- Installing: /home/user/refine_plan_v2/install/action_interfaces/share/action_interfaces/action/PickObject.idl
[15.451s] -- Up-to-date: /home/user/refine_plan_v2/install/action_interfaces/share/action_interfaces/action/GoBackHome.action
[15.452s] -- Up-to-date: /home/user/refine_plan_v2/install/action_interfaces/share/action_interfaces/action/GoToPose.action
[15.452s] -- Installing: /home/user/refine_plan_v2/install/action_interfaces/share/action_interfaces/action/PickObject.action
[15.452s] -- Up-to-date: /home/user/refine_plan_v2/install/action_interfaces/share/ament_index/resource_index/package_run_dependencies/action_interfaces
[15.452s] -- Up-to-date: /home/user/refine_plan_v2/install/action_interfaces/share/ament_index/resource_index/parent_prefix_path/action_interfaces
[15.452s] -- Up-to-date: /home/user/refine_plan_v2/install/action_interfaces/share/action_interfaces/environment/ament_prefix_path.sh
[15.453s] -- Installing: /home/user/refine_plan_v2/install/action_interfaces/share/action_interfaces/environment/ament_prefix_path.dsv
[15.453s] -- Up-to-date: /home/user/refine_plan_v2/install/action_interfaces/share/action_interfaces/environment/path.sh
[15.460s] -- Installing: /home/user/refine_plan_v2/install/action_interfaces/share/action_interfaces/environment/path.dsv
[15.462s] -- Up-to-date: /home/user/refine_plan_v2/install/action_interfaces/share/action_interfaces/local_setup.bash
[15.463s] -- Up-to-date: /home/user/refine_plan_v2/install/action_interfaces/share/action_interfaces/local_setup.sh
[15.464s] -- Up-to-date: /home/user/refine_plan_v2/install/action_interfaces/share/action_interfaces/local_setup.zsh
[15.470s] -- Installing: /home/user/refine_plan_v2/install/action_interfaces/share/action_interfaces/local_setup.dsv
[15.470s] -- Installing: /home/user/refine_plan_v2/install/action_interfaces/share/action_interfaces/package.dsv
[15.470s] -- Up-to-date: /home/user/refine_plan_v2/install/action_interfaces/share/ament_index/resource_index/packages/action_interfaces
[15.471s] -- Up-to-date: /home/user/refine_plan_v2/install/action_interfaces/share/action_interfaces/cmake/export_action_interfaces__rosidl_generator_cExport.cmake
[15.471s] -- Up-to-date: /home/user/refine_plan_v2/install/action_interfaces/share/action_interfaces/cmake/export_action_interfaces__rosidl_generator_cExport-noconfig.cmake
[15.472s] -- Up-to-date: /home/user/refine_plan_v2/install/action_interfaces/share/action_interfaces/cmake/export_action_interfaces__rosidl_typesupport_fastrtps_cExport.cmake
[15.472s] -- Up-to-date: /home/user/refine_plan_v2/install/action_interfaces/share/action_interfaces/cmake/export_action_interfaces__rosidl_typesupport_fastrtps_cExport-noconfig.cmake
[15.472s] -- Up-to-date: /home/user/refine_plan_v2/install/action_interfaces/share/action_interfaces/cmake/action_interfaces__rosidl_typesupport_introspection_cExport.cmake
[15.473s] -- Up-to-date: /home/user/refine_plan_v2/install/action_interfaces/share/action_interfaces/cmake/action_interfaces__rosidl_typesupport_introspection_cExport-noconfig.cmake
[15.482s] -- Up-to-date: /home/user/refine_plan_v2/install/action_interfaces/share/action_interfaces/cmake/action_interfaces__rosidl_typesupport_cExport.cmake
[15.482s] -- Up-to-date: /home/user/refine_plan_v2/install/action_interfaces/share/action_interfaces/cmake/action_interfaces__rosidl_typesupport_cExport-noconfig.cmake
[15.483s] -- Up-to-date: /home/user/refine_plan_v2/install/action_interfaces/share/action_interfaces/cmake/export_action_interfaces__rosidl_generator_cppExport.cmake
[15.483s] -- Up-to-date: /home/user/refine_plan_v2/install/action_interfaces/share/action_interfaces/cmake/export_action_interfaces__rosidl_typesupport_fastrtps_cppExport.cmake
[15.483s] -- Up-to-date: /home/user/refine_plan_v2/install/action_interfaces/share/action_interfaces/cmake/export_action_interfaces__rosidl_typesupport_fastrtps_cppExport-noconfig.cmake
[15.484s] -- Up-to-date: /home/user/refine_plan_v2/install/action_interfaces/share/action_interfaces/cmake/action_interfaces__rosidl_typesupport_introspection_cppExport.cmake
[15.484s] -- Up-to-date: /home/user/refine_plan_v2/install/action_interfaces/share/action_interfaces/cmake/action_interfaces__rosidl_typesupport_introspection_cppExport-noconfig.cmake
[15.484s] -- Up-to-date: /home/user/refine_plan_v2/install/action_interfaces/share/action_interfaces/cmake/action_interfaces__rosidl_typesupport_cppExport.cmake
[15.484s] -- Up-to-date: /home/user/refine_plan_v2/install/action_interfaces/share/action_interfaces/cmake/action_interfaces__rosidl_typesupport_cppExport-noconfig.cmake
[15.485s] -- Up-to-date: /home/user/refine_plan_v2/install/action_interfaces/share/action_interfaces/cmake/export_action_interfaces__rosidl_generator_pyExport.cmake
[15.486s] -- Up-to-date: /home/user/refine_plan_v2/install/action_interfaces/share/action_interfaces/cmake/export_action_interfaces__rosidl_generator_pyExport-noconfig.cmake
[15.488s] -- Up-to-date: /home/user/refine_plan_v2/install/action_interfaces/share/action_interfaces/cmake/rosidl_cmake-extras.cmake
[15.489s] -- Up-to-date: /home/user/refine_plan_v2/install/action_interfaces/share/action_interfaces/cmake/ament_cmake_export_dependencies-extras.cmake
[15.490s] -- Up-to-date: /home/user/refine_plan_v2/install/action_interfaces/share/action_interfaces/cmake/ament_cmake_export_include_directories-extras.cmake
[15.490s] -- Up-to-date: /home/user/refine_plan_v2/install/action_interfaces/share/action_interfaces/cmake/ament_cmake_export_libraries-extras.cmake
[15.496s] -- Up-to-date: /home/user/refine_plan_v2/install/action_interfaces/share/action_interfaces/cmake/ament_cmake_export_targets-extras.cmake
[15.497s] -- Up-to-date: /home/user/refine_plan_v2/install/action_interfaces/share/action_interfaces/cmake/rosidl_cmake_export_typesupport_targets-extras.cmake
[15.497s] -- Up-to-date: /home/user/refine_plan_v2/install/action_interfaces/share/action_interfaces/cmake/rosidl_cmake_export_typesupport_libraries-extras.cmake
[15.497s] -- Up-to-date: /home/user/refine_plan_v2/install/action_interfaces/share/action_interfaces/cmake/action_interfacesConfig.cmake
[15.498s] -- Up-to-date: /home/user/refine_plan_v2/install/action_interfaces/share/action_interfaces/cmake/action_interfacesConfig-version.cmake
[15.498s] -- Up-to-date: /home/user/refine_plan_v2/install/action_interfaces/share/action_interfaces/package.xml
[15.498s] Invoked command in '/home/user/refine_plan_v2/build/action_interfaces' returned '0': CMAKE_PREFIX_PATH=/opt/ros/humble /usr/bin/cmake --install /home/user/refine_plan_v2/build/action_interfaces
