[1.077s] Invoking command in '/home/user/refine_plan_ws/src/actions_interface': PYTHONPATH=/home/user/refine_plan_ws/build/actions_interface/prefix_override:/usr/lib/python3/dist-packages/colcon_core/task/python/colcon_distutils_commands:/home/user/refine_plan_ws/install/actions_interface/lib/python3.10/site-packages:${PYTHONPATH} /usr/bin/python3 -W ignore:setup.py install is deprecated -W ignore:easy_install command is deprecated setup.py egg_info --egg-base ../../build/actions_interface build --build-base /home/user/refine_plan_ws/build/actions_interface/build install --record /home/user/refine_plan_ws/build/actions_interface/install.log --single-version-externally-managed install_data
[1.383s] running egg_info
[1.384s] writing ../../build/actions_interface/actions_interface.egg-info/PKG-INFO
[1.384s] writing dependency_links to ../../build/actions_interface/actions_interface.egg-info/dependency_links.txt
[1.384s] writing entry points to ../../build/actions_interface/actions_interface.egg-info/entry_points.txt
[1.385s] writing requirements to ../../build/actions_interface/actions_interface.egg-info/requires.txt
[1.385s] writing top-level names to ../../build/actions_interface/actions_interface.egg-info/top_level.txt
[1.387s] reading manifest file '../../build/actions_interface/actions_interface.egg-info/SOURCES.txt'
[1.387s] adding license file 'LICENSE'
[1.388s] writing manifest file '../../build/actions_interface/actions_interface.egg-info/SOURCES.txt'
[1.388s] running build
[1.388s] running build_py
[1.388s] running install
[1.389s] running install_lib
[1.390s] running install_data
[1.390s] running install_egg_info
[1.392s] removing '/home/user/refine_plan_ws/install/actions_interface/lib/python3.10/site-packages/actions_interface-0.0.0-py3.10.egg-info' (and everything under it)
[1.393s] Copying ../../build/actions_interface/actions_interface.egg-info to /home/user/refine_plan_ws/install/actions_interface/lib/python3.10/site-packages/actions_interface-0.0.0-py3.10.egg-info
[1.394s] running install_scripts
[1.416s] writing list of installed files to '/home/user/refine_plan_ws/build/actions_interface/install.log'
[1.476s] Invoked command in '/home/user/refine_plan_ws/src/actions_interface' returned '0': PYTHONPATH=/home/user/refine_plan_ws/build/actions_interface/prefix_override:/usr/lib/python3/dist-packages/colcon_core/task/python/colcon_distutils_commands:/home/user/refine_plan_ws/install/actions_interface/lib/python3.10/site-packages:${PYTHONPATH} /usr/bin/python3 -W ignore:setup.py install is deprecated -W ignore:easy_install command is deprecated setup.py egg_info --egg-base ../../build/actions_interface build --build-base /home/user/refine_plan_ws/build/actions_interface/build install --record /home/user/refine_plan_ws/build/actions_interface/install.log --single-version-externally-managed install_data
