[1.615s] Invoking command in '/home/user/refine_plan_v2/src/simulation': PYTHONPATH=/home/user/refine_plan_v2/build/simulation/prefix_override:/usr/lib/python3/dist-packages/colcon_core/task/python/colcon_distutils_commands:/home/user/refine_plan_v2/install/simulation/lib/python3.10/site-packages:${PYTHONPATH} /usr/bin/python3 -W ignore:setup.py install is deprecated -W ignore:easy_install command is deprecated setup.py egg_info --egg-base ../../build/simulation build --build-base /home/user/refine_plan_v2/build/simulation/build install --record /home/user/refine_plan_v2/build/simulation/install.log --single-version-externally-managed install_data
[1.947s] running egg_info
[1.948s] writing ../../build/simulation/simulation.egg-info/PKG-INFO
[1.949s] writing dependency_links to ../../build/simulation/simulation.egg-info/dependency_links.txt
[1.949s] writing entry points to ../../build/simulation/simulation.egg-info/entry_points.txt
[1.949s] writing requirements to ../../build/simulation/simulation.egg-info/requires.txt
[1.949s] writing top-level names to ../../build/simulation/simulation.egg-info/top_level.txt
[1.952s] reading manifest file '../../build/simulation/simulation.egg-info/SOURCES.txt'
[1.953s] adding license file 'LICENSE'
[1.954s] writing manifest file '../../build/simulation/simulation.egg-info/SOURCES.txt'
[1.954s] running build
[1.954s] running build_py
[1.955s] copying simulation/sim_action_server.py -> /home/user/refine_plan_v2/build/simulation/build/lib/simulation
[1.955s] running install
[1.956s] running install_lib
[1.958s] copying /home/user/refine_plan_v2/build/simulation/build/lib/simulation/sim_action_server.py -> /home/user/refine_plan_v2/install/simulation/lib/python3.10/site-packages/simulation
[1.959s] byte-compiling /home/user/refine_plan_v2/install/simulation/lib/python3.10/site-packages/simulation/sim_action_server.py to sim_action_server.cpython-310.pyc
[1.960s] running install_data
[1.960s] running install_egg_info
[1.964s] removing '/home/user/refine_plan_v2/install/simulation/lib/python3.10/site-packages/simulation-0.0.0-py3.10.egg-info' (and everything under it)
[1.964s] Copying ../../build/simulation/simulation.egg-info to /home/user/refine_plan_v2/install/simulation/lib/python3.10/site-packages/simulation-0.0.0-py3.10.egg-info
[1.965s] running install_scripts
[1.997s] Installing action_server script to /home/user/refine_plan_v2/install/simulation/lib/simulation
[1.997s] Installing observer script to /home/user/refine_plan_v2/install/simulation/lib/simulation
[1.998s] writing list of installed files to '/home/user/refine_plan_v2/build/simulation/install.log'
[2.054s] Invoked command in '/home/user/refine_plan_v2/src/simulation' returned '0': PYTHONPATH=/home/user/refine_plan_v2/build/simulation/prefix_override:/usr/lib/python3/dist-packages/colcon_core/task/python/colcon_distutils_commands:/home/user/refine_plan_v2/install/simulation/lib/python3.10/site-packages:${PYTHONPATH} /usr/bin/python3 -W ignore:setup.py install is deprecated -W ignore:easy_install command is deprecated setup.py egg_info --egg-base ../../build/simulation build --build-base /home/user/refine_plan_v2/build/simulation/build install --record /home/user/refine_plan_v2/build/simulation/install.log --single-version-externally-managed install_data
