Warning: Ignoring XDG_SESSION_TYPE=wayland on Gnome. Use QT_QPA_PLATFORM=wayland to run on Wayland anyway.
Warning: Ignoring XDG_SESSION_TYPE=wayland on Gnome. Use QT_QPA_PLATFORM=wayland to run on Wayland anyway.
[CoppeliaSimClient]   loading the CoppeliaSim library...
[CoppeliaSimClient:loadinfo]   done.
[CoppeliaSimClient:loadinfo]   launching CoppeliaSim...
[CoppeliaSim:loadinfo]   Application directory is /home/kolletms/CoppeliaSim_Edu_V4_10_0_rev0_Ubuntu22_04
[CoppeliaSim:loadinfo]   user settings file is /home/kolletms/.CoppeliaSim/usrset.txt
[CoppeliaSim:loadinfo]   CoppeliaSim v4.10.0 (rev. 0), flavor: 1, linux
[CoppeliaSim:loadinfo]   ds:   0
[CoppeliaSim:loadinfo]   msnd: 1
[CoppeliaSim:loadinfo]   ms:   1
[CoppeliaSim:loadinfo]   midx: 5000-91EB-FFC4-9CCA-F764-C71D
[CoppeliaSim:loadinfo]   did:  
[CoppeliaSim:loadinfo]   mid0: FC97-7379-1C16-0023-1C17-0101
[CoppeliaSim:loadinfo]   mid1: FC9773791C1600231C17
[CoppeliaSim:loadinfo]   mid2: 7AB7966CC9EF9BB7FD7FEC7D769DC7BA
[CoppeliaSim:loadinfo]   mid3: 04E3981EA27E99B4CE66
[CoppeliaSim:loadinfo]   k:    687FFE88B3DF088E5DDD414A
[CoppeliaSim:loadinfo]   plugin simIK0: loading...
[CoppeliaSim:loadinfo]   plugin simIK0: done.
[CoppeliaSim:loadinfo]   primary screen physical dots per inch: 165
[CoppeliaSim:loadinfo]   display scaling (guessed): 100
[CoppeliaSim:loadinfo]   simulator launched.
[CoppeliaSim:loadinfo]   plugin 'BWF': loading...
[CoppeliaSim:loadinfo]   plugin 'BWF': load succeeded.
[CoppeliaSim:loadinfo]   plugin 'RemoteApi': loading...
[CoppeliaSim:loadinfo]   plugin 'RemoteApi': load succeeded.
[CoppeliaSim:loadinfo]   SK:   687FFE88B3DF088E5DDD414A
[CoppeliaSim:loadinfo]   initializing the sandbox script...
[sandboxScript:loadinfo]   plugin simZMQ: loading...
[sandboxScript:loadinfo]   plugin simZMQ: done.
[sandboxScript:loadinfo]   plugin simSubprocess: loading...
[sandboxScript:loadinfo]   plugin simSubprocess: done.
[sandboxScript:info]   Simulator launched, welcome! 
[CoppeliaSim:loadinfo]   sandbox script initialized.
[CoppeliaSim:loadinfo]   add-on '3D text generator.lua' was loaded.
[CoppeliaSim:loadinfo]   add-on 'Add-on edit.lua' was loaded.
[CoppeliaSim:loadinfo]   add-on 'Alias change.lua' was loaded.
[CoppeliaSim:loadinfo]   add-on 'Animation capture.lua' was loaded.
[CoppeliaSim:loadinfo]   add-on 'B0 remote Api server.lua' was loaded.
[CoppeliaSim:loadinfo]   add-on 'Button action.lua' was loaded.
[CoppeliaSim:loadinfo]   add-on 'Collision check.lua' was loaded.
[CoppeliaSim:loadinfo]   add-on 'Color changer.lua' was loaded.
[CoppeliaSim:loadinfo]   add-on 'Commander.lua' was loaded.
[CoppeliaSim:loadinfo]   add-on 'Contact display.lua' was loaded.
[CoppeliaSim:loadinfo]   add-on 'Convex decomposition hacd.lua' was loaded.
[CoppeliaSim:loadinfo]   add-on 'Convex decomposition vhacd.lua' was loaded.
[CoppeliaSim:loadinfo]   add-on 'Convex hull.lua' was loaded.
[CoppeliaSim:loadinfo]   add-on 'Create dummies on mesh surface.lua' was loaded.
[CoppeliaSim:loadinfo]   add-on 'Define joint group.lua' was loaded.
[CoppeliaSim:loadinfo]   add-on 'Denavit Hartenberg creator.lua' was loaded.
[CoppeliaSim:loadinfo]   add-on 'Denavit Hartenberg extractor.lua' was loaded.
[CoppeliaSim:loadinfo]   add-on 'Distance check.lua' was loaded.
[CoppeliaSim:loadinfo]   add-on 'Distribute objects uniformly.lua' was loaded.
[CoppeliaSim:loadinfo]   add-on 'Event viewer.lua' was loaded.
[CoppeliaSim:loadinfo]   add-on 'Events capture.lua' was loaded.
[CoppeliaSim:loadinfo]   add-on 'Events dump exporter.lua' was loaded.
[CoppeliaSim:loadinfo]   add-on 'External model auto reload.lua' was loaded.
[CoppeliaSim:loadinfo]   add-on 'External model auto save.lua' was loaded.
[CoppeliaSim:loadinfo]   add-on 'External model load.lua' was loaded.
[CoppeliaSim:loadinfo]   add-on 'External model reload selected.lua' was loaded.
[CoppeliaSim:loadinfo]   add-on 'External model save.lua' was loaded.
[CoppeliaSim:loadinfo]   add-on 'Find in scripts.lua' was loaded.
[CoppeliaSim:loadinfo]   add-on 'Find midpoint.lua' was loaded.
[CoppeliaSim:loadinfo]   add-on 'Floor plan importer.lua' was loaded.
[CoppeliaSim:loadinfo]   add-on 'GLTF animation exporter.lua' was loaded.
[CoppeliaSim:loadinfo]   add-on 'GLTF exporter.lua' was loaded.
[CoppeliaSim:loadinfo]   add-on 'Inverse Kinematics > generator.lua' was loaded.
[CoppeliaSim:loadinfo]   add-on 'Isometric scaling.lua' was loaded.
[CoppeliaSim:loadinfo]   add-on 'Joint tool.lua' was loaded.
[CoppeliaSim:loadinfo]   add-on 'LDraw importer.lua' was loaded.
[CoppeliaSim:loadinfo]   add-on 'Make objects same appearance.lua' was loaded.
[CoppeliaSim:loadinfo]   add-on 'Measure distance and direction.lua' was loaded.
[CoppeliaSim:loadinfo]   add-on 'Mesh decimation.lua' was loaded.
[CoppeliaSim:loadinfo]   add-on 'Mesh difference.lua' was loaded.
[CoppeliaSim:loadinfo]   add-on 'Mesh intersection.lua' was loaded.
[CoppeliaSim:loadinfo]   add-on 'Mesh subdivision.lua' was loaded.
[CoppeliaSim:loadinfo]   add-on 'Mesh symmetric difference.lua' was loaded.
[CoppeliaSim:loadinfo]   add-on 'Mesh union.lua' was loaded.
[CoppeliaSim:loadinfo]   add-on 'Message viewer.lua' was loaded.
[CoppeliaSim:loadinfo]   add-on 'Minimalistic exporter.lua' was loaded.
[CoppeliaSim:loadinfo]   add-on 'Minimalistic importer.lua' was loaded.
[CoppeliaSim:loadinfo]   add-on 'Motion Planning generator.lua' was loaded.
[CoppeliaSim:loadinfo]   add-on 'Notepad++ autocompletion.lua' was loaded.
[CoppeliaSim:loadinfo]   add-on 'Pause Stop Simulation on Condition.lua' was loaded.
[CoppeliaSim:loadinfo]   add-on 'Plugin enumerator.lua' was loaded.
[CoppeliaSim:loadinfo]   add-on 'Point cloud importer.lua' was loaded.
[CoppeliaSim:loadinfo]   add-on 'Point sampler interactive.lua' was loaded.
[CoppeliaSim:loadinfo]   add-on 'Point sampler service.lua' was loaded.
[CoppeliaSim:loadinfo]   add-on 'Property explorer.lua' was loaded.
[CoppeliaSim:loadinfo]   add-on 'PyRep.lua' was loaded.
[CoppeliaSim:loadinfo]   add-on 'Referenced handles explorer.lua' was loaded.
[CoppeliaSim:loadinfo]   add-on 'Referenced handles highlight.lua' was loaded.
[CoppeliaSim:loadinfo]   add-on 'Screenshot tool.lua' was loaded.
[CoppeliaSim:loadinfo]   add-on 'Script capture.lua' was loaded.
[CoppeliaSim:loadinfo]   add-on 'SDF importer.lua' was loaded.
[CoppeliaSim:loadinfo]   add-on 'Simulation stepper.lua' was loaded.
[CoppeliaSim:loadinfo]   add-on 'Subdivide large triangles.lua' was loaded.
[CoppeliaSim:loadinfo]   add-on 'Surface reconstruction.lua' was loaded.
[CoppeliaSim:loadinfo]   add-on 'Translate to align vertex.lua' was loaded.
[CoppeliaSim:loadinfo]   add-on 'URDF exporter.lua' was loaded.
[CoppeliaSim:loadinfo]   add-on 'URDF importer.lua' was loaded.
[CoppeliaSim:loadinfo]   add-on 'URL drop service.lua' was loaded.
[CoppeliaSim:loadinfo]   add-on 'Video recorder.lua' was loaded.
[CoppeliaSim:loadinfo]   add-on 'Visualization stream.lua' was loaded.
[CoppeliaSim:loadinfo]   add-on 'WS remote API server.lua' was loaded.
[CoppeliaSim:loadinfo]   add-on 'ZMQ remote API server.lua' was loaded.
[CoppeliaSim:loadinfo]   add-on 'Convex decomposition coacd.py' was loaded.
[Developer tools >> Commander >> Commander@addOnScript:loadinfo]   plugin simCmd: loading...
[simCmd:warning]   Selected script: Sandbox (Python)
[Developer tools >> Commander >> Commander@addOnScript:loadinfo]   plugin simCmd: done.
[Connectivity >> WebSocket remote API server@addOnScript:loadinfo]   plugin simWS: loading...
[Connectivity >> WebSocket remote API server@addOnScript:loadinfo]   plugin simWS: done.
[Connectivity >> WebSocket remote API server@addOnScript:info]   WebSocket Remote API server starting (port=23050)...
[Connectivity >> ZMQ remote API server@addOnScript:info]   ZeroMQ Remote API server starting (rpcPort=23005)...
[CoppeliaSim:warning]   If CoppeliaSim crashed in previous session, you can find auto-saved scenes in /home/kolletms/.CoppeliaSim/autoSavedScenes
[/UR10/followPath:loadinfo]   plugin simIK: loading...
[/UR10/followPath:loadinfo]   plugin simIK: done.
[/UR10/followPath:loadinfo]   plugin simOMPL: loading...
[/UR10/followPath:loadinfo]   plugin simOMPL: done.
/Floor, 13
/MPO_700, 86
/assembly_table, 88
/obs1, 133
/obs2, 135
/obs0, 137
/column0, 141
/column1, 143
/column2, 139
[/UR10/followPath:warning]   sim.switchThread is deprecated. please use sim.step instead. (control verbosity via notifyDeprecated in usrset.txt)
[/moveToPose:warning]   sim.setThreadSwitchTiming is deprecated. please use sim.setAutoYieldDelay instead. (control verbosity via notifyDeprecated in usrset.txt)
[/moveToPose:warning]   sim.switchThread is deprecated. please use sim.step instead. (control verbosity via notifyDeprecated in usrset.txt)
[sandboxScript:info]   Simulation started.
[CoppeliaSim:loadinfo]   plugin simGeom: loading...
[CoppeliaSim:loadinfo]   plugin simGeom: done.
[CoppeliaSim:loadinfo]   plugin simBullet-2-83: loading...
[CoppeliaSim:loadinfo]   plugin simBullet-2-83: done.
[CoppeliaSim:warning]   Detected non-default settings (time steps and/or dyn. engine global settings).
[sandboxScript:info]   Simulation stopping...
[sandboxScript:info]   Simulation stopped.
[sandboxScript:info]   Simulation started.
[CoppeliaSim:warning]   Detected non-default settings (time steps and/or dyn. engine global settings).
[sandboxScript:info]   Simulation stopping...
[sandboxScript:info]   Simulation stopped.
[sandboxScript:info]   Simulation started.
[CoppeliaSim:warning]   Detected non-default settings (time steps and/or dyn. engine global settings).
Goal signal recieved..
Planning ...
Collision pairs set
goal state set
Using RRT Connect
task setup complete
solving task...
OMPL states:, 200.
path found
valid path found, generating trajectory...
[/UR10/followPath:warning]   module 'matrix' was implicitly loaded.
[/UR10/followPath:warning]   "matrix" module is deprecated. please use simEigen
Trajectory points:, 1000.
Duration:, 3.402438
excecuting path...
current error: , 0.014372
Final error:, 0.014372
Execution successful
[CoppeliaSim:loadinfo]   plugin simRuckig: loading...
[CoppeliaSim:loadinfo]   plugin simRuckig: done.
Goal signal recieved..
Planning ...
Collision pairs set
goal state set
Using RRT Connect
task setup complete
solving task...
OMPL states:, 200.
path found
valid path found, generating trajectory...
Trajectory points:, 1000.
Duration:, 3.092096
excecuting path...
current error: , 0.00396
Final error:, 0.00396
Execution successful
Goal signal recieved..
Planning ...
Collision pairs set
goal state set
Using RRT Connect
task setup complete
solving task...
OMPL states:, 200.
path found
valid path found, generating trajectory...
Trajectory points:, 1000.
Duration:, 3.620185
excecuting path...
current error: , 0.14432
current error: , 0.14432
current error: , 0.060598
current error: , 0.006191
Final error:, 0.000855
Execution successful
Goal signal recieved..
Planning ...
Collision pairs set
goal state set
Using RRT Connect
task setup complete
solving task...
OMPL states:, 200.
path found
valid path found, generating trajectory...
Trajectory points:, 1000.
Duration:, 6.798706
excecuting path...
current error: , 0.003378
Final error:, 0.003378
Execution successful
Goal signal recieved..
Planning ...
Collision pairs set
goal state set
Using RRT Connect
task setup complete
solving task...
OMPL states:, 200.
path found
valid path found, generating trajectory...
Trajectory points:, 1000.
Duration:, 3.717238
excecuting path...
current error: , 0.214551
current error: , 0.214551
current error: , 0.130859
current error: , 0.047151
current error: , 0.004528
Final error:, 0.000975
Execution successful
Goal signal recieved..
Planning ...
Collision pairs set
goal state set
Using RRT Connect
task setup complete
solving task...
OMPL states:, 200.
path found
valid path found, generating trajectory...
Trajectory points:, 1000.
Duration:, 0.520632
excecuting path...
current error: , 0.002773
Final error:, 0.002773
Execution successful
Goal signal recieved..
Planning ...
Collision pairs set
goal state set
Using RRT Connect
task setup complete
solving task...
OMPL states:, 200.
path found
valid path found, generating trajectory...
Trajectory points:, 1000.
Duration:, 4.242039
excecuting path...
current error: , 0.574428
current error: , 0.574428
current error: , 0.491486
current error: , 0.408419
current error: , 0.325571
current error: , 0.242534
current error: , 0.159813
current error: , 0.076834
current error: , 0.010137
Final error:, 0.001329
Execution successful
Goal signal recieved..
Planning ...
Collision pairs set
goal state set
Using RRT Connect
task setup complete
solving task...
OMPL states:, 200.
path found
valid path found, generating trajectory...
Trajectory points:, 1000.
Duration:, 4.241723
excecuting path...
current error: , 0.573682
current error: , 0.573682
current error: , 0.490732
current error: , 0.407813
current error: , 0.325135
current error: , 0.242245
current error: , 0.159039
current error: , 0.076071
current error: , 0.009974
Final error:, 0.001362
Execution successful
Goal signal recieved..
Planning ...
Collision pairs set
goal state set
Using RRT Connect
task setup complete
solving task...
OMPL states:, 200.
path found
valid path found, generating trajectory...
Trajectory points:, 1000.
Duration:, 3.164354
excecuting path...
current error: , 0.002208
Final error:, 0.002208
Execution successful
Goal signal recieved..
Planning ...
Collision pairs set
goal state set
Using RRT Connect
task setup complete
solving task...
OMPL states:, 200.
path found
valid path found, generating trajectory...
Trajectory points:, 1000.
Duration:, 2.968852
excecuting path...
current error: , 0.002378
Final error:, 0.002378
Execution successful
Goal signal recieved..
Planning ...
Collision pairs set
goal state set
Using RRT Connect
task setup complete
solving task...
Goal signal recieved..
Planning ...
Collision pairs set
goal state set
Using RRT Connect
task setup complete
solving task...
OMPL states:, 200.
path found
valid path found, generating trajectory...
Trajectory points:, 1000.
Duration:, 7.312693
excecuting path...
current error: , 0.003555
Final error:, 0.003555
Execution successful
Goal signal recieved..
Planning ...
Collision pairs set
goal state set
Using RRT Connect
task setup complete
solving task...
OMPL states:, 200.
path found
valid path found, generating trajectory...
Trajectory points:, 1000.
Duration:, 2.533212
excecuting path...
current error: , 0.003491
Final error:, 0.003491
Execution successful
Goal signal recieved..
Planning ...
Collision pairs set
goal state set
Using RRT Connect
task setup complete
solving task...
OMPL states:, 200.
path found
valid path found, generating trajectory...
Trajectory points:, 1000.
Duration:, 2.043716
excecuting path...
current error: , 0.002191
Final error:, 0.002191
Execution successful
Goal signal recieved..
Planning ...
Collision pairs set
goal state set
Using RRT Connect
task setup complete
solving task...
OMPL states:, 200.
path found
valid path found, generating trajectory...
Trajectory points:, 1000.
Duration:, 0.627741
excecuting path...
current error: , 0.004438
Final error:, 0.004438
Execution successful
Goal signal recieved..
Planning ...
Collision pairs set
goal state set
Using RRT Connect
task setup complete
solving task...
OMPL states:, 200.
path found
valid path found, generating trajectory...
Trajectory points:, 1000.
Duration:, 3.93466
excecuting path...
current error: , 0.334616
current error: , 0.334616
current error: , 0.250892
current error: , 0.167164
current error: , 0.083445
current error: , 0.012156
Final error:, 0.001698
Execution successful
Goal signal recieved..
Planning ...
Collision pairs set
goal state set
Using RRT Connect
task setup complete
solving task...
OMPL states:, 200.
path found
valid path found, generating trajectory...
Trajectory points:, 1000.
Duration:, 3.427428
excecuting path...
current error: , 0.075612
current error: , 0.075612
current error: , 0.010824
Final error:, 0.003006
Execution successful
Goal signal recieved..
Planning ...
Collision pairs set
goal state set
Using RRT Connect
task setup complete
solving task...
OMPL states:, 200.
path found
valid path found, generating trajectory...
Trajectory points:, 1000.
Duration:, 7.084279
excecuting path...
current error: , 0.002514
Final error:, 0.002514
Execution successful
Goal signal recieved..
Planning ...
Collision pairs set
goal state set
Using RRT Connect
task setup complete
solving task...
OMPL states:, 200.
path found
valid path found, generating trajectory...
Trajectory points:, 1000.
Duration:, 3.490294
excecuting path...
current error: , 0.073947
current error: , 0.073947
current error: , 0.009393
Final error:, 0.001193
Execution successful
Goal signal recieved..
Planning ...
Collision pairs set
goal state set
Using RRT Connect
task setup complete
solving task...
OMPL states:, 200.
path found
valid path found, generating trajectory...
Trajectory points:, 1000.
Duration:, 4.495331
excecuting path...
current error: , 0.889235
current error: , 0.889235
current error: , 0.775713
current error: , 0.663959
current error: , 0.554714
current error: , 0.449795
current error: , 0.35323
current error: , 0.268387
current error: , 0.184691
current error: , 0.101008
current error: , 0.020623
current error: , 0.001864
Final error:, 0.001483
Execution successful
Goal signal recieved..
Planning ...
Collision pairs set
goal state set
Using RRT Connect
task setup complete
solving task...
OMPL states:, 200.
path found
valid path found, generating trajectory...
Trajectory points:, 1000.
Duration:, 5.027546
excecuting path...
current error: , 1.304925
current error: , 1.304925
current error: , 1.221912
current error: , 1.138899
current error: , 1.055525
current error: , 0.972515
current error: , 0.889761
current error: , 0.806538
current error: , 0.723623
current error: , 0.640682
current error: , 0.557619
current error: , 0.474643
current error: , 0.391671
current error: , 0.308639
current error: , 0.225686
current error: , 0.142737
current error: , 0.059492
current error: , 0.007675
Final error:, 0.002746
Execution successful
Goal signal recieved..
Planning ...
Collision pairs set
goal state set
Using RRT Connect
task setup complete
solving task...
OMPL states:, 200.
path found
valid path found, generating trajectory...
Trajectory points:, 1000.
Duration:, 4.563048
excecuting path...
current error: , 0.822438
current error: , 0.822438
current error: , 0.738736
current error: , 0.65502
current error: , 0.571331
current error: , 0.487633
current error: , 0.403897
current error: , 0.320202
current error: , 0.236473
current error: , 0.152789
current error: , 0.069118
current error: , 0.007869
Final error:, 0.001124
Execution successful
Goal signal recieved..
Planning ...
Collision pairs set
goal state set
Using RRT Connect
task setup complete
solving task...
OMPL states:, 200.
path found
valid path found, generating trajectory...
Trajectory points:, 1000.
Duration:, 3.328638
excecuting path...
current error: , 0.018925
Final error:, 0.018925
Execution successful
Goal signal recieved..
Planning ...
Collision pairs set
goal state set
Using RRT Connect
task setup complete
solving task...
OMPL states:, 200.
path found
valid path found, generating trajectory...
Trajectory points:, 1000.
Duration:, 3.408056
excecuting path...
current error: , 0.035111
current error: , 0.035111
current error: , 0.00302
Final error:, 0.000831
Execution successful
Goal signal recieved..
Planning ...
Collision pairs set
goal state set
Using RRT Connect
task setup complete
solving task...
Goal signal recieved..
Planning ...
Collision pairs set
goal state set
Using RRT Connect
task setup complete
solving task...
OMPL states:, 200.
path found
valid path found, generating trajectory...
Trajectory points:, 1000.
Duration:, 4.551659
excecuting path...
current error: , 0.836724
current error: , 0.836724
current error: , 0.753035
current error: , 0.669358
current error: , 0.585655
current error: , 0.501973
current error: , 0.418282
current error: , 0.33454
current error: , 0.250807
current error: , 0.167118
current error: , 0.083453
current error: , 0.012358
Final error:, 0.00151
Execution successful
Goal signal recieved..
Planning ...
Collision pairs set
goal state set
Using RRT Connect
task setup complete
solving task...
OMPL states:, 200.
path found
valid path found, generating trajectory...
Trajectory points:, 1000.
Duration:, 8.360955
excecuting path...
current error: , 0.274445
current error: , 0.274445
current error: , 0.190304
current error: , 0.106147
current error: , 0.023787
current error: , 0.002647
Final error:, 0.001391
Execution successful
Goal signal recieved..
Planning ...
Collision pairs set
goal state set
Using RRT Connect
task setup complete
solving task...
OMPL states:, 200.
path found
valid path found, generating trajectory...
Trajectory points:, 1000.
Duration:, 3.755072
excecuting path...
current error: , 0.24063
current error: , 0.24063
current error: , 0.156956
current error: , 0.073255
current error: , 0.009255
Final error:, 0.00134
Execution successful
Goal signal recieved..
Planning ...
Collision pairs set
goal state set
Using RRT Connect
task setup complete
solving task...
OMPL states:, 200.
path found
valid path found, generating trajectory...
Trajectory points:, 1000.
Duration:, 3.754709
excecuting path...
current error: , 0.236028
current error: , 0.236028
current error: , 0.152228
current error: , 0.068458
current error: , 0.008121
Final error:, 0.001563
Execution successful
Goal signal recieved..
Planning ...
Collision pairs set
goal state set
Using RRT Connect
task setup complete
solving task...
OMPL states:, 200.
path found
valid path found, generating trajectory...
Trajectory points:, 1000.
Duration:, 3.909479
excecuting path...
current error: , 0.335776
current error: , 0.335776
current error: , 0.252082
current error: , 0.168376
current error: , 0.084643
current error: , 0.01275
Final error:, 0.001576
Execution successful
Goal signal recieved..
Planning ...
Collision pairs set
goal state set
Using RRT Connect
task setup complete
solving task...
OMPL states:, 200.
path found
valid path found, generating trajectory...
Trajectory points:, 1000.
Duration:, 3.403789
excecuting path...
current error: , 0.024742
current error: , 0.024742
current error: , 0.00221
Final error:, 0.001275
Execution successful
Goal signal recieved..
Planning ...
Collision pairs set
goal state set
Using RRT Connect
task setup complete
solving task...
OMPL states:, 200.
path found
valid path found, generating trajectory...
Trajectory points:, 1000.
Duration:, 0.585296
excecuting path...
current error: , 0.003257
Final error:, 0.003257
Execution successful
Goal signal recieved..
Planning ...
Collision pairs set
goal state set
Using RRT Connect
task setup complete
solving task...
Goal signal recieved..
Planning ...
Collision pairs set
goal state set
Using RRT Connect
task setup complete
solving task...
Goal signal recieved..
Planning ...
Collision pairs set
goal state set
Using RRT Connect
task setup complete
solving task...
Goal signal recieved..
Planning ...
Collision pairs set
goal state set
Using RRT Connect
task setup complete
solving task...
OMPL states:, 200.
path found
valid path found, generating trajectory...
Trajectory points:, 1000.
Duration:, 3.586921
excecuting path...
current error: , 0.134829
current error: , 0.134829
current error: , 0.051136
current error: , 0.004794
Final error:, 0.000786
Execution successful
Goal signal recieved..
Planning ...
Collision pairs set
goal state set
Using RRT Connect
task setup complete
solving task...
OMPL states:, 200.
path found
valid path found, generating trajectory...
Trajectory points:, 1000.
Duration:, 6.980749
excecuting path...
current error: , 0.00531
Final error:, 0.00531
Execution successful
Goal signal recieved..
Planning ...
Collision pairs set
goal state set
Using RRT Connect
task setup complete
solving task...
OMPL states:, 200.
path found
valid path found, generating trajectory...
Trajectory points:, 1000.
Duration:, 9.151828
excecuting path...
current error: , 0.345043
current error: , 0.345043
current error: , 0.261392
current error: , 0.177695
current error: , 0.094001
current error: , 0.016844
Final error:, 0.00192
Execution successful
Goal signal recieved..
Planning ...
Collision pairs set
goal state set
Using RRT Connect
task setup complete
solving task...
OMPL states:, 200.
path found
valid path found, generating trajectory...
Trajectory points:, 1000.
Duration:, 3.916512
excecuting path...
current error: , 0.340672
current error: , 0.340672
current error: , 0.256854
current error: , 0.173101
current error: , 0.089333
current error: , 0.014758
Final error:, 0.001863
Execution successful
Goal signal recieved..
Planning ...
Collision pairs set
goal state set
Using RRT Connect
task setup complete
solving task...
OMPL states:, 200.
path found
valid path found, generating trajectory...
Trajectory points:, 1000.
Duration:, 3.16029
excecuting path...
current error: , 0.001881
Final error:, 0.001881
Execution successful
Goal signal recieved..
Planning ...
Collision pairs set
goal state set
Using RRT Connect
task setup complete
solving task...
OMPL states:, 200.
path found
valid path found, generating trajectory...
Trajectory points:, 1000.
Duration:, 8.452069
excecuting path...
current error: , 0.229062
current error: , 0.229062
current error: , 0.145346
current error: , 0.061659
current error: , 0.006375
Final error:, 0.00107
Execution successful
Goal signal recieved..
Planning ...
Collision pairs set
goal state set
Using RRT Connect
task setup complete
solving task...
OMPL states:, 200.
path found
valid path found, generating trajectory...
Trajectory points:, 1000.
Duration:, 3.910234
excecuting path...
current error: , 0.332155
current error: , 0.332155
current error: , 0.248351
current error: , 0.164572
current error: , 0.080781
current error: , 0.011448
Final error:, 0.002084
Execution successful
Goal signal recieved..
Planning ...
Collision pairs set
goal state set
Using RRT Connect
task setup complete
solving task...
OMPL states:, 200.
path found
valid path found, generating trajectory...
Trajectory points:, 1000.
Duration:, 0.38482
excecuting path...
current error: , 0.003753
Final error:, 0.003753
Execution successful
Goal signal recieved..
Planning ...
Collision pairs set
goal state set
Using RRT Connect
task setup complete
solving task...
OMPL states:, 200.
path found
valid path found, generating trajectory...
Trajectory points:, 1000.
Duration:, 8.600579
excecuting path...
current error: , 0.001976
Final error:, 0.001976
Execution successful
Goal signal recieved..
Planning ...
Collision pairs set
goal state set
Using RRT Connect
task setup complete
solving task...
OMPL states:, 200.
path found
valid path found, generating trajectory...
Trajectory points:, 1000.
Duration:, 4.242256
excecuting path...
current error: , 0.572207
current error: , 0.572207
current error: , 0.489334
current error: , 0.406361
current error: , 0.32363
current error: , 0.240334
current error: , 0.156931
current error: , 0.073787
current error: , 0.009188
Final error:, 0.000989
Execution successful
Goal signal recieved..
Planning ...
Collision pairs set
goal state set
Using RRT Connect
task setup complete
solving task...
OMPL states:, 200.
path found
valid path found, generating trajectory...
Trajectory points:, 1000.
Duration:, 3.409065
excecuting path...
current error: , 0.029831
current error: , 0.029831
current error: , 0.002631
Final error:, 0.001145
Execution successful
Goal signal recieved..
Planning ...
Collision pairs set
goal state set
Using RRT Connect
task setup complete
solving task...
OMPL states:, 200.
path found
valid path found, generating trajectory...
Trajectory points:, 1000.
Duration:, 12.848154
excecuting path...
current error: , 0.243344
current error: , 0.243344
current error: , 0.160373
current error: , 0.077075
current error: , 0.010735
Final error:, 0.002067
Execution successful
Goal signal recieved..
Planning ...
Collision pairs set
goal state set
Using RRT Connect
task setup complete
solving task...
Goal signal recieved..
Planning ...
Collision pairs set
goal state set
Using RRT Connect
task setup complete
solving task...
OMPL states:, 200.
path found
valid path found, generating trajectory...
Trajectory points:, 1000.
Duration:, 11.578983
excecuting path...
current error: , 0.49295
current error: , 0.49295
current error: , 0.409285
current error: , 0.325607
current error: , 0.241917
current error: , 0.158214
current error: , 0.074536
current error: , 0.009591
Final error:, 0.002062
Execution successful
Goal signal recieved..
Planning ...
Collision pairs set
goal state set
Using RRT Connect
task setup complete
solving task...
OMPL states:, 200.
path found
valid path found, generating trajectory...
Trajectory points:, 1000.
Duration:, 2.028286
excecuting path...
current error: , 0.002023
Final error:, 0.002023
Execution successful
Goal signal recieved..
Planning ...
Collision pairs set
goal state set
Using RRT Connect
task setup complete
solving task...
OMPL states:, 200.
path found
valid path found, generating trajectory...
Trajectory points:, 1000.
Duration:, 3.414248
excecuting path...
current error: , 0.065741
current error: , 0.065741
current error: , 0.008226
Final error:, 0.002283
Execution successful
Goal signal recieved..
Planning ...
Collision pairs set
goal state set
Using RRT Connect
task setup complete
solving task...
OMPL states:, 200.
path found
valid path found, generating trajectory...
Trajectory points:, 1000.
Duration:, 3.406637
excecuting path...
current error: , 0.055986
current error: , 0.055986
current error: , 0.006158
Final error:, 0.001678
Execution successful
Goal signal recieved..
Planning ...
Collision pairs set
goal state set
Using RRT Connect
task setup complete
solving task...
OMPL states:, 200.
path found
valid path found, generating trajectory...
Trajectory points:, 1000.
Duration:, 8.639971
excecuting path...
current error: , 1.549169
current error: , 1.549169
current error: , 1.43114
current error: , 1.313258
current error: , 1.195438
current error: , 1.077749
current error: , 0.960217
current error: , 0.843065
current error: , 0.726285
current error: , 0.610081
current error: , 0.494984
current error: , 0.381899
current error: , 0.273181
current error: , 0.177769
current error: , 0.093638
current error: , 0.017487
Final error:, 0.004082
Execution successful
Goal signal recieved..
Planning ...
Collision pairs set
goal state set
Using RRT Connect
task setup complete
solving task...
OMPL states:, 200.
path found
valid path found, generating trajectory...
Trajectory points:, 1000.
Duration:, 5.012919
excecuting path...
current error: , 1.248921
current error: , 1.248921
current error: , 1.165262
current error: , 1.081587
current error: , 0.997853
current error: , 0.914165
current error: , 0.830476
current error: , 0.746775
current error: , 0.663055
current error: , 0.579361
current error: , 0.495647
current error: , 0.411939
current error: , 0.328247
current error: , 0.244545
current error: , 0.160847
current error: , 0.077142
current error: , 0.010703
Final error:, 0.001949
Execution successful
Goal signal recieved..
Planning ...
Collision pairs set
goal state set
Using RRT Connect
task setup complete
solving task...
OMPL states:, 200.
path found
valid path found, generating trajectory...
Trajectory points:, 1000.
Duration:, 2.106928
excecuting path...
current error: , 0.001496
Final error:, 0.001496
Execution successful
Goal signal recieved..
Planning ...
Collision pairs set
goal state set
Using RRT Connect
task setup complete
solving task...
OMPL states:, 200.
path found
valid path found, generating trajectory...
Trajectory points:, 1000.
Duration:, 1.692256
excecuting path...
current error: , 0.002686
Final error:, 0.002686
Execution successful
Goal signal recieved..
Planning ...
Collision pairs set
goal state set
Using RRT Connect
task setup complete
solving task...
OMPL states:, 200.
path found
valid path found, generating trajectory...
Trajectory points:, 1000.
Duration:, 4.202278
excecuting path...
current error: , 0.546562
current error: , 0.546562
current error: , 0.462768
current error: , 0.378994
current error: , 0.295246
current error: , 0.211496
current error: , 0.127746
current error: , 0.044095
current error: , 0.004428
Final error:, 0.001492
Execution successful
Goal signal recieved..
Planning ...
Collision pairs set
goal state set
Using RRT Connect
task setup complete
solving task...
OMPL states:, 200.
path found
valid path found, generating trajectory...
Trajectory points:, 1000.
Duration:, 4.182288
excecuting path...
current error: , 0.548327
current error: , 0.548327
current error: , 0.464612
current error: , 0.380922
current error: , 0.297243
current error: , 0.213528
current error: , 0.129807
current error: , 0.046144
current error: , 0.005257
Final error:, 0.002087
Execution successful
[sandboxScript:info]   Simulation stopping...
[sandboxScript:info]   Simulation stopped.
[sandboxScript:info]   Simulation started.
[CoppeliaSim:warning]   Detected non-default settings (time steps and/or dyn. engine global settings).
Goal signal recieved..
Planning ...
Collision pairs set
goal state set
Using RRT Connect
task setup complete
solving task...
OMPL states:, 200.
path found
valid path found, generating trajectory...
Trajectory points:, 1000.
Duration:, 3.902102
excecuting path...
current error: , 0.324976
current error: , 0.324976
current error: , 0.241262
current error: , 0.157571
current error: , 0.073905
current error: , 0.010112
Final error:, 0.002346
Execution successful
Goal signal recieved..
Planning ...
Collision pairs set
goal state set
Using RRT Connect
task setup complete
solving task...
OMPL states:, 200.
path found
valid path found, generating trajectory...
Trajectory points:, 1000.
Duration:, 2.303668
excecuting path...
current error: , 0.003964
Final error:, 0.003964
Execution successful
Goal signal recieved..
Planning ...
Collision pairs set
goal state set
Using RRT Connect
task setup complete
solving task...
OMPL states:, 200.
path found
valid path found, generating trajectory...
Trajectory points:, 1000.
Duration:, 5.861997
excecuting path...
current error: , 0.00205
Final error:, 0.00205
Execution successful
Goal signal recieved..
Planning ...
Collision pairs set
goal state set
Using RRT Connect
task setup complete
solving task...
OMPL states:, 200.
path found
valid path found, generating trajectory...
Trajectory points:, 1000.
Duration:, 8.876163
excecuting path...
current error: , 0.609253
current error: , 0.609253
current error: , 0.503908
current error: , 0.405213
current error: , 0.318747
current error: , 0.235726
current error: , 0.152586
current error: , 0.069381
current error: , 0.012445
Final error:, 0.006757
Execution successful
Goal signal recieved..
Planning ...
Collision pairs set
goal state set
Using RRT Connect
task setup complete
solving task...
Goal signal recieved..
Planning ...
Collision pairs set
goal state set
Using RRT Connect
task setup complete
solving task...
Goal signal recieved..
Planning ...
Collision pairs set
goal state set
Using RRT Connect
task setup complete
solving task...
OMPL states:, 200.
path found
valid path found, generating trajectory...
Trajectory points:, 1000.
Duration:, 6.903342
excecuting path...
current error: , 0.511851
current error: , 0.511851
current error: , 0.428672
current error: , 0.345405
current error: , 0.262386
current error: , 0.1795
current error: , 0.096349
current error: , 0.018279
Final error:, 0.001954
Execution successful
Goal signal recieved..
Planning ...
Collision pairs set
goal state set
Using RRT Connect
task setup complete
solving task...
Goal signal recieved..
Planning ...
Collision pairs set
goal state set
Using RRT Connect
task setup complete
solving task...
OMPL states:, 200.
path found
valid path found, generating trajectory...
Trajectory points:, 1000.
Duration:, 3.425917
excecuting path...
current error: , 0.048625
current error: , 0.048625
current error: , 0.004659
Final error:, 0.002084
Execution successful
Goal signal recieved..
Planning ...
Collision pairs set
goal state set
Using RRT Connect
task setup complete
solving task...
OMPL states:, 200.
path found
valid path found, generating trajectory...
Trajectory points:, 1000.
Duration:, 8.096724
excecuting path...
current error: , 0.001836
Final error:, 0.001836
Execution successful
Goal signal recieved..
Planning ...
Collision pairs set
goal state set
Using RRT Connect
task setup complete
solving task...
Goal signal recieved..
Planning ...
Collision pairs set
goal state set
Using RRT Connect
task setup complete
solving task...
OMPL states:, 200.
path found
valid path found, generating trajectory...
Trajectory points:, 1000.
Duration:, 13.126244
excecuting path...
current error: , 0.133911
current error: , 0.133911
current error: , 0.050067
current error: , 0.004529
Final error:, 0.0016
Execution successful
Goal signal recieved..
Planning ...
Collision pairs set
goal state set
Using RRT Connect
task setup complete
solving task...
OMPL states:, 200.
path found
valid path found, generating trajectory...
Trajectory points:, 1000.
Duration:, 1.76664
excecuting path...
current error: , 0.00148
Final error:, 0.00148
Execution successful
Goal signal recieved..
Planning ...
Collision pairs set
goal state set
Using RRT Connect
task setup complete
solving task...
OMPL states:, 200.
path found
valid path found, generating trajectory...
Trajectory points:, 1000.
Duration:, 1.479848
excecuting path...
current error: , 0.003076
Final error:, 0.003076
Execution successful
Goal signal recieved..
Planning ...
Collision pairs set
goal state set
Using RRT Connect
task setup complete
solving task...
OMPL states:, 200.
path found
valid path found, generating trajectory...
Trajectory points:, 1000.
Duration:, 3.586975
excecuting path...
current error: , 0.15842
current error: , 0.15842
current error: , 0.074715
current error: , 0.010471
Final error:, 0.002534
Execution successful
Goal signal recieved..
Planning ...
Collision pairs set
goal state set
Using RRT Connect
task setup complete
solving task...
OMPL states:, 200.
path found
valid path found, generating trajectory...
Trajectory points:, 1000.
Duration:, 3.735353
excecuting path...
current error: , 0.234848
current error: , 0.234848
current error: , 0.151044
current error: , 0.067315
current error: , 0.00842
Final error:, 0.002306
Execution successful
Goal signal recieved..
Planning ...
Collision pairs set
goal state set
Using RRT Connect
task setup complete
solving task...
OMPL states:, 200.
path found
valid path found, generating trajectory...
Trajectory points:, 1000.
Duration:, 3.664023
excecuting path...
current error: , 0.20159
current error: , 0.20159
current error: , 0.11791
current error: , 0.034211
current error: , 0.00423
Final error:, 0.00195
Execution successful
Goal signal recieved..
Planning ...
Collision pairs set
goal state set
Using RRT Connect
task setup complete
solving task...
Goal signal recieved..
Planning ...
Collision pairs set
goal state set
Using RRT Connect
task setup complete
solving task...
OMPL states:, 200.
path found
valid path found, generating trajectory...
Trajectory points:, 1000.
Duration:, 1.695983
excecuting path...
current error: , 0.001672
Final error:, 0.001672
Execution successful
Goal signal recieved..
Planning ...
Collision pairs set
goal state set
Using RRT Connect
task setup complete
solving task...
OMPL states:, 200.
path found
valid path found, generating trajectory...
Trajectory points:, 1000.
Duration:, 3.075949
excecuting path...
current error: , 0.002101
Final error:, 0.002101
Execution successful
Goal signal recieved..
Planning ...
Collision pairs set
goal state set
Using RRT Connect
task setup complete
solving task...
OMPL states:, 200.
path found
valid path found, generating trajectory...
Trajectory points:, 1000.
Duration:, 9.577233
excecuting path...
current error: , 1.206117
current error: , 1.206117
current error: , 1.122434
current error: , 1.038739
current error: , 0.955025
current error: , 0.871327
current error: , 0.787604
current error: , 0.703909
current error: , 0.620198
current error: , 0.53648
current error: , 0.452724
current error: , 0.36903
current error: , 0.285321
current error: , 0.201636
current error: , 0.117956
current error: , 0.034269
current error: , 0.003119
Final error:, 0.000937
Execution successful
Goal signal recieved..
Planning ...
Collision pairs set
goal state set
Using RRT Connect
task setup complete
solving task...
OMPL states:, 200.
path found
valid path found, generating trajectory...
Trajectory points:, 1000.
Duration:, 3.427989
excecuting path...
current error: , 0.074775
current error: , 0.074775
current error: , 0.010754
Final error:, 0.003449
Execution successful
Goal signal recieved..
Planning ...
Collision pairs set
goal state set
Using RRT Connect
task setup complete
solving task...
OMPL states:, 200.
path found
valid path found, generating trajectory...
Trajectory points:, 1000.
Duration:, 5.777646
excecuting path...
current error: , 0.001936
Final error:, 0.001936
Execution successful
Goal signal recieved..
Planning ...
Collision pairs set
goal state set
Using RRT Connect
task setup complete
solving task...
OMPL states:, 200.
path found
valid path found, generating trajectory...
Trajectory points:, 1000.
Duration:, 3.476368
excecuting path...
current error: , 0.084537
current error: , 0.084537
current error: , 0.01316
Final error:, 0.001935
Execution successful
Goal signal recieved..
Planning ...
Collision pairs set
goal state set
Using RRT Connect
task setup complete
solving task...
OMPL states:, 200.
path found
valid path found, generating trajectory...
Trajectory points:, 1000.
Duration:, 8.667373
excecuting path...
current error: , 0.731473
current error: , 0.731473
current error: , 0.616089
current error: , 0.502115
current error: , 0.390776
current error: , 0.285115
current error: , 0.193958
current error: , 0.110135
current error: , 0.027159
current error: , 0.002455
Final error:, 0.000599
Execution successful
Goal signal recieved..
Planning ...
Collision pairs set
goal state set
Using RRT Connect
task setup complete
solving task...
OMPL states:, 200.
path found
valid path found, generating trajectory...
Trajectory points:, 1000.
Duration:, 4.967723
excecuting path...
current error: , 1.190578
current error: , 1.190578
current error: , 1.107287
current error: , 1.024234
current error: , 0.941518
current error: , 0.858361
current error: , 0.775392
current error: , 0.69232
current error: , 0.609361
current error: , 0.526402
current error: , 0.443415
current error: , 0.360443
current error: , 0.276938
current error: , 0.193893
current error: , 0.110524
current error: , 0.028019
current error: , 0.002525
Final error:, 0.000712
Execution successful
Goal signal recieved..
Planning ...
Collision pairs set
goal state set
Using RRT Connect
task setup complete
solving task...
OMPL states:, 200.
path found
valid path found, generating trajectory...
Trajectory points:, 1000.
Duration:, 3.9348
excecuting path...
current error: , 0.342185
current error: , 0.342185
current error: , 0.258488
current error: , 0.174765
current error: , 0.091062
current error: , 0.015253
Final error:, 0.001511
Execution successful
Goal signal recieved..
Planning ...
Collision pairs set
goal state set
Using RRT Connect
task setup complete
solving task...
OMPL states:, 200.
path found
valid path found, generating trajectory...
Trajectory points:, 1000.
Duration:, 3.15575
excecuting path...
current error: , 0.003648
Final error:, 0.003648
Execution successful
Goal signal recieved..
Planning ...
Collision pairs set
goal state set
Using RRT Connect
task setup complete
solving task...
OMPL states:, 200.
path found
valid path found, generating trajectory...
Trajectory points:, 1000.
Duration:, 2.994702
excecuting path...
current error: , 0.003557
Final error:, 0.003557
Execution successful
Goal signal recieved..
Planning ...
Collision pairs set
goal state set
Using RRT Connect
task setup complete
solving task...
OMPL states:, 200.
path found
valid path found, generating trajectory...
Trajectory points:, 1000.
Duration:, 4.91289
excecuting path...
current error: , 0.003161
Final error:, 0.003161
Execution successful
Goal signal recieved..
Planning ...
Collision pairs set
goal state set
Using RRT Connect
task setup complete
solving task...
Goal signal recieved..
Planning ...
Collision pairs set
goal state set
Using RRT Connect
task setup complete
solving task...
OMPL states:, 200.
path found
valid path found, generating trajectory...
Trajectory points:, 1000.
Duration:, 2.995163
excecuting path...
current error: , 0.002741
Final error:, 0.002741
Execution successful
Goal signal recieved..
Planning ...
Collision pairs set
goal state set
Using RRT Connect
task setup complete
solving task...
OMPL states:, 200.
path found
valid path found, generating trajectory...
Trajectory points:, 1000.
Duration:, 8.57745
excecuting path...
current error: , 0.339719
current error: , 0.339719
current error: , 0.25598
current error: , 0.172259
current error: , 0.08851
current error: , 0.014207
Final error:, 0.001716
Execution successful
Goal signal recieved..
Planning ...
Collision pairs set
goal state set
Using RRT Connect
task setup complete
solving task...
OMPL states:, 200.
path found
valid path found, generating trajectory...
Trajectory points:, 1000.
Duration:, 8.506284
excecuting path...
current error: , 0.310454
current error: , 0.310454
current error: , 0.226709
current error: , 0.142982
current error: , 0.059223
current error: , 0.006119
Final error:, 0.001862
Execution successful
Goal signal recieved..
Planning ...
Collision pairs set
goal state set
Using RRT Connect
task setup complete
solving task...
OMPL states:, 200.
path found
valid path found, generating trajectory...
Trajectory points:, 1000.
Duration:, 1.630218
excecuting path...
current error: , 0.002214
Final error:, 0.002214
Execution successful
Goal signal recieved..
Planning ...
Collision pairs set
goal state set
Using RRT Connect
task setup complete
solving task...
OMPL states:, 200.
path found
valid path found, generating trajectory...
Trajectory points:, 1000.
Duration:, 0.514184
excecuting path...
current error: , 0.003459
Final error:, 0.003459
Execution successful
Goal signal recieved..
Planning ...
Collision pairs set
goal state set
Using RRT Connect
task setup complete
solving task...
OMPL states:, 200.
path found
valid path found, generating trajectory...
Trajectory points:, 1000.
Duration:, 2.997437
excecuting path...
current error: , 0.00334
Final error:, 0.00334
Execution successful
Goal signal recieved..
Planning ...
Collision pairs set
goal state set
Using RRT Connect
task setup complete
solving task...
OMPL states:, 200.
path found
valid path found, generating trajectory...
Trajectory points:, 1000.
Duration:, 3.852699
excecuting path...
current error: , 0.283235
current error: , 0.283235
current error: , 0.199488
current error: , 0.115753
current error: , 0.032063
current error: , 0.002957
Final error:, 0.001167
Execution successful
Goal signal recieved..
Planning ...
Collision pairs set
goal state set
Using RRT Connect
task setup complete
solving task...
OMPL states:, 200.
path found
valid path found, generating trajectory...
Trajectory points:, 1000.
Duration:, 2.106293
excecuting path...
current error: , 0.002849
Final error:, 0.002849
Execution successful
Goal signal recieved..
Planning ...
Collision pairs set
goal state set
Using RRT Connect
task setup complete
solving task...
OMPL states:, 200.
path found
valid path found, generating trajectory...
Trajectory points:, 1000.
Duration:, 3.934803
excecuting path...
current error: , 0.341928
current error: , 0.341928
current error: , 0.258209
current error: , 0.174495
current error: , 0.090822
current error: , 0.015124
Final error:, 0.001426
Execution successful
Goal signal recieved..
Planning ...
Collision pairs set
goal state set
Using RRT Connect
task setup complete
solving task...
OMPL states:, 200.
path found
valid path found, generating trajectory...
Trajectory points:, 1000.
Duration:, 2.325745
excecuting path...
current error: , 0.001843
Final error:, 0.001843
Execution successful
Goal signal recieved..
Planning ...
Collision pairs set
goal state set
Using RRT Connect
task setup complete
solving task...
Goal signal recieved..
Planning ...
Collision pairs set
goal state set
Using RRT Connect
task setup complete
solving task...
OMPL states:, 200.
path found
valid path found, generating trajectory...
Trajectory points:, 1000.
Duration:, 9.036681
excecuting path...
current error: , 0.807932
current error: , 0.807932
current error: , 0.723908
current error: , 0.639972
current error: , 0.556033
current error: , 0.472049
current error: , 0.388181
current error: , 0.304098
current error: , 0.220109
current error: , 0.136275
current error: , 0.052312
current error: , 0.005238
Final error:, 0.001354
Execution successful
Goal signal recieved..
Planning ...
Collision pairs set
goal state set
Using RRT Connect
task setup complete
solving task...
OMPL states:, 200.
path found
valid path found, generating trajectory...
Trajectory points:, 1000.
Duration:, 2.654548
excecuting path...
current error: , 0.00215
Final error:, 0.00215
Execution successful
Goal signal recieved..
Planning ...
Collision pairs set
goal state set
Using RRT Connect
task setup complete
solving task...
OMPL states:, 200.
path found
valid path found, generating trajectory...
Trajectory points:, 1000.
Duration:, 7.471922
excecuting path...
current error: , 0.0043
Final error:, 0.0043
Execution successful
Goal signal recieved..
Planning ...
Collision pairs set
goal state set
Using RRT Connect
task setup complete
solving task...
OMPL states:, 200.
path found
valid path found, generating trajectory...
Trajectory points:, 1000.
Duration:, 9.162159
excecuting path...
current error: , 0.284514
current error: , 0.284514
current error: , 0.201367
current error: , 0.118505
current error: , 0.035409
current error: , 0.002987
Final error:, 0.001325
Execution successful
Goal signal recieved..
Planning ...
Collision pairs set
goal state set
Using RRT Connect
task setup complete
solving task...
OMPL states:, 200.
path found
valid path found, generating trajectory...
Trajectory points:, 1000.
Duration:, 2.825061
excecuting path...
current error: , 0.002631
Final error:, 0.002631
Execution successful
Goal signal recieved..
Planning ...
Collision pairs set
goal state set
Using RRT Connect
task setup complete
solving task...
OMPL states:, 200.
path found
valid path found, generating trajectory...
Trajectory points:, 1000.
Duration:, 5.731695
excecuting path...
current error: , 0.003281
Final error:, 0.003281
Execution successful
Goal signal recieved..
Planning ...
Collision pairs set
goal state set
Using RRT Connect
task setup complete
solving task...
OMPL states:, 200.
path found
valid path found, generating trajectory...
Trajectory points:, 1000.
Duration:, 2.222739
excecuting path...
current error: , 0.004226
Final error:, 0.004226
Execution successful
Goal signal recieved..
Planning ...
Collision pairs set
goal state set
Using RRT Connect
task setup complete
solving task...
OMPL states:, 200.
path found
valid path found, generating trajectory...
Trajectory points:, 1000.
Duration:, 1.710698
excecuting path...
current error: , 0.002107
Final error:, 0.002107
Execution successful
Goal signal recieved..
Planning ...
Collision pairs set
goal state set
Using RRT Connect
task setup complete
solving task...
OMPL states:, 200.
path found
valid path found, generating trajectory...
Trajectory points:, 1000.
Duration:, 0.251823
excecuting path...
current error: , 0.001843
Final error:, 0.001843
Execution successful
Goal signal recieved..
Planning ...
Collision pairs set
goal state set
Using RRT Connect
task setup complete
solving task...
OMPL states:, 200.
path found
valid path found, generating trajectory...
Trajectory points:, 1000.
Duration:, 7.46345
excecuting path...
current error: , 0.616459
current error: , 0.616459
current error: , 0.484011
current error: , 0.361328
current error: , 0.260004
current error: , 0.175264
current error: , 0.091425
current error: , 0.015562
Final error:, 0.002588
Execution successful
Goal signal recieved..
Planning ...
Collision pairs set
goal state set
Using RRT Connect
task setup complete
solving task...
OMPL states:, 200.
path found
valid path found, generating trajectory...
Trajectory points:, 1000.
Duration:, 4.243252
excecuting path...
current error: , 0.671411
current error: , 0.671411
current error: , 0.560948
current error: , 0.454166
current error: , 0.354771
current error: , 0.268218
current error: , 0.185173
current error: , 0.102021
current error: , 0.021847
current error: , 0.002746
Final error:, 0.001387
Execution successful
Goal signal recieved..
Planning ...
Collision pairs set
goal state set
Using RRT Connect
task setup complete
solving task...
OMPL states:, 200.
path found
valid path found, generating trajectory...
Trajectory points:, 1000.
Duration:, 7.26915
excecuting path...
current error: , 0.20044
current error: , 0.20044
current error: , 0.117475
current error: , 0.034584
current error: , 0.004552
Final error:, 0.002376
Execution successful
Goal signal recieved..
Planning ...
Collision pairs set
goal state set
Using RRT Connect
task setup complete
solving task...
OMPL states:, 200.
path found
valid path found, generating trajectory...
Trajectory points:, 1000.
Duration:, 3.745269
excecuting path...
current error: , 0.247178
current error: , 0.247178
current error: , 0.163366
current error: , 0.079648
current error: , 0.011886
Final error:, 0.002939
Execution successful
Goal signal recieved..
Planning ...
Collision pairs set
goal state set
Using RRT Connect
task setup complete
solving task...
OMPL states:, 200.
path found
valid path found, generating trajectory...
Trajectory points:, 1000.
Duration:, 3.671002
excecuting path...
current error: , 0.210665
current error: , 0.210665
current error: , 0.126916
current error: , 0.043255
current error: , 0.005592
Final error:, 0.002826
Execution successful
Goal signal recieved..
Planning ...
Collision pairs set
goal state set
Using RRT Connect
task setup complete
solving task...
OMPL states:, 200.
path found
valid path found, generating trajectory...
Trajectory points:, 1000.
Duration:, 8.727097
excecuting path...
current error: , 0.172421
current error: , 0.172421
current error: , 0.089509
current error: , 0.014892
Final error:, 0.001935
Execution successful
Goal signal recieved..
Planning ...
Collision pairs set
goal state set
Using RRT Connect
task setup complete
solving task...
OMPL states:, 200.
path found
valid path found, generating trajectory...
Trajectory points:, 1000.
Duration:, 7.172998
excecuting path...
current error: , 0.130562
current error: , 0.130562
current error: , 0.046858
current error: , 0.005097
Final error:, 0.00184
Execution successful
Goal signal recieved..
Planning ...
Collision pairs set
goal state set
Using RRT Connect
task setup complete
solving task...
OMPL states:, 200.
path found
valid path found, generating trajectory...
Trajectory points:, 1000.
Duration:, 3.022803
excecuting path...
current error: , 0.001866
Final error:, 0.001866
Execution successful
Goal signal recieved..
Planning ...
Collision pairs set
goal state set
Using RRT Connect
task setup complete
solving task...
OMPL states:, 200.
path found
valid path found, generating trajectory...
Trajectory points:, 1000.
Duration:, 7.411983
excecuting path...
current error: , 0.003243
Final error:, 0.003243
Execution successful
Goal signal recieved..
Planning ...
Collision pairs set
goal state set
Using RRT Connect
task setup complete
solving task...
OMPL states:, 200.
path found
valid path found, generating trajectory...
Trajectory points:, 1000.
Duration:, 7.136316
excecuting path...
current error: , 0.006974
Final error:, 0.006974
Execution successful
Goal signal recieved..
Planning ...
Collision pairs set
goal state set
Using RRT Connect
task setup complete
solving task...
OMPL states:, 200.
path found
valid path found, generating trajectory...
Trajectory points:, 1000.
Duration:, 3.405591
excecuting path...
current error: , 0.022861
current error: , 0.022861
current error: , 0.002516
Final error:, 0.00124
Execution successful
Goal signal recieved..
Planning ...
Collision pairs set
goal state set
Using RRT Connect
task setup complete
solving task...
OMPL states:, 200.
path found
valid path found, generating trajectory...
Trajectory points:, 1000.
Duration:, 3.368146
excecuting path...
current error: , 0.014236
Final error:, 0.014236
Execution successful
Goal signal recieved..
Planning ...
Collision pairs set
goal state set
Using RRT Connect
task setup complete
solving task...
OMPL states:, 200.
path found
valid path found, generating trajectory...
Trajectory points:, 1000.
Duration:, 1.870152
excecuting path...
current error: , 0.001796
Final error:, 0.001796
Execution successful
Goal signal recieved..
Planning ...
Collision pairs set
goal state set
Using RRT Connect
task setup complete
solving task...
OMPL states:, 200.
path found
valid path found, generating trajectory...
Trajectory points:, 1000.
Duration:, 0.390721
excecuting path...
current error: , 0.004138
Final error:, 0.004138
Execution successful
Goal signal recieved..
Planning ...
Collision pairs set
goal state set
Using RRT Connect
task setup complete
solving task...
OMPL states:, 200.
path found
valid path found, generating trajectory...
Trajectory points:, 1000.
Duration:, 1.865728
excecuting path...
current error: , 0.001478
Final error:, 0.001478
Execution successful
Goal signal recieved..
Planning ...
Collision pairs set
goal state set
Using RRT Connect
task setup complete
solving task...
OMPL states:, 200.
path found
valid path found, generating trajectory...
Trajectory points:, 1000.
Duration:, 8.245758
excecuting path...
current error: , 0.002635
Final error:, 0.002635
Execution successful
Goal signal recieved..
Planning ...
Collision pairs set
goal state set
Using RRT Connect
task setup complete
solving task...
OMPL states:, 200.
path found
valid path found, generating trajectory...
Trajectory points:, 1000.
Duration:, 10.393094
excecuting path...
current error: , 0.602338
current error: , 0.602338
current error: , 0.51928
current error: , 0.436397
current error: , 0.353324
current error: , 0.270408
current error: , 0.187193
current error: , 0.104081
current error: , 0.023659
current error: , 0.00419
Final error:, 0.002664
Execution successful
Goal signal recieved..
Planning ...
Collision pairs set
goal state set
Using RRT Connect
task setup complete
solving task...
OMPL states:, 200.
path found
valid path found, generating trajectory...
Trajectory points:, 1000.
Duration:, 0.321593
excecuting path...
current error: , 0.002126
Final error:, 0.002126
Execution successful
[sandboxScript:info]   Simulation stopping...
[sandboxScript:info]   Simulation stopped.
[sandboxScript:info]   Simulation started.
[CoppeliaSim:warning]   Detected non-default settings (time steps and/or dyn. engine global settings).
Goal signal recieved..
Planning ...
Collision pairs set
goal state set
Using RRT Connect
task setup complete
solving task...
OMPL states:, 200.
path found
valid path found, generating trajectory...
Trajectory points:, 1000.
Duration:, 3.901339
excecuting path...
current error: , 0.323743
current error: , 0.323743
current error: , 0.240043
current error: , 0.156333
current error: , 0.072684
current error: , 0.008871
Final error:, 0.00113
Execution successful
Goal signal recieved..
Planning ...
Collision pairs set
goal state set
Using RRT Connect
task setup complete
solving task...
OMPL states:, 200.
path found
valid path found, generating trajectory...
Trajectory points:, 1000.
Duration:, 4.927388
excecuting path...
current error: , 1.16289
current error: , 1.16289
current error: , 1.067352
current error: , 0.976728
current error: , 0.89181
current error: , 0.808105
current error: , 0.724385
current error: , 0.640706
current error: , 0.556986
current error: , 0.473326
current error: , 0.389622
current error: , 0.305912
current error: , 0.222225
current error: , 0.138499
current error: , 0.054804
current error: , 0.005295
Final error:, 0.001442
Execution successful
Goal signal recieved..
Planning ...
Collision pairs set
goal state set
Using RRT Connect
task setup complete
solving task...
OMPL states:, 200.
path found
valid path found, generating trajectory...
Trajectory points:, 1000.
Duration:, 3.472408
excecuting path...
current error: , 0.078557
current error: , 0.078557
current error: , 0.010958
Final error:, 0.002146
Execution successful
Goal signal recieved..
Planning ...
Collision pairs set
goal state set
Using RRT Connect
task setup complete
solving task...
OMPL states:, 200.
path found
valid path found, generating trajectory...
Trajectory points:, 1000.
Duration:, 6.180317
excecuting path...
current error: , 0.200664
current error: , 0.200664
current error: , 0.117004
current error: , 0.033334
current error: , 0.003125
Final error:, 0.001353
Execution successful
Goal signal recieved..
Planning ...
Collision pairs set
goal state set
Using RRT Connect
task setup complete
solving task...
OMPL states:, 200.
path found
valid path found, generating trajectory...
Trajectory points:, 1000.
Duration:, 1.761021
excecuting path...
current error: , 0.000965
Final error:, 0.000965
Execution successful
Goal signal recieved..
Planning ...
Collision pairs set
goal state set
Using RRT Connect
task setup complete
solving task...
OMPL states:, 200.
path found
valid path found, generating trajectory...
Trajectory points:, 1000.
Duration:, 5.594839
excecuting path...
current error: , 0.006614
Final error:, 0.006614
Execution successful
Goal signal recieved..
Planning ...
Collision pairs set
goal state set
Using RRT Connect
task setup complete
solving task...
OMPL states:, 200.
path found
valid path found, generating trajectory...
Trajectory points:, 1000.
Duration:, 3.715672
excecuting path...
current error: , 0.214735
current error: , 0.214735
current error: , 0.130989
current error: , 0.047307
current error: , 0.004585
Final error:, 0.001241
Execution successful
Goal signal recieved..
Planning ...
Collision pairs set
goal state set
Using RRT Connect
task setup complete
solving task...
OMPL states:, 200.
path found
valid path found, generating trajectory...
Trajectory points:, 1000.
Duration:, 0.483231
excecuting path...
current error: , 0.002427
Final error:, 0.002427
Execution successful
Goal signal recieved..
Planning ...
Collision pairs set
goal state set
Using RRT Connect
task setup complete
solving task...
OMPL states:, 200.
path found
valid path found, generating trajectory...
Trajectory points:, 1000.
Duration:, 3.902068
excecuting path...
current error: , 0.324908
current error: , 0.324908
current error: , 0.241248
current error: , 0.157571
current error: , 0.073895
current error: , 0.009237
Final error:, 0.001103
Execution successful
Goal signal recieved..
Planning ...
Collision pairs set
goal state set
Using RRT Connect
task setup complete
solving task...
OMPL states:, 200.
path found
valid path found, generating trajectory...
Trajectory points:, 1000.
Duration:, 2.30416
excecuting path...
current error: , 0.002423
Final error:, 0.002423
Execution successful
Goal signal recieved..
Planning ...
Collision pairs set
goal state set
Using RRT Connect
task setup complete
solving task...
OMPL states:, 200.
path found
valid path found, generating trajectory...
Trajectory points:, 1000.
Duration:, 7.522105
excecuting path...
current error: , 0.214596
current error: , 0.214596
current error: , 0.130846
current error: , 0.047121
current error: , 0.004203
Final error:, 0.001303
Execution successful
Goal signal recieved..
Planning ...
Collision pairs set
goal state set
Using RRT Connect
task setup complete
solving task...
OMPL states:, 200.
path found
valid path found, generating trajectory...
Trajectory points:, 1000.
Duration:, 7.715351
excecuting path...
current error: , 0.604049
current error: , 0.604049
current error: , 0.520328
current error: , 0.436592
current error: , 0.352889
current error: , 0.269197
current error: , 0.185476
current error: , 0.101792
current error: , 0.021156
current error: , 0.002188
Final error:, 0.000886
Execution successful
Goal signal recieved..
Planning ...
Collision pairs set
goal state set
Using RRT Connect
task setup complete
solving task...
OMPL states:, 200.
path found
valid path found, generating trajectory...
Trajectory points:, 1000.
Duration:, 4.68332
excecuting path...
current error: , 0.924469
current error: , 0.924469
current error: , 0.840662
current error: , 0.756856
current error: , 0.673053
current error: , 0.589279
current error: , 0.505499
current error: , 0.421725
current error: , 0.337968
current error: , 0.254224
current error: , 0.170507
current error: , 0.086812
current error: , 0.01385
Final error:, 0.001986
Execution successful
Goal signal recieved..
Planning ...
Collision pairs set
goal state set
Using RRT Connect
task setup complete
solving task...
OMPL states:, 200.
path found
valid path found, generating trajectory...
Trajectory points:, 1000.
Duration:, 7.925182
excecuting path...
current error: , 0.292968
current error: , 0.292968
current error: , 0.209258
current error: , 0.125484
current error: , 0.041759
current error: , 0.003686
Final error:, 0.001598
Execution successful
Goal signal recieved..
Planning ...
Collision pairs set
goal state set
Using RRT Connect
task setup complete
solving task...
OMPL states:, 200.
path found
valid path found, generating trajectory...
Trajectory points:, 1000.
Duration:, 3.477017
excecuting path...
current error: , 0.086031
current error: , 0.086031
current error: , 0.013584
Final error:, 0.002081
Execution successful
Goal signal recieved..
Planning ...
Collision pairs set
goal state set
Using RRT Connect
task setup complete
solving task...
OMPL states:, 200.
path found
valid path found, generating trajectory...
Trajectory points:, 1000.
Duration:, 6.626667
excecuting path...
current error: , 0.544446
current error: , 0.544446
current error: , 0.46131
current error: , 0.378123
current error: , 0.294916
current error: , 0.211668
current error: , 0.128648
current error: , 0.045421
current error: , 0.005404
Final error:, 0.00217
Execution successful
Goal signal recieved..
Planning ...
Collision pairs set
goal state set
Using RRT Connect
task setup complete
solving task...
Goal signal recieved..
Planning ...
Collision pairs set
goal state set
Using RRT Connect
task setup complete
solving task...
OMPL states:, 200.
path found
valid path found, generating trajectory...
Trajectory points:, 1000.
Duration:, 6.255493
excecuting path...
current error: , 2.341688
current error: , 2.341688
current error: , 2.26107
current error: , 2.180993
current error: , 2.100255
current error: , 2.018339
current error: , 1.935865
current error: , 1.852768
current error: , 1.769344
current error: , 1.685755
current error: , 1.602085
current error: , 1.518559
current error: , 1.435027
current error: , 1.351437
current error: , 1.267834
current error: , 1.18415
current error: , 1.100479
current error: , 1.016844
current error: , 0.933355
current error: , 0.849867
current error: , 0.766499
current error: , 0.683567
current error: , 0.600589
current error: , 0.517664
current error: , 0.434893
current error: , 0.352194
current error: , 0.269465
current error: , 0.186284
current error: , 0.103234
current error: , 0.022531
current error: , 0.002496
Final error:, 0.001864
Execution successful
Goal signal recieved..
Planning ...
Collision pairs set
goal state set
Using RRT Connect
task setup complete
solving task...
OMPL states:, 200.
path found
valid path found, generating trajectory...
Trajectory points:, 1000.
Duration:, 8.105831
excecuting path...
current error: , 0.003704
Final error:, 0.003704
Execution successful
Goal signal recieved..
Planning ...
Collision pairs set
goal state set
Using RRT Connect
task setup complete
solving task...
OMPL states:, 200.
path found
valid path found, generating trajectory...
Trajectory points:, 1000.
Duration:, 1.759977
excecuting path...
current error: , 0.004967
Final error:, 0.004967
Execution successful
Goal signal recieved..
Planning ...
Collision pairs set
goal state set
Using RRT Connect
task setup complete
solving task...
OMPL states:, 200.
path found
valid path found, generating trajectory...
Trajectory points:, 1000.
Duration:, 3.28168
excecuting path...
current error: , 0.004812
Final error:, 0.004812
Execution successful
Goal signal recieved..
Planning ...
Collision pairs set
goal state set
Using RRT Connect
task setup complete
solving task...
OMPL states:, 200.
path found
valid path found, generating trajectory...
Trajectory points:, 1000.
Duration:, 4.483113
excecuting path...
current error: , 0.878427
current error: , 0.878427
current error: , 0.764751
current error: , 0.652499
current error: , 0.542743
current error: , 0.437095
current error: , 0.339506
current error: , 0.254262
current error: , 0.170587
current error: , 0.086898
current error: , 0.013443
Final error:, 0.001446
Execution successful
Goal signal recieved..
Planning ...
Collision pairs set
goal state set
Using RRT Connect
task setup complete
solving task...
OMPL states:, 200.
path found
valid path found, generating trajectory...
Trajectory points:, 1000.
Duration:, 3.186797
excecuting path...
current error: , 0.003387
Final error:, 0.003387
Execution successful
Goal signal recieved..
Planning ...
Collision pairs set
goal state set
Using RRT Connect
task setup complete
solving task...
OMPL states:, 200.
path found
valid path found, generating trajectory...
Trajectory points:, 1000.
Duration:, 3.755248
excecuting path...
current error: , 0.237461
current error: , 0.237461
current error: , 0.153656
current error: , 0.06989
current error: , 0.008382
Final error:, 0.001352
Execution successful
Goal signal recieved..
Planning ...
Collision pairs set
goal state set
Using RRT Connect
task setup complete
solving task...
OMPL states:, 200.
path found
valid path found, generating trajectory...
Trajectory points:, 1000.
Duration:, 3.428277
excecuting path...
current error: , 0.053064
current error: , 0.053064
current error: , 0.005204
Final error:, 0.00116
Execution successful
Goal signal recieved..
Planning ...
Collision pairs set
goal state set
Using RRT Connect
task setup complete
solving task...
OMPL states:, 200.
path found
valid path found, generating trajectory...
Trajectory points:, 1000.
Duration:, 2.931825
excecuting path...
current error: , 0.002508
Final error:, 0.002508
Execution successful
Goal signal recieved..
Planning ...
Collision pairs set
goal state set
Using RRT Connect
task setup complete
solving task...
OMPL states:, 200.
path found
valid path found, generating trajectory...
Trajectory points:, 1000.
Duration:, 13.254617
excecuting path...
current error: , 0.003001
Final error:, 0.003001
Execution successful
Goal signal recieved..
Planning ...
Collision pairs set
goal state set
Using RRT Connect
task setup complete
solving task...
OMPL states:, 200.
path found
valid path found, generating trajectory...
Trajectory points:, 1000.
Duration:, 6.910691
excecuting path...
current error: , 0.018228
Final error:, 0.018228
Execution successful
Goal signal recieved..
Planning ...
Collision pairs set
goal state set
Using RRT Connect
task setup complete
solving task...
OMPL states:, 200.
path found
valid path found, generating trajectory...
Trajectory points:, 1000.
Duration:, 3.442934
excecuting path...
current error: , 0.043759
current error: , 0.043759
current error: , 0.003725
Final error:, 0.00113
Execution successful
Goal signal recieved..
Planning ...
Collision pairs set
goal state set
Using RRT Connect
task setup complete
solving task...
OMPL states:, 200.
path found
valid path found, generating trajectory...
Trajectory points:, 1000.
Duration:, 6.479055
excecuting path...
current error: , 0.002945
Final error:, 0.002945
Execution successful
Goal signal recieved..
Planning ...
Collision pairs set
goal state set
Using RRT Connect
task setup complete
solving task...
OMPL states:, 200.
path found
valid path found, generating trajectory...
Trajectory points:, 1000.
Duration:, 4.241941
excecuting path...
current error: , 0.574441
current error: , 0.574441
current error: , 0.491529
current error: , 0.408617
current error: , 0.325832
current error: , 0.242888
current error: , 0.159927
current error: , 0.076983
current error: , 0.010262
Final error:, 0.001259
Execution successful
Goal signal recieved..
Planning ...
Collision pairs set
goal state set
Using RRT Connect
task setup complete
solving task...
Goal signal recieved..
Planning ...
Collision pairs set
goal state set
Using RRT Connect
task setup complete
solving task...
OMPL states:, 200.
path found
valid path found, generating trajectory...
Trajectory points:, 1000.
Duration:, 12.09478
excecuting path...
current error: , 0.207563
current error: , 0.207563
current error: , 0.123799
current error: , 0.040037
current error: , 0.003851
Final error:, 0.00149
Execution successful
Goal signal recieved..
Planning ...
Collision pairs set
goal state set
Using RRT Connect
task setup complete
solving task...
OMPL states:, 200.
path found
valid path found, generating trajectory...
Trajectory points:, 1000.
Duration:, 12.880827
excecuting path...
current error: , 1.16812
current error: , 1.16812
current error: , 1.085488
current error: , 1.002567
current error: , 0.919511
current error: , 0.836716
current error: , 0.753672
current error: , 0.670635
current error: , 0.587658
current error: , 0.504785
current error: , 0.421758
current error: , 0.338855
current error: , 0.256022
current error: , 0.173189
current error: , 0.090126
current error: , 0.015221
Final error:, 0.001698
Execution successful
Goal signal recieved..
Planning ...
Collision pairs set
goal state set
Using RRT Connect
task setup complete
solving task...
OMPL states:, 200.
path found
valid path found, generating trajectory...
Trajectory points:, 1000.
Duration:, 1.812607
excecuting path...
current error: , 0.001654
Final error:, 0.001654
Execution successful
Goal signal recieved..
Planning ...
Collision pairs set
goal state set
Using RRT Connect
task setup complete
solving task...
OMPL states:, 200.
path found
valid path found, generating trajectory...
Trajectory points:, 1000.
Duration:, 9.104596
excecuting path...
current error: , 0.65291
current error: , 0.65291
current error: , 0.537758
current error: , 0.424373
current error: , 0.314763
current error: , 0.214981
current error: , 0.130226
current error: , 0.046521
current error: , 0.00423
Final error:, 0.000857
Execution successful
Goal signal recieved..
Planning ...
Collision pairs set
goal state set
Using RRT Connect
task setup complete
solving task...
OMPL states:, 200.
path found
valid path found, generating trajectory...
Trajectory points:, 1000.
Duration:, 2.296474
excecuting path...
current error: , 0.002651
Final error:, 0.002651
Execution successful
Goal signal recieved..
Planning ...
Collision pairs set
goal state set
Using RRT Connect
task setup complete
solving task...
OMPL states:, 200.
path found
valid path found, generating trajectory...
Trajectory points:, 1000.
Duration:, 0.710893
excecuting path...
current error: , 0.003065
Final error:, 0.003065
Execution successful
Goal signal recieved..
Planning ...
Collision pairs set
goal state set
Using RRT Connect
task setup complete
solving task...
OMPL states:, 200.
path found
valid path found, generating trajectory...
Trajectory points:, 1000.
Duration:, 3.933663
excecuting path...
current error: , 0.337853
current error: , 0.337853
current error: , 0.25409
current error: , 0.170382
current error: , 0.086624
current error: , 0.013391
Final error:, 0.001661
Execution successful
Goal signal recieved..
Planning ...
Collision pairs set
goal state set
Using RRT Connect
task setup complete
solving task...
OMPL states:, 200.
path found
valid path found, generating trajectory...
Trajectory points:, 1000.
Duration:, 3.716544
excecuting path...
current error: , 0.217824
current error: , 0.217824
current error: , 0.134162
current error: , 0.050501
current error: , 0.005028
Final error:, 0.001843
Execution successful
Goal signal recieved..
Planning ...
Collision pairs set
goal state set
Using RRT Connect
task setup complete
solving task...
OMPL states:, 200.
path found
valid path found, generating trajectory...
Trajectory points:, 1000.
Duration:, 8.744011
excecuting path...
current error: , 0.552204
current error: , 0.552204
current error: , 0.44276
current error: , 0.339475
current error: , 0.249541
current error: , 0.165657
current error: , 0.081884
current error: , 0.011142
Final error:, 0.001354
Execution successful
Goal signal recieved..
Planning ...
Collision pairs set
goal state set
Using RRT Connect
task setup complete
solving task...
OMPL states:, 200.
path found
valid path found, generating trajectory...
Trajectory points:, 1000.
Duration:, 2.295241
excecuting path...
current error: , 0.003593
Final error:, 0.003593
Execution successful
Goal signal recieved..
Planning ...
Collision pairs set
goal state set
Using RRT Connect
task setup complete
solving task...
OMPL states:, 200.
path found
valid path found, generating trajectory...
Trajectory points:, 1000.
Duration:, 3.934107
excecuting path...
current error: , 0.305778
current error: , 0.305778
current error: , 0.222007
current error: , 0.138312
current error: , 0.054639
current error: , 0.005333
Final error:, 0.00117
Execution successful
Goal signal recieved..
Planning ...
Collision pairs set
goal state set
Using RRT Connect
task setup complete
solving task...
OMPL states:, 200.
path found
valid path found, generating trajectory...
Trajectory points:, 1000.
Duration:, 3.716497
excecuting path...
current error: , 0.213465
current error: , 0.213465
current error: , 0.129765
current error: , 0.046044
current error: , 0.00448
Final error:, 0.00147
Execution successful
Goal signal recieved..
Planning ...
Collision pairs set
goal state set
Using RRT Connect
task setup complete
solving task...
OMPL states:, 200.
path found
valid path found, generating trajectory...
Trajectory points:, 1000.
Duration:, 3.716181
excecuting path...
current error: , 0.210182
current error: , 0.210182
current error: , 0.126481
current error: , 0.042795
current error: , 0.004346
Final error:, 0.001825
Execution successful
Goal signal recieved..
Planning ...
Collision pairs set
goal state set
Using RRT Connect
task setup complete
solving task...
OMPL states:, 200.
path found
valid path found, generating trajectory...
Trajectory points:, 1000.
Duration:, 4.987689
excecuting path...
current error: , 0.006555
Final error:, 0.006555
Execution successful
Goal signal recieved..
Planning ...
Collision pairs set
goal state set
Using RRT Connect
task setup complete
solving task...
OMPL states:, 200.
path found
valid path found, generating trajectory...
Trajectory points:, 1000.
Duration:, 2.338048
excecuting path...
current error: , 0.001913
Final error:, 0.001913
Execution successful
Goal signal recieved..
Planning ...
Collision pairs set
goal state set
Using RRT Connect
task setup complete
solving task...
OMPL states:, 200.
path found
valid path found, generating trajectory...
Trajectory points:, 1000.
Duration:, 4.242124
excecuting path...
current error: , 0.568766
current error: , 0.568766
current error: , 0.485694
current error: , 0.402835
current error: , 0.31969
current error: , 0.236634
current error: , 0.153612
current error: , 0.070724
current error: , 0.008451
Final error:, 0.001279
Execution successful
Goal signal recieved..
Planning ...
Collision pairs set
goal state set
Using RRT Connect
task setup complete
solving task...
OMPL states:, 200.
path found
valid path found, generating trajectory...
Trajectory points:, 1000.
Duration:, 1.75873
excecuting path...
current error: , 0.004417
Final error:, 0.004417
Execution successful
Goal signal recieved..
Planning ...
Collision pairs set
goal state set
Using RRT Connect
task setup complete
solving task...
OMPL states:, 200.
path found
valid path found, generating trajectory...
Trajectory points:, 1000.
Duration:, 10.437877
excecuting path...
current error: , 0.003231
Final error:, 0.003231
Execution successful
Goal signal recieved..
Planning ...
Collision pairs set
goal state set
Using RRT Connect
task setup complete
solving task...
OMPL states:, 200.
path found
valid path found, generating trajectory...
Trajectory points:, 1000.
Duration:, 7.939046
excecuting path...
current error: , 0.09264
current error: , 0.09264
current error: , 0.016507
Final error:, 0.00217
Execution successful
Goal signal recieved..
Planning ...
Collision pairs set
goal state set
Using RRT Connect
task setup complete
solving task...
OMPL states:, 200.
path found
valid path found, generating trajectory...
Trajectory points:, 1000.
Duration:, 3.851647
excecuting path...
current error: , 0.277265
current error: , 0.277265
current error: , 0.193553
current error: , 0.10983
current error: , 0.026917
current error: , 0.002664
Final error:, 0.001233
Execution successful
Goal signal recieved..
Planning ...
Collision pairs set
goal state set
Using RRT Connect
task setup complete
solving task...
OMPL states:, 200.
path found
valid path found, generating trajectory...
Trajectory points:, 1000.
Duration:, 3.476316
excecuting path...
current error: , 0.084199
current error: , 0.084199
current error: , 0.012918
Final error:, 0.001843
Execution successful
Goal signal recieved..
Planning ...
Collision pairs set
goal state set
Using RRT Connect
task setup complete
solving task...
OMPL states:, 200.
path found
valid path found, generating trajectory...
Trajectory points:, 1000.
Duration:, 1.332014
excecuting path...
current error: , 0.00396
Final error:, 0.00396
Execution successful
Goal signal recieved..
Planning ...
Collision pairs set
goal state set
Using RRT Connect
task setup complete
solving task...
OMPL states:, 200.
path found
valid path found, generating trajectory...
Trajectory points:, 1000.
Duration:, 4.232371
excecuting path...
current error: , 0.610297
current error: , 0.610297
current error: , 0.527476
current error: , 0.444764
current error: , 0.361722
current error: , 0.278855
current error: , 0.195725
current error: , 0.112677
current error: , 0.03003
current error: , 0.004296
Final error:, 0.002243
Execution successful
