[2.817s] Invoking command in '/home/user/refine_plan_v2/src/simulation': PYTHONPATH=/home/user/refine_plan_v2/build/simulation/prefix_override:/usr/lib/python3/dist-packages/colcon_core/task/python/colcon_distutils_commands:/home/user/refine_plan_v2/install/simulation/lib/python3.10/site-packages:${PYTHONPATH} /usr/bin/python3 -W ignore:setup.py install is deprecated -W ignore:easy_install command is deprecated setup.py egg_info --egg-base ../../build/simulation build --build-base /home/user/refine_plan_v2/build/simulation/build install --record /home/user/refine_plan_v2/build/simulation/install.log --single-version-externally-managed install_data
[3.347s] running egg_info
[3.351s] writing ../../build/simulation/simulation.egg-info/PKG-INFO
[3.352s] writing dependency_links to ../../build/simulation/simulation.egg-info/dependency_links.txt
[3.352s] writing entry points to ../../build/simulation/simulation.egg-info/entry_points.txt
[3.352s] writing requirements to ../../build/simulation/simulation.egg-info/requires.txt
[3.353s] writing top-level names to ../../build/simulation/simulation.egg-info/top_level.txt
[3.364s] reading manifest file '../../build/simulation/simulation.egg-info/SOURCES.txt'
[3.364s] adding license file 'LICENSE'
[3.365s] writing manifest file '../../build/simulation/simulation.egg-info/SOURCES.txt'
[3.365s] running build
[3.365s] running build_py
[3.365s] copying simulation/sim_action_server.py -> /home/user/refine_plan_v2/build/simulation/build/lib/simulation
[3.365s] running install
[3.365s] running install_lib
[3.366s] copying /home/user/refine_plan_v2/build/simulation/build/lib/simulation/sim_action_server.py -> /home/user/refine_plan_v2/install/simulation/lib/python3.10/site-packages/simulation
[3.369s] byte-compiling /home/user/refine_plan_v2/install/simulation/lib/python3.10/site-packages/simulation/sim_action_server.py to sim_action_server.cpython-310.pyc
[3.381s] running install_data
[3.381s] running install_egg_info
[3.381s] removing '/home/user/refine_plan_v2/install/simulation/lib/python3.10/site-packages/simulation-0.0.0-py3.10.egg-info' (and everything under it)
[3.381s] Copying ../../build/simulation/simulation.egg-info to /home/user/refine_plan_v2/install/simulation/lib/python3.10/site-packages/simulation-0.0.0-py3.10.egg-info
[3.383s] running install_scripts
[3.451s] Installing action_server script to /home/user/refine_plan_v2/install/simulation/lib/simulation
[3.457s] Installing observer script to /home/user/refine_plan_v2/install/simulation/lib/simulation
[3.458s] writing list of installed files to '/home/user/refine_plan_v2/build/simulation/install.log'
[3.546s] Invoked command in '/home/user/refine_plan_v2/src/simulation' returned '0': PYTHONPATH=/home/user/refine_plan_v2/build/simulation/prefix_override:/usr/lib/python3/dist-packages/colcon_core/task/python/colcon_distutils_commands:/home/user/refine_plan_v2/install/simulation/lib/python3.10/site-packages:${PYTHONPATH} /usr/bin/python3 -W ignore:setup.py install is deprecated -W ignore:easy_install command is deprecated setup.py egg_info --egg-base ../../build/simulation build --build-base /home/user/refine_plan_v2/build/simulation/build install --record /home/user/refine_plan_v2/build/simulation/install.log --single-version-externally-managed install_data
