[1.478s] Invoking command in '/home/user/refine_plan_v2/src/simulation': PYTHONPATH=/home/user/refine_plan_v2/build/simulation/prefix_override:/usr/lib/python3/dist-packages/colcon_core/task/python/colcon_distutils_commands:/home/user/refine_plan_v2/install/simulation/lib/python3.10/site-packages:${PYTHONPATH} /usr/bin/python3 -W ignore:setup.py install is deprecated -W ignore:easy_install command is deprecated setup.py egg_info --egg-base ../../build/simulation build --build-base /home/user/refine_plan_v2/build/simulation/build install --record /home/user/refine_plan_v2/build/simulation/install.log --single-version-externally-managed install_data
[1.856s] running egg_info
[1.857s] writing ../../build/simulation/simulation.egg-info/PKG-INFO
[1.857s] writing dependency_links to ../../build/simulation/simulation.egg-info/dependency_links.txt
[1.857s] writing entry points to ../../build/simulation/simulation.egg-info/entry_points.txt
[1.858s] writing requirements to ../../build/simulation/simulation.egg-info/requires.txt
[1.858s] writing top-level names to ../../build/simulation/simulation.egg-info/top_level.txt
[1.860s] reading manifest file '../../build/simulation/simulation.egg-info/SOURCES.txt'
[1.861s] adding license file 'LICENSE'
[1.862s] writing manifest file '../../build/simulation/simulation.egg-info/SOURCES.txt'
[1.862s] running build
[1.862s] running build_py
[1.862s] copying simulation/observer.py -> /home/user/refine_plan_v2/build/simulation/build/lib/simulation
[1.862s] running install
[1.863s] running install_lib
[1.864s] copying /home/user/refine_plan_v2/build/simulation/build/lib/simulation/observer.py -> /home/user/refine_plan_v2/install/simulation/lib/python3.10/site-packages/simulation
[1.865s] byte-compiling /home/user/refine_plan_v2/install/simulation/lib/python3.10/site-packages/simulation/observer.py to observer.cpython-310.pyc
[1.866s] running install_data
[1.866s] running install_egg_info
[1.868s] removing '/home/user/refine_plan_v2/install/simulation/lib/python3.10/site-packages/simulation-0.0.0-py3.10.egg-info' (and everything under it)
[1.869s] Copying ../../build/simulation/simulation.egg-info to /home/user/refine_plan_v2/install/simulation/lib/python3.10/site-packages/simulation-0.0.0-py3.10.egg-info
[1.870s] running install_scripts
[1.902s] Installing observer script to /home/user/refine_plan_v2/install/simulation/lib/simulation
[1.903s] writing list of installed files to '/home/user/refine_plan_v2/build/simulation/install.log'
[1.952s] Invoked command in '/home/user/refine_plan_v2/src/simulation' returned '0': PYTHONPATH=/home/user/refine_plan_v2/build/simulation/prefix_override:/usr/lib/python3/dist-packages/colcon_core/task/python/colcon_distutils_commands:/home/user/refine_plan_v2/install/simulation/lib/python3.10/site-packages:${PYTHONPATH} /usr/bin/python3 -W ignore:setup.py install is deprecated -W ignore:easy_install command is deprecated setup.py egg_info --egg-base ../../build/simulation build --build-base /home/user/refine_plan_v2/build/simulation/build install --record /home/user/refine_plan_v2/build/simulation/install.log --single-version-externally-managed install_data
