Connecting to port 23002
connected to simulation
simulation is explicitly stepped
Joint handles retrieved
[LOG] TransitionLogger initialized with ID: 5dbc00af-31de-45de-9715-060050fd770c
[LOG] MongoDB connection established
[LOG] TransitionLogger initialized with ID: 50b90214-208b-4702-a074-aabe805ba9fd
[LOG] MongoDB connection established
Selected action: Action(ActionType.PICK, obj=/column2, slot=None,grasp=None) with motion param: front_270
here
[EXEC] Picking /column2 with front_270

[INFO] Found 2176 potential configurations.
[WARN] No valid configuration found (all tested configs invalid).
[EXEC] Action ActionType.PICK executed in 2.52 seconds
[ERROR] Action ActionType.PICK failed for object /column2
[LOG] Transition logged to MongoDB: 5dbc00af-31de-45de-9715-060050fd770c - Episode 0
Selected action: Action(ActionType.PICK, obj=/column2, slot=None,grasp=GraspType.FRONT_270) with motion param: top_0
here
[EXEC] Picking /column2 with top_0

[INFO] Found 512 potential configurations.
[WARN] No valid configuration found (all tested configs invalid).
[EXEC] Action ActionType.PICK executed in 14.23 seconds
[ERROR] Action ActionType.PICK failed for object /column2
[LOG] Transition logged to MongoDB: 5dbc00af-31de-45de-9715-060050fd770c - Episode 0
Selected action: Action(ActionType.PICK, obj=/column1, slot=None,grasp=None) with motion param: front_270
here
[EXEC] Picking /column1 with front_270

[INFO] Found 4224 potential configurations.
[INFO] Motion completed successfully with result: success,in execution time: 4.16 seconds
[INFO] Found a reachable configuration for pick action after 1 attempts.
Tip distance after pick: 0.019614147562064484
[INFO] Pick action completed successfully.in execution time: 4.16 seconds
[EXEC] Action ActionType.PICK executed in 19.05 seconds
[SUCCESS] Action ActionType.PICK succeeded for object /column1
[LOG] Transition logged to MongoDB: 5dbc00af-31de-45de-9715-060050fd770c - Episode 0
Selected action: Action(ActionType.PLACE, obj=/column1, slot=/region_2,grasp=None) with motion param: right_0
here
[EXEC] Placing at [0.6, 0.80001, 0.5] with grasp right_0
[ERROR] No IK configurations found for desired place pose.
[EXEC] Action ActionType.PLACE executed in 1.02 seconds
[ERROR] Action ActionType.PLACE failed for object /column1
[LOG] Transition logged to MongoDB: 5dbc00af-31de-45de-9715-060050fd770c - Episode 0
Selected action: Action(ActionType.PLACE, obj=/column1, slot=/region_2,grasp=GraspType.RIGHT_0) with motion param: front_270
here
[EXEC] Placing at [0.6, 0.80001, 0.5] with grasp front_270

[INFO] Found 2496 potential configurations.
[INFO] Motion completed successfully with result: success,in execution time: 0.48 seconds
[INFO] Found a reachable configuration for place action after 1 attempts.
[INFO] Place action completed successfully.
realigning placed object /column1 to target position
[EXEC] Action ActionType.PLACE executed in 16.19 seconds
[SUCCESS] Action ActionType.PLACE succeeded for object /column1
[LOG] Transition logged to MongoDB: 5dbc00af-31de-45de-9715-060050fd770c - Episode 0
Selected action: Action(ActionType.PICK, obj=/column1, slot=None,grasp=GraspType.FRONT_270) with motion param: right_0
here
[EXEC] Picking /column1 with right_0
[ERROR] No IK configurations found for desired pick pose.
[EXEC] Action ActionType.PICK executed in 1.02 seconds
[ERROR] Action ActionType.PICK failed for object /column1
[LOG] Transition logged to MongoDB: 5dbc00af-31de-45de-9715-060050fd770c - Episode 0
Selected action: Action(ActionType.PICK, obj=/column2, slot=None,grasp=GraspType.TOP_0) with motion param: right_0
here
[EXEC] Picking /column2 with right_0
[ERROR] No IK configurations found for desired pick pose.
[EXEC] Action ActionType.PICK executed in 1.02 seconds
[ERROR] Action ActionType.PICK failed for object /column2
[LOG] Transition logged to MongoDB: 5dbc00af-31de-45de-9715-060050fd770c - Episode 0
Selected action: Action(ActionType.PICK, obj=/column2, slot=None,grasp=GraspType.RIGHT_0) with motion param: top_0
here
[EXEC] Picking /column2 with top_0

[INFO] Found 576 potential configurations.
[WARN] No valid configuration found (all tested configs invalid).
[EXEC] Action ActionType.PICK executed in 14.89 seconds
[ERROR] Action ActionType.PICK failed for object /column2
[LOG] Transition logged to MongoDB: 5dbc00af-31de-45de-9715-060050fd770c - Episode 0
Selected action: Action(ActionType.PICK, obj=/column1, slot=None,grasp=GraspType.RIGHT_0) with motion param: left_0
here
[EXEC] Picking /column1 with left_0

[INFO] Found 2240 potential configurations.
[WARN] No valid configuration found (all tested configs invalid).
[EXEC] Action ActionType.PICK executed in 3.11 seconds
[ERROR] Action ActionType.PICK failed for object /column1
[LOG] Transition logged to MongoDB: 5dbc00af-31de-45de-9715-060050fd770c - Episode 0
Selected action: Action(ActionType.PICK, obj=/column2, slot=None,grasp=GraspType.TOP_0) with motion param: top_0
here
[EXEC] Picking /column2 with top_0

[INFO] Found 640 potential configurations.
[WARN] No valid configuration found (all tested configs invalid).
[EXEC] Action ActionType.PICK executed in 14.86 seconds
[ERROR] Action ActionType.PICK failed for object /column2
[LOG] Transition logged to MongoDB: 5dbc00af-31de-45de-9715-060050fd770c - Episode 0
Selected action: Action(ActionType.PICK, obj=/column1, slot=None,grasp=GraspType.LEFT_0) with motion param: front_270
here
[EXEC] Picking /column1 with front_270

[INFO] Found 4288 potential configurations.
[INFO] Motion completed successfully with result: success,in execution time: 1.84 seconds
[INFO] Found a reachable configuration for pick action after 1 attempts.
Tip distance after pick: 0.020720058344046763
[INFO] Pick action completed successfully.in execution time: 1.84 seconds
[EXEC] Action ActionType.PICK executed in 13.87 seconds
[SUCCESS] Action ActionType.PICK succeeded for object /column1
[LOG] Transition logged to MongoDB: 5dbc00af-31de-45de-9715-060050fd770c - Episode 0
Selected action: Action(ActionType.PLACE, obj=/column1, slot=/goal_0,grasp=None) with motion param: left_0
here
[EXEC] Placing at [-0.27499999999999986, 0.8250000000000005, 0.5] with grasp left_0

[INFO] Found 4288 potential configurations.
[WARN] No valid configuration found (all tested configs invalid).
[EXEC] Action ActionType.PLACE executed in 32.18 seconds
[ERROR] Action ActionType.PLACE failed for object /column1
[LOG] Transition logged to MongoDB: 5dbc00af-31de-45de-9715-060050fd770c - Episode 0
Selected action: Action(ActionType.PLACE, obj=/column1, slot=/goal_1,grasp=None) with motion param: right_0
here
[EXEC] Placing at [-0.2749999999999999, 1.0750000000000006, 0.5] with grasp right_0

[INFO] Found 1728 potential configurations.
[INFO] Motion completed successfully with result: success,in execution time: 8.80 seconds
[INFO] Found a reachable configuration for place action after 1 attempts.
[INFO] Place action completed successfully.
realigning placed object /column1 to target position
[EXEC] Action ActionType.PLACE executed in 35.57 seconds
[SUCCESS] Action ActionType.PLACE succeeded for object /column1
[LOG] Transition logged to MongoDB: 5dbc00af-31de-45de-9715-060050fd770c - Episode 0
Selected action: Action(ActionType.PICK, obj=/column0, slot=None,grasp=None) with motion param: left_0
here
[EXEC] Picking /column0 with left_0

[INFO] Found 2944 potential configurations.
[INFO] Motion completed successfully with result: success,in execution time: 5.32 seconds
[INFO] Found a reachable configuration for pick action after 1 attempts.
Tip distance after pick: 0.02113256230278979
[INFO] Pick action completed successfully.in execution time: 5.32 seconds
[EXEC] Action ActionType.PICK executed in 14.59 seconds
[SUCCESS] Action ActionType.PICK succeeded for object /column0
[LOG] Transition logged to MongoDB: 5dbc00af-31de-45de-9715-060050fd770c - Episode 0
Selected action: Action(ActionType.PLACE, obj=/column0, slot=/goal_2,grasp=None) with motion param: front_270
here
[EXEC] Placing at [-0.6000000000000001, 0.8250000000000003, 0.5] with grasp front_270

[INFO] Found 3648 potential configurations.
[WARN] No valid configuration found (all tested configs invalid).
[EXEC] Action ActionType.PLACE executed in 2.65 seconds
[ERROR] Action ActionType.PLACE failed for object /column0
[LOG] Transition logged to MongoDB: 5dbc00af-31de-45de-9715-060050fd770c - Episode 0
Selected action: Action(ActionType.PLACE, obj=/column0, slot=/region_2,grasp=None) with motion param: front_270
here
[EXEC] Placing at [0.6, 0.80001, 0.5] with grasp front_270

[INFO] Found 3072 potential configurations.
[INFO] Motion completed successfully with result: success,in execution time: 5.20 seconds
[INFO] Found a reachable configuration for place action after 1 attempts.
[INFO] Place action completed successfully.
realigning placed object /column0 to target position
[EXEC] Action ActionType.PLACE executed in 20.93 seconds
[SUCCESS] Action ActionType.PLACE succeeded for object /column0
[LOG] Transition logged to MongoDB: 5dbc00af-31de-45de-9715-060050fd770c - Episode 0
Selected action: Action(ActionType.PICK, obj=/column2, slot=None,grasp=GraspType.TOP_0) with motion param: top_0
here
[EXEC] Picking /column2 with top_0

[INFO] Found 448 potential configurations.
[WARN] No valid configuration found (all tested configs invalid).
[EXEC] Action ActionType.PICK executed in 10.59 seconds
[ERROR] Action ActionType.PICK failed for object /column2
[LOG] Transition logged to MongoDB: 5dbc00af-31de-45de-9715-060050fd770c - Episode 0
Selected action: Action(ActionType.PICK, obj=/column0, slot=None,grasp=GraspType.LEFT_0) with motion param: right_0
here
[EXEC] Picking /column0 with right_0
[ERROR] No IK configurations found for desired pick pose.
[EXEC] Action ActionType.PICK executed in 1.02 seconds
[ERROR] Action ActionType.PICK failed for object /column0
[LOG] Transition logged to MongoDB: 5dbc00af-31de-45de-9715-060050fd770c - Episode 0
Selected action: Action(ActionType.PICK, obj=/column2, slot=None,grasp=GraspType.TOP_0) with motion param: front_270
here
[EXEC] Picking /column2 with front_270

[INFO] Found 2624 potential configurations.
[WARN] No valid configuration found (all tested configs invalid).
[EXEC] Action ActionType.PICK executed in 2.30 seconds
[ERROR] Action ActionType.PICK failed for object /column2
[LOG] Transition logged to MongoDB: 5dbc00af-31de-45de-9715-060050fd770c - Episode 0
Selected action: Action(ActionType.PICK, obj=/column0, slot=None,grasp=GraspType.RIGHT_0) with motion param: front_270
here
[EXEC] Picking /column0 with front_270

[INFO] Found 3264 potential configurations.
[INFO] Motion completed successfully with result: success,in execution time: 1.84 seconds
[INFO] Found a reachable configuration for pick action after 1 attempts.
Tip distance after pick: 0.02029770459287425
[INFO] Pick action completed successfully.in execution time: 1.84 seconds
[EXEC] Action ActionType.PICK executed in 12.25 seconds
[SUCCESS] Action ActionType.PICK succeeded for object /column0
[LOG] Transition logged to MongoDB: 5dbc00af-31de-45de-9715-060050fd770c - Episode 0
Selected action: Action(ActionType.PLACE, obj=/column0, slot=/region_0,grasp=None) with motion param: front_270
here
[EXEC] Placing at [0.35, 0.8, 0.521] with grasp front_270

[INFO] Found 5312 potential configurations.
[INFO] Motion completed successfully with result: success,in execution time: 1.48 seconds
[INFO] Found a reachable configuration for place action after 1 attempts.
[INFO] Place action completed successfully.
realigning placed object /column0 to target position
[EXEC] Action ActionType.PLACE executed in 16.70 seconds
[SUCCESS] Action ActionType.PLACE succeeded for object /column0
[LOG] Transition logged to MongoDB: 5dbc00af-31de-45de-9715-060050fd770c - Episode 0
Selected action: Action(ActionType.PICK, obj=/column2, slot=None,grasp=GraspType.FRONT_270) with motion param: right_0
here
[EXEC] Picking /column2 with right_0
[ERROR] No IK configurations found for desired pick pose.
[EXEC] Action ActionType.PICK executed in 1.02 seconds
[ERROR] Action ActionType.PICK failed for object /column2
[LOG] Transition logged to MongoDB: 5dbc00af-31de-45de-9715-060050fd770c - Episode 0
Selected action: Action(ActionType.PICK, obj=/column1, slot=None,grasp=GraspType.FRONT_270) with motion param: front_270
here
[EXEC] Picking /column1 with front_270

[INFO] Found 4096 potential configurations.
[INFO] Motion completed successfully with result: success,in execution time: 2.36 seconds
[INFO] Found a reachable configuration for pick action after 1 attempts.
Tip distance after pick: 0.020361301273226107
[INFO] Pick action completed successfully.in execution time: 2.36 seconds
[EXEC] Action ActionType.PICK executed in 15.79 seconds
[SUCCESS] Action ActionType.PICK succeeded for object /column1
[LOG] Transition logged to MongoDB: 5dbc00af-31de-45de-9715-060050fd770c - Episode 0
Selected action: Action(ActionType.PLACE, obj=/column1, slot=/goal_0,grasp=GraspType.LEFT_0) with motion param: left_0
here
[EXEC] Placing at [-0.27499999999999986, 0.8250000000000005, 0.5] with grasp left_0

[INFO] Found 3456 potential configurations.
[WARN] No valid configuration found (all tested configs invalid).
[EXEC] Action ActionType.PLACE executed in 34.17 seconds
[ERROR] Action ActionType.PLACE failed for object /column1
[LOG] Transition logged to MongoDB: 5dbc00af-31de-45de-9715-060050fd770c - Episode 0
Selected action: Action(ActionType.PLACE, obj=/column1, slot=/goal_2,grasp=None) with motion param: top_0
here
[EXEC] Placing at [-0.6000000000000001, 0.8250000000000003, 0.5] with grasp top_0

[INFO] Found 4160 potential configurations.
[WARN] No valid configuration found (all tested configs invalid).
[EXEC] Action ActionType.PLACE executed in 3.41 seconds
[ERROR] Action ActionType.PLACE failed for object /column1
[LOG] Transition logged to MongoDB: 5dbc00af-31de-45de-9715-060050fd770c - Episode 0
Selected action: Action(ActionType.PLACE, obj=/column1, slot=/goal_1,grasp=GraspType.RIGHT_0) with motion param: right_0
here
[EXEC] Placing at [-0.2749999999999999, 1.0750000000000006, 0.5] with grasp right_0

[INFO] Found 1920 potential configurations.
[INFO] Motion completed successfully with result: success,in execution time: 3.40 seconds
[INFO] Found a reachable configuration for place action after 1 attempts.
[INFO] Place action completed successfully.
realigning placed object /column1 to target position
[EXEC] Action ActionType.PLACE executed in 31.51 seconds
[SUCCESS] Action ActionType.PLACE succeeded for object /column1
[LOG] Transition logged to MongoDB: 5dbc00af-31de-45de-9715-060050fd770c - Episode 0
Selected action: Action(ActionType.PICK, obj=/column1, slot=None,grasp=GraspType.FRONT_270) with motion param: left_0
here
[EXEC] Picking /column1 with left_0
[ERROR] No IK configurations found for desired pick pose.
[EXEC] Action ActionType.PICK executed in 1.02 seconds
[ERROR] Action ActionType.PICK failed for object /column1
[LOG] Transition logged to MongoDB: 5dbc00af-31de-45de-9715-060050fd770c - Episode 0
Selected action: Action(ActionType.PICK, obj=/column1, slot=None,grasp=GraspType.LEFT_0) with motion param: top_0
here
[EXEC] Picking /column1 with top_0

[INFO] Found 1536 potential configurations.
[INFO] Motion completed successfully with result: success,in execution time: 3.36 seconds
[INFO] Found a reachable configuration for pick action after 1 attempts.
Tip distance after pick: 0.025998947761464587
[INFO] Pick action completed successfully.in execution time: 3.36 seconds
[EXEC] Action ActionType.PICK executed in 26.52 seconds
[SUCCESS] Action ActionType.PICK succeeded for object /column1
[LOG] Transition logged to MongoDB: 5dbc00af-31de-45de-9715-060050fd770c - Episode 0
Selected action: Action(ActionType.PLACE, obj=/column1, slot=/goal_0,grasp=GraspType.LEFT_0) with motion param: front_270
here
[EXEC] Placing at [-0.27499999999999986, 0.8250000000000005, 0.5] with grasp front_270

[INFO] Found 4160 potential configurations.
[INFO] Motion completed successfully with result: success,in execution time: 6.28 seconds
[INFO] Found a reachable configuration for place action after 1 attempts.
[INFO] Place action completed successfully.
realigning placed object /column1 to target position
[EXEC] Action ActionType.PLACE executed in 17.70 seconds
[SUCCESS] Action ActionType.PLACE succeeded for object /column1
[LOG] Transition logged to MongoDB: 5dbc00af-31de-45de-9715-060050fd770c - Episode 0
Selected action: Action(ActionType.PICK, obj=/column0, slot=None,grasp=GraspType.FRONT_270) with motion param: left_0
here
[EXEC] Picking /column0 with left_0

[INFO] Found 2944 potential configurations.
[INFO] Motion completed successfully with result: success,in execution time: 5.32 seconds
[INFO] Found a reachable configuration for pick action after 1 attempts.
Tip distance after pick: 0.02145255145540016
[INFO] Pick action completed successfully.in execution time: 5.32 seconds
[EXEC] Action ActionType.PICK executed in 12.39 seconds
[SUCCESS] Action ActionType.PICK succeeded for object /column0
[LOG] Transition logged to MongoDB: 5dbc00af-31de-45de-9715-060050fd770c - Episode 0
Selected action: Action(ActionType.PLACE, obj=/column0, slot=/goal_1,grasp=None) with motion param: left_0
here
[EXEC] Placing at [-0.2749999999999999, 1.0750000000000006, 0.5] with grasp left_0

[INFO] Found 896 potential configurations.
[WARN] No valid configuration found (all tested configs invalid).
[EXEC] Action ActionType.PLACE executed in 5.28 seconds
[ERROR] Action ActionType.PLACE failed for object /column0
[LOG] Transition logged to MongoDB: 5dbc00af-31de-45de-9715-060050fd770c - Episode 0
Selected action: Action(ActionType.PLACE, obj=/column0, slot=/goal_1,grasp=GraspType.LEFT_0) with motion param: right_0
here
[EXEC] Placing at [-0.2749999999999999, 1.0750000000000006, 0.5] with grasp right_0

[INFO] Found 2560 potential configurations.
[INFO] Motion completed successfully with result: success,in execution time: 10.52 seconds
[INFO] Found a reachable configuration for place action after 1 attempts.
[INFO] Place action completed successfully.
realigning placed object /column0 to target position
[EXEC] Action ActionType.PLACE executed in 21.79 seconds
[SUCCESS] Action ActionType.PLACE succeeded for object /column0
[LOG] Transition logged to MongoDB: 5dbc00af-31de-45de-9715-060050fd770c - Episode 0
Selected action: Action(ActionType.PICK, obj=/column0, slot=None,grasp=GraspType.LEFT_0) with motion param: front_270
here
[EXEC] Picking /column0 with front_270

[INFO] Found 3328 potential configurations.
[WARN] No valid configuration found (all tested configs invalid).
[EXEC] Action ActionType.PICK executed in 3.16 seconds
[ERROR] Action ActionType.PICK failed for object /column0
[LOG] Transition logged to MongoDB: 5dbc00af-31de-45de-9715-060050fd770c - Episode 0
Selected action: Action(ActionType.PICK, obj=/column2, slot=None,grasp=GraspType.RIGHT_0) with motion param: front_270
here
[EXEC] Picking /column2 with front_270

[INFO] Found 3392 potential configurations.
[INFO] Motion completed successfully with result: success,in execution time: 8.64 seconds
[INFO] Found a reachable configuration for pick action after 1 attempts.
Tip distance after pick: 0.019031487021333084
[INFO] Pick action completed successfully.in execution time: 8.64 seconds
[EXEC] Action ActionType.PICK executed in 25.80 seconds
[SUCCESS] Action ActionType.PICK succeeded for object /column2
[LOG] Transition logged to MongoDB: 5dbc00af-31de-45de-9715-060050fd770c - Episode 0
Selected action: Action(ActionType.PLACE, obj=/column2, slot=/region_0,grasp=None) with motion param: front_270
here
[EXEC] Placing at [0.35, 0.8, 0.521] with grasp front_270

[INFO] Found 4864 potential configurations.
[INFO] Motion completed successfully with result: success,in execution time: 2.24 seconds
[INFO] Found a reachable configuration for place action after 1 attempts.
[INFO] Place action completed successfully.
realigning placed object /column2 to target position
[EXEC] Action ActionType.PLACE executed in 20.42 seconds
[SUCCESS] Action ActionType.PLACE succeeded for object /column2
[LOG] Transition logged to MongoDB: 5dbc00af-31de-45de-9715-060050fd770c - Episode 0
Selected action: Action(ActionType.PICK, obj=/column1, slot=None,grasp=GraspType.TOP_0) with motion param: top_0
here
[EXEC] Picking /column1 with top_0

[INFO] Found 6080 potential configurations.
[INFO] Motion completed successfully with result: success,in execution time: 4.60 seconds
[INFO] Found a reachable configuration for pick action after 1 attempts.
Tip distance after pick: 0.028096255104533088
[INFO] Pick action completed successfully.in execution time: 4.60 seconds
[EXEC] Action ActionType.PICK executed in 14.87 seconds
[SUCCESS] Action ActionType.PICK succeeded for object /column1
[LOG] Transition logged to MongoDB: 5dbc00af-31de-45de-9715-060050fd770c - Episode 0
Selected action: Action(ActionType.PLACE, obj=/column1, slot=/goal_0,grasp=GraspType.FRONT_270) with motion param: left_0
here
[EXEC] Placing at [-0.27499999999999986, 0.8250000000000005, 0.5] with grasp left_0

[INFO] Found 5120 potential configurations.
[WARN] No valid configuration found (all tested configs invalid).
[EXEC] Action ActionType.PLACE executed in 37.55 seconds
[ERROR] Action ActionType.PLACE failed for object /column1
[LOG] Transition logged to MongoDB: 5dbc00af-31de-45de-9715-060050fd770c - Episode 0
Selected action: Action(ActionType.PLACE, obj=/column1, slot=/goal_2,grasp=GraspType.TOP_0) with motion param: top_0
here
[EXEC] Placing at [-0.6000000000000001, 0.8250000000000003, 0.5] with grasp top_0

[INFO] Found 3648 potential configurations.
[WARN] No valid configuration found (all tested configs invalid).
[EXEC] Action ActionType.PLACE executed in 3.48 seconds
[ERROR] Action ActionType.PLACE failed for object /column1
[LOG] Transition logged to MongoDB: 5dbc00af-31de-45de-9715-060050fd770c - Episode 0
Selected action: Action(ActionType.PLACE, obj=/column1, slot=/region_1,grasp=None) with motion param: front_270
here
[EXEC] Placing at [0.6, 1.075, 0.5] with grasp front_270

[INFO] Found 1600 potential configurations.
[INFO] Motion completed successfully with result: success,in execution time: 11.36 seconds
[INFO] Found a reachable configuration for place action after 1 attempts.
[INFO] Place action completed successfully.
realigning placed object /column1 to target position
[EXEC] Action ActionType.PLACE executed in 27.31 seconds
[SUCCESS] Action ActionType.PLACE succeeded for object /column1
[LOG] Transition logged to MongoDB: 5dbc00af-31de-45de-9715-060050fd770c - Episode 0
Selected action: Action(ActionType.PICK, obj=/column0, slot=None,grasp=GraspType.FRONT_270) with motion param: left_0
here
[EXEC] Picking /column0 with left_0
[ERROR] No IK configurations found for desired pick pose.
[EXEC] Action ActionType.PICK executed in 1.01 seconds
[ERROR] Action ActionType.PICK failed for object /column0
[LOG] Transition logged to MongoDB: 5dbc00af-31de-45de-9715-060050fd770c - Episode 0
Selected action: Action(ActionType.PICK, obj=/column2, slot=None,grasp=GraspType.FRONT_270) with motion param: left_0
here
[EXEC] Picking /column2 with left_0

[INFO] Found 2688 potential configurations.
[INFO] Motion completed successfully with result: success,in execution time: 8.40 seconds
[INFO] Found a reachable configuration for pick action after 1 attempts.
Tip distance after pick: 75.88126952958426
[ERROR] Grasped object lost during pick action.
[EXEC] Action ActionType.PICK executed in 18.75 seconds
[ERROR] Action ActionType.PICK failed for object /column2
[LOG] Transition contains 'unknown' state, not logging to MongoDB.
Selected action: Action(ActionType.PICK, obj=/column0, slot=None,grasp=GraspType.LEFT_0) with motion param: top_0
here
[EXEC] Picking /column0 with top_0

[INFO] Found 2112 potential configurations.
[INFO] Motion completed successfully with result: success,in execution time: 2.96 seconds
[INFO] Found a reachable configuration for pick action after 1 attempts.
Tip distance after pick: 0.026356234203708702
[INFO] Pick action completed successfully.in execution time: 2.96 seconds
[EXEC] Action ActionType.PICK executed in 20.48 seconds
[SUCCESS] Action ActionType.PICK succeeded for object /column0
[LOG] Transition contains 'unknown' state, not logging to MongoDB.
Selected action: Action(ActionType.PLACE, obj=/column0, slot=/goal_1,grasp=GraspType.RIGHT_0) with motion param: left_0
here
[EXEC] Placing at [-0.2749999999999999, 1.0750000000000006, 0.5] with grasp left_0

[INFO] Found 1088 potential configurations.
[WARN] No valid configuration found (all tested configs invalid).
[EXEC] Action ActionType.PLACE executed in 8.84 seconds
[ERROR] Action ActionType.PLACE failed for object /column0
[LOG] Transition contains 'unknown' state, not logging to MongoDB.
Selected action: Action(ActionType.PLACE, obj=/column0, slot=/goal_1,grasp=GraspType.LEFT_0) with motion param: left_0
here
[EXEC] Placing at [-0.2749999999999999, 1.0750000000000006, 0.5] with grasp left_0

[INFO] Found 704 potential configurations.
[WARN] No valid configuration found (all tested configs invalid).
[EXEC] Action ActionType.PLACE executed in 3.70 seconds
[ERROR] Action ActionType.PLACE failed for object /column0
[LOG] Transition contains 'unknown' state, not logging to MongoDB.
Selected action: Action(ActionType.PLACE, obj=/column0, slot=/region_2,grasp=GraspType.FRONT_270) with motion param: left_0
here
[EXEC] Placing at [0.6, 0.80001, 0.5] with grasp left_0

[INFO] Found 2368 potential configurations.
[INFO] Motion completed successfully with result: success,in execution time: 8.44 seconds
[INFO] Found a reachable configuration for place action after 1 attempts.
[INFO] Place action completed successfully.
realigning placed object /column0 to target position
[EXEC] Action ActionType.PLACE executed in 33.25 seconds
[SUCCESS] Action ActionType.PLACE succeeded for object /column0
[LOG] Transition contains 'unknown' state, not logging to MongoDB.
Selected action: Action(ActionType.PICK, obj=/column1, slot=None,grasp=GraspType.TOP_0) with motion param: left_0
here
[EXEC] Picking /column1 with left_0

[INFO] Found 1280 potential configurations.
[WARN] No valid configuration found (all tested configs invalid).
[EXEC] Action ActionType.PICK executed in 1.62 seconds
[ERROR] Action ActionType.PICK failed for object /column1
[LOG] Transition contains 'unknown' state, not logging to MongoDB.
Selected action: Action(ActionType.PICK, obj=/column1, slot=None,grasp=GraspType.LEFT_0) with motion param: top_0
here
[EXEC] Picking /column1 with top_0
[ERROR] No IK configurations found for desired pick pose.
[EXEC] Action ActionType.PICK executed in 1.02 seconds
[ERROR] Action ActionType.PICK failed for object /column1
[LOG] Transition contains 'unknown' state, not logging to MongoDB.
Selected action: Action(ActionType.PICK, obj=/column2, slot=None,grasp=GraspType.LEFT_0) with motion param: left_0
here
[EXEC] Picking /column2 with left_0
[ERROR] No IK configurations found for desired pick pose.
[EXEC] Action ActionType.PICK executed in 1.02 seconds
[ERROR] Action ActionType.PICK failed for object /column2
[LOG] Transition contains 'unknown' state, not logging to MongoDB.
Selected action: Action(ActionType.PICK, obj=/column2, slot=None,grasp=GraspType.LEFT_0) with motion param: left_0
here
[EXEC] Picking /column2 with left_0
[ERROR] No IK configurations found for desired pick pose.
[EXEC] Action ActionType.PICK executed in 1.02 seconds
[ERROR] Action ActionType.PICK failed for object /column2
[LOG] Transition contains 'unknown' state, not logging to MongoDB.
Selected action: Action(ActionType.PICK, obj=/column1, slot=None,grasp=GraspType.TOP_0) with motion param: right_0
here
[EXEC] Picking /column1 with right_0
[ERROR] No IK configurations found for desired pick pose.
[EXEC] Action ActionType.PICK executed in 1.01 seconds
[ERROR] Action ActionType.PICK failed for object /column1
[LOG] Transition contains 'unknown' state, not logging to MongoDB.
Selected action: Action(ActionType.PICK, obj=/column2, slot=None,grasp=GraspType.LEFT_0) with motion param: left_0
here
[EXEC] Picking /column2 with left_0
[ERROR] No IK configurations found for desired pick pose.
[EXEC] Action ActionType.PICK executed in 1.02 seconds
[ERROR] Action ActionType.PICK failed for object /column2
[LOG] Transition contains 'unknown' state, not logging to MongoDB.
Selected action: Action(ActionType.PICK, obj=/column0, slot=None,grasp=GraspType.TOP_0) with motion param: top_0
here
[EXEC] Picking /column0 with top_0

[INFO] Found 2560 potential configurations.
[INFO] Motion completed successfully with result: success,in execution time: 3.76 seconds
[INFO] Found a reachable configuration for pick action after 1 attempts.
Tip distance after pick: 0.026075921504678863
[INFO] Pick action completed successfully.in execution time: 3.76 seconds
[EXEC] Action ActionType.PICK executed in 15.32 seconds
[SUCCESS] Action ActionType.PICK succeeded for object /column0
[LOG] Transition contains 'unknown' state, not logging to MongoDB.
Selected action: Action(ActionType.PLACE, obj=/column0, slot=/goal_2,grasp=GraspType.FRONT_270) with motion param: left_0
here
[EXEC] Placing at [-0.6000000000000001, 0.8250000000000003, 0.5] with grasp left_0

[INFO] Found 2496 potential configurations.
[WARN] No valid configuration found (all tested configs invalid).
[EXEC] Action ActionType.PLACE executed in 2.57 seconds
[ERROR] Action ActionType.PLACE failed for object /column0
[LOG] Transition contains 'unknown' state, not logging to MongoDB.
Selected action: Action(ActionType.PLACE, obj=/column0, slot=/goal_0,grasp=None) with motion param: top_0
here
[EXEC] Placing at [-0.27499999999999986, 0.8250000000000005, 0.5] with grasp top_0

[INFO] Found 4864 potential configurations.
[INFO] Motion completed successfully with result: success,in execution time: 7.00 seconds
[INFO] Found a reachable configuration for place action after 1 attempts.
[INFO] Place action completed successfully.
realigning placed object /column0 to target position
[EXEC] Action ActionType.PLACE executed in 33.31 seconds
[SUCCESS] Action ActionType.PLACE succeeded for object /column0
[LOG] Transition contains 'unknown' state, not logging to MongoDB.
Selected action: Action(ActionType.PICK, obj=/column2, slot=None,grasp=GraspType.LEFT_0) with motion param: right_0
here
[EXEC] Picking /column2 with right_0
[ERROR] No IK configurations found for desired pick pose.
[EXEC] Action ActionType.PICK executed in 1.02 seconds
[ERROR] Action ActionType.PICK failed for object /column2
[LOG] Transition contains 'unknown' state, not logging to MongoDB.
Selected action: Action(ActionType.PICK, obj=/column2, slot=None,grasp=GraspType.RIGHT_0) with motion param: left_0
here
[EXEC] Picking /column2 with left_0
[ERROR] No IK configurations found for desired pick pose.
[EXEC] Action ActionType.PICK executed in 1.04 seconds
[ERROR] Action ActionType.PICK failed for object /column2
[LOG] Transition contains 'unknown' state, not logging to MongoDB.
Selected action: Action(ActionType.PICK, obj=/column0, slot=None,grasp=GraspType.TOP_0) with motion param: left_0
here
[EXEC] Picking /column0 with left_0

[INFO] Found 3840 potential configurations.
[INFO] Motion completed successfully with result: success,in execution time: 7.84 seconds
[INFO] Found a reachable configuration for pick action after 1 attempts.
Tip distance after pick: 0.01902440887430591
[INFO] Pick action completed successfully.in execution time: 7.84 seconds
[EXEC] Action ActionType.PICK executed in 47.90 seconds
[SUCCESS] Action ActionType.PICK succeeded for object /column0
[LOG] Transition contains 'unknown' state, not logging to MongoDB.
Selected action: Action(ActionType.PLACE, obj=/column0, slot=/region_2,grasp=GraspType.LEFT_0) with motion param: front_270
here
[EXEC] Placing at [0.6, 0.80001, 0.5] with grasp front_270

[INFO] Found 2752 potential configurations.
[INFO] Motion completed successfully with result: success,in execution time: 12.60 seconds
[INFO] Found a reachable configuration for place action after 1 attempts.
[INFO] Place action completed successfully.
realigning placed object /column0 to target position
[EXEC] Action ActionType.PLACE executed in 31.64 seconds
[SUCCESS] Action ActionType.PLACE succeeded for object /column0
[LOG] Transition contains 'unknown' state, not logging to MongoDB.
Selected action: Action(ActionType.PICK, obj=/column1, slot=None,grasp=GraspType.RIGHT_0) with motion param: left_0
here
[EXEC] Picking /column1 with left_0

[INFO] Found 1536 potential configurations.
[WARN] No valid configuration found (all tested configs invalid).
[EXEC] Action ActionType.PICK executed in 1.64 seconds
[ERROR] Action ActionType.PICK failed for object /column1
[LOG] Transition contains 'unknown' state, not logging to MongoDB.
Selected action: Action(ActionType.PICK, obj=/column2, slot=None,grasp=GraspType.LEFT_0) with motion param: left_0
here
[EXEC] Picking /column2 with left_0
[ERROR] No IK configurations found for desired pick pose.
[EXEC] Action ActionType.PICK executed in 1.01 seconds
[ERROR] Action ActionType.PICK failed for object /column2
[LOG] Transition contains 'unknown' state, not logging to MongoDB.
Selected action: Action(ActionType.PICK, obj=/column1, slot=None,grasp=GraspType.LEFT_0) with motion param: front_270
here
[EXEC] Picking /column1 with front_270

[INFO] Found 3008 potential configurations.
[WARN] No valid configuration found (all tested configs invalid).
[EXEC] Action ActionType.PICK executed in 2.82 seconds
[ERROR] Action ActionType.PICK failed for object /column1
[LOG] Transition contains 'unknown' state, not logging to MongoDB.
Selected action: Action(ActionType.PICK, obj=/column2, slot=None,grasp=GraspType.LEFT_0) with motion param: front_270
here
[EXEC] Picking /column2 with front_270
[ERROR] No IK configurations found for desired pick pose.
[EXEC] Action ActionType.PICK executed in 1.02 seconds
[ERROR] Action ActionType.PICK failed for object /column2
[LOG] Transition contains 'unknown' state, not logging to MongoDB.
Selected action: Action(ActionType.PICK, obj=/column2, slot=None,grasp=GraspType.FRONT_270) with motion param: front_270
here
[EXEC] Picking /column2 with front_270
[ERROR] No IK configurations found for desired pick pose.
[EXEC] Action ActionType.PICK executed in 1.02 seconds
[ERROR] Action ActionType.PICK failed for object /column2
[LOG] Transition contains 'unknown' state, not logging to MongoDB.
Selected action: Action(ActionType.PICK, obj=/column2, slot=None,grasp=GraspType.FRONT_270) with motion param: front_270
here
[EXEC] Picking /column2 with front_270
[ERROR] No IK configurations found for desired pick pose.
[EXEC] Action ActionType.PICK executed in 1.02 seconds
[ERROR] Action ActionType.PICK failed for object /column2
[LOG] Transition contains 'unknown' state, not logging to MongoDB.
Selected action: Action(ActionType.PICK, obj=/column1, slot=None,grasp=GraspType.FRONT_270) with motion param: right_0
here
[EXEC] Picking /column1 with right_0
[ERROR] No IK configurations found for desired pick pose.
[EXEC] Action ActionType.PICK executed in 1.01 seconds
[ERROR] Action ActionType.PICK failed for object /column1
[LOG] Transition contains 'unknown' state, not logging to MongoDB.
Selected action: Action(ActionType.PICK, obj=/column0, slot=None,grasp=GraspType.LEFT_0) with motion param: left_0
here
[EXEC] Picking /column0 with left_0

[INFO] Found 3648 potential configurations.
[INFO] Motion completed successfully with result: success,in execution time: 5.24 seconds
[INFO] Found a reachable configuration for pick action after 1 attempts.
Tip distance after pick: 0.019969781938914806
[INFO] Pick action completed successfully.in execution time: 5.24 seconds
[EXEC] Action ActionType.PICK executed in 14.71 seconds
[SUCCESS] Action ActionType.PICK succeeded for object /column0
[LOG] Transition contains 'unknown' state, not logging to MongoDB.
Selected action: Action(ActionType.PLACE, obj=/column0, slot=/region_0,grasp=GraspType.FRONT_270) with motion param: front_270
here
[EXEC] Placing at [0.35, 0.8, 0.521] with grasp front_270

[INFO] Found 3264 potential configurations.
[INFO] Motion completed successfully with result: success,in execution time: 5.24 seconds
[INFO] Found a reachable configuration for place action after 1 attempts.
[INFO] Place action completed successfully.
realigning placed object /column0 to target position
[EXEC] Action ActionType.PLACE executed in 17.71 seconds
[SUCCESS] Action ActionType.PLACE succeeded for object /column0
[LOG] Transition contains 'unknown' state, not logging to MongoDB.
Selected action: Action(ActionType.PICK, obj=/column1, slot=None,grasp=GraspType.RIGHT_0) with motion param: right_0
here
[EXEC] Picking /column1 with right_0
[ERROR] No IK configurations found for desired pick pose.
[EXEC] Action ActionType.PICK executed in 1.03 seconds
[ERROR] Action ActionType.PICK failed for object /column1
[LOG] Transition contains 'unknown' state, not logging to MongoDB.
Selected action: Action(ActionType.PICK, obj=/column2, slot=None,grasp=GraspType.FRONT_270) with motion param: right_0
here
[EXEC] Picking /column2 with right_0
[ERROR] No IK configurations found for desired pick pose.
[EXEC] Action ActionType.PICK executed in 1.02 seconds
[ERROR] Action ActionType.PICK failed for object /column2
[LOG] Transition contains 'unknown' state, not logging to MongoDB.
Selected action: Action(ActionType.PICK, obj=/column0, slot=None,grasp=GraspType.LEFT_0) with motion param: top_0
here
[EXEC] Picking /column0 with top_0

[INFO] Found 4736 potential configurations.
[INFO] Motion completed successfully with result: success,in execution time: 6.56 seconds
[INFO] Found a reachable configuration for pick action after 1 attempts.
Tip distance after pick: 0.0280405534376024
[INFO] Pick action completed successfully.in execution time: 6.56 seconds
[EXEC] Action ActionType.PICK executed in 17.35 seconds
[SUCCESS] Action ActionType.PICK succeeded for object /column0
[LOG] Transition contains 'unknown' state, not logging to MongoDB.
Selected action: Action(ActionType.PLACE, obj=/column0, slot=/goal_1,grasp=GraspType.LEFT_0) with motion param: left_0
here
[EXEC] Placing at [-0.2749999999999999, 1.0750000000000006, 0.5] with grasp left_0

[INFO] Found 832 potential configurations.
[WARN] No valid configuration found (all tested configs invalid).
[EXEC] Action ActionType.PLACE executed in 8.06 seconds
[ERROR] Action ActionType.PLACE failed for object /column0
[LOG] Transition contains 'unknown' state, not logging to MongoDB.
Selected action: Action(ActionType.PLACE, obj=/column0, slot=/goal_1,grasp=GraspType.LEFT_0) with motion param: left_0
here
[EXEC] Placing at [-0.2749999999999999, 1.0750000000000006, 0.5] with grasp left_0

[INFO] Found 832 potential configurations.
[WARN] No valid configuration found (all tested configs invalid).
[EXEC] Action ActionType.PLACE executed in 7.79 seconds
[ERROR] Action ActionType.PLACE failed for object /column0
[LOG] Transition contains 'unknown' state, not logging to MongoDB.
Selected action: Action(ActionType.PLACE, obj=/column0, slot=/region_0,grasp=GraspType.FRONT_270) with motion param: right_0
here
[EXEC] Placing at [0.35, 0.8, 0.521] with grasp right_0

[INFO] Found 4224 potential configurations.
[INFO] Motion completed successfully with result: success,in execution time: 3.16 seconds
[INFO] Found a reachable configuration for place action after 1 attempts.
[INFO] Place action completed successfully.
realigning placed object /column0 to target position
[EXEC] Action ActionType.PLACE executed in 18.50 seconds
[SUCCESS] Action ActionType.PLACE succeeded for object /column0
[LOG] Transition contains 'unknown' state, not logging to MongoDB.
Selected action: Action(ActionType.PICK, obj=/column1, slot=None,grasp=GraspType.RIGHT_0) with motion param: front_270
here
[EXEC] Picking /column1 with front_270

[INFO] Found 3328 potential configurations.
[INFO] Motion completed successfully with result: success,in execution time: 3.00 seconds
[INFO] Found a reachable configuration for pick action after 1 attempts.
Tip distance after pick: 0.018722475449684643
[INFO] Pick action completed successfully.in execution time: 3.00 seconds
[EXEC] Action ActionType.PICK executed in 12.64 seconds
[SUCCESS] Action ActionType.PICK succeeded for object /column1
[LOG] Transition contains 'unknown' state, not logging to MongoDB.
Selected action: Action(ActionType.PLACE, obj=/column1, slot=/goal_0,grasp=GraspType.LEFT_0) with motion param: front_270
here
[EXEC] Placing at [-0.27499999999999986, 0.8250000000000005, 0.5] with grasp front_270

[INFO] Found 4224 potential configurations.
[INFO] Motion completed successfully with result: success,in execution time: 10.76 seconds
[INFO] Found a reachable configuration for place action after 1 attempts.
[INFO] Place action completed successfully.
realigning placed object /column1 to target position
[EXEC] Action ActionType.PLACE executed in 25.43 seconds
[SUCCESS] Action ActionType.PLACE succeeded for object /column1
[LOG] Transition contains 'unknown' state, not logging to MongoDB.
Selected action: Action(ActionType.PICK, obj=/column2, slot=None,grasp=GraspType.RIGHT_0) with motion param: front_270
here
[EXEC] Picking /column2 with front_270
[ERROR] No IK configurations found for desired pick pose.
[EXEC] Action ActionType.PICK executed in 1.02 seconds
[ERROR] Action ActionType.PICK failed for object /column2
[LOG] Transition contains 'unknown' state, not logging to MongoDB.
Selected action: Action(ActionType.PICK, obj=/column1, slot=None,grasp=GraspType.FRONT_270) with motion param: top_0
here
[EXEC] Picking /column1 with top_0

[INFO] Found 5312 potential configurations.
[INFO] Motion completed successfully with result: success,in execution time: 5.16 seconds
[INFO] Found a reachable configuration for pick action after 1 attempts.
Tip distance after pick: 0.027894769617009887
[INFO] Pick action completed successfully.in execution time: 5.16 seconds
[EXEC] Action ActionType.PICK executed in 15.18 seconds
[SUCCESS] Action ActionType.PICK succeeded for object /column1
[LOG] Transition contains 'unknown' state, not logging to MongoDB.
Selected action: Action(ActionType.PLACE, obj=/column1, slot=/region_2,grasp=GraspType.FRONT_270) with motion param: left_0
here
[EXEC] Placing at [0.6, 0.80001, 0.5] with grasp left_0

[INFO] Found 2624 potential configurations.
[INFO] Motion completed successfully with result: success,in execution time: 3.92 seconds
[INFO] Found a reachable configuration for place action after 1 attempts.
[INFO] Place action completed successfully.
realigning placed object /column1 to target position
[EXEC] Action ActionType.PLACE executed in 18.96 seconds
[SUCCESS] Action ActionType.PLACE succeeded for object /column1
[LOG] Transition contains 'unknown' state, not logging to MongoDB.
Selected action: Action(ActionType.PICK, obj=/column2, slot=None,grasp=GraspType.FRONT_270) with motion param: front_270
here
[EXEC] Picking /column2 with front_270
[ERROR] No IK configurations found for desired pick pose.
[EXEC] Action ActionType.PICK executed in 1.02 seconds
[ERROR] Action ActionType.PICK failed for object /column2
[LOG] Transition contains 'unknown' state, not logging to MongoDB.
Selected action: Action(ActionType.PICK, obj=/column2, slot=None,grasp=GraspType.FRONT_270) with motion param: top_0
here
[EXEC] Picking /column2 with top_0
[ERROR] No IK configurations found for desired pick pose.
[EXEC] Action ActionType.PICK executed in 1.02 seconds
[ERROR] Action ActionType.PICK failed for object /column2
[LOG] Transition contains 'unknown' state, not logging to MongoDB.
Selected action: Action(ActionType.PICK, obj=/column0, slot=None,grasp=GraspType.TOP_0) with motion param: right_0
here
[EXEC] Picking /column0 with right_0

[INFO] Found 4096 potential configurations.
[WARN] No valid configuration found (all tested configs invalid).
[EXEC] Action ActionType.PICK executed in 3.71 seconds
[ERROR] Action ActionType.PICK failed for object /column0
[LOG] Transition contains 'unknown' state, not logging to MongoDB.
Selected action: Action(ActionType.PICK, obj=/column0, slot=None,grasp=GraspType.RIGHT_0) with motion param: right_0
here
[EXEC] Picking /column0 with right_0

[INFO] Found 2752 potential configurations.
[WARN] No valid configuration found (all tested configs invalid).
[EXEC] Action ActionType.PICK executed in 2.78 seconds
[ERROR] Action ActionType.PICK failed for object /column0
[LOG] Transition contains 'unknown' state, not logging to MongoDB.
Selected action: Action(ActionType.PICK, obj=/column1, slot=None,grasp=GraspType.TOP_0) with motion param: front_270
here
[EXEC] Picking /column1 with front_270

[INFO] Found 2624 potential configurations.
[INFO] Motion completed successfully with result: success,in execution time: 11.24 seconds
[INFO] Found a reachable configuration for pick action after 1 attempts.
Tip distance after pick: 0.03851822448702019
[INFO] Pick action completed successfully.in execution time: 11.24 seconds
[EXEC] Action ActionType.PICK executed in 30.00 seconds
[SUCCESS] Action ActionType.PICK succeeded for object /column1
[LOG] Transition contains 'unknown' state, not logging to MongoDB.
Selected action: Action(ActionType.PLACE, obj=/column1, slot=/region_2,grasp=GraspType.LEFT_0) with motion param: left_0
here
[EXEC] Placing at [0.6, 0.80001, 0.5] with grasp left_0

[INFO] Found 3072 potential configurations.
[INFO] Motion completed successfully with result: success,in execution time: 5.24 seconds
[INFO] Found a reachable configuration for place action after 1 attempts.
[INFO] Place action completed successfully.
realigning placed object /column1 to target position
[EXEC] Action ActionType.PLACE executed in 15.13 seconds
[SUCCESS] Action ActionType.PLACE succeeded for object /column1
[LOG] Transition contains 'unknown' state, not logging to MongoDB.
Selected action: Action(ActionType.PICK, obj=/column0, slot=None,grasp=GraspType.RIGHT_0) with motion param: front_270
here
[EXEC] Picking /column0 with front_270

[INFO] Found 3584 potential configurations.
[INFO] Motion completed successfully with result: success,in execution time: 5.24 seconds
[INFO] Found a reachable configuration for pick action after 1 attempts.
Tip distance after pick: 0.02146372542264326
[INFO] Pick action completed successfully.in execution time: 5.24 seconds
[EXEC] Action ActionType.PICK executed in 14.62 seconds
[SUCCESS] Action ActionType.PICK succeeded for object /column0
[LOG] Transition contains 'unknown' state, not logging to MongoDB.
Selected action: Action(ActionType.PLACE, obj=/column0, slot=/goal_2,grasp=GraspType.LEFT_0) with motion param: left_0
here
[EXEC] Placing at [-0.6000000000000001, 0.8250000000000003, 0.5] with grasp left_0

[INFO] Found 2560 potential configurations.
[WARN] No valid configuration found (all tested configs invalid).
[EXEC] Action ActionType.PLACE executed in 2.20 seconds
[ERROR] Action ActionType.PLACE failed for object /column0
[LOG] Transition contains 'unknown' state, not logging to MongoDB.
Selected action: Action(ActionType.PLACE, obj=/column0, slot=/goal_2,grasp=GraspType.LEFT_0) with motion param: front_270
here
[EXEC] Placing at [-0.6000000000000001, 0.8250000000000003, 0.5] with grasp front_270

[INFO] Found 3904 potential configurations.
[WARN] No valid configuration found (all tested configs invalid).
[EXEC] Action ActionType.PLACE executed in 2.64 seconds
[ERROR] Action ActionType.PLACE failed for object /column0
[LOG] Transition contains 'unknown' state, not logging to MongoDB.
Selected action: Action(ActionType.PLACE, obj=/column0, slot=/region_1,grasp=None) with motion param: top_0
here
[EXEC] Placing at [0.6, 1.075, 0.5] with grasp top_0

[INFO] Found 128 potential configurations.
[WARN] No valid configuration found (all tested configs invalid).
[EXEC] Action ActionType.PLACE executed in 1.09 seconds
[ERROR] Action ActionType.PLACE failed for object /column0
[LOG] Transition contains 'unknown' state, not logging to MongoDB.
Selected action: Action(ActionType.PLACE, obj=/column0, slot=/region_1,grasp=GraspType.TOP_0) with motion param: left_0
here
[EXEC] Placing at [0.6, 1.075, 0.5] with grasp left_0

[INFO] Found 1536 potential configurations.
[WARN] No valid configuration found (all tested configs invalid).
[EXEC] Action ActionType.PLACE executed in 1.73 seconds
[ERROR] Action ActionType.PLACE failed for object /column0
[LOG] Transition contains 'unknown' state, not logging to MongoDB.
Selected action: Action(ActionType.PLACE, obj=/column0, slot=/goal_1,grasp=GraspType.LEFT_0) with motion param: left_0
here
[EXEC] Placing at [-0.2749999999999999, 1.0750000000000006, 0.5] with grasp left_0

[INFO] Found 512 potential configurations.
[WARN] No valid configuration found (all tested configs invalid).
[EXEC] Action ActionType.PLACE executed in 3.35 seconds
[ERROR] Action ActionType.PLACE failed for object /column0
[LOG] Transition contains 'unknown' state, not logging to MongoDB.
Selected action: Action(ActionType.PLACE, obj=/column0, slot=/goal_2,grasp=GraspType.FRONT_270) with motion param: left_0
here
[EXEC] Placing at [-0.6000000000000001, 0.8250000000000003, 0.5] with grasp left_0

[INFO] Found 1728 potential configurations.
[WARN] No valid configuration found (all tested configs invalid).
[EXEC] Action ActionType.PLACE executed in 2.07 seconds
[ERROR] Action ActionType.PLACE failed for object /column0
[LOG] Transition contains 'unknown' state, not logging to MongoDB.
Selected action: Action(ActionType.PLACE, obj=/column0, slot=/region_1,grasp=GraspType.LEFT_0) with motion param: right_0
here
[EXEC] Placing at [0.6, 1.075, 0.5] with grasp right_0
[ERROR] No IK configurations found for desired place pose.
[EXEC] Action ActionType.PLACE executed in 1.02 seconds
[ERROR] Action ActionType.PLACE failed for object /column0
[LOG] Transition contains 'unknown' state, not logging to MongoDB.
Selected action: Action(ActionType.PLACE, obj=/column0, slot=/goal_2,grasp=GraspType.LEFT_0) with motion param: front_270
here
[EXEC] Placing at [-0.6000000000000001, 0.8250000000000003, 0.5] with grasp front_270

[INFO] Found 3584 potential configurations.
[WARN] No valid configuration found (all tested configs invalid).
[EXEC] Action ActionType.PLACE executed in 3.00 seconds
[ERROR] Action ActionType.PLACE failed for object /column0
[LOG] Transition contains 'unknown' state, not logging to MongoDB.
Selected action: Action(ActionType.PLACE, obj=/column0, slot=/region_0,grasp=GraspType.RIGHT_0) with motion param: top_0
here
[EXEC] Placing at [0.35, 0.8, 0.521] with grasp top_0

[INFO] Found 5568 potential configurations.
[INFO] Motion completed successfully with result: success,in execution time: 8.56 seconds
[INFO] Found a reachable configuration for place action after 1 attempts.
[INFO] Place action completed successfully.
realigning placed object /column0 to target position
[EXEC] Action ActionType.PLACE executed in 20.02 seconds
[SUCCESS] Action ActionType.PLACE succeeded for object /column0
[LOG] Transition contains 'unknown' state, not logging to MongoDB.
Selected action: Action(ActionType.PICK, obj=/column1, slot=None,grasp=GraspType.FRONT_270) with motion param: right_0
here
[EXEC] Picking /column1 with right_0
[ERROR] No IK configurations found for desired pick pose.
[EXEC] Action ActionType.PICK executed in 1.02 seconds
[ERROR] Action ActionType.PICK failed for object /column1
[LOG] Transition contains 'unknown' state, not logging to MongoDB.
Selected action: Action(ActionType.PICK, obj=/column1, slot=None,grasp=GraspType.RIGHT_0) with motion param: front_270
here
[EXEC] Picking /column1 with front_270

[INFO] Found 2624 potential configurations.
[INFO] Motion completed successfully with result: success,in execution time: 3.32 seconds
[INFO] Found a reachable configuration for pick action after 1 attempts.
Tip distance after pick: 0.020469440243153263
[INFO] Pick action completed successfully.in execution time: 3.32 seconds
[EXEC] Action ActionType.PICK executed in 12.59 seconds
[SUCCESS] Action ActionType.PICK succeeded for object /column1
[LOG] Transition contains 'unknown' state, not logging to MongoDB.
Selected action: Action(ActionType.PLACE, obj=/column1, slot=/region_2,grasp=GraspType.LEFT_0) with motion param: right_0
here
[EXEC] Placing at [0.6, 0.80001, 0.5] with grasp right_0
[ERROR] No IK configurations found for desired place pose.
[EXEC] Action ActionType.PLACE executed in 1.01 seconds
[ERROR] Action ActionType.PLACE failed for object /column1
[LOG] Transition contains 'unknown' state, not logging to MongoDB.
Selected action: Action(ActionType.PLACE, obj=/column1, slot=/region_1,grasp=GraspType.FRONT_270) with motion param: top_0
here
[EXEC] Placing at [0.6, 1.075, 0.5] with grasp top_0

[INFO] Found 448 potential configurations.
[WARN] No valid configuration found (all tested configs invalid).
[EXEC] Action ActionType.PLACE executed in 1.27 seconds
[ERROR] Action ActionType.PLACE failed for object /column1
[LOG] Transition contains 'unknown' state, not logging to MongoDB.
Selected action: Action(ActionType.PLACE, obj=/column1, slot=/goal_1,grasp=GraspType.RIGHT_0) with motion param: front_270
here
[EXEC] Placing at [-0.2749999999999999, 1.0750000000000006, 0.5] with grasp front_270

[INFO] Found 3776 potential configurations.
[ERROR] Motion failed (collision or invalid path)
[ERROR] Motion result: no_path
[WARN] Failed to find a path to the selected place config on attempt 1.
[WARN] No path found to selected place config, discarding and trying next valid config...
[ERROR] Motion failed (collision or invalid path)
[ERROR] Motion result: no_path
[WARN] Failed to find a path to the selected place config on attempt 2.
[WARN] No path found to selected place config, discarding and trying next valid config...
[INFO] Motion completed successfully with result: success,in execution time: 6.72 seconds
[INFO] Found a reachable configuration for place action after 3 attempts.
[INFO] Place action completed successfully.
realigning placed object /column1 to target position
[EXEC] Action ActionType.PLACE executed in 43.50 seconds
[SUCCESS] Action ActionType.PLACE succeeded for object /column1
[LOG] Transition contains 'unknown' state, not logging to MongoDB.
Selected action: Action(ActionType.PICK, obj=/column1, slot=None,grasp=GraspType.FRONT_270) with motion param: right_0
here
[EXEC] Picking /column1 with right_0

[INFO] Found 640 potential configurations.
[WARN] No valid configuration found (all tested configs invalid).
[EXEC] Action ActionType.PICK executed in 1.41 seconds
[ERROR] Action ActionType.PICK failed for object /column1
[LOG] Transition contains 'unknown' state, not logging to MongoDB.
[ERROR] Failed to build exploration policy due to Invalid state factor value provided for state., skipping informed collection
MAX Exploration Cycle Finished, exploration time 4.291534423828125e-06
