[0.129s] DEBUG:colcon:Command line arguments: ['/usr/bin/colcon', 'build']
[0.130s] DEBUG:colcon:Parsed command line arguments: Namespace(log_base=None, log_level=None, verb_name='build', build_base='build', install_base='install', merge_install=False, symlink_install=False, test_result_base=None, continue_on_error=False, executor='parallel', parallel_workers=8, event_handlers=None, ignore_user_meta=False, metas=['./colcon.meta'], base_paths=['.'], packages_ignore=None, packages_ignore_regex=None, paths=None, packages_up_to=None, packages_up_to_regex=None, packages_above=None, packages_above_and_dependencies=None, packages_above_depth=None, packages_select_by_dep=None, packages_skip_by_dep=None, packages_skip_up_to=None, packages_select_build_failed=False, packages_skip_build_finished=False, packages_select_test_failures=False, packages_skip_test_passed=False, packages_select=None, packages_skip=None, packages_select_regex=None, packages_skip_regex=None, packages_start=None, packages_end=None, allow_overriding=[], cmake_args=None, cmake_target=None, cmake_target_skip_unavailable=False, cmake_clean_cache=False, cmake_clean_first=False, cmake_force_configure=False, ament_cmake_args=None, catkin_cmake_args=None, catkin_skip_building_tests=False, mixin_files=None, mixin=None, verb_parser=<colcon_mixin.mixin.mixin_argument.MixinArgumentDecorator object at 0x7ceb50f95510>, verb_extension=<colcon_core.verb.build.BuildVerb object at 0x7ceb50f179d0>, main=<bound method BuildVerb.main of <colcon_core.verb.build.BuildVerb object at 0x7ceb50f179d0>>, mixin_verb=('build',))
[0.352s] Level 1:colcon.colcon_core.package_discovery:discover_packages(colcon_meta) check parameters
[0.352s] Level 1:colcon.colcon_core.package_discovery:discover_packages(recursive) check parameters
[0.352s] Level 1:colcon.colcon_core.package_discovery:discover_packages(ignore) check parameters
[0.352s] Level 1:colcon.colcon_core.package_discovery:discover_packages(path) check parameters
[0.352s] Level 1:colcon.colcon_core.package_discovery:discover_packages(colcon_meta) discover
[0.352s] Level 1:colcon.colcon_core.package_discovery:discover_packages(recursive) discover
[0.352s] INFO:colcon.colcon_core.package_discovery:Crawling recursively for packages in '/home/user/refine_plan_v2'
[0.352s] Level 1:colcon.colcon_core.package_identification:_identify(.) by extensions ['ignore', 'ignore_ament_install']
[0.352s] Level 1:colcon.colcon_core.package_identification:_identify(.) by extension 'ignore'
[0.353s] Level 1:colcon.colcon_core.package_identification:_identify(.) by extension 'ignore_ament_install'
[0.353s] Level 1:colcon.colcon_core.package_identification:_identify(.) by extensions ['colcon_pkg']
[0.353s] Level 1:colcon.colcon_core.package_identification:_identify(.) by extension 'colcon_pkg'
[0.353s] Level 1:colcon.colcon_core.package_identification:_identify(.) by extensions ['colcon_meta']
[0.353s] Level 1:colcon.colcon_core.package_identification:_identify(.) by extension 'colcon_meta'
[0.353s] Level 1:colcon.colcon_core.package_identification:_identify(.) by extensions ['ros']
[0.353s] Level 1:colcon.colcon_core.package_identification:_identify(.) by extension 'ros'
[0.375s] Level 1:colcon.colcon_core.package_identification:_identify(.) by extensions ['cmake', 'python']
[0.375s] Level 1:colcon.colcon_core.package_identification:_identify(.) by extension 'cmake'
[0.375s] Level 1:colcon.colcon_core.package_identification:_identify(.) by extension 'python'
[0.375s] Level 1:colcon.colcon_core.package_identification:_identify(.) by extensions ['python_setup_py']
[0.375s] Level 1:colcon.colcon_core.package_identification:_identify(.) by extension 'python_setup_py'
[0.375s] Level 1:colcon.colcon_core.package_identification:_identify(build) by extensions ['ignore', 'ignore_ament_install']
[0.375s] Level 1:colcon.colcon_core.package_identification:_identify(build) by extension 'ignore'
[0.376s] Level 1:colcon.colcon_core.package_identification:_identify(build) ignored
[0.376s] Level 1:colcon.colcon_core.package_identification:_identify(install) by extensions ['ignore', 'ignore_ament_install']
[0.376s] Level 1:colcon.colcon_core.package_identification:_identify(install) by extension 'ignore'
[0.376s] Level 1:colcon.colcon_core.package_identification:_identify(install) ignored
[0.376s] Level 1:colcon.colcon_core.package_identification:_identify(log) by extensions ['ignore', 'ignore_ament_install']
[0.376s] Level 1:colcon.colcon_core.package_identification:_identify(log) by extension 'ignore'
[0.376s] Level 1:colcon.colcon_core.package_identification:_identify(log) ignored
[0.376s] Level 1:colcon.colcon_core.package_identification:_identify(src) by extensions ['ignore', 'ignore_ament_install']
[0.377s] Level 1:colcon.colcon_core.package_identification:_identify(src) by extension 'ignore'
[0.377s] Level 1:colcon.colcon_core.package_identification:_identify(src) by extension 'ignore_ament_install'
[0.377s] Level 1:colcon.colcon_core.package_identification:_identify(src) by extensions ['colcon_pkg']
[0.377s] Level 1:colcon.colcon_core.package_identification:_identify(src) by extension 'colcon_pkg'
[0.377s] Level 1:colcon.colcon_core.package_identification:_identify(src) by extensions ['colcon_meta']
[0.377s] Level 1:colcon.colcon_core.package_identification:_identify(src) by extension 'colcon_meta'
[0.377s] Level 1:colcon.colcon_core.package_identification:_identify(src) by extensions ['ros']
[0.377s] Level 1:colcon.colcon_core.package_identification:_identify(src) by extension 'ros'
[0.377s] Level 1:colcon.colcon_core.package_identification:_identify(src) by extensions ['cmake', 'python']
[0.377s] Level 1:colcon.colcon_core.package_identification:_identify(src) by extension 'cmake'
[0.377s] Level 1:colcon.colcon_core.package_identification:_identify(src) by extension 'python'
[0.377s] Level 1:colcon.colcon_core.package_identification:_identify(src) by extensions ['python_setup_py']
[0.377s] Level 1:colcon.colcon_core.package_identification:_identify(src) by extension 'python_setup_py'
[0.378s] Level 1:colcon.colcon_core.package_identification:_identify(src/action_interfaces) by extensions ['ignore', 'ignore_ament_install']
[0.378s] Level 1:colcon.colcon_core.package_identification:_identify(src/action_interfaces) by extension 'ignore'
[0.378s] Level 1:colcon.colcon_core.package_identification:_identify(src/action_interfaces) by extension 'ignore_ament_install'
[0.378s] Level 1:colcon.colcon_core.package_identification:_identify(src/action_interfaces) by extensions ['colcon_pkg']
[0.378s] Level 1:colcon.colcon_core.package_identification:_identify(src/action_interfaces) by extension 'colcon_pkg'
[0.378s] Level 1:colcon.colcon_core.package_identification:_identify(src/action_interfaces) by extensions ['colcon_meta']
[0.378s] Level 1:colcon.colcon_core.package_identification:_identify(src/action_interfaces) by extension 'colcon_meta'
[0.378s] Level 1:colcon.colcon_core.package_identification:_identify(src/action_interfaces) by extensions ['ros']
[0.378s] Level 1:colcon.colcon_core.package_identification:_identify(src/action_interfaces) by extension 'ros'
[0.381s] DEBUG:colcon.colcon_core.package_identification:Package 'src/action_interfaces' with type 'ros.ament_cmake' and name 'action_interfaces'
[0.381s] Level 1:colcon.colcon_core.package_identification:_identify(src/behaviour_trees) by extensions ['ignore', 'ignore_ament_install']
[0.381s] Level 1:colcon.colcon_core.package_identification:_identify(src/behaviour_trees) by extension 'ignore'
[0.381s] Level 1:colcon.colcon_core.package_identification:_identify(src/behaviour_trees) by extension 'ignore_ament_install'
[0.382s] Level 1:colcon.colcon_core.package_identification:_identify(src/behaviour_trees) by extensions ['colcon_pkg']
[0.382s] Level 1:colcon.colcon_core.package_identification:_identify(src/behaviour_trees) by extension 'colcon_pkg'
[0.382s] Level 1:colcon.colcon_core.package_identification:_identify(src/behaviour_trees) by extensions ['colcon_meta']
[0.382s] Level 1:colcon.colcon_core.package_identification:_identify(src/behaviour_trees) by extension 'colcon_meta'
[0.382s] Level 1:colcon.colcon_core.package_identification:_identify(src/behaviour_trees) by extensions ['ros']
[0.382s] Level 1:colcon.colcon_core.package_identification:_identify(src/behaviour_trees) by extension 'ros'
[0.383s] DEBUG:colcon.colcon_core.package_identification:Package 'src/behaviour_trees' with type 'ros.ament_python' and name 'behaviour_trees'
[0.383s] Level 1:colcon.colcon_core.package_identification:_identify(src/simulation) by extensions ['ignore', 'ignore_ament_install']
[0.383s] Level 1:colcon.colcon_core.package_identification:_identify(src/simulation) by extension 'ignore'
[0.383s] Level 1:colcon.colcon_core.package_identification:_identify(src/simulation) by extension 'ignore_ament_install'
[0.383s] Level 1:colcon.colcon_core.package_identification:_identify(src/simulation) by extensions ['colcon_pkg']
[0.383s] Level 1:colcon.colcon_core.package_identification:_identify(src/simulation) by extension 'colcon_pkg'
[0.383s] Level 1:colcon.colcon_core.package_identification:_identify(src/simulation) by extensions ['colcon_meta']
[0.384s] Level 1:colcon.colcon_core.package_identification:_identify(src/simulation) by extension 'colcon_meta'
[0.384s] Level 1:colcon.colcon_core.package_identification:_identify(src/simulation) by extensions ['ros']
[0.384s] Level 1:colcon.colcon_core.package_identification:_identify(src/simulation) by extension 'ros'
[0.385s] DEBUG:colcon.colcon_core.package_identification:Package 'src/simulation' with type 'ros.ament_python' and name 'simulation'
[0.385s] Level 1:colcon.colcon_core.package_discovery:discover_packages(recursive) using defaults
[0.385s] Level 1:colcon.colcon_core.package_discovery:discover_packages(ignore) discover
[0.385s] Level 1:colcon.colcon_core.package_discovery:discover_packages(ignore) using defaults
[0.385s] Level 1:colcon.colcon_core.package_discovery:discover_packages(path) discover
[0.385s] Level 1:colcon.colcon_core.package_discovery:discover_packages(path) using defaults
[0.409s] Level 1:colcon.colcon_core.package_discovery:discover_packages(prefix_path) check parameters
[0.409s] Level 1:colcon.colcon_core.package_discovery:discover_packages(prefix_path) discover
[0.410s] WARNING:colcon.colcon_ros.prefix_path.ament:The path '/home/user/refine_plan_v2/install/actions_interface' in the environment variable AMENT_PREFIX_PATH doesn't exist
[0.410s] WARNING:colcon.colcon_ros.prefix_path.ament:The path '/home/user/refine_plan_v2/install/action_tutorials_interfaces' in the environment variable AMENT_PREFIX_PATH doesn't exist
[0.410s] WARNING:colcon.colcon_ros.prefix_path.catkin:The path '/home/user/refine_plan_v2/install/action_tutorials_interfaces' in the environment variable CMAKE_PREFIX_PATH doesn't exist
[0.411s] DEBUG:colcon.colcon_installed_package_information.package_discovery:Found 3 installed packages in /home/user/refine_plan_v2/install
[0.413s] DEBUG:colcon.colcon_installed_package_information.package_discovery:Found 469 installed packages in /opt/ros/humble
[0.416s] Level 1:colcon.colcon_core.package_discovery:discover_packages(prefix_path) using defaults
[0.479s] Level 5:colcon.colcon_core.verb:set package 'action_interfaces' build argument 'cmake_args' from command line to 'None'
[0.479s] Level 5:colcon.colcon_core.verb:set package 'action_interfaces' build argument 'cmake_target' from command line to 'None'
[0.479s] Level 5:colcon.colcon_core.verb:set package 'action_interfaces' build argument 'cmake_target_skip_unavailable' from command line to 'False'
[0.479s] Level 5:colcon.colcon_core.verb:set package 'action_interfaces' build argument 'cmake_clean_cache' from command line to 'False'
[0.479s] Level 5:colcon.colcon_core.verb:set package 'action_interfaces' build argument 'cmake_clean_first' from command line to 'False'
[0.479s] Level 5:colcon.colcon_core.verb:set package 'action_interfaces' build argument 'cmake_force_configure' from command line to 'False'
[0.479s] Level 5:colcon.colcon_core.verb:set package 'action_interfaces' build argument 'ament_cmake_args' from command line to 'None'
[0.479s] Level 5:colcon.colcon_core.verb:set package 'action_interfaces' build argument 'catkin_cmake_args' from command line to 'None'
[0.479s] Level 5:colcon.colcon_core.verb:set package 'action_interfaces' build argument 'catkin_skip_building_tests' from command line to 'False'
[0.479s] DEBUG:colcon.colcon_core.verb:Building package 'action_interfaces' with the following arguments: {'ament_cmake_args': None, 'build_base': '/home/user/refine_plan_v2/build/action_interfaces', 'catkin_cmake_args': None, 'catkin_skip_building_tests': False, 'cmake_args': None, 'cmake_clean_cache': False, 'cmake_clean_first': False, 'cmake_force_configure': False, 'cmake_target': None, 'cmake_target_skip_unavailable': False, 'install_base': '/home/user/refine_plan_v2/install/action_interfaces', 'merge_install': False, 'path': '/home/user/refine_plan_v2/src/action_interfaces', 'symlink_install': False, 'test_result_base': None}
[0.480s] Level 5:colcon.colcon_core.verb:set package 'behaviour_trees' build argument 'cmake_args' from command line to 'None'
[0.480s] Level 5:colcon.colcon_core.verb:set package 'behaviour_trees' build argument 'cmake_target' from command line to 'None'
[0.480s] Level 5:colcon.colcon_core.verb:set package 'behaviour_trees' build argument 'cmake_target_skip_unavailable' from command line to 'False'
[0.480s] Level 5:colcon.colcon_core.verb:set package 'behaviour_trees' build argument 'cmake_clean_cache' from command line to 'False'
[0.480s] Level 5:colcon.colcon_core.verb:set package 'behaviour_trees' build argument 'cmake_clean_first' from command line to 'False'
[0.480s] Level 5:colcon.colcon_core.verb:set package 'behaviour_trees' build argument 'cmake_force_configure' from command line to 'False'
[0.480s] Level 5:colcon.colcon_core.verb:set package 'behaviour_trees' build argument 'ament_cmake_args' from command line to 'None'
[0.480s] Level 5:colcon.colcon_core.verb:set package 'behaviour_trees' build argument 'catkin_cmake_args' from command line to 'None'
[0.480s] Level 5:colcon.colcon_core.verb:set package 'behaviour_trees' build argument 'catkin_skip_building_tests' from command line to 'False'
[0.480s] DEBUG:colcon.colcon_core.verb:Building package 'behaviour_trees' with the following arguments: {'ament_cmake_args': None, 'build_base': '/home/user/refine_plan_v2/build/behaviour_trees', 'catkin_cmake_args': None, 'catkin_skip_building_tests': False, 'cmake_args': None, 'cmake_clean_cache': False, 'cmake_clean_first': False, 'cmake_force_configure': False, 'cmake_target': None, 'cmake_target_skip_unavailable': False, 'install_base': '/home/user/refine_plan_v2/install/behaviour_trees', 'merge_install': False, 'path': '/home/user/refine_plan_v2/src/behaviour_trees', 'symlink_install': False, 'test_result_base': None}
[0.481s] Level 5:colcon.colcon_core.verb:set package 'simulation' build argument 'cmake_args' from command line to 'None'
[0.481s] Level 5:colcon.colcon_core.verb:set package 'simulation' build argument 'cmake_target' from command line to 'None'
[0.481s] Level 5:colcon.colcon_core.verb:set package 'simulation' build argument 'cmake_target_skip_unavailable' from command line to 'False'
[0.481s] Level 5:colcon.colcon_core.verb:set package 'simulation' build argument 'cmake_clean_cache' from command line to 'False'
[0.481s] Level 5:colcon.colcon_core.verb:set package 'simulation' build argument 'cmake_clean_first' from command line to 'False'
[0.481s] Level 5:colcon.colcon_core.verb:set package 'simulation' build argument 'cmake_force_configure' from command line to 'False'
[0.481s] Level 5:colcon.colcon_core.verb:set package 'simulation' build argument 'ament_cmake_args' from command line to 'None'
[0.481s] Level 5:colcon.colcon_core.verb:set package 'simulation' build argument 'catkin_cmake_args' from command line to 'None'
[0.481s] Level 5:colcon.colcon_core.verb:set package 'simulation' build argument 'catkin_skip_building_tests' from command line to 'False'
[0.481s] DEBUG:colcon.colcon_core.verb:Building package 'simulation' with the following arguments: {'ament_cmake_args': None, 'build_base': '/home/user/refine_plan_v2/build/simulation', 'catkin_cmake_args': None, 'catkin_skip_building_tests': False, 'cmake_args': None, 'cmake_clean_cache': False, 'cmake_clean_first': False, 'cmake_force_configure': False, 'cmake_target': None, 'cmake_target_skip_unavailable': False, 'install_base': '/home/user/refine_plan_v2/install/simulation', 'merge_install': False, 'path': '/home/user/refine_plan_v2/src/simulation', 'symlink_install': False, 'test_result_base': None}
[0.481s] INFO:colcon.colcon_core.executor:Executing jobs using 'parallel' executor
[0.483s] DEBUG:colcon.colcon_parallel_executor.executor.parallel:run_until_complete
[0.483s] INFO:colcon.colcon_ros.task.ament_cmake.build:Building ROS package in '/home/user/refine_plan_v2/src/action_interfaces' with build type 'ament_cmake'
[0.483s] INFO:colcon.colcon_cmake.task.cmake.build:Building CMake package in '/home/user/refine_plan_v2/src/action_interfaces'
[0.485s] INFO:colcon.colcon_core.plugin_system:Skipping extension 'colcon_core.shell.bat': Not used on non-Windows systems
[0.486s] INFO:colcon.colcon_core.shell:Skip shell extension 'powershell' for command environment: Not usable outside of PowerShell
[0.486s] DEBUG:colcon.colcon_core.shell:Skip shell extension 'dsv' for command environment
[0.490s] INFO:colcon.colcon_ros.task.ament_python.build:Building ROS package in '/home/user/refine_plan_v2/src/behaviour_trees' with build type 'ament_python'
[0.490s] Level 1:colcon.colcon_core.shell:create_environment_hook('behaviour_trees', 'ament_prefix_path')
[0.491s] INFO:colcon.colcon_core.shell:Creating environment hook '/home/user/refine_plan_v2/install/behaviour_trees/share/behaviour_trees/hook/ament_prefix_path.ps1'
[0.492s] INFO:colcon.colcon_core.shell:Creating environment descriptor '/home/user/refine_plan_v2/install/behaviour_trees/share/behaviour_trees/hook/ament_prefix_path.dsv'
[0.492s] INFO:colcon.colcon_core.shell:Creating environment hook '/home/user/refine_plan_v2/install/behaviour_trees/share/behaviour_trees/hook/ament_prefix_path.sh'
[0.493s] INFO:colcon.colcon_core.shell:Skip shell extension 'powershell' for command environment: Not usable outside of PowerShell
[0.493s] DEBUG:colcon.colcon_core.shell:Skip shell extension 'dsv' for command environment
[0.497s] INFO:colcon.colcon_ros.task.ament_python.build:Building ROS package in '/home/user/refine_plan_v2/src/simulation' with build type 'ament_python'
[0.497s] Level 1:colcon.colcon_core.shell:create_environment_hook('simulation', 'ament_prefix_path')
[0.497s] INFO:colcon.colcon_core.shell:Creating environment hook '/home/user/refine_plan_v2/install/simulation/share/simulation/hook/ament_prefix_path.ps1'
[0.498s] INFO:colcon.colcon_core.shell:Creating environment descriptor '/home/user/refine_plan_v2/install/simulation/share/simulation/hook/ament_prefix_path.dsv'
[0.499s] INFO:colcon.colcon_core.shell:Creating environment hook '/home/user/refine_plan_v2/install/simulation/share/simulation/hook/ament_prefix_path.sh'
[0.499s] INFO:colcon.colcon_core.shell:Skip shell extension 'powershell' for command environment: Not usable outside of PowerShell
[0.499s] DEBUG:colcon.colcon_core.shell:Skip shell extension 'dsv' for command environment
[0.508s] DEBUG:colcon.colcon_core.event_handler.log_command:Invoking command in '/home/user/refine_plan_v2/build/action_interfaces': CMAKE_PREFIX_PATH=${CMAKE_PREFIX_PATH}:/home/user/refine_plan_v2/install/simulation:/home/user/refine_plan_v2/install/behaviour_trees:/home/user/refine_plan_v2/install/actions_interface:/opt/ros/humble /usr/bin/cmake --build /home/user/refine_plan_v2/build/action_interfaces -- -j8 -l8
[0.932s] INFO:colcon.colcon_core.task.python.build:Building Python package in '/home/user/refine_plan_v2/src/behaviour_trees'
[0.932s] INFO:colcon.colcon_core.shell:Skip shell extension 'powershell' for command environment: Not usable outside of PowerShell
[0.932s] DEBUG:colcon.colcon_core.shell:Skip shell extension 'dsv' for command environment
[1.293s] INFO:colcon.colcon_core.task.python.build:Building Python package in '/home/user/refine_plan_v2/src/simulation'
[1.293s] INFO:colcon.colcon_core.shell:Skip shell extension 'powershell' for command environment: Not usable outside of PowerShell
[1.293s] DEBUG:colcon.colcon_core.shell:Skip shell extension 'dsv' for command environment
[1.301s] DEBUG:colcon.colcon_core.event_handler.log_command:Invoked command in '/home/user/refine_plan_v2/build/action_interfaces' returned '0': CMAKE_PREFIX_PATH=${CMAKE_PREFIX_PATH}:/home/user/refine_plan_v2/install/simulation:/home/user/refine_plan_v2/install/behaviour_trees:/home/user/refine_plan_v2/install/actions_interface:/opt/ros/humble /usr/bin/cmake --build /home/user/refine_plan_v2/build/action_interfaces -- -j8 -l8
[1.311s] DEBUG:colcon.colcon_core.event_handler.log_command:Invoking command in '/home/user/refine_plan_v2/build/action_interfaces': CMAKE_PREFIX_PATH=${CMAKE_PREFIX_PATH}:/home/user/refine_plan_v2/install/simulation:/home/user/refine_plan_v2/install/behaviour_trees:/home/user/refine_plan_v2/install/actions_interface:/opt/ros/humble /usr/bin/cmake --install /home/user/refine_plan_v2/build/action_interfaces
[1.384s] Level 1:colcon.colcon_core.environment:create_environment_scripts_only(action_interfaces)
[1.387s] DEBUG:colcon.colcon_core.event_handler.log_command:Invoked command in '/home/user/refine_plan_v2/build/action_interfaces' returned '0': CMAKE_PREFIX_PATH=${CMAKE_PREFIX_PATH}:/home/user/refine_plan_v2/install/simulation:/home/user/refine_plan_v2/install/behaviour_trees:/home/user/refine_plan_v2/install/actions_interface:/opt/ros/humble /usr/bin/cmake --install /home/user/refine_plan_v2/build/action_interfaces
[1.390s] Level 1:colcon.colcon_core.environment:checking '/home/user/refine_plan_v2/install/action_interfaces' for CMake module files
[1.392s] Level 1:colcon.colcon_core.environment:checking '/home/user/refine_plan_v2/install/action_interfaces' for CMake config files
[1.393s] Level 1:colcon.colcon_core.shell:create_environment_hook('action_interfaces', 'cmake_prefix_path')
[1.393s] INFO:colcon.colcon_core.shell:Creating environment hook '/home/user/refine_plan_v2/install/action_interfaces/share/action_interfaces/hook/cmake_prefix_path.ps1'
[1.394s] INFO:colcon.colcon_core.shell:Creating environment descriptor '/home/user/refine_plan_v2/install/action_interfaces/share/action_interfaces/hook/cmake_prefix_path.dsv'
[1.395s] INFO:colcon.colcon_core.shell:Creating environment hook '/home/user/refine_plan_v2/install/action_interfaces/share/action_interfaces/hook/cmake_prefix_path.sh'
[1.396s] Level 1:colcon.colcon_core.environment:checking '/home/user/refine_plan_v2/install/action_interfaces/lib'
[1.396s] Level 1:colcon.colcon_core.shell:create_environment_hook('action_interfaces', 'ld_library_path_lib')
[1.397s] INFO:colcon.colcon_core.shell:Creating environment hook '/home/user/refine_plan_v2/install/action_interfaces/share/action_interfaces/hook/ld_library_path_lib.ps1'
[1.398s] INFO:colcon.colcon_core.shell:Creating environment descriptor '/home/user/refine_plan_v2/install/action_interfaces/share/action_interfaces/hook/ld_library_path_lib.dsv'
[1.398s] INFO:colcon.colcon_core.shell:Creating environment hook '/home/user/refine_plan_v2/install/action_interfaces/share/action_interfaces/hook/ld_library_path_lib.sh'
[1.399s] Level 1:colcon.colcon_core.environment:checking '/home/user/refine_plan_v2/install/action_interfaces/bin'
[1.399s] Level 1:colcon.colcon_core.environment:checking '/home/user/refine_plan_v2/install/action_interfaces/lib/pkgconfig/action_interfaces.pc'
[1.400s] Level 1:colcon.colcon_core.environment:checking '/home/user/refine_plan_v2/install/action_interfaces/lib/python3.10/site-packages'
[1.400s] Level 1:colcon.colcon_core.environment:checking '/home/user/refine_plan_v2/install/action_interfaces/bin'
[1.401s] INFO:colcon.colcon_core.shell:Creating package script '/home/user/refine_plan_v2/install/action_interfaces/share/action_interfaces/package.ps1'
[1.402s] INFO:colcon.colcon_core.shell:Creating package descriptor '/home/user/refine_plan_v2/install/action_interfaces/share/action_interfaces/package.dsv'
[1.403s] INFO:colcon.colcon_core.shell:Creating package script '/home/user/refine_plan_v2/install/action_interfaces/share/action_interfaces/package.sh'
[1.405s] INFO:colcon.colcon_core.shell:Creating package script '/home/user/refine_plan_v2/install/action_interfaces/share/action_interfaces/package.bash'
[1.407s] INFO:colcon.colcon_core.shell:Creating package script '/home/user/refine_plan_v2/install/action_interfaces/share/action_interfaces/package.zsh'
[1.408s] Level 1:colcon.colcon_core.environment:create_file_with_runtime_dependencies(/home/user/refine_plan_v2/install/action_interfaces/share/colcon-core/packages/action_interfaces)
[1.409s] Level 1:colcon.colcon_core.environment:create_environment_scripts_only(action_interfaces)
[1.410s] Level 1:colcon.colcon_core.environment:checking '/home/user/refine_plan_v2/install/action_interfaces' for CMake module files
[1.411s] Level 1:colcon.colcon_core.environment:checking '/home/user/refine_plan_v2/install/action_interfaces' for CMake config files
[1.412s] Level 1:colcon.colcon_core.shell:create_environment_hook('action_interfaces', 'cmake_prefix_path')
[1.412s] INFO:colcon.colcon_core.shell:Creating environment hook '/home/user/refine_plan_v2/install/action_interfaces/share/action_interfaces/hook/cmake_prefix_path.ps1'
[1.414s] INFO:colcon.colcon_core.shell:Creating environment descriptor '/home/user/refine_plan_v2/install/action_interfaces/share/action_interfaces/hook/cmake_prefix_path.dsv'
[1.415s] INFO:colcon.colcon_core.shell:Creating environment hook '/home/user/refine_plan_v2/install/action_interfaces/share/action_interfaces/hook/cmake_prefix_path.sh'
[1.416s] Level 1:colcon.colcon_core.environment:checking '/home/user/refine_plan_v2/install/action_interfaces/lib'
[1.416s] Level 1:colcon.colcon_core.shell:create_environment_hook('action_interfaces', 'ld_library_path_lib')
[1.416s] INFO:colcon.colcon_core.shell:Creating environment hook '/home/user/refine_plan_v2/install/action_interfaces/share/action_interfaces/hook/ld_library_path_lib.ps1'
[1.417s] INFO:colcon.colcon_core.shell:Creating environment descriptor '/home/user/refine_plan_v2/install/action_interfaces/share/action_interfaces/hook/ld_library_path_lib.dsv'
[1.418s] INFO:colcon.colcon_core.shell:Creating environment hook '/home/user/refine_plan_v2/install/action_interfaces/share/action_interfaces/hook/ld_library_path_lib.sh'
[1.418s] Level 1:colcon.colcon_core.environment:checking '/home/user/refine_plan_v2/install/action_interfaces/bin'
[1.418s] Level 1:colcon.colcon_core.environment:checking '/home/user/refine_plan_v2/install/action_interfaces/lib/pkgconfig/action_interfaces.pc'
[1.419s] Level 1:colcon.colcon_core.environment:checking '/home/user/refine_plan_v2/install/action_interfaces/lib/python3.10/site-packages'
[1.419s] Level 1:colcon.colcon_core.environment:checking '/home/user/refine_plan_v2/install/action_interfaces/bin'
[1.420s] INFO:colcon.colcon_core.shell:Creating package script '/home/user/refine_plan_v2/install/action_interfaces/share/action_interfaces/package.ps1'
[1.421s] INFO:colcon.colcon_core.shell:Creating package descriptor '/home/user/refine_plan_v2/install/action_interfaces/share/action_interfaces/package.dsv'
[1.422s] INFO:colcon.colcon_core.shell:Creating package script '/home/user/refine_plan_v2/install/action_interfaces/share/action_interfaces/package.sh'
[1.422s] INFO:colcon.colcon_core.shell:Creating package script '/home/user/refine_plan_v2/install/action_interfaces/share/action_interfaces/package.bash'
[1.423s] INFO:colcon.colcon_core.shell:Creating package script '/home/user/refine_plan_v2/install/action_interfaces/share/action_interfaces/package.zsh'
[1.424s] Level 1:colcon.colcon_core.environment:create_file_with_runtime_dependencies(/home/user/refine_plan_v2/install/action_interfaces/share/colcon-core/packages/action_interfaces)
[1.793s] DEBUG:colcon.colcon_core.event_handler.log_command:Invoking command in '/home/user/refine_plan_v2/src/behaviour_trees': PYTHONPATH=/home/user/refine_plan_v2/build/behaviour_trees/prefix_override:/usr/lib/python3/dist-packages/colcon_core/task/python/colcon_distutils_commands:/home/user/refine_plan_v2/install/behaviour_trees/lib/python3.10/site-packages:${PYTHONPATH} /usr/bin/python3 -W ignore:setup.py install is deprecated -W ignore:easy_install command is deprecated setup.py egg_info --egg-base ../../build/behaviour_trees build --build-base /home/user/refine_plan_v2/build/behaviour_trees/build install --record /home/user/refine_plan_v2/build/behaviour_trees/install.log --single-version-externally-managed install_data
[1.812s] DEBUG:colcon.colcon_core.event_handler.log_command:Invoking command in '/home/user/refine_plan_v2/src/simulation': PYTHONPATH=/home/user/refine_plan_v2/build/simulation/prefix_override:/usr/lib/python3/dist-packages/colcon_core/task/python/colcon_distutils_commands:/home/user/refine_plan_v2/install/simulation/lib/python3.10/site-packages:${PYTHONPATH} /usr/bin/python3 -W ignore:setup.py install is deprecated -W ignore:easy_install command is deprecated setup.py egg_info --egg-base ../../build/simulation build --build-base /home/user/refine_plan_v2/build/simulation/build install --record /home/user/refine_plan_v2/build/simulation/install.log --single-version-externally-managed install_data
[2.215s] Level 1:colcon.colcon_core.environment:checking '/home/user/refine_plan_v2/install/simulation' for CMake module files
[2.216s] DEBUG:colcon.colcon_core.event_handler.log_command:Invoked command in '/home/user/refine_plan_v2/src/simulation' returned '0': PYTHONPATH=/home/user/refine_plan_v2/build/simulation/prefix_override:/usr/lib/python3/dist-packages/colcon_core/task/python/colcon_distutils_commands:/home/user/refine_plan_v2/install/simulation/lib/python3.10/site-packages:${PYTHONPATH} /usr/bin/python3 -W ignore:setup.py install is deprecated -W ignore:easy_install command is deprecated setup.py egg_info --egg-base ../../build/simulation build --build-base /home/user/refine_plan_v2/build/simulation/build install --record /home/user/refine_plan_v2/build/simulation/install.log --single-version-externally-managed install_data
[2.217s] Level 1:colcon.colcon_core.environment:checking '/home/user/refine_plan_v2/install/simulation' for CMake config files
[2.217s] Level 1:colcon.colcon_core.environment:checking '/home/user/refine_plan_v2/install/simulation/lib'
[2.218s] Level 1:colcon.colcon_core.environment:checking '/home/user/refine_plan_v2/install/simulation/bin'
[2.218s] Level 1:colcon.colcon_core.environment:checking '/home/user/refine_plan_v2/install/simulation/lib/pkgconfig/simulation.pc'
[2.218s] Level 1:colcon.colcon_core.environment:checking '/home/user/refine_plan_v2/install/simulation/lib/python3.10/site-packages'
[2.218s] Level 1:colcon.colcon_core.shell:create_environment_hook('simulation', 'pythonpath')
[2.218s] INFO:colcon.colcon_core.shell:Creating environment hook '/home/user/refine_plan_v2/install/simulation/share/simulation/hook/pythonpath.ps1'
[2.219s] INFO:colcon.colcon_core.shell:Creating environment descriptor '/home/user/refine_plan_v2/install/simulation/share/simulation/hook/pythonpath.dsv'
[2.220s] INFO:colcon.colcon_core.shell:Creating environment hook '/home/user/refine_plan_v2/install/simulation/share/simulation/hook/pythonpath.sh'
[2.221s] Level 1:colcon.colcon_core.environment:checking '/home/user/refine_plan_v2/install/simulation/bin'
[2.221s] Level 1:colcon.colcon_core.environment:create_environment_scripts_only(simulation)
[2.221s] INFO:colcon.colcon_core.shell:Creating package script '/home/user/refine_plan_v2/install/simulation/share/simulation/package.ps1'
[2.222s] INFO:colcon.colcon_core.shell:Creating package descriptor '/home/user/refine_plan_v2/install/simulation/share/simulation/package.dsv'
[2.223s] INFO:colcon.colcon_core.shell:Creating package script '/home/user/refine_plan_v2/install/simulation/share/simulation/package.sh'
[2.223s] INFO:colcon.colcon_core.shell:Creating package script '/home/user/refine_plan_v2/install/simulation/share/simulation/package.bash'
[2.223s] INFO:colcon.colcon_core.shell:Creating package script '/home/user/refine_plan_v2/install/simulation/share/simulation/package.zsh'
[2.224s] Level 1:colcon.colcon_core.environment:create_file_with_runtime_dependencies(/home/user/refine_plan_v2/install/simulation/share/colcon-core/packages/simulation)
[2.237s] Level 1:colcon.colcon_core.environment:checking '/home/user/refine_plan_v2/install/behaviour_trees' for CMake module files
[2.238s] DEBUG:colcon.colcon_core.event_handler.log_command:Invoked command in '/home/user/refine_plan_v2/src/behaviour_trees' returned '0': PYTHONPATH=/home/user/refine_plan_v2/build/behaviour_trees/prefix_override:/usr/lib/python3/dist-packages/colcon_core/task/python/colcon_distutils_commands:/home/user/refine_plan_v2/install/behaviour_trees/lib/python3.10/site-packages:${PYTHONPATH} /usr/bin/python3 -W ignore:setup.py install is deprecated -W ignore:easy_install command is deprecated setup.py egg_info --egg-base ../../build/behaviour_trees build --build-base /home/user/refine_plan_v2/build/behaviour_trees/build install --record /home/user/refine_plan_v2/build/behaviour_trees/install.log --single-version-externally-managed install_data
[2.239s] Level 1:colcon.colcon_core.environment:checking '/home/user/refine_plan_v2/install/behaviour_trees' for CMake config files
[2.239s] Level 1:colcon.colcon_core.environment:checking '/home/user/refine_plan_v2/install/behaviour_trees/lib'
[2.239s] Level 1:colcon.colcon_core.environment:checking '/home/user/refine_plan_v2/install/behaviour_trees/bin'
[2.239s] Level 1:colcon.colcon_core.environment:checking '/home/user/refine_plan_v2/install/behaviour_trees/lib/pkgconfig/behaviour_trees.pc'
[2.240s] Level 1:colcon.colcon_core.environment:checking '/home/user/refine_plan_v2/install/behaviour_trees/lib/python3.10/site-packages'
[2.240s] Level 1:colcon.colcon_core.shell:create_environment_hook('behaviour_trees', 'pythonpath')
[2.240s] INFO:colcon.colcon_core.shell:Creating environment hook '/home/user/refine_plan_v2/install/behaviour_trees/share/behaviour_trees/hook/pythonpath.ps1'
[2.241s] INFO:colcon.colcon_core.shell:Creating environment descriptor '/home/user/refine_plan_v2/install/behaviour_trees/share/behaviour_trees/hook/pythonpath.dsv'
[2.241s] INFO:colcon.colcon_core.shell:Creating environment hook '/home/user/refine_plan_v2/install/behaviour_trees/share/behaviour_trees/hook/pythonpath.sh'
[2.242s] Level 1:colcon.colcon_core.environment:checking '/home/user/refine_plan_v2/install/behaviour_trees/bin'
[2.242s] Level 1:colcon.colcon_core.environment:create_environment_scripts_only(behaviour_trees)
[2.242s] INFO:colcon.colcon_core.shell:Creating package script '/home/user/refine_plan_v2/install/behaviour_trees/share/behaviour_trees/package.ps1'
[2.243s] INFO:colcon.colcon_core.shell:Creating package descriptor '/home/user/refine_plan_v2/install/behaviour_trees/share/behaviour_trees/package.dsv'
[2.243s] INFO:colcon.colcon_core.shell:Creating package script '/home/user/refine_plan_v2/install/behaviour_trees/share/behaviour_trees/package.sh'
[2.244s] INFO:colcon.colcon_core.shell:Creating package script '/home/user/refine_plan_v2/install/behaviour_trees/share/behaviour_trees/package.bash'
[2.244s] INFO:colcon.colcon_core.shell:Creating package script '/home/user/refine_plan_v2/install/behaviour_trees/share/behaviour_trees/package.zsh'
[2.245s] Level 1:colcon.colcon_core.environment:create_file_with_runtime_dependencies(/home/user/refine_plan_v2/install/behaviour_trees/share/colcon-core/packages/behaviour_trees)
[2.245s] DEBUG:colcon.colcon_parallel_executor.executor.parallel:closing loop
[2.246s] DEBUG:colcon.colcon_parallel_executor.executor.parallel:loop closed
[2.246s] DEBUG:colcon.colcon_parallel_executor.executor.parallel:run_until_complete finished with '0'
[2.246s] DEBUG:colcon.colcon_core.event_reactor:joining thread
[2.253s] INFO:colcon.colcon_core.plugin_system:Skipping extension 'colcon_notification.desktop_notification.terminal_notifier': Not used on non-Darwin systems
[2.253s] INFO:colcon.colcon_core.plugin_system:Skipping extension 'colcon_notification.desktop_notification.win32': Not used on non-Windows systems
[2.253s] INFO:colcon.colcon_notification.desktop_notification:Sending desktop notification using 'notify2'
[2.266s] DEBUG:colcon.colcon_core.event_reactor:joined thread
[2.266s] INFO:colcon.colcon_core.shell:Creating prefix script '/home/user/refine_plan_v2/install/local_setup.ps1'
[2.267s] INFO:colcon.colcon_core.shell:Creating prefix util module '/home/user/refine_plan_v2/install/_local_setup_util_ps1.py'
[2.270s] INFO:colcon.colcon_core.shell:Creating prefix chain script '/home/user/refine_plan_v2/install/setup.ps1'
[2.271s] INFO:colcon.colcon_core.shell:Creating prefix script '/home/user/refine_plan_v2/install/local_setup.sh'
[2.272s] INFO:colcon.colcon_core.shell:Creating prefix util module '/home/user/refine_plan_v2/install/_local_setup_util_sh.py'
[2.273s] INFO:colcon.colcon_core.shell:Creating prefix chain script '/home/user/refine_plan_v2/install/setup.sh'
[2.274s] INFO:colcon.colcon_core.shell:Creating prefix script '/home/user/refine_plan_v2/install/local_setup.bash'
[2.274s] INFO:colcon.colcon_core.shell:Creating prefix chain script '/home/user/refine_plan_v2/install/setup.bash'
[2.275s] INFO:colcon.colcon_core.shell:Creating prefix script '/home/user/refine_plan_v2/install/local_setup.zsh'
[2.276s] INFO:colcon.colcon_core.shell:Creating prefix chain script '/home/user/refine_plan_v2/install/setup.zsh'
