[LOG] TransitionLogger initialized with ID: 3b2eb228-2dcc-499c-a602-28ab8fa6ae3a
[LOG] MongoDB connection established
Executing policy for pick-place-informed with limit 1500 and permutation 1 on port 23000
Starting run 1/10
connected to simulation
simulation is explicitly stepped
Joint handles retrieved
Step 0
Action: Action(ActionType.PICK, obj=/column0, slot=None,grasp=GraspType.LEFT_0)
[EXEC] Picking /column0 with left_0

[INFO] Found 1984 potential configurations.
[ERROR] Motion failed (collision or invalid path)
[ERROR] Motion result: no_path
[WARN] Failed to find a path to the selected pick config on attempt 1.
[WARN] No path found to picked config, discarding and trying next valid config...
[INFO] Motion completed successfully with result: success,in execution time: 4.00 seconds
[INFO] Found a reachable configuration for pick action after 2 attempts.
Tip distance after pick: 0.020142175394456487
[INFO] Pick action completed successfully.in execution time: 4.00 seconds
[EXEC] Action ActionType.PICK executed in 27.56 seconds
[SUCCESS] Action ActionType.PICK succeeded for object /column0
[LOG] Transition logged to MongoDB: 3b2eb228-2dcc-499c-a602-28ab8fa6ae3a - Episode 0
Step 1
Action: Action(ActionType.PLACE, obj=/column0, slot=/goal_0,grasp=GraspType.TOP_0)
[EXEC] Placing at [-0.27499999999999986, 0.8250000000000005, 0.5] with grasp top_0

[INFO] Found 3392 potential configurations.
[ERROR] Motion failed (collision or invalid path)
[ERROR] Motion result: no_path
[WARN] Failed to find a path to the selected place config on attempt 1.
[WARN] No path found to selected place config, discarding and trying next valid config...
[INFO] Motion completed successfully with result: success,in execution time: 2.96 seconds
[INFO] Found a reachable configuration for place action after 2 attempts.
[INFO] Place action completed successfully.
realigning placed object /column0 to target position
[EXEC] Action ActionType.PLACE executed in 39.96 seconds
[SUCCESS] Action ActionType.PLACE succeeded for object /column0
[LOG] Transition logged to MongoDB: 3b2eb228-2dcc-499c-a602-28ab8fa6ae3a - Episode 0
Step 2
Action: Action(ActionType.PICK, obj=/column1, slot=None,grasp=GraspType.FRONT_270)
[EXEC] Picking /column1 with front_270

[INFO] Found 1792 potential configurations.
[WARN] No valid configuration found (all tested configs invalid).
[EXEC] Action ActionType.PICK executed in 2.78 seconds
[ERROR] Action ActionType.PICK failed for object /column1
[LOG] Transition logged to MongoDB: 3b2eb228-2dcc-499c-a602-28ab8fa6ae3a - Episode 0
Action failed, stopping. Time elapsed: 0.001
Run 1 finished.
Goal achieved: False
Goal percentage: 33.333333333333336%
Number of actions: 3
Total task time: 6.9609999999999 sec
Starting run 2/10
connected to simulation
simulation is explicitly stepped
Joint handles retrieved
Step 0
Action: Action(ActionType.PICK, obj=/column0, slot=None,grasp=GraspType.LEFT_0)
[EXEC] Picking /column0 with left_0

[INFO] Found 2432 potential configurations.
[INFO] Motion completed successfully with result: success,in execution time: 4.04 seconds
[INFO] Found a reachable configuration for pick action after 1 attempts.
Tip distance after pick: 0.02081855429212921
[INFO] Pick action completed successfully.in execution time: 4.04 seconds
[EXEC] Action ActionType.PICK executed in 27.67 seconds
[SUCCESS] Action ActionType.PICK succeeded for object /column0
[LOG] Transition logged to MongoDB: 3b2eb228-2dcc-499c-a602-28ab8fa6ae3a - Episode 0
Step 1
Action: Action(ActionType.PLACE, obj=/column0, slot=/goal_0,grasp=GraspType.TOP_0)
[EXEC] Placing at [-0.27499999999999986, 0.8250000000000005, 0.5] with grasp top_0

[INFO] Found 4544 potential configurations.
[INFO] Motion completed successfully with result: success,in execution time: 2.96 seconds
[INFO] Found a reachable configuration for place action after 1 attempts.
[INFO] Place action completed successfully.
realigning placed object /column0 to target position
[EXEC] Action ActionType.PLACE executed in 23.33 seconds
[SUCCESS] Action ActionType.PLACE succeeded for object /column0
[LOG] Transition logged to MongoDB: 3b2eb228-2dcc-499c-a602-28ab8fa6ae3a - Episode 0
Step 2
Action: Action(ActionType.PICK, obj=/column1, slot=None,grasp=GraspType.FRONT_270)
[EXEC] Picking /column1 with front_270

[INFO] Found 2368 potential configurations.
[WARN] No valid configuration found (all tested configs invalid).
[EXEC] Action ActionType.PICK executed in 2.79 seconds
[ERROR] Action ActionType.PICK failed for object /column1
[LOG] Transition logged to MongoDB: 3b2eb228-2dcc-499c-a602-28ab8fa6ae3a - Episode 0
Action failed, stopping. Time elapsed: 0.001
Run 2 finished.
Goal achieved: False
Goal percentage: 33.333333333333336%
Number of actions: 3
Total task time: 7.000999999999901 sec
Starting run 3/10
connected to simulation
simulation is explicitly stepped
Joint handles retrieved
Step 0
Action: Action(ActionType.PICK, obj=/column0, slot=None,grasp=GraspType.LEFT_0)
[EXEC] Picking /column0 with left_0

[INFO] Found 2560 potential configurations.
[ERROR] Motion failed (collision or invalid path)
[ERROR] Motion result: no_path
[WARN] Failed to find a path to the selected pick config on attempt 1.
[WARN] No path found to picked config, discarding and trying next valid config...
[ERROR] Motion failed (collision or invalid path)
[ERROR] Motion result: no_path
[WARN] Failed to find a path to the selected pick config on attempt 2.
[WARN] No path found to picked config, discarding and trying next valid config...
[INFO] Motion completed successfully with result: success,in execution time: 4.04 seconds
[INFO] Found a reachable configuration for pick action after 3 attempts.
Tip distance after pick: 0.020159165965433077
[INFO] Pick action completed successfully.in execution time: 4.04 seconds
[EXEC] Action ActionType.PICK executed in 47.84 seconds
[SUCCESS] Action ActionType.PICK succeeded for object /column0
[LOG] Transition logged to MongoDB: 3b2eb228-2dcc-499c-a602-28ab8fa6ae3a - Episode 0
Step 1
Action: Action(ActionType.PLACE, obj=/column0, slot=/goal_0,grasp=GraspType.TOP_0)
[EXEC] Placing at [-0.27499999999999986, 0.8250000000000005, 0.5] with grasp top_0

[INFO] Found 4416 potential configurations.
[INFO] Motion completed successfully with result: success,in execution time: 2.96 seconds
[INFO] Found a reachable configuration for place action after 1 attempts.
[INFO] Place action completed successfully.
realigning placed object /column0 to target position
[EXEC] Action ActionType.PLACE executed in 24.84 seconds
[SUCCESS] Action ActionType.PLACE succeeded for object /column0
[LOG] Transition logged to MongoDB: 3b2eb228-2dcc-499c-a602-28ab8fa6ae3a - Episode 0
Step 2
Action: Action(ActionType.PICK, obj=/column1, slot=None,grasp=GraspType.FRONT_270)
[EXEC] Picking /column1 with front_270

[INFO] Found 1728 potential configurations.
[WARN] No valid configuration found (all tested configs invalid).
[EXEC] Action ActionType.PICK executed in 2.06 seconds
[ERROR] Action ActionType.PICK failed for object /column1
[LOG] Transition logged to MongoDB: 3b2eb228-2dcc-499c-a602-28ab8fa6ae3a - Episode 0
Action failed, stopping. Time elapsed: 0.001
Run 3 finished.
Goal achieved: False
Goal percentage: 33.333333333333336%
Number of actions: 3
Total task time: 7.000999999999901 sec
Starting run 4/10
connected to simulation
simulation is explicitly stepped
Joint handles retrieved
Step 0
Action: Action(ActionType.PICK, obj=/column0, slot=None,grasp=GraspType.LEFT_0)
[EXEC] Picking /column0 with left_0

[INFO] Found 2752 potential configurations.
[INFO] Motion completed successfully with result: success,in execution time: 4.00 seconds
[INFO] Found a reachable configuration for pick action after 1 attempts.
Tip distance after pick: 0.020633164020582663
[INFO] Pick action completed successfully.in execution time: 4.00 seconds
[EXEC] Action ActionType.PICK executed in 16.99 seconds
[SUCCESS] Action ActionType.PICK succeeded for object /column0
[LOG] Transition logged to MongoDB: 3b2eb228-2dcc-499c-a602-28ab8fa6ae3a - Episode 0
Step 1
Action: Action(ActionType.PLACE, obj=/column0, slot=/goal_0,grasp=GraspType.TOP_0)
[EXEC] Placing at [-0.27499999999999986, 0.8250000000000005, 0.5] with grasp top_0

[INFO] Found 4800 potential configurations.
[INFO] Motion completed successfully with result: success,in execution time: 3.00 seconds
[INFO] Found a reachable configuration for place action after 1 attempts.
[INFO] Place action completed successfully.
realigning placed object /column0 to target position
[EXEC] Action ActionType.PLACE executed in 19.48 seconds
[SUCCESS] Action ActionType.PLACE succeeded for object /column0
[LOG] Transition logged to MongoDB: 3b2eb228-2dcc-499c-a602-28ab8fa6ae3a - Episode 0
Step 2
Action: Action(ActionType.PICK, obj=/column1, slot=None,grasp=GraspType.FRONT_270)
[EXEC] Picking /column1 with front_270

[INFO] Found 2432 potential configurations.
[WARN] No valid configuration found (all tested configs invalid).
[EXEC] Action ActionType.PICK executed in 2.69 seconds
[ERROR] Action ActionType.PICK failed for object /column1
[LOG] Transition logged to MongoDB: 3b2eb228-2dcc-499c-a602-28ab8fa6ae3a - Episode 0
Action failed, stopping. Time elapsed: 0.001
Run 4 finished.
Goal achieved: False
Goal percentage: 33.333333333333336%
Number of actions: 3
Total task time: 7.000999999999901 sec
Starting run 5/10
connected to simulation
simulation is explicitly stepped
Joint handles retrieved
Step 0
Action: Action(ActionType.PICK, obj=/column0, slot=None,grasp=GraspType.LEFT_0)
[EXEC] Picking /column0 with left_0

[INFO] Found 2304 potential configurations.
[ERROR] Motion failed (collision or invalid path)
[ERROR] Motion result: no_path
[WARN] Failed to find a path to the selected pick config on attempt 1.
[WARN] No path found to picked config, discarding and trying next valid config...
[ERROR] Motion failed (collision or invalid path)
[ERROR] Motion result: no_path
[WARN] Failed to find a path to the selected pick config on attempt 2.
[WARN] No path found to picked config, discarding and trying next valid config...
[INFO] Motion completed successfully with result: success,in execution time: 4.04 seconds
[INFO] Found a reachable configuration for pick action after 3 attempts.
Tip distance after pick: 0.020675887604161003
[INFO] Pick action completed successfully.in execution time: 4.04 seconds
[EXEC] Action ActionType.PICK executed in 44.61 seconds
[SUCCESS] Action ActionType.PICK succeeded for object /column0
[LOG] Transition logged to MongoDB: 3b2eb228-2dcc-499c-a602-28ab8fa6ae3a - Episode 0
Step 1
Action: Action(ActionType.PLACE, obj=/column0, slot=/goal_0,grasp=GraspType.TOP_0)
[EXEC] Placing at [-0.27499999999999986, 0.8250000000000005, 0.5] with grasp top_0

[INFO] Found 4544 potential configurations.
[INFO] Motion completed successfully with result: success,in execution time: 3.00 seconds
[INFO] Found a reachable configuration for place action after 1 attempts.
[INFO] Place action completed successfully.
realigning placed object /column0 to target position
[EXEC] Action ActionType.PLACE executed in 26.22 seconds
[SUCCESS] Action ActionType.PLACE succeeded for object /column0
[LOG] Transition logged to MongoDB: 3b2eb228-2dcc-499c-a602-28ab8fa6ae3a - Episode 0
Step 2
Action: Action(ActionType.PICK, obj=/column1, slot=None,grasp=GraspType.FRONT_270)
[EXEC] Picking /column1 with front_270

[INFO] Found 2304 potential configurations.
[WARN] No valid configuration found (all tested configs invalid).
[EXEC] Action ActionType.PICK executed in 2.70 seconds
[ERROR] Action ActionType.PICK failed for object /column1
[LOG] Transition logged to MongoDB: 3b2eb228-2dcc-499c-a602-28ab8fa6ae3a - Episode 0
Action failed, stopping. Time elapsed: 0.001
Run 5 finished.
Goal achieved: False
Goal percentage: 33.333333333333336%
Number of actions: 3
Total task time: 7.0409999999999 sec
Starting run 6/10
connected to simulation
simulation is explicitly stepped
Joint handles retrieved
Step 0
Action: Action(ActionType.PICK, obj=/column0, slot=None,grasp=GraspType.LEFT_0)
[EXEC] Picking /column0 with left_0

[INFO] Found 2560 potential configurations.
[INFO] Motion completed successfully with result: success,in execution time: 4.04 seconds
[INFO] Found a reachable configuration for pick action after 1 attempts.
Tip distance after pick: 0.020095774002905648
[INFO] Pick action completed successfully.in execution time: 4.04 seconds
[EXEC] Action ActionType.PICK executed in 33.97 seconds
[SUCCESS] Action ActionType.PICK succeeded for object /column0
[LOG] Transition logged to MongoDB: 3b2eb228-2dcc-499c-a602-28ab8fa6ae3a - Episode 0
Step 1
Action: Action(ActionType.PLACE, obj=/column0, slot=/goal_0,grasp=GraspType.TOP_0)
[EXEC] Placing at [-0.27499999999999986, 0.8250000000000005, 0.5] with grasp top_0

[INFO] Found 3840 potential configurations.
[INFO] Motion completed successfully with result: success,in execution time: 2.96 seconds
[INFO] Found a reachable configuration for place action after 1 attempts.
[INFO] Place action completed successfully.
realigning placed object /column0 to target position
[EXEC] Action ActionType.PLACE executed in 24.31 seconds
[SUCCESS] Action ActionType.PLACE succeeded for object /column0
[LOG] Transition logged to MongoDB: 3b2eb228-2dcc-499c-a602-28ab8fa6ae3a - Episode 0
Step 2
Action: Action(ActionType.PICK, obj=/column1, slot=None,grasp=GraspType.FRONT_270)
[EXEC] Picking /column1 with front_270

[INFO] Found 1920 potential configurations.
[WARN] No valid configuration found (all tested configs invalid).
[EXEC] Action ActionType.PICK executed in 2.01 seconds
[ERROR] Action ActionType.PICK failed for object /column1
[LOG] Transition logged to MongoDB: 3b2eb228-2dcc-499c-a602-28ab8fa6ae3a - Episode 0
Action failed, stopping. Time elapsed: 0.001
Run 6 finished.
Goal achieved: False
Goal percentage: 33.333333333333336%
Number of actions: 3
Total task time: 7.000999999999901 sec
Starting run 7/10
connected to simulation
simulation is explicitly stepped
Joint handles retrieved
Step 0
Action: Action(ActionType.PICK, obj=/column0, slot=None,grasp=GraspType.LEFT_0)
[EXEC] Picking /column0 with left_0

[INFO] Found 2560 potential configurations.
[INFO] Motion completed successfully with result: success,in execution time: 4.04 seconds
[INFO] Found a reachable configuration for pick action after 1 attempts.
Tip distance after pick: 0.020245900573731296
[INFO] Pick action completed successfully.in execution time: 4.04 seconds
[EXEC] Action ActionType.PICK executed in 18.70 seconds
[SUCCESS] Action ActionType.PICK succeeded for object /column0
[LOG] Transition logged to MongoDB: 3b2eb228-2dcc-499c-a602-28ab8fa6ae3a - Episode 0
Step 1
Action: Action(ActionType.PLACE, obj=/column0, slot=/goal_0,grasp=GraspType.TOP_0)
[EXEC] Placing at [-0.27499999999999986, 0.8250000000000005, 0.5] with grasp top_0

[INFO] Found 4800 potential configurations.
[ERROR] Motion failed (collision or invalid path)
[ERROR] Motion result: no_path
[WARN] Failed to find a path to the selected place config on attempt 1.
[WARN] No path found to selected place config, discarding and trying next valid config...
[INFO] Motion completed successfully with result: success,in execution time: 2.96 seconds
[INFO] Found a reachable configuration for place action after 2 attempts.
[INFO] Place action completed successfully.
realigning placed object /column0 to target position
[EXEC] Action ActionType.PLACE executed in 44.93 seconds
[SUCCESS] Action ActionType.PLACE succeeded for object /column0
[LOG] Transition logged to MongoDB: 3b2eb228-2dcc-499c-a602-28ab8fa6ae3a - Episode 0
Step 2
Action: Action(ActionType.PICK, obj=/column1, slot=None,grasp=GraspType.FRONT_270)
[EXEC] Picking /column1 with front_270

[INFO] Found 2176 potential configurations.
[WARN] No valid configuration found (all tested configs invalid).
[EXEC] Action ActionType.PICK executed in 2.63 seconds
[ERROR] Action ActionType.PICK failed for object /column1
[LOG] Transition logged to MongoDB: 3b2eb228-2dcc-499c-a602-28ab8fa6ae3a - Episode 0
Action failed, stopping. Time elapsed: 0.001
Run 7 finished.
Goal achieved: False
Goal percentage: 33.333333333333336%
Number of actions: 3
Total task time: 7.000999999999901 sec
Starting run 8/10
connected to simulation
simulation is explicitly stepped
Joint handles retrieved
Step 0
Action: Action(ActionType.PICK, obj=/column0, slot=None,grasp=GraspType.LEFT_0)
[EXEC] Picking /column0 with left_0

[INFO] Found 1920 potential configurations.
[INFO] Motion completed successfully with result: success,in execution time: 4.00 seconds
[INFO] Found a reachable configuration for pick action after 1 attempts.
Tip distance after pick: 0.021004755540431463
[INFO] Pick action completed successfully.in execution time: 4.00 seconds
[EXEC] Action ActionType.PICK executed in 20.79 seconds
[SUCCESS] Action ActionType.PICK succeeded for object /column0
[LOG] Transition logged to MongoDB: 3b2eb228-2dcc-499c-a602-28ab8fa6ae3a - Episode 0
Step 1
Action: Action(ActionType.PLACE, obj=/column0, slot=/goal_0,grasp=GraspType.TOP_0)
[EXEC] Placing at [-0.27499999999999986, 0.8250000000000005, 0.5] with grasp top_0

[INFO] Found 3520 potential configurations.
[INFO] Motion completed successfully with result: success,in execution time: 2.96 seconds
[INFO] Found a reachable configuration for place action after 1 attempts.
[INFO] Place action completed successfully.
realigning placed object /column0 to target position
[EXEC] Action ActionType.PLACE executed in 22.85 seconds
[SUCCESS] Action ActionType.PLACE succeeded for object /column0
[LOG] Transition logged to MongoDB: 3b2eb228-2dcc-499c-a602-28ab8fa6ae3a - Episode 0
Step 2
Action: Action(ActionType.PICK, obj=/column1, slot=None,grasp=GraspType.FRONT_270)
[EXEC] Picking /column1 with front_270

[INFO] Found 1920 potential configurations.
[WARN] No valid configuration found (all tested configs invalid).
[EXEC] Action ActionType.PICK executed in 2.83 seconds
[ERROR] Action ActionType.PICK failed for object /column1
[LOG] Transition logged to MongoDB: 3b2eb228-2dcc-499c-a602-28ab8fa6ae3a - Episode 0
Action failed, stopping. Time elapsed: 0.001
Run 8 finished.
Goal achieved: False
Goal percentage: 33.333333333333336%
Number of actions: 3
Total task time: 6.9609999999999 sec
Starting run 9/10
connected to simulation
simulation is explicitly stepped
Joint handles retrieved
Step 0
Action: Action(ActionType.PICK, obj=/column0, slot=None,grasp=GraspType.LEFT_0)
[EXEC] Picking /column0 with left_0

[INFO] Found 1664 potential configurations.
[ERROR] Motion failed (collision or invalid path)
[ERROR] Motion result: no_path
[WARN] Failed to find a path to the selected pick config on attempt 1.
[WARN] No path found to picked config, discarding and trying next valid config...
[ERROR] Motion failed (collision or invalid path)
[ERROR] Motion result: no_path
[WARN] Failed to find a path to the selected pick config on attempt 2.
[WARN] No path found to picked config, discarding and trying next valid config...
[INFO] Motion completed successfully with result: success,in execution time: 4.04 seconds
[INFO] Found a reachable configuration for pick action after 3 attempts.
Tip distance after pick: 0.02072832487916656
[INFO] Pick action completed successfully.in execution time: 4.04 seconds
[EXEC] Action ActionType.PICK executed in 40.95 seconds
[SUCCESS] Action ActionType.PICK succeeded for object /column0
[LOG] Transition logged to MongoDB: 3b2eb228-2dcc-499c-a602-28ab8fa6ae3a - Episode 0
Step 1
Action: Action(ActionType.PLACE, obj=/column0, slot=/goal_0,grasp=GraspType.TOP_0)
[EXEC] Placing at [-0.27499999999999986, 0.8250000000000005, 0.5] with grasp top_0

[INFO] Found 2816 potential configurations.
[INFO] Motion completed successfully with result: success,in execution time: 2.96 seconds
[INFO] Found a reachable configuration for place action after 1 attempts.
[INFO] Place action completed successfully.
realigning placed object /column0 to target position
[EXEC] Action ActionType.PLACE executed in 20.75 seconds
[SUCCESS] Action ActionType.PLACE succeeded for object /column0
[LOG] Transition logged to MongoDB: 3b2eb228-2dcc-499c-a602-28ab8fa6ae3a - Episode 0
Step 2
Action: Action(ActionType.PICK, obj=/column1, slot=None,grasp=GraspType.FRONT_270)
[EXEC] Picking /column1 with front_270

[INFO] Found 2048 potential configurations.
[WARN] No valid configuration found (all tested configs invalid).
[EXEC] Action ActionType.PICK executed in 3.11 seconds
[ERROR] Action ActionType.PICK failed for object /column1
[LOG] Transition logged to MongoDB: 3b2eb228-2dcc-499c-a602-28ab8fa6ae3a - Episode 0
Action failed, stopping. Time elapsed: 0.001
Run 9 finished.
Goal achieved: False
Goal percentage: 33.333333333333336%
Number of actions: 3
Total task time: 7.000999999999901 sec
Starting run 10/10
connected to simulation
simulation is explicitly stepped
Joint handles retrieved
Step 0
Action: Action(ActionType.PICK, obj=/column0, slot=None,grasp=GraspType.LEFT_0)
[EXEC] Picking /column0 with left_0

[INFO] Found 1856 potential configurations.
[INFO] Motion completed successfully with result: success,in execution time: 4.00 seconds
[INFO] Found a reachable configuration for pick action after 1 attempts.
Tip distance after pick: 0.020769197467769243
[INFO] Pick action completed successfully.in execution time: 4.00 seconds
[EXEC] Action ActionType.PICK executed in 15.87 seconds
[SUCCESS] Action ActionType.PICK succeeded for object /column0
[LOG] Transition logged to MongoDB: 3b2eb228-2dcc-499c-a602-28ab8fa6ae3a - Episode 0
Step 1
Action: Action(ActionType.PLACE, obj=/column0, slot=/goal_0,grasp=GraspType.TOP_0)
[EXEC] Placing at [-0.27499999999999986, 0.8250000000000005, 0.5] with grasp top_0

[INFO] Found 4736 potential configurations.
[INFO] Motion completed successfully with result: success,in execution time: 2.96 seconds
[INFO] Found a reachable configuration for place action after 1 attempts.
[INFO] Place action completed successfully.
realigning placed object /column0 to target position
[EXEC] Action ActionType.PLACE executed in 31.87 seconds
[SUCCESS] Action ActionType.PLACE succeeded for object /column0
[LOG] Transition logged to MongoDB: 3b2eb228-2dcc-499c-a602-28ab8fa6ae3a - Episode 0
Step 2
Action: Action(ActionType.PICK, obj=/column1, slot=None,grasp=GraspType.FRONT_270)
[EXEC] Picking /column1 with front_270

[INFO] Found 2048 potential configurations.
[WARN] No valid configuration found (all tested configs invalid).
[EXEC] Action ActionType.PICK executed in 2.51 seconds
[ERROR] Action ActionType.PICK failed for object /column1
[LOG] Transition logged to MongoDB: 3b2eb228-2dcc-499c-a602-28ab8fa6ae3a - Episode 0
Action failed, stopping. Time elapsed: 0.001
Run 10 finished.
Goal achieved: False
Goal percentage: 33.333333333333336%
Number of actions: 3
Total task time: 6.9609999999999 sec
Finished all runs for permutation 1. Results saved to results/pick-place-informed_1500_points_perm_1.csv
