[1.281s] Invoking command in '/home/user/refine_plan_v2/src/behaviour_trees': PYTHONPATH=/home/user/refine_plan_v2/build/behaviour_trees/prefix_override:/usr/lib/python3/dist-packages/colcon_core/task/python/colcon_distutils_commands:/home/user/refine_plan_v2/install/behaviour_trees/lib/python3.10/site-packages:${PYTHONPATH} /usr/bin/python3 -W ignore:setup.py install is deprecated -W ignore:easy_install command is deprecated setup.py egg_info --egg-base ../../build/behaviour_trees build --build-base /home/user/refine_plan_v2/build/behaviour_trees/build install --record /home/user/refine_plan_v2/build/behaviour_trees/install.log --single-version-externally-managed install_data
[1.582s] running egg_info
[1.583s] writing ../../build/behaviour_trees/behaviour_trees.egg-info/PKG-INFO
[1.584s] writing dependency_links to ../../build/behaviour_trees/behaviour_trees.egg-info/dependency_links.txt
[1.584s] writing entry points to ../../build/behaviour_trees/behaviour_trees.egg-info/entry_points.txt
[1.584s] writing requirements to ../../build/behaviour_trees/behaviour_trees.egg-info/requires.txt
[1.584s] writing top-level names to ../../build/behaviour_trees/behaviour_trees.egg-info/top_level.txt
[1.587s] reading manifest file '../../build/behaviour_trees/behaviour_trees.egg-info/SOURCES.txt'
[1.591s] adding license file 'LICENSE'
[1.593s] writing manifest file '../../build/behaviour_trees/behaviour_trees.egg-info/SOURCES.txt'
[1.593s] running build
[1.593s] running build_py
[1.594s] running install
[1.595s] running install_lib
[1.598s] running install_data
[1.598s] running install_egg_info
[1.601s] removing '/home/user/refine_plan_v2/install/behaviour_trees/lib/python3.10/site-packages/behaviour_trees-0.0.0-py3.10.egg-info' (and everything under it)
[1.601s] Copying ../../build/behaviour_trees/behaviour_trees.egg-info to /home/user/refine_plan_v2/install/behaviour_trees/lib/python3.10/site-packages/behaviour_trees-0.0.0-py3.10.egg-info
[1.602s] running install_scripts
[1.629s] Installing main_planner script to /home/user/refine_plan_v2/install/behaviour_trees/lib/behaviour_trees
[1.629s] writing list of installed files to '/home/user/refine_plan_v2/build/behaviour_trees/install.log'
[1.683s] Invoked command in '/home/user/refine_plan_v2/src/behaviour_trees' returned '0': PYTHONPATH=/home/user/refine_plan_v2/build/behaviour_trees/prefix_override:/usr/lib/python3/dist-packages/colcon_core/task/python/colcon_distutils_commands:/home/user/refine_plan_v2/install/behaviour_trees/lib/python3.10/site-packages:${PYTHONPATH} /usr/bin/python3 -W ignore:setup.py install is deprecated -W ignore:easy_install command is deprecated setup.py egg_info --egg-base ../../build/behaviour_trees build --build-base /home/user/refine_plan_v2/build/behaviour_trees/build install --record /home/user/refine_plan_v2/build/behaviour_trees/install.log --single-version-externally-managed install_data
