[0.037s] Invoking command in '/home/user/refine_plan_v2/build/action_interfaces': CMAKE_PREFIX_PATH=${CMAKE_PREFIX_PATH}:/home/user/refine_plan_v2/install/simulation:/home/user/refine_plan_v2/install/behaviour_trees:/opt/ros/humble /usr/bin/cmake --build /home/user/refine_plan_v2/build/action_interfaces -- -j8 -l8
[0.533s] -- Found ament_cmake: 1.3.11 (/opt/ros/humble/share/ament_cmake/cmake)
[0.534s] -- Found ament_lint_auto: 0.12.12 (/opt/ros/humble/share/ament_lint_auto/cmake)
[0.534s] -- Found rosidl_default_generators: 1.2.0 (/opt/ros/humble/share/rosidl_default_generators/cmake)
[0.534s] -- Using all available rosidl_typesupport_c: rosidl_typesupport_fastrtps_c;rosidl_typesupport_introspection_c
[0.534s] -- Found rosidl_adapter: 3.1.6 (/opt/ros/humble/share/rosidl_adapter/cmake)
[0.534s] -- Using all available rosidl_typesupport_cpp: rosidl_typesupport_fastrtps_cpp;rosidl_typesupport_introspection_cpp
[0.535s] [33mCMake Warning (dev) at CMakeLists.txt:27:
[0.535s]   Syntax Warning in cmake code at column 29
[0.535s] 
[0.535s]   Argument not separated from preceding token by whitespace.
[0.535s] This warning is for project developers.  Use -Wno-dev to suppress it.
[0.535s] [0m
[0.564s] [31mCMake Error at /opt/ros/humble/share/rosidl_cmake/cmake/rosidl_generate_interfaces.cmake:93 (message):
[0.564s]   rosidl_generate_interfaces() the passed file ',' doesn't exist relative to
[0.564s]   the CMAKE_CURRENT_SOURCE_DIR
[0.564s]   '/home/user/refine_plan_v2/src/action_interfaces'
[0.564s] Call Stack (most recent call first):
[0.564s]   CMakeLists.txt:26 (rosidl_generate_interfaces)
[0.564s] 
[0.564s] [0m
[0.565s] -- Configuring incomplete, errors occurred!
[0.565s] See also "/home/user/refine_plan_v2/build/action_interfaces/CMakeFiles/CMakeOutput.log".
[0.571s] gmake: *** [Makefile:747: cmake_check_build_system] Error 1
[0.954s] Invoked command in '/home/user/refine_plan_v2/build/action_interfaces' returned '2': CMAKE_PREFIX_PATH=${CMAKE_PREFIX_PATH}:/home/user/refine_plan_v2/install/simulation:/home/user/refine_plan_v2/install/behaviour_trees:/opt/ros/humble /usr/bin/cmake --build /home/user/refine_plan_v2/build/action_interfaces -- -j8 -l8
