Warning: Ignoring XDG_SESSION_TYPE=wayland on Gnome. Use QT_QPA_PLATFORM=wayland to run on Wayland anyway.
Warning: Ignoring XDG_SESSION_TYPE=wayland on Gnome. Use QT_QPA_PLATFORM=wayland to run on Wayland anyway.
[CoppeliaSimClient]   loading the CoppeliaSim library...
[CoppeliaSimClient:loadinfo]   done.
[CoppeliaSimClient:loadinfo]   launching CoppeliaSim...
[CoppeliaSim:loadinfo]   Application directory is /home/kolletms/CoppeliaSim_Edu_V4_10_0_rev0_Ubuntu22_04
[CoppeliaSim:loadinfo]   user settings file is /home/kolletms/.CoppeliaSim/usrset.txt
[CoppeliaSim:loadinfo]   CoppeliaSim v4.10.0 (rev. 0), flavor: 1, linux
[CoppeliaSim:loadinfo]   ds:   0
[CoppeliaSim:loadinfo]   msnd: 1
[CoppeliaSim:loadinfo]   ms:   1
[CoppeliaSim:loadinfo]   midx: 5000-91EB-FFC4-9CCA-F764-C71D
[CoppeliaSim:loadinfo]   did:  
[CoppeliaSim:loadinfo]   mid0: FC97-7379-1C16-0023-1C17-0101
[CoppeliaSim:loadinfo]   mid1: FC9773791C1600231C17
[CoppeliaSim:loadinfo]   mid2: 7AB7966CC9EF9BB7FD7FEC7D769DC7BA
[CoppeliaSim:loadinfo]   mid3: 04E3981EA27E99B4CE66
[CoppeliaSim:loadinfo]   k:    687FFE88B3DF088E5DDD414A
[CoppeliaSim:loadinfo]   plugin simIK0: loading...
[CoppeliaSim:loadinfo]   plugin simIK0: done.
[CoppeliaSim:loadinfo]   primary screen physical dots per inch: 165
[CoppeliaSim:loadinfo]   display scaling (guessed): 100
[CoppeliaSim:loadinfo]   simulator launched.
[CoppeliaSim:loadinfo]   plugin 'BWF': loading...
[CoppeliaSim:loadinfo]   plugin 'BWF': load succeeded.
[CoppeliaSim:loadinfo]   plugin 'RemoteApi': loading...
[CoppeliaSim:loadinfo]   plugin 'RemoteApi': load succeeded.
[CoppeliaSim:loadinfo]   SK:   687FFE88B3DF088E5DDD414A
[CoppeliaSim:loadinfo]   initializing the sandbox script...
[sandboxScript:loadinfo]   plugin simZMQ: loading...
[sandboxScript:loadinfo]   plugin simZMQ: done.
[sandboxScript:loadinfo]   plugin simSubprocess: loading...
[sandboxScript:loadinfo]   plugin simSubprocess: done.
[sandboxScript:info]   Simulator launched, welcome! 
[CoppeliaSim:loadinfo]   sandbox script initialized.
[CoppeliaSim:loadinfo]   add-on '3D text generator.lua' was loaded.
[CoppeliaSim:loadinfo]   add-on 'Add-on edit.lua' was loaded.
[CoppeliaSim:loadinfo]   add-on 'Alias change.lua' was loaded.
[CoppeliaSim:loadinfo]   add-on 'Animation capture.lua' was loaded.
[CoppeliaSim:loadinfo]   add-on 'B0 remote Api server.lua' was loaded.
[CoppeliaSim:loadinfo]   add-on 'Button action.lua' was loaded.
[CoppeliaSim:loadinfo]   add-on 'Collision check.lua' was loaded.
[CoppeliaSim:loadinfo]   add-on 'Color changer.lua' was loaded.
[CoppeliaSim:loadinfo]   add-on 'Commander.lua' was loaded.
[CoppeliaSim:loadinfo]   add-on 'Contact display.lua' was loaded.
[CoppeliaSim:loadinfo]   add-on 'Convex decomposition hacd.lua' was loaded.
[CoppeliaSim:loadinfo]   add-on 'Convex decomposition vhacd.lua' was loaded.
[CoppeliaSim:loadinfo]   add-on 'Convex hull.lua' was loaded.
[CoppeliaSim:loadinfo]   add-on 'Create dummies on mesh surface.lua' was loaded.
[CoppeliaSim:loadinfo]   add-on 'Define joint group.lua' was loaded.
[CoppeliaSim:loadinfo]   add-on 'Denavit Hartenberg creator.lua' was loaded.
[CoppeliaSim:loadinfo]   add-on 'Denavit Hartenberg extractor.lua' was loaded.
[CoppeliaSim:loadinfo]   add-on 'Distance check.lua' was loaded.
[CoppeliaSim:loadinfo]   add-on 'Distribute objects uniformly.lua' was loaded.
[CoppeliaSim:loadinfo]   add-on 'Event viewer.lua' was loaded.
[CoppeliaSim:loadinfo]   add-on 'Events capture.lua' was loaded.
[CoppeliaSim:loadinfo]   add-on 'Events dump exporter.lua' was loaded.
[CoppeliaSim:loadinfo]   add-on 'External model auto reload.lua' was loaded.
[CoppeliaSim:loadinfo]   add-on 'External model auto save.lua' was loaded.
[CoppeliaSim:loadinfo]   add-on 'External model load.lua' was loaded.
[CoppeliaSim:loadinfo]   add-on 'External model reload selected.lua' was loaded.
[CoppeliaSim:loadinfo]   add-on 'External model save.lua' was loaded.
[CoppeliaSim:loadinfo]   add-on 'Find in scripts.lua' was loaded.
[CoppeliaSim:loadinfo]   add-on 'Find midpoint.lua' was loaded.
[CoppeliaSim:loadinfo]   add-on 'Floor plan importer.lua' was loaded.
[CoppeliaSim:loadinfo]   add-on 'GLTF animation exporter.lua' was loaded.
[CoppeliaSim:loadinfo]   add-on 'GLTF exporter.lua' was loaded.
[CoppeliaSim:loadinfo]   add-on 'Inverse Kinematics > generator.lua' was loaded.
[CoppeliaSim:loadinfo]   add-on 'Isometric scaling.lua' was loaded.
[CoppeliaSim:loadinfo]   add-on 'Joint tool.lua' was loaded.
[CoppeliaSim:loadinfo]   add-on 'LDraw importer.lua' was loaded.
[CoppeliaSim:loadinfo]   add-on 'Make objects same appearance.lua' was loaded.
[CoppeliaSim:loadinfo]   add-on 'Measure distance and direction.lua' was loaded.
[CoppeliaSim:loadinfo]   add-on 'Mesh decimation.lua' was loaded.
[CoppeliaSim:loadinfo]   add-on 'Mesh difference.lua' was loaded.
[CoppeliaSim:loadinfo]   add-on 'Mesh intersection.lua' was loaded.
[CoppeliaSim:loadinfo]   add-on 'Mesh subdivision.lua' was loaded.
[CoppeliaSim:loadinfo]   add-on 'Mesh symmetric difference.lua' was loaded.
[CoppeliaSim:loadinfo]   add-on 'Mesh union.lua' was loaded.
[CoppeliaSim:loadinfo]   add-on 'Message viewer.lua' was loaded.
[CoppeliaSim:loadinfo]   add-on 'Minimalistic exporter.lua' was loaded.
[CoppeliaSim:loadinfo]   add-on 'Minimalistic importer.lua' was loaded.
[CoppeliaSim:loadinfo]   add-on 'Motion Planning generator.lua' was loaded.
[CoppeliaSim:loadinfo]   add-on 'Notepad++ autocompletion.lua' was loaded.
[CoppeliaSim:loadinfo]   add-on 'Pause Stop Simulation on Condition.lua' was loaded.
[CoppeliaSim:loadinfo]   add-on 'Plugin enumerator.lua' was loaded.
[CoppeliaSim:loadinfo]   add-on 'Point cloud importer.lua' was loaded.
[CoppeliaSim:loadinfo]   add-on 'Point sampler interactive.lua' was loaded.
[CoppeliaSim:loadinfo]   add-on 'Point sampler service.lua' was loaded.
[CoppeliaSim:loadinfo]   add-on 'Property explorer.lua' was loaded.
[CoppeliaSim:loadinfo]   add-on 'PyRep.lua' was loaded.
[CoppeliaSim:loadinfo]   add-on 'Referenced handles explorer.lua' was loaded.
[CoppeliaSim:loadinfo]   add-on 'Referenced handles highlight.lua' was loaded.
[CoppeliaSim:loadinfo]   add-on 'Screenshot tool.lua' was loaded.
[CoppeliaSim:loadinfo]   add-on 'Script capture.lua' was loaded.
[CoppeliaSim:loadinfo]   add-on 'SDF importer.lua' was loaded.
[CoppeliaSim:loadinfo]   add-on 'Simulation stepper.lua' was loaded.
[CoppeliaSim:loadinfo]   add-on 'Subdivide large triangles.lua' was loaded.
[CoppeliaSim:loadinfo]   add-on 'Surface reconstruction.lua' was loaded.
[CoppeliaSim:loadinfo]   add-on 'Translate to align vertex.lua' was loaded.
[CoppeliaSim:loadinfo]   add-on 'URDF exporter.lua' was loaded.
[CoppeliaSim:loadinfo]   add-on 'URDF importer.lua' was loaded.
[CoppeliaSim:loadinfo]   add-on 'URL drop service.lua' was loaded.
[CoppeliaSim:loadinfo]   add-on 'Video recorder.lua' was loaded.
[CoppeliaSim:loadinfo]   add-on 'Visualization stream.lua' was loaded.
[CoppeliaSim:loadinfo]   add-on 'WS remote API server.lua' was loaded.
[CoppeliaSim:loadinfo]   add-on 'ZMQ remote API server.lua' was loaded.
[CoppeliaSim:loadinfo]   add-on 'Convex decomposition coacd.py' was loaded.
[Developer tools >> Commander >> Commander@addOnScript:loadinfo]   plugin simCmd: loading...
[simCmd:warning]   Selected script: Sandbox (Python)
[Developer tools >> Commander >> Commander@addOnScript:loadinfo]   plugin simCmd: done.
[Connectivity >> WebSocket remote API server@addOnScript:loadinfo]   plugin simWS: loading...
[Connectivity >> WebSocket remote API server@addOnScript:loadinfo]   plugin simWS: done.
[Connectivity >> WebSocket remote API server@addOnScript:info]   WebSocket Remote API server starting (port=23053)...
[Connectivity >> ZMQ remote API server@addOnScript:info]   ZeroMQ Remote API server starting (rpcPort=23008)...
[CoppeliaSim:warning]   If CoppeliaSim crashed in previous session, you can find auto-saved scenes in /home/kolletms/.CoppeliaSim/autoSavedScenes
[/UR10/followPath:loadinfo]   plugin simIK: loading...
[/UR10/followPath:loadinfo]   plugin simIK: done.
[/UR10/followPath:loadinfo]   plugin simOMPL: loading...
[/UR10/followPath:loadinfo]   plugin simOMPL: done.
/Floor, 13
/MPO_700, 86
/assembly_table, 88
/obs1, 133
/obs2, 135
/obs0, 137
/column0, 141
/column1, 143
/column2, 139
[/UR10/followPath:warning]   sim.switchThread is deprecated. please use sim.step instead. (control verbosity via notifyDeprecated in usrset.txt)
[/moveToPose:warning]   sim.setThreadSwitchTiming is deprecated. please use sim.setAutoYieldDelay instead. (control verbosity via notifyDeprecated in usrset.txt)
[/moveToPose:warning]   sim.switchThread is deprecated. please use sim.step instead. (control verbosity via notifyDeprecated in usrset.txt)
[sandboxScript:info]   Simulation started.
[CoppeliaSim:loadinfo]   plugin simGeom: loading...
[CoppeliaSim:loadinfo]   plugin simGeom: done.
[CoppeliaSim:loadinfo]   plugin simBullet-2-83: loading...
[CoppeliaSim:loadinfo]   plugin simBullet-2-83: done.
[CoppeliaSim:warning]   Detected non-default settings (time steps and/or dyn. engine global settings).
[sandboxScript:info]   Simulation stopping...
[sandboxScript:info]   Simulation stopped.
[sandboxScript:info]   Simulation started.
[CoppeliaSim:warning]   Detected non-default settings (time steps and/or dyn. engine global settings).
[sandboxScript:info]   Simulation stopping...
[sandboxScript:info]   Simulation stopped.
[sandboxScript:info]   Simulation started.
[CoppeliaSim:warning]   Detected non-default settings (time steps and/or dyn. engine global settings).
Goal signal recieved..
Planning ...
Collision pairs set
goal state set
Using RRT Connect
task setup complete
solving task...
OMPL states:, 200.
path found
valid path found, generating trajectory...
[/UR10/followPath:warning]   module 'matrix' was implicitly loaded.
[/UR10/followPath:warning]   "matrix" module is deprecated. please use simEigen
Trajectory points:, 1000.
Duration:, 3.574652
excecuting path...
current error: , 0.069122
current error: , 0.069122
current error: , 0.006875
Final error:, 0.001113
Execution successful
[CoppeliaSim:loadinfo]   plugin simRuckig: loading...
[CoppeliaSim:loadinfo]   plugin simRuckig: done.
Goal signal recieved..
Planning ...
Collision pairs set
goal state set
Using RRT Connect
task setup complete
solving task...
OMPL states:, 200.
path found
valid path found, generating trajectory...
Trajectory points:, 1000.
Duration:, 10.557178
excecuting path...
current error: , 1.469534
current error: , 1.469534
current error: , 1.372077
current error: , 1.278282
current error: , 1.1882
current error: , 1.103526
current error: , 1.020529
current error: , 0.937609
current error: , 0.85459
current error: , 0.771464
current error: , 0.688551
current error: , 0.605466
current error: , 0.522256
current error: , 0.439282
current error: , 0.35635
current error: , 0.27308
current error: , 0.190311
current error: , 0.107064
current error: , 0.025678
current error: , 0.004607
Final error:, 0.003297
Execution successful
Goal signal recieved..
Planning ...
Collision pairs set
goal state set
Using RRT Connect
task setup complete
solving task...
OMPL states:, 200.
path found
valid path found, generating trajectory...
Trajectory points:, 1000.
Duration:, 8.750717
excecuting path...
current error: , 0.649332
current error: , 0.649332
current error: , 0.565638
current error: , 0.48197
current error: , 0.398299
current error: , 0.314616
current error: , 0.230927
current error: , 0.147227
current error: , 0.063512
current error: , 0.006917
Final error:, 0.000914
Execution successful
Goal signal recieved..
Planning ...
Collision pairs set
goal state set
Using RRT Connect
task setup complete
solving task...
OMPL states:, 200.
path found
valid path found, generating trajectory...
Trajectory points:, 1000.
Duration:, 3.119533
excecuting path...
current error: , 0.003537
Final error:, 0.003537
Execution successful
Goal signal recieved..
Planning ...
Collision pairs set
goal state set
Using RRT Connect
task setup complete
solving task...
OMPL states:, 200.
path found
valid path found, generating trajectory...
Trajectory points:, 1000.
Duration:, 3.512399
excecuting path...
current error: , 0.072145
current error: , 0.072145
current error: , 0.008993
Final error:, 0.001553
Execution successful
Goal signal recieved..
Planning ...
Collision pairs set
goal state set
Using RRT Connect
task setup complete
solving task...
Goal signal recieved..
Planning ...
Collision pairs set
goal state set
Using RRT Connect
task setup complete
solving task...
OMPL states:, 200.
path found
valid path found, generating trajectory...
Trajectory points:, 1000.
Duration:, 3.427756
excecuting path...
current error: , 0.052465
current error: , 0.052465
current error: , 0.005236
Final error:, 0.001141
Execution successful
Goal signal recieved..
Planning ...
Collision pairs set
goal state set
Using RRT Connect
task setup complete
solving task...
OMPL states:, 200.
path found
valid path found, generating trajectory...
Trajectory points:, 1000.
Duration:, 3.028127
excecuting path...
current error: , 0.0024
Final error:, 0.0024
Execution successful
Goal signal recieved..
Planning ...
Collision pairs set
goal state set
Using RRT Connect
task setup complete
solving task...
OMPL states:, 200.
path found
valid path found, generating trajectory...
Trajectory points:, 1000.
Duration:, 7.913525
excecuting path...
current error: , 0.132277
current error: , 0.132277
current error: , 0.049338
current error: , 0.004955
Final error:, 0.001416
Execution successful
Goal signal recieved..
Planning ...
Collision pairs set
goal state set
Using RRT Connect
task setup complete
solving task...
OMPL states:, 200.
path found
valid path found, generating trajectory...
Trajectory points:, 1000.
Duration:, 3.663669
excecuting path...
current error: , 0.177302
current error: , 0.177302
current error: , 0.093599
current error: , 0.016561
Final error:, 0.001832
Execution successful
Goal signal recieved..
Planning ...
Collision pairs set
goal state set
Using RRT Connect
task setup complete
solving task...
OMPL states:, 200.
path found
valid path found, generating trajectory...
Trajectory points:, 1000.
Duration:, 4.242511
excecuting path...
current error: , 0.574475
current error: , 0.574475
current error: , 0.491289
current error: , 0.408307
current error: , 0.325508
current error: , 0.241996
current error: , 0.158843
current error: , 0.075866
current error: , 0.010413
Final error:, 0.002388
Execution successful
Goal signal recieved..
Planning ...
Collision pairs set
goal state set
Using RRT Connect
task setup complete
solving task...
OMPL states:, 200.
path found
valid path found, generating trajectory...
Trajectory points:, 1000.
Duration:, 1.770546
excecuting path...
current error: , 0.001339
Final error:, 0.001339
Execution successful
Goal signal recieved..
Planning ...
Collision pairs set
goal state set
Using RRT Connect
task setup complete
solving task...
Goal signal recieved..
Planning ...
Collision pairs set
goal state set
Using RRT Connect
task setup complete
solving task...
Goal signal recieved..
Planning ...
Collision pairs set
goal state set
Using RRT Connect
task setup complete
solving task...
OMPL states:, 200.
path found
valid path found, generating trajectory...
Trajectory points:, 1000.
Duration:, 4.242775
excecuting path...
current error: , 0.569174
current error: , 0.569174
current error: , 0.485971
current error: , 0.40307
current error: , 0.319755
current error: , 0.236539
current error: , 0.15351
current error: , 0.070322
current error: , 0.00836
Final error:, 0.001076
Execution successful
Goal signal recieved..
Planning ...
Collision pairs set
goal state set
Using RRT Connect
task setup complete
solving task...
OMPL states:, 200.
path found
valid path found, generating trajectory...
Trajectory points:, 1000.
Duration:, 4.243715
excecuting path...
current error: , 0.570629
current error: , 0.570629
current error: , 0.487624
current error: , 0.404597
current error: , 0.321422
current error: , 0.238361
current error: , 0.155311
current error: , 0.072239
current error: , 0.008911
Final error:, 0.001229
Execution successful
Goal signal recieved..
Planning ...
Collision pairs set
goal state set
Using RRT Connect
task setup complete
solving task...
OMPL states:, 200.
path found
valid path found, generating trajectory...
Trajectory points:, 1000.
Duration:, 11.111272
excecuting path...
current error: , 1.226621
current error: , 1.226621
current error: , 1.143818
current error: , 1.06074
current error: , 0.977796
current error: , 0.894752
current error: , 0.811878
current error: , 0.729035
current error: , 0.646154
current error: , 0.562931
current error: , 0.479806
current error: , 0.396551
current error: , 0.313495
current error: , 0.230448
current error: , 0.147346
current error: , 0.064305
current error: , 0.00845
Final error:, 0.002806
Execution successful
Goal signal recieved..
Planning ...
Collision pairs set
goal state set
Using RRT Connect
task setup complete
solving task...
OMPL states:, 200.
path found
valid path found, generating trajectory...
Trajectory points:, 1000.
Duration:, 8.73442
excecuting path...
current error: , 0.829079
current error: , 0.829079
current error: , 0.745659
current error: , 0.662571
current error: , 0.57949
current error: , 0.496332
current error: , 0.41318
current error: , 0.330207
current error: , 0.247179
current error: , 0.164155
current error: , 0.081207
current error: , 0.011431
Final error:, 0.001211
Execution successful
Goal signal recieved..
Planning ...
Collision pairs set
goal state set
Using RRT Connect
task setup complete
solving task...
OMPL states:, 200.
path found
valid path found, generating trajectory...
Trajectory points:, 1000.
Duration:, 5.591207
excecuting path...
current error: , 1.80569
current error: , 1.80569
current error: , 1.722644
current error: , 1.63952
current error: , 1.556499
current error: , 1.473343
current error: , 1.390243
current error: , 1.307104
current error: , 1.22404
current error: , 1.140872
current error: , 1.05777
current error: , 0.974711
current error: , 0.891665
current error: , 0.808594
current error: , 0.725661
current error: , 0.642553
current error: , 0.559374
current error: , 0.47646
current error: , 0.393343
current error: , 0.310228
current error: , 0.227059
current error: , 0.144115
current error: , 0.061233
current error: , 0.007915
Final error:, 0.002668
Execution successful
Goal signal recieved..
Planning ...
Collision pairs set
goal state set
Using RRT Connect
task setup complete
solving task...
OMPL states:, 200.
path found
valid path found, generating trajectory...
Trajectory points:, 1000.
Duration:, 8.997686
excecuting path...
current error: , 0.002654
Final error:, 0.002654
Execution successful
Goal signal recieved..
Planning ...
Collision pairs set
goal state set
Using RRT Connect
task setup complete
solving task...
OMPL states:, 200.
path found
valid path found, generating trajectory...
Trajectory points:, 1000.
Duration:, 7.853315
excecuting path...
current error: , 1.005445
current error: , 1.005445
current error: , 0.922265
current error: , 0.839279
current error: , 0.756255
current error: , 0.673222
current error: , 0.589994
current error: , 0.506932
current error: , 0.42374
current error: , 0.340494
current error: , 0.257133
current error: , 0.174086
current error: , 0.090748
current error: , 0.015389
Final error:, 0.001496
Execution successful
Goal signal recieved..
Planning ...
Collision pairs set
goal state set
Using RRT Connect
task setup complete
solving task...
OMPL states:, 200.
path found
valid path found, generating trajectory...
Trajectory points:, 1000.
Duration:, 1.840838
excecuting path...
current error: , 0.001172
Final error:, 0.001172
Execution successful
Goal signal recieved..
Planning ...
Collision pairs set
goal state set
Using RRT Connect
task setup complete
solving task...
OMPL states:, 200.
path found
valid path found, generating trajectory...
Trajectory points:, 1000.
Duration:, 4.237528
excecuting path...
current error: , 0.599171
current error: , 0.599171
current error: , 0.514795
current error: , 0.431623
current error: , 0.34855
current error: , 0.265459
current error: , 0.1826
current error: , 0.099617
current error: , 0.020326
current error: , 0.002649
Final error:, 0.002197
Execution successful
Goal signal recieved..
Planning ...
Collision pairs set
goal state set
Using RRT Connect
task setup complete
solving task...
OMPL states:, 200.
path found
valid path found, generating trajectory...
Trajectory points:, 1000.
Duration:, 3.506599
excecuting path...
current error: , 0.117643
current error: , 0.117643
current error: , 0.017994
Final error:, 0.002527
Execution successful
Goal signal recieved..
Planning ...
Collision pairs set
goal state set
Using RRT Connect
task setup complete
solving task...
OMPL states:, 200.
path found
valid path found, generating trajectory...
Trajectory points:, 1000.
Duration:, 13.856955
excecuting path...
current error: , 2.525659
current error: , 2.525659
current error: , 2.407255
current error: , 2.288907
current error: , 2.170502
current error: , 2.052122
current error: , 1.933825
current error: , 1.815563
current error: , 1.69722
current error: , 1.578958
current error: , 1.46061
current error: , 1.342305
current error: , 1.224035
current error: , 1.105751
current error: , 0.987442
current error: , 0.869219
current error: , 0.751028
current error: , 0.632955
current error: , 0.515086
current error: , 0.3974
current error: , 0.280409
current error: , 0.165425
current error: , 0.064467
current error: , 0.006967
Final error:, 0.001416
Execution successful
Goal signal recieved..
Planning ...
Collision pairs set
goal state set
Using RRT Connect
task setup complete
solving task...
OMPL states:, 200.
path found
valid path found, generating trajectory...
Trajectory points:, 1000.
Duration:, 6.358187
excecuting path...
current error: , 0.0058
Final error:, 0.0058
Execution successful
Goal signal recieved..
Planning ...
Collision pairs set
goal state set
Using RRT Connect
task setup complete
solving task...
OMPL states:, 200.
path found
valid path found, generating trajectory...
Trajectory points:, 1000.
Duration:, 3.194589
excecuting path...
current error: , 0.004144
Final error:, 0.004144
Execution successful
Goal signal recieved..
Planning ...
Collision pairs set
goal state set
Using RRT Connect
task setup complete
solving task...
OMPL states:, 200.
path found
valid path found, generating trajectory...
Trajectory points:, 1000.
Duration:, 7.228994
excecuting path...
current error: , 0.546606
current error: , 0.546606
current error: , 0.45468
current error: , 0.370659
current error: , 0.286993
current error: , 0.203313
current error: , 0.119625
current error: , 0.03594
current error: , 0.003556
Final error:, 0.001633
Execution successful
Goal signal recieved..
Planning ...
Collision pairs set
goal state set
Using RRT Connect
task setup complete
solving task...
OMPL states:, 200.
path found
valid path found, generating trajectory...
Trajectory points:, 1000.
Duration:, 9.242739
excecuting path...
current error: , 0.447924
current error: , 0.447924
current error: , 0.344821
current error: , 0.254854
current error: , 0.17147
current error: , 0.08824
current error: , 0.014228
Final error:, 0.001551
Execution successful
Goal signal recieved..
Planning ...
Collision pairs set
goal state set
Using RRT Connect
task setup complete
solving task...
Goal signal recieved..
Planning ...
Collision pairs set
goal state set
Using RRT Connect
task setup complete
solving task...
OMPL states:, 200.
path found
valid path found, generating trajectory...
Trajectory points:, 1000.
Duration:, 11.412591
excecuting path...
current error: , 0.002063
Final error:, 0.002063
Execution successful
Goal signal recieved..
Planning ...
Collision pairs set
goal state set
Using RRT Connect
task setup complete
solving task...
OMPL states:, 200.
path found
valid path found, generating trajectory...
Trajectory points:, 1000.
Duration:, 1.660515
excecuting path...
current error: , 0.002783
Final error:, 0.002783
Execution successful
Goal signal recieved..
Planning ...
Collision pairs set
goal state set
Using RRT Connect
task setup complete
solving task...
OMPL states:, 200.
path found
valid path found, generating trajectory...
Trajectory points:, 1000.
Duration:, 6.934015
excecuting path...
current error: , 0.19502
current error: , 0.19502
current error: , 0.111332
current error: , 0.028581
current error: , 0.005449
Final error:, 0.003999
Execution successful
Goal signal recieved..
Planning ...
Collision pairs set
goal state set
Using RRT Connect
task setup complete
solving task...
OMPL states:, 200.
path found
valid path found, generating trajectory...
Trajectory points:, 1000.
Duration:, 2.569444
excecuting path...
current error: , 0.001691
Final error:, 0.001691
Execution successful
Goal signal recieved..
Planning ...
Collision pairs set
goal state set
Using RRT Connect
task setup complete
solving task...
OMPL states:, 200.
path found
valid path found, generating trajectory...
Trajectory points:, 1000.
Duration:, 5.368294
excecuting path...
current error: , 0.002076
Final error:, 0.002076
Execution successful
Goal signal recieved..
Planning ...
Collision pairs set
goal state set
Using RRT Connect
task setup complete
solving task...
OMPL states:, 200.
path found
valid path found, generating trajectory...
Trajectory points:, 1000.
Duration:, 0.329909
excecuting path...
current error: , 0.002691
Final error:, 0.002691
Execution successful
Goal signal recieved..
Planning ...
Collision pairs set
goal state set
Using RRT Connect
task setup complete
solving task...
OMPL states:, 200.
path found
valid path found, generating trajectory...
Trajectory points:, 1000.
Duration:, 1.722397
excecuting path...
current error: , 0.001849
Final error:, 0.001849
Execution successful
Goal signal recieved..
Planning ...
Collision pairs set
goal state set
Using RRT Connect
task setup complete
solving task...
OMPL states:, 200.
path found
valid path found, generating trajectory...
Trajectory points:, 1000.
Duration:, 3.087671
excecuting path...
current error: , 0.002594
Final error:, 0.002594
Execution successful
Goal signal recieved..
Planning ...
Collision pairs set
goal state set
Using RRT Connect
task setup complete
solving task...
OMPL states:, 200.
path found
valid path found, generating trajectory...
Trajectory points:, 1000.
Duration:, 8.42383
excecuting path...
current error: , 1.036093
current error: , 1.036093
current error: , 0.952523
current error: , 0.868984
current error: , 0.785548
current error: , 0.702489
current error: , 0.619463
current error: , 0.536304
current error: , 0.453072
current error: , 0.36992
current error: , 0.286719
current error: , 0.203685
current error: , 0.120445
current error: , 0.037392
current error: , 0.003449
Final error:, 0.001215
Execution successful
Goal signal recieved..
Planning ...
Collision pairs set
goal state set
Using RRT Connect
task setup complete
solving task...
OMPL states:, 200.
path found
valid path found, generating trajectory...
Trajectory points:, 1000.
Duration:, 8.873479
excecuting path...
current error: , 0.731421
current error: , 0.731421
current error: , 0.626838
current error: , 0.528051
current error: , 0.438928
current error: , 0.355678
current error: , 0.272906
current error: , 0.189871
current error: , 0.106732
current error: , 0.024937
current error: , 0.002577
Final error:, 0.001182
Execution successful
Goal signal recieved..
Planning ...
Collision pairs set
goal state set
Using RRT Connect
task setup complete
solving task...
OMPL states:, 200.
path found
valid path found, generating trajectory...
Trajectory points:, 1000.
Duration:, 3.015073
excecuting path...
current error: , 0.004402
Final error:, 0.004402
Execution successful
Goal signal recieved..
Planning ...
Collision pairs set
goal state set
Using RRT Connect
task setup complete
solving task...
OMPL states:, 200.
path found
valid path found, generating trajectory...
Trajectory points:, 1000.
Duration:, 5.215892
excecuting path...
current error: , 1.998371
current error: , 1.998371
current error: , 1.880924
current error: , 1.76283
current error: , 1.64465
current error: , 1.526419
current error: , 1.408153
current error: , 1.289864
current error: , 1.171553
current error: , 1.053275
current error: , 0.93503
current error: , 0.81702
current error: , 0.699013
current error: , 0.581095
current error: , 0.463059
current error: , 0.345258
current error: , 0.227319
current error: , 0.109471
current error: , 0.015133
Final error:, 0.001729
Execution successful
Goal signal recieved..
Planning ...
Collision pairs set
goal state set
Using RRT Connect
task setup complete
solving task...
OMPL states:, 200.
path found
valid path found, generating trajectory...
Trajectory points:, 1000.
Duration:, 1.542599
excecuting path...
current error: , 0.002161
Final error:, 0.002161
Execution successful
Goal signal recieved..
Planning ...
Collision pairs set
goal state set
Using RRT Connect
task setup complete
solving task...
OMPL states:, 200.
path found
valid path found, generating trajectory...
Trajectory points:, 1000.
Duration:, 1.828329
excecuting path...
current error: , 0.00345
Final error:, 0.00345
Execution successful
Goal signal recieved..
Planning ...
Collision pairs set
goal state set
Using RRT Connect
task setup complete
solving task...
OMPL states:, 200.
path found
valid path found, generating trajectory...
Trajectory points:, 1000.
Duration:, 6.493131
excecuting path...
current error: , 0.002868
Final error:, 0.002868
Execution successful
Goal signal recieved..
Planning ...
Collision pairs set
goal state set
Using RRT Connect
task setup complete
solving task...
OMPL states:, 200.
path found
valid path found, generating trajectory...
Trajectory points:, 1000.
Duration:, 5.955409
excecuting path...
current error: , 0.002455
Final error:, 0.002455
Execution successful
Goal signal recieved..
Planning ...
Collision pairs set
goal state set
Using RRT Connect
task setup complete
solving task...
Goal signal recieved..
Planning ...
Collision pairs set
goal state set
Using RRT Connect
task setup complete
solving task...
Goal signal recieved..
Planning ...
Collision pairs set
goal state set
Using RRT Connect
task setup complete
solving task...
OMPL states:, 200.
path found
valid path found, generating trajectory...
Trajectory points:, 1000.
Duration:, 4.167751
excecuting path...
current error: , 0.495772
current error: , 0.495772
current error: , 0.411982
current error: , 0.328247
current error: , 0.24449
current error: , 0.160729
current error: , 0.077001
current error: , 0.010032
Final error:, 0.001654
Execution successful
Goal signal recieved..
Planning ...
Collision pairs set
goal state set
Using RRT Connect
task setup complete
solving task...
OMPL states:, 200.
path found
valid path found, generating trajectory...
Trajectory points:, 1000.
Duration:, 4.216108
excecuting path...
current error: , 0.570146
current error: , 0.570146
current error: , 0.486478
current error: , 0.402798
current error: , 0.319147
current error: , 0.235464
current error: , 0.151786
current error: , 0.068073
current error: , 0.008477
Final error:, 0.002092
Execution successful
Goal signal recieved..
Planning ...
Collision pairs set
goal state set
Using RRT Connect
task setup complete
solving task...
OMPL states:, 200.
path found
valid path found, generating trajectory...
Trajectory points:, 1000.
Duration:, 4.2173
excecuting path...
current error: , 0.568519
current error: , 0.568519
current error: , 0.484741
current error: , 0.40099
current error: , 0.317223
current error: , 0.233512
current error: , 0.149789
current error: , 0.06607
current error: , 0.008158
Final error:, 0.002304
Execution successful
Goal signal recieved..
Planning ...
Collision pairs set
goal state set
Using RRT Connect
task setup complete
solving task...
OMPL states:, 200.
path found
valid path found, generating trajectory...
Trajectory points:, 1000.
Duration:, 4.328684
excecuting path...
current error: , 0.001468
Final error:, 0.001468
Execution successful
Goal signal recieved..
Planning ...
Collision pairs set
goal state set
Using RRT Connect
task setup complete
solving task...
OMPL states:, 200.
path found
valid path found, generating trajectory...
Trajectory points:, 1000.
Duration:, 4.80591
excecuting path...
current error: , 1.036551
current error: , 1.036551
current error: , 0.952842
current error: , 0.869132
current error: , 0.785465
current error: , 0.701734
current error: , 0.618009
current error: , 0.53433
current error: , 0.450671
current error: , 0.366994
current error: , 0.283267
current error: , 0.199581
current error: , 0.115885
current error: , 0.032229
current error: , 0.002943
Final error:, 0.001106
Execution successful
Goal signal recieved..
Planning ...
Collision pairs set
goal state set
Using RRT Connect
task setup complete
solving task...
OMPL states:, 200.
path found
valid path found, generating trajectory...
Trajectory points:, 1000.
Duration:, 2.716633
excecuting path...
current error: , 0.004992
Final error:, 0.004992
Execution successful
Goal signal recieved..
Planning ...
Collision pairs set
goal state set
Using RRT Connect
task setup complete
solving task...
OMPL states:, 200.
path found
valid path found, generating trajectory...
Trajectory points:, 1000.
Duration:, 0.678696
excecuting path...
current error: , 0.002555
Final error:, 0.002555
Execution successful
Goal signal recieved..
Planning ...
Collision pairs set
goal state set
Using RRT Connect
task setup complete
solving task...
OMPL states:, 200.
path found
valid path found, generating trajectory...
Trajectory points:, 1000.
Duration:, 3.540934
excecuting path...
current error: , 0.100169
current error: , 0.100169
current error: , 0.020099
current error: , 0.001936
Final error:, 0.000659
Execution successful
Goal signal recieved..
Planning ...
Collision pairs set
goal state set
Using RRT Connect
task setup complete
solving task...
Goal signal recieved..
Planning ...
Collision pairs set
goal state set
Using RRT Connect
task setup complete
solving task...
OMPL states:, 200.
path found
valid path found, generating trajectory...
Trajectory points:, 1000.
Duration:, 7.921803
excecuting path...
current error: , 0.192564
current error: , 0.192564
current error: , 0.108849
current error: , 0.02603
current error: , 0.002661
Final error:, 0.001252
Execution successful
Goal signal recieved..
Planning ...
Collision pairs set
goal state set
Using RRT Connect
task setup complete
solving task...
OMPL states:, 200.
path found
valid path found, generating trajectory...
Trajectory points:, 1000.
Duration:, 3.419463
excecuting path...
current error: , 0.065447
current error: , 0.065447
current error: , 0.008215
Final error:, 0.002388
Execution successful
Goal signal recieved..
Planning ...
Collision pairs set
goal state set
Using RRT Connect
task setup complete
solving task...
OMPL states:, 200.
path found
valid path found, generating trajectory...
Trajectory points:, 1000.
Duration:, 1.665899
excecuting path...
current error: , 0.002025
Final error:, 0.002025
Execution successful
Goal signal recieved..
Planning ...
Collision pairs set
goal state set
Using RRT Connect
task setup complete
solving task...
OMPL states:, 200.
path found
valid path found, generating trajectory...
Trajectory points:, 1000.
Duration:, 2.109893
excecuting path...
current error: , 0.001655
Final error:, 0.001655
Execution successful
Goal signal recieved..
Planning ...
Collision pairs set
goal state set
Using RRT Connect
task setup complete
solving task...
Goal signal recieved..
Planning ...
Collision pairs set
goal state set
Using RRT Connect
task setup complete
solving task...
OMPL states:, 200.
path found
valid path found, generating trajectory...
Trajectory points:, 1000.
Duration:, 1.698178
excecuting path...
current error: , 0.001598
Final error:, 0.001598
Execution successful
Goal signal recieved..
Planning ...
Collision pairs set
goal state set
Using RRT Connect
task setup complete
solving task...
OMPL states:, 200.
path found
valid path found, generating trajectory...
Trajectory points:, 1000.
Duration:, 3.407468
excecuting path...
current error: , 0.024213
current error: , 0.024213
current error: , 0.002459
Final error:, 0.001688
Execution successful
Goal signal recieved..
Planning ...
Collision pairs set
goal state set
Using RRT Connect
task setup complete
solving task...
Goal signal recieved..
Planning ...
Collision pairs set
goal state set
Using RRT Connect
task setup complete
solving task...
Goal signal recieved..
Planning ...
Collision pairs set
goal state set
Using RRT Connect
task setup complete
solving task...
OMPL states:, 200.
path found
valid path found, generating trajectory...
Trajectory points:, 1000.
Duration:, 8.930426
excecuting path...
current error: , 1.009942
current error: , 1.009942
current error: , 0.926183
current error: , 0.842519
current error: , 0.75883
current error: , 0.675085
current error: , 0.591385
current error: , 0.507637
current error: , 0.423914
current error: , 0.340201
current error: , 0.256498
current error: , 0.1728
current error: , 0.089094
current error: , 0.014914
Final error:, 0.002315
Execution successful
Goal signal recieved..
Planning ...
Collision pairs set
goal state set
Using RRT Connect
task setup complete
solving task...
OMPL states:, 200.
path found
valid path found, generating trajectory...
Trajectory points:, 1000.
Duration:, 2.339913
excecuting path...
current error: , 0.002031
Final error:, 0.002031
Execution successful
Goal signal recieved..
Planning ...
Collision pairs set
goal state set
Using RRT Connect
task setup complete
solving task...
OMPL states:, 200.
path found
valid path found, generating trajectory...
Trajectory points:, 1000.
Duration:, 3.127016
excecuting path...
current error: , 0.002013
Final error:, 0.002013
Execution successful
Goal signal recieved..
Planning ...
Collision pairs set
goal state set
Using RRT Connect
task setup complete
solving task...
OMPL states:, 200.
path found
valid path found, generating trajectory...
Trajectory points:, 1000.
Duration:, 3.006361
excecuting path...
current error: , 0.001514
Final error:, 0.001514
Execution successful
Goal signal recieved..
Planning ...
Collision pairs set
goal state set
Using RRT Connect
task setup complete
solving task...
OMPL states:, 200.
path found
valid path found, generating trajectory...
Trajectory points:, 1000.
Duration:, 4.242331
excecuting path...
current error: , 0.568403
current error: , 0.568403
current error: , 0.485353
current error: , 0.402258
current error: , 0.319143
current error: , 0.236013
current error: , 0.153184
current error: , 0.070171
current error: , 0.008323
Final error:, 0.001078
Execution successful
[sandboxScript:info]   Simulation stopping...
[sandboxScript:info]   Simulation stopped.
[sandboxScript:info]   Simulation started.
[CoppeliaSim:warning]   Detected non-default settings (time steps and/or dyn. engine global settings).
Goal signal recieved..
Planning ...
Collision pairs set
goal state set
Using RRT Connect
task setup complete
solving task...
OMPL states:, 200.
path found
valid path found, generating trajectory...
Trajectory points:, 1000.
Duration:, 3.402726
excecuting path...
current error: , 0.015091
Final error:, 0.015091
Execution successful
Goal signal recieved..
Planning ...
Collision pairs set
goal state set
Using RRT Connect
task setup complete
solving task...
OMPL states:, 200.
path found
valid path found, generating trajectory...
Trajectory points:, 1000.
Duration:, 7.218286
excecuting path...
current error: , 0.006818
Final error:, 0.006818
Execution successful
Goal signal recieved..
Planning ...
Collision pairs set
goal state set
Using RRT Connect
task setup complete
solving task...
OMPL states:, 200.
path found
valid path found, generating trajectory...
Trajectory points:, 1000.
Duration:, 3.882556
excecuting path...
current error: , 0.322112
current error: , 0.322112
current error: , 0.238439
current error: , 0.154761
current error: , 0.071106
current error: , 0.008842
Final error:, 0.001715
Execution successful
Goal signal recieved..
Planning ...
Collision pairs set
goal state set
Using RRT Connect
task setup complete
solving task...
OMPL states:, 200.
path found
valid path found, generating trajectory...
Trajectory points:, 1000.
Duration:, 2.999325
excecuting path...
current error: , 0.002196
Final error:, 0.002196
Execution successful
Goal signal recieved..
Planning ...
Collision pairs set
goal state set
Using RRT Connect
task setup complete
solving task...
OMPL states:, 200.
path found
valid path found, generating trajectory...
Trajectory points:, 1000.
Duration:, 8.918756
excecuting path...
current error: , 1.273759
current error: , 1.273759
current error: , 1.189946
current error: , 1.106102
current error: , 1.02223
current error: , 0.938405
current error: , 0.854625
current error: , 0.770832
current error: , 0.686981
current error: , 0.603183
current error: , 0.519386
current error: , 0.435586
current error: , 0.351807
current error: , 0.268075
current error: , 0.184324
current error: , 0.100609
current error: , 0.020523
current error: , 0.002518
Final error:, 0.001399
Execution successful
Goal signal recieved..
Planning ...
Collision pairs set
goal state set
Using RRT Connect
task setup complete
solving task...
OMPL states:, 200.
path found
valid path found, generating trajectory...
Trajectory points:, 1000.
Duration:, 1.339647
excecuting path...
current error: , 0.0032
Final error:, 0.0032
Execution successful
Goal signal recieved..
Planning ...
Collision pairs set
goal state set
Using RRT Connect
task setup complete
solving task...
OMPL states:, 200.
path found
valid path found, generating trajectory...
Trajectory points:, 1000.
Duration:, 1.768537
excecuting path...
current error: , 0.001721
Final error:, 0.001721
Execution successful
Goal signal recieved..
Planning ...
Collision pairs set
goal state set
Using RRT Connect
task setup complete
solving task...
OMPL states:, 200.
path found
valid path found, generating trajectory...
Trajectory points:, 1000.
Duration:, 3.717042
excecuting path...
current error: , 0.218479
current error: , 0.218479
current error: , 0.134803
current error: , 0.051105
current error: , 0.005098
Final error:, 0.00158
Execution successful
Goal signal recieved..
Planning ...
Collision pairs set
goal state set
Using RRT Connect
task setup complete
solving task...
OMPL states:, 200.
path found
valid path found, generating trajectory...
Trajectory points:, 1000.
Duration:, 1.794754
excecuting path...
current error: , 0.002447
Final error:, 0.002447
Execution successful
Goal signal recieved..
Planning ...
Collision pairs set
goal state set
Using RRT Connect
task setup complete
solving task...
OMPL states:, 200.
path found
valid path found, generating trajectory...
Trajectory points:, 1000.
Duration:, 1.523073
excecuting path...
current error: , 0.002286
Final error:, 0.002286
Execution successful
Goal signal recieved..
Planning ...
Collision pairs set
goal state set
Using RRT Connect
task setup complete
solving task...
OMPL states:, 200.
path found
valid path found, generating trajectory...
Trajectory points:, 1000.
Duration:, 3.934375
excecuting path...
current error: , 0.338781
current error: , 0.338781
current error: , 0.255006
current error: , 0.171328
current error: , 0.087611
current error: , 0.01441
Final error:, 0.002515
Execution successful
Goal signal recieved..
Planning ...
Collision pairs set
goal state set
Using RRT Connect
task setup complete
solving task...
OMPL states:, 200.
path found
valid path found, generating trajectory...
Trajectory points:, 1000.
Duration:, 3.264914
excecuting path...
current error: , 0.014553
Final error:, 0.014553
Execution successful
Goal signal recieved..
Planning ...
Collision pairs set
goal state set
Using RRT Connect
task setup complete
solving task...
OMPL states:, 200.
path found
valid path found, generating trajectory...
Trajectory points:, 1000.
Duration:, 4.876955
excecuting path...
current error: , 1.183359
current error: , 1.183359
current error: , 1.083757
current error: , 0.988077
current error: , 0.897694
current error: , 0.813163
current error: , 0.729447
current error: , 0.645785
current error: , 0.56211
current error: , 0.47843
current error: , 0.39472
current error: , 0.310984
current error: , 0.227287
current error: , 0.143593
current error: , 0.059919
current error: , 0.007868
Final error:, 0.003077
Execution successful
Goal signal recieved..
Planning ...
Collision pairs set
goal state set
Using RRT Connect
task setup complete
solving task...
OMPL states:, 200.
path found
valid path found, generating trajectory...
Trajectory points:, 1000.
Duration:, 2.373728
excecuting path...
current error: , 0.003174
Final error:, 0.003174
Execution successful
Goal signal recieved..
Planning ...
Collision pairs set
goal state set
Using RRT Connect
task setup complete
solving task...
OMPL states:, 200.
path found
valid path found, generating trajectory...
Trajectory points:, 1000.
Duration:, 3.40496
excecuting path...
current error: , 0.054885
current error: , 0.054885
current error: , 0.006038
Final error:, 0.001732
Execution successful
Goal signal recieved..
Planning ...
Collision pairs set
goal state set
Using RRT Connect
task setup complete
solving task...
OMPL states:, 200.
path found
valid path found, generating trajectory...
Trajectory points:, 1000.
Duration:, 9.328871
excecuting path...
current error: , 0.270011
current error: , 0.270011
current error: , 0.186292
current error: , 0.102602
current error: , 0.021597
current error: , 0.002304
Final error:, 0.00159
Execution successful
Goal signal recieved..
Planning ...
Collision pairs set
goal state set
Using RRT Connect
task setup complete
solving task...
OMPL states:, 200.
path found
valid path found, generating trajectory...
Trajectory points:, 1000.
Duration:, 1.691846
excecuting path...
current error: , 0.001446
Final error:, 0.001446
Execution successful
Goal signal recieved..
Planning ...
Collision pairs set
goal state set
Using RRT Connect
task setup complete
solving task...
OMPL states:, 200.
path found
valid path found, generating trajectory...
Trajectory points:, 1000.
Duration:, 2.998507
excecuting path...
current error: , 0.002799
Final error:, 0.002799
Execution successful
Goal signal recieved..
Planning ...
Collision pairs set
goal state set
Using RRT Connect
task setup complete
solving task...
OMPL states:, 200.
path found
valid path found, generating trajectory...
Trajectory points:, 1000.
Duration:, 9.253702
excecuting path...
current error: , 0.003728
Final error:, 0.003728
Execution successful
Goal signal recieved..
Planning ...
Collision pairs set
goal state set
Using RRT Connect
task setup complete
solving task...
OMPL states:, 200.
path found
valid path found, generating trajectory...
Trajectory points:, 1000.
Duration:, 1.479326
excecuting path...
current error: , 0.005686
Final error:, 0.005686
Execution successful
Goal signal recieved..
Planning ...
Collision pairs set
goal state set
Using RRT Connect
task setup complete
solving task...
Goal signal recieved..
Planning ...
Collision pairs set
goal state set
Using RRT Connect
task setup complete
solving task...
OMPL states:, 200.
path found
valid path found, generating trajectory...
Trajectory points:, 1000.
Duration:, 3.587725
excecuting path...
current error: , 0.159751
current error: , 0.159751
current error: , 0.076025
current error: , 0.010867
Final error:, 0.002629
Execution successful
Goal signal recieved..
Planning ...
Collision pairs set
goal state set
Using RRT Connect
task setup complete
solving task...
OMPL states:, 200.
path found
valid path found, generating trajectory...
Trajectory points:, 1000.
Duration:, 1.70976
excecuting path...
current error: , 0.002572
Final error:, 0.002572
Execution successful
Goal signal recieved..
Planning ...
Collision pairs set
goal state set
Using RRT Connect
task setup complete
solving task...
OMPL states:, 200.
path found
valid path found, generating trajectory...
Trajectory points:, 1000.
Duration:, 4.242446
excecuting path...
current error: , 0.5721
current error: , 0.5721
current error: , 0.488773
current error: , 0.405503
current error: , 0.322403
current error: , 0.239398
current error: , 0.156411
current error: , 0.073468
current error: , 0.009148
Final error:, 0.001123
Execution successful
Goal signal recieved..
Planning ...
Collision pairs set
goal state set
Using RRT Connect
task setup complete
solving task...
OMPL states:, 200.
path found
valid path found, generating trajectory...
Trajectory points:, 1000.
Duration:, 4.241718
excecuting path...
current error: , 0.573478
current error: , 0.573478
current error: , 0.490297
current error: , 0.40736
current error: , 0.324187
current error: , 0.241105
current error: , 0.158019
current error: , 0.074874
current error: , 0.009489
Final error:, 0.001123
Execution successful
Goal signal recieved..
Planning ...
Collision pairs set
goal state set
Using RRT Connect
task setup complete
solving task...
OMPL states:, 200.
path found
valid path found, generating trajectory...
Trajectory points:, 1000.
Duration:, 4.24119
excecuting path...
current error: , 0.571933
current error: , 0.571933
current error: , 0.488918
current error: , 0.406037
current error: , 0.322887
current error: , 0.239719
current error: , 0.156778
current error: , 0.073694
current error: , 0.009349
Final error:, 0.001289
Execution successful
Goal signal recieved..
Planning ...
Collision pairs set
goal state set
Using RRT Connect
task setup complete
solving task...
OMPL states:, 200.
path found
valid path found, generating trajectory...
Trajectory points:, 1000.
Duration:, 0.399274
excecuting path...
current error: , 0.004096
Final error:, 0.004096
Execution successful
Goal signal recieved..
Planning ...
Collision pairs set
goal state set
Using RRT Connect
task setup complete
solving task...
OMPL states:, 200.
path found
valid path found, generating trajectory...
Trajectory points:, 1000.
Duration:, 4.242018
excecuting path...
current error: , 0.573254
current error: , 0.573254
current error: , 0.490359
current error: , 0.407381
current error: , 0.324532
current error: , 0.241703
current error: , 0.158511
current error: , 0.075422
current error: , 0.009722
Final error:, 0.001295
Execution successful
Goal signal recieved..
Planning ...
Collision pairs set
goal state set
Using RRT Connect
task setup complete
solving task...
OMPL states:, 200.
path found
valid path found, generating trajectory...
Trajectory points:, 1000.
Duration:, 7.630815
excecuting path...
current error: , 0.295358
current error: , 0.295358
current error: , 0.211664
current error: , 0.127963
current error: , 0.044247
current error: , 0.004124
Final error:, 0.001101
Execution successful
Goal signal recieved..
Planning ...
Collision pairs set
goal state set
Using RRT Connect
task setup complete
solving task...
Goal signal recieved..
Planning ...
Collision pairs set
goal state set
Using RRT Connect
task setup complete
solving task...
OMPL states:, 200.
path found
valid path found, generating trajectory...
Trajectory points:, 1000.
Duration:, 10.359473
excecuting path...
current error: , 1.106024
current error: , 1.106024
current error: , 1.015507
current error: , 0.930624
current error: , 0.846956
current error: , 0.763291
current error: , 0.679564
current error: , 0.595856
current error: , 0.512154
current error: , 0.42844
current error: , 0.344734
current error: , 0.261034
current error: , 0.177317
current error: , 0.093563
current error: , 0.016701
Final error:, 0.002098
Execution successful
Goal signal recieved..
Planning ...
Collision pairs set
goal state set
Using RRT Connect
task setup complete
solving task...
OMPL states:, 200.
path found
valid path found, generating trajectory...
Trajectory points:, 1000.
Duration:, 11.12646
excecuting path...
current error: , 0.8654
current error: , 0.8654
current error: , 0.781053
current error: , 0.697273
current error: , 0.613483
current error: , 0.529721
current error: , 0.445993
current error: , 0.36224
current error: , 0.278484
current error: , 0.194749
current error: , 0.111025
current error: , 0.027808
current error: , 0.002498
Final error:, 0.001117
Execution successful
Goal signal recieved..
Planning ...
Collision pairs set
goal state set
Using RRT Connect
task setup complete
solving task...
OMPL states:, 200.
path found
valid path found, generating trajectory...
Trajectory points:, 1000.
Duration:, 7.976572
excecuting path...
current error: , 0.002251
Final error:, 0.002251
Execution successful
Goal signal recieved..
Planning ...
Collision pairs set
goal state set
Using RRT Connect
task setup complete
solving task...
OMPL states:, 200.
path found
valid path found, generating trajectory...
[3G[0m[J[3GTrajectory points:, 1000.
Duration:, 3.42817
excecuting path...
current error: , 0.060176
current error: , 0.060176
current error: , 0.005668
Final error:, 0.001106
Execution successful
Goal signal recieved..
Planning ...
Collision pairs set
goal state set
Using RRT Connect
task setup complete
solving task...
OMPL states:, 200.
path found
valid path found, generating trajectory...
Trajectory points:, 1000.
Duration:, 2.888476
excecuting path...
[3G[0m[J[3Gcurrent error: , 0.002008
Final error:, 0.002008
Execution successful
[3G[0m[J[3GGoal signal recieved..
Planning ...
Collision pairs set
goal state set
Using RRT Connect
task setup complete
solving task...
OMPL states:, 200.
path found
valid path found, generating trajectory...
Trajectory points:, 1000.
Duration:, 4.937398
excecuting path...
current error: , 1.183889
current error: , 1.183889
current error: , 1.088163
current error: , 0.997182
current error: , 0.91201
current error: , 0.828325
current error: , 0.744605
current error: , 0.660904
current error: , 0.577225
current error: , 0.49354
current error: , 0.409848
current error: , 0.326137
current error: , 0.242455
current error: , 0.158737
current error: , 0.075027
current error: , 0.009525
Final error:, 0.001218
Execution successful
Goal signal recieved..
Planning ...
Collision pairs set
goal state set
Using RRT Connect
task setup complete
solving task...
OMPL states:, 200.
path found
valid path found, generating trajectory...
Trajectory points:, 1000.
Duration:, 2.049685
excecuting path...
current error: , 0.001484
Final error:, 0.001484
Execution successful
Goal signal recieved..
Planning ...
Collision pairs set
goal state set
Using RRT Connect
task setup complete
[3G[0m[J[3Gsolving task...
OMPL states:, 200.
path found
valid path found, generating trajectory...
[3G[0m[J[3GTrajectory points:, 1000.
Duration:, 4.243113
excecuting path...
current error: , 0.54613
current error: , 0.54613
current error: , 0.463232
current error: , 0.380284
current error: , 0.29724
current error: , 0.214354
current error: , 0.13118
current error: , 0.047774
current error: , 0.004298
Final error:, 0.001205
Execution successful
Goal signal recieved..
Planning ...
Collision pairs set
goal state set
Using RRT Connect
task setup complete
solving task...
OMPL states:, 200.
path found
valid path found, generating trajectory...
[3G[0m[J[3GTrajectory points:, 1000.
Duration:, 1.769945
excecuting path...
current error: , 0.001532
Final error:, 0.001532
Execution successful
Goal signal recieved..
Planning ...
Collision pairs set
goal state set
Using RRT Connect
task setup complete
solving task...
OMPL states:, 200.
path found
valid path found, generating trajectory...
Trajectory points:, 1000.
Duration:, 4.242236
excecuting path...
