Warning: Ignoring XDG_SESSION_TYPE=wayland on Gnome. Use QT_QPA_PLATFORM=wayland to run on Wayland anyway.
Warning: Ignoring XDG_SESSION_TYPE=wayland on Gnome. Use QT_QPA_PLATFORM=wayland to run on Wayland anyway.
[CoppeliaSimClient]   loading the CoppeliaSim library...
[CoppeliaSimClient:loadinfo]   done.
[CoppeliaSimClient:loadinfo]   launching CoppeliaSim...
[CoppeliaSim:loadinfo]   Application directory is /home/kolletms/CoppeliaSim_Edu_V4_10_0_rev0_Ubuntu22_04
[CoppeliaSim:loadinfo]   user settings file is /home/kolletms/.CoppeliaSim/usrset.txt
[CoppeliaSim:loadinfo]   CoppeliaSim v4.10.0 (rev. 0), flavor: 1, linux
[CoppeliaSim:loadinfo]   ds:   0
[CoppeliaSim:loadinfo]   msnd: 1
[CoppeliaSim:loadinfo]   ms:   1
[CoppeliaSim:loadinfo]   midx: 5000-91EB-FFC4-9CCA-F764-C71D
[CoppeliaSim:loadinfo]   did:  
[CoppeliaSim:loadinfo]   mid0: FC97-7379-1C16-0023-1C17-0101
[CoppeliaSim:loadinfo]   mid1: FC9773791C1600231C17
[CoppeliaSim:loadinfo]   mid2: 7AB7966CC9EF9BB7FD7FEC7D769DC7BA
[CoppeliaSim:loadinfo]   mid3: 04E3981EA27E99B4CE66
[CoppeliaSim:loadinfo]   k:    687FFE88B3DF088E5DDD414A
[CoppeliaSim:loadinfo]   plugin simIK0: loading...
[CoppeliaSim:loadinfo]   plugin simIK0: done.
[CoppeliaSim:loadinfo]   primary screen physical dots per inch: 165
[CoppeliaSim:loadinfo]   display scaling (guessed): 100
[CoppeliaSim:loadinfo]   simulator launched.
[CoppeliaSim:loadinfo]   plugin 'BWF': loading...
[CoppeliaSim:loadinfo]   plugin 'BWF': load succeeded.
[CoppeliaSim:loadinfo]   plugin 'RemoteApi': loading...
[CoppeliaSim:loadinfo]   plugin 'RemoteApi': load succeeded.
[CoppeliaSim:loadinfo]   SK:   687FFE88B3DF088E5DDD414A
[CoppeliaSim:loadinfo]   initializing the sandbox script...
[sandboxScript:loadinfo]   plugin simZMQ: loading...
[sandboxScript:loadinfo]   plugin simZMQ: done.
[sandboxScript:loadinfo]   plugin simSubprocess: loading...
[sandboxScript:loadinfo]   plugin simSubprocess: done.
[sandboxScript:info]   Simulator launched, welcome! 
[CoppeliaSim:loadinfo]   sandbox script initialized.
[CoppeliaSim:loadinfo]   add-on '3D text generator.lua' was loaded.
[CoppeliaSim:loadinfo]   add-on 'Add-on edit.lua' was loaded.
[CoppeliaSim:loadinfo]   add-on 'Alias change.lua' was loaded.
[CoppeliaSim:loadinfo]   add-on 'Animation capture.lua' was loaded.
[CoppeliaSim:loadinfo]   add-on 'B0 remote Api server.lua' was loaded.
[CoppeliaSim:loadinfo]   add-on 'Button action.lua' was loaded.
[CoppeliaSim:loadinfo]   add-on 'Collision check.lua' was loaded.
[CoppeliaSim:loadinfo]   add-on 'Color changer.lua' was loaded.
[CoppeliaSim:loadinfo]   add-on 'Commander.lua' was loaded.
[CoppeliaSim:loadinfo]   add-on 'Contact display.lua' was loaded.
[CoppeliaSim:loadinfo]   add-on 'Convex decomposition hacd.lua' was loaded.
[CoppeliaSim:loadinfo]   add-on 'Convex decomposition vhacd.lua' was loaded.
[CoppeliaSim:loadinfo]   add-on 'Convex hull.lua' was loaded.
[CoppeliaSim:loadinfo]   add-on 'Create dummies on mesh surface.lua' was loaded.
[CoppeliaSim:loadinfo]   add-on 'Define joint group.lua' was loaded.
[CoppeliaSim:loadinfo]   add-on 'Denavit Hartenberg creator.lua' was loaded.
[CoppeliaSim:loadinfo]   add-on 'Denavit Hartenberg extractor.lua' was loaded.
[CoppeliaSim:loadinfo]   add-on 'Distance check.lua' was loaded.
[CoppeliaSim:loadinfo]   add-on 'Distribute objects uniformly.lua' was loaded.
[CoppeliaSim:loadinfo]   add-on 'Event viewer.lua' was loaded.
[CoppeliaSim:loadinfo]   add-on 'Events capture.lua' was loaded.
[CoppeliaSim:loadinfo]   add-on 'Events dump exporter.lua' was loaded.
[CoppeliaSim:loadinfo]   add-on 'External model auto reload.lua' was loaded.
[CoppeliaSim:loadinfo]   add-on 'External model auto save.lua' was loaded.
[CoppeliaSim:loadinfo]   add-on 'External model load.lua' was loaded.
[CoppeliaSim:loadinfo]   add-on 'External model reload selected.lua' was loaded.
[CoppeliaSim:loadinfo]   add-on 'External model save.lua' was loaded.
[CoppeliaSim:loadinfo]   add-on 'Find in scripts.lua' was loaded.
[CoppeliaSim:loadinfo]   add-on 'Find midpoint.lua' was loaded.
[CoppeliaSim:loadinfo]   add-on 'Floor plan importer.lua' was loaded.
[CoppeliaSim:loadinfo]   add-on 'GLTF animation exporter.lua' was loaded.
[CoppeliaSim:loadinfo]   add-on 'GLTF exporter.lua' was loaded.
[CoppeliaSim:loadinfo]   add-on 'Inverse Kinematics > generator.lua' was loaded.
[CoppeliaSim:loadinfo]   add-on 'Isometric scaling.lua' was loaded.
[CoppeliaSim:loadinfo]   add-on 'Joint tool.lua' was loaded.
[CoppeliaSim:loadinfo]   add-on 'LDraw importer.lua' was loaded.
[CoppeliaSim:loadinfo]   add-on 'Make objects same appearance.lua' was loaded.
[CoppeliaSim:loadinfo]   add-on 'Measure distance and direction.lua' was loaded.
[CoppeliaSim:loadinfo]   add-on 'Mesh decimation.lua' was loaded.
[CoppeliaSim:loadinfo]   add-on 'Mesh difference.lua' was loaded.
[CoppeliaSim:loadinfo]   add-on 'Mesh intersection.lua' was loaded.
[CoppeliaSim:loadinfo]   add-on 'Mesh subdivision.lua' was loaded.
[CoppeliaSim:loadinfo]   add-on 'Mesh symmetric difference.lua' was loaded.
[CoppeliaSim:loadinfo]   add-on 'Mesh union.lua' was loaded.
[CoppeliaSim:loadinfo]   add-on 'Message viewer.lua' was loaded.
[CoppeliaSim:loadinfo]   add-on 'Minimalistic exporter.lua' was loaded.
[CoppeliaSim:loadinfo]   add-on 'Minimalistic importer.lua' was loaded.
[CoppeliaSim:loadinfo]   add-on 'Motion Planning generator.lua' was loaded.
[CoppeliaSim:loadinfo]   add-on 'Notepad++ autocompletion.lua' was loaded.
[CoppeliaSim:loadinfo]   add-on 'Pause Stop Simulation on Condition.lua' was loaded.
[CoppeliaSim:loadinfo]   add-on 'Plugin enumerator.lua' was loaded.
[CoppeliaSim:loadinfo]   add-on 'Point cloud importer.lua' was loaded.
[CoppeliaSim:loadinfo]   add-on 'Point sampler interactive.lua' was loaded.
[CoppeliaSim:loadinfo]   add-on 'Point sampler service.lua' was loaded.
[CoppeliaSim:loadinfo]   add-on 'Property explorer.lua' was loaded.
[CoppeliaSim:loadinfo]   add-on 'PyRep.lua' was loaded.
[CoppeliaSim:loadinfo]   add-on 'Referenced handles explorer.lua' was loaded.
[CoppeliaSim:loadinfo]   add-on 'Referenced handles highlight.lua' was loaded.
[CoppeliaSim:loadinfo]   add-on 'Screenshot tool.lua' was loaded.
[CoppeliaSim:loadinfo]   add-on 'Script capture.lua' was loaded.
[CoppeliaSim:loadinfo]   add-on 'SDF importer.lua' was loaded.
[CoppeliaSim:loadinfo]   add-on 'Simulation stepper.lua' was loaded.
[CoppeliaSim:loadinfo]   add-on 'Subdivide large triangles.lua' was loaded.
[CoppeliaSim:loadinfo]   add-on 'Surface reconstruction.lua' was loaded.
[CoppeliaSim:loadinfo]   add-on 'Translate to align vertex.lua' was loaded.
[CoppeliaSim:loadinfo]   add-on 'URDF exporter.lua' was loaded.
[CoppeliaSim:loadinfo]   add-on 'URDF importer.lua' was loaded.
[CoppeliaSim:loadinfo]   add-on 'URL drop service.lua' was loaded.
[CoppeliaSim:loadinfo]   add-on 'Video recorder.lua' was loaded.
[CoppeliaSim:loadinfo]   add-on 'Visualization stream.lua' was loaded.
[CoppeliaSim:loadinfo]   add-on 'WS remote API server.lua' was loaded.
[CoppeliaSim:loadinfo]   add-on 'ZMQ remote API server.lua' was loaded.
[CoppeliaSim:loadinfo]   add-on 'Convex decomposition coacd.py' was loaded.
[Developer tools >> Commander >> Commander@addOnScript:loadinfo]   plugin simCmd: loading...
[simCmd:warning]   Selected script: Sandbox (Python)
[Developer tools >> Commander >> Commander@addOnScript:loadinfo]   plugin simCmd: done.
[Connectivity >> WebSocket remote API server@addOnScript:loadinfo]   plugin simWS: loading...
[Connectivity >> WebSocket remote API server@addOnScript:loadinfo]   plugin simWS: done.
[Connectivity >> WebSocket remote API server@addOnScript:info]   WebSocket Remote API server starting (port=23050)...
[Connectivity >> ZMQ remote API server@addOnScript:info]   ZeroMQ Remote API server starting (rpcPort=23005)...
[CoppeliaSim:warning]   If CoppeliaSim crashed in previous session, you can find auto-saved scenes in /home/kolletms/.CoppeliaSim/autoSavedScenes
[/UR10/followPath:loadinfo]   plugin simIK: loading...
[/UR10/followPath:loadinfo]   plugin simIK: done.
[/UR10/followPath:loadinfo]   plugin simOMPL: loading...
[/UR10/followPath:loadinfo]   plugin simOMPL: done.
/Floor, 13
/MPO_700, 86
/assembly_table, 88
/obs1, 133
/obs2, 135
/obs0, 137
/column0, 141
/column1, 143
/column2, 139
[/UR10/followPath:warning]   sim.switchThread is deprecated. please use sim.step instead. (control verbosity via notifyDeprecated in usrset.txt)
[/moveToPose:warning]   sim.setThreadSwitchTiming is deprecated. please use sim.setAutoYieldDelay instead. (control verbosity via notifyDeprecated in usrset.txt)
[/moveToPose:warning]   sim.switchThread is deprecated. please use sim.step instead. (control verbosity via notifyDeprecated in usrset.txt)
[sandboxScript:info]   Simulation started.
[CoppeliaSim:loadinfo]   plugin simGeom: loading...
[CoppeliaSim:loadinfo]   plugin simGeom: done.
[CoppeliaSim:loadinfo]   plugin simBullet-2-83: loading...
[CoppeliaSim:loadinfo]   plugin simBullet-2-83: done.
[CoppeliaSim:warning]   Detected non-default settings (time steps and/or dyn. engine global settings).
[sandboxScript:info]   Simulation stopping...
[sandboxScript:info]   Simulation stopped.
[sandboxScript:info]   Simulation started.
[CoppeliaSim:warning]   Detected non-default settings (time steps and/or dyn. engine global settings).
[sandboxScript:info]   Simulation stopping...
[sandboxScript:info]   Simulation stopped.
[sandboxScript:info]   Simulation started.
[CoppeliaSim:warning]   Detected non-default settings (time steps and/or dyn. engine global settings).
Goal signal recieved..
Planning ...
Collision pairs set
goal state set
Using RRT Connect
task setup complete
solving task...
OMPL states:, 200.
path found
valid path found, generating trajectory...
[/UR10/followPath:warning]   module 'matrix' was implicitly loaded.
[/UR10/followPath:warning]   "matrix" module is deprecated. please use simEigen
Trajectory points:, 1000.
Duration:, 3.402896
excecuting path...
current error: , 0.013811
Final error:, 0.013811
Execution successful
[CoppeliaSim:loadinfo]   plugin simRuckig: loading...
[CoppeliaSim:loadinfo]   plugin simRuckig: done.
Goal signal recieved..
Planning ...
Collision pairs set
goal state set
Using RRT Connect
task setup complete
solving task...
OMPL states:, 200.
path found
valid path found, generating trajectory...
Trajectory points:, 1000.
Duration:, 0.521626
excecuting path...
current error: , 0.002816
Final error:, 0.002816
Execution successful
Goal signal recieved..
Planning ...
Collision pairs set
goal state set
Using RRT Connect
task setup complete
solving task...
OMPL states:, 200.
path found
valid path found, generating trajectory...
Trajectory points:, 1000.
Duration:, 3.676587
excecuting path...
current error: , 0.21747
current error: , 0.21747
current error: , 0.133749
current error: , 0.050055
current error: , 0.006397
Final error:, 0.002876
Execution successful
Goal signal recieved..
Planning ...
Collision pairs set
goal state set
Using RRT Connect
task setup complete
solving task...
OMPL states:, 200.
path found
valid path found, generating trajectory...
Trajectory points:, 1000.
Duration:, 6.625802
excecuting path...
current error: , 0.009271
Final error:, 0.009271
Execution successful
Goal signal recieved..
Planning ...
Collision pairs set
goal state set
Using RRT Connect
task setup complete
solving task...
OMPL states:, 200.
path found
valid path found, generating trajectory...
Trajectory points:, 1000.
Duration:, 4.682699
excecuting path...
current error: , 0.951404
current error: , 0.951404
current error: , 0.867594
current error: , 0.783786
current error: , 0.699986
current error: , 0.616178
current error: , 0.53241
current error: , 0.448658
current error: , 0.364912
current error: , 0.281135
current error: , 0.19738
current error: , 0.113671
current error: , 0.030164
current error: , 0.003113
Final error:, 0.00129
Execution successful
Goal signal recieved..
Planning ...
Collision pairs set
goal state set
Using RRT Connect
task setup complete
solving task...
OMPL states:, 200.
path found
valid path found, generating trajectory...
Trajectory points:, 1000.
Duration:, 3.225909
excecuting path...
current error: , 0.007761
Final error:, 0.007761
Execution successful
Goal signal recieved..
Planning ...
Collision pairs set
goal state set
Using RRT Connect
task setup complete
solving task...
OMPL states:, 200.
path found
valid path found, generating trajectory...
Trajectory points:, 1000.
Duration:, 3.267018
excecuting path...
current error: , 0.009409
Final error:, 0.009409
Execution successful
Goal signal recieved..
Planning ...
Collision pairs set
goal state set
Using RRT Connect
task setup complete
solving task...
OMPL states:, 200.
path found
valid path found, generating trajectory...
Trajectory points:, 1000.
Duration:, 3.428739
excecuting path...
current error: , 0.053519
current error: , 0.053519
current error: , 0.005269
Final error:, 0.001447
Execution successful
Goal signal recieved..
Planning ...
Collision pairs set
goal state set
Using RRT Connect
task setup complete
solving task...
OMPL states:, 200.
path found
valid path found, generating trajectory...
Trajectory points:, 1000.
Duration:, 7.617944
excecuting path...
current error: , 0.304534
current error: , 0.304534
current error: , 0.220826
current error: , 0.137108
current error: , 0.053378
current error: , 0.005083
Final error:, 0.000984
Execution successful
Goal signal recieved..
Planning ...
Collision pairs set
goal state set
Using RRT Connect
task setup complete
solving task...
OMPL states:, 200.
path found
valid path found, generating trajectory...
Trajectory points:, 1000.
Duration:, 9.780426
excecuting path...
current error: , 1.109285
current error: , 1.109285
current error: , 0.972407
current error: , 0.838209
current error: , 0.708183
current error: , 0.585318
current error: , 0.46893
current error: , 0.354304
current error: , 0.243455
current error: , 0.145671
current error: , 0.061479
current error: , 0.006362
Final error:, 0.000701
Execution successful
Goal signal recieved..
Planning ...
Collision pairs set
goal state set
Using RRT Connect
task setup complete
solving task...
OMPL states:, 200.
path found
valid path found, generating trajectory...
Trajectory points:, 1000.
Duration:, 7.52703
excecuting path...
current error: , 0.015514
Final error:, 0.015514
Execution successful
Goal signal recieved..
Planning ...
Collision pairs set
goal state set
Using RRT Connect
task setup complete
solving task...
OMPL states:, 200.
path found
valid path found, generating trajectory...
Trajectory points:, 1000.
Duration:, 3.851635
excecuting path...
current error: , 0.277067
current error: , 0.277067
current error: , 0.19335
current error: , 0.109571
current error: , 0.026657
current error: , 0.002564
Final error:, 0.001755
Execution successful
Goal signal recieved..
Planning ...
Collision pairs set
goal state set
Using RRT Connect
task setup complete
solving task...
OMPL states:, 200.
path found
valid path found, generating trajectory...
Trajectory points:, 1000.
Duration:, 3.475284
excecuting path...
current error: , 0.08333
current error: , 0.08333
current error: , 0.012618
Final error:, 0.001899
Execution successful
Goal signal recieved..
Planning ...
Collision pairs set
goal state set
Using RRT Connect
task setup complete
solving task...
OMPL states:, 200.
path found
valid path found, generating trajectory...
Trajectory points:, 1000.
Duration:, 4.242627
excecuting path...
current error: , 0.570449
current error: , 0.570449
current error: , 0.48744
current error: , 0.404258
current error: , 0.321048
current error: , 0.238167
current error: , 0.155213
current error: , 0.072458
current error: , 0.009006
Final error:, 0.002012
Execution successful
Goal signal recieved..
Planning ...
Collision pairs set
goal state set
Using RRT Connect
task setup complete
solving task...
OMPL states:, 200.
path found
valid path found, generating trajectory...
Trajectory points:, 1000.
Duration:, 8.362792
excecuting path...
current error: , 0.044894
current error: , 0.044894
current error: , 0.004447
Final error:, 0.001389
Execution successful
Goal signal recieved..
Planning ...
Collision pairs set
goal state set
Using RRT Connect
task setup complete
solving task...
OMPL states:, 200.
path found
valid path found, generating trajectory...
Trajectory points:, 1000.
Duration:, 3.080328
excecuting path...
current error: , 0.003254
Final error:, 0.003254
Execution successful
Goal signal recieved..
Planning ...
Collision pairs set
goal state set
Using RRT Connect
task setup complete
solving task...
OMPL states:, 200.
path found
valid path found, generating trajectory...
Trajectory points:, 1000.
Duration:, 2.701983
excecuting path...
current error: , 0.004744
Final error:, 0.004744
Execution successful
Goal signal recieved..
Planning ...
Collision pairs set
goal state set
Using RRT Connect
task setup complete
solving task...
OMPL states:, 200.
path found
valid path found, generating trajectory...
Trajectory points:, 1000.
Duration:, 0.621138
excecuting path...
current error: , 0.004806
Final error:, 0.004806
Execution successful
Goal signal recieved..
Planning ...
Collision pairs set
goal state set
Using RRT Connect
task setup complete
solving task...
OMPL states:, 200.
path found
valid path found, generating trajectory...
Trajectory points:, 1000.
Duration:, 1.627322
excecuting path...
current error: , 0.001697
Final error:, 0.001697
Execution successful
Goal signal recieved..
Planning ...
Collision pairs set
goal state set
Using RRT Connect
task setup complete
solving task...
OMPL states:, 200.
path found
valid path found, generating trajectory...
Trajectory points:, 1000.
Duration:, 9.937887
excecuting path...
current error: , 0.161484
current error: , 0.161484
current error: , 0.077761
current error: , 0.01031
Final error:, 0.001371
Execution successful
Goal signal recieved..
Planning ...
Collision pairs set
goal state set
Using RRT Connect
task setup complete
solving task...
OMPL states:, 200.
path found
valid path found, generating trajectory...
Trajectory points:, 1000.
Duration:, 3.400355
excecuting path...
current error: , 0.022697
current error: , 0.022697
current error: , 0.002432
Final error:, 0.001344
Execution successful
Goal signal recieved..
Planning ...
Collision pairs set
goal state set
Using RRT Connect
task setup complete
solving task...
OMPL states:, 200.
path found
valid path found, generating trajectory...
Trajectory points:, 1000.
Duration:, 1.518512
excecuting path...
current error: , 0.003617
Final error:, 0.003617
Execution successful
Goal signal recieved..
Planning ...
Collision pairs set
goal state set
Using RRT Connect
task setup complete
solving task...
OMPL states:, 200.
path found
valid path found, generating trajectory...
Trajectory points:, 1000.
Duration:, 8.720016
excecuting path...
current error: , 0.48105
current error: , 0.48105
current error: , 0.398076
current error: , 0.314904
current error: , 0.232087
current error: , 0.148935
current error: , 0.065781
current error: , 0.007297
Final error:, 0.001568
Execution successful
Goal signal recieved..
Planning ...
Collision pairs set
goal state set
Using RRT Connect
task setup complete
solving task...
OMPL states:, 200.
path found
valid path found, generating trajectory...
Trajectory points:, 1000.
Duration:, 2.083117
excecuting path...
current error: , 0.00204
Final error:, 0.00204
Execution successful
Goal signal recieved..
Planning ...
Collision pairs set
goal state set
Using RRT Connect
task setup complete
solving task...
OMPL states:, 200.
path found
valid path found, generating trajectory...
Trajectory points:, 1000.
Duration:, 4.241546
excecuting path...
current error: , 0.57127
current error: , 0.57127
current error: , 0.48815
current error: , 0.405266
current error: , 0.321929
current error: , 0.238854
current error: , 0.155915
current error: , 0.07262
current error: , 0.009077
Final error:, 0.001907
Execution successful
Goal signal recieved..
Planning ...
Collision pairs set
goal state set
Using RRT Connect
task setup complete
solving task...
Goal signal recieved..
Planning ...
Collision pairs set
goal state set
Using RRT Connect
task setup complete
solving task...
Goal signal recieved..
Planning ...
Collision pairs set
goal state set
Using RRT Connect
task setup complete
solving task...
Goal signal recieved..
Planning ...
Collision pairs set
goal state set
Using RRT Connect
task setup complete
solving task...
Goal signal recieved..
Planning ...
Collision pairs set
goal state set
Using RRT Connect
task setup complete
solving task...
OMPL states:, 200.
path found
valid path found, generating trajectory...
Trajectory points:, 1000.
Duration:, 5.613514
excecuting path...
current error: , 1.749786
current error: , 1.749786
current error: , 1.666096
current error: , 1.582389
current error: , 1.498712
current error: , 1.41501
current error: , 1.331308
current error: , 1.247631
current error: , 1.163959
current error: , 1.080285
current error: , 0.996586
current error: , 0.912924
current error: , 0.829245
current error: , 0.745557
current error: , 0.661908
current error: , 0.578221
current error: , 0.494494
current error: , 0.41083
current error: , 0.327101
current error: , 0.243373
current error: , 0.159661
current error: , 0.075925
current error: , 0.009709
Final error:, 0.001432
Execution successful
Goal signal recieved..
Planning ...
Collision pairs set
goal state set
Using RRT Connect
task setup complete
solving task...
OMPL states:, 200.
path found
valid path found, generating trajectory...
Trajectory points:, 1000.
Duration:, 3.249828
excecuting path...
current error: , 0.004313
Final error:, 0.004313
Execution successful
Goal signal recieved..
Planning ...
Collision pairs set
goal state set
Using RRT Connect
task setup complete
solving task...
OMPL states:, 200.
path found
valid path found, generating trajectory...
Trajectory points:, 1000.
Duration:, 5.635897
excecuting path...
current error: , 0.003921
Final error:, 0.003921
Execution successful
Goal signal recieved..
Planning ...
Collision pairs set
goal state set
Using RRT Connect
task setup complete
solving task...
OMPL states:, 200.
path found
valid path found, generating trajectory...
Trajectory points:, 1000.
Duration:, 3.337406
excecuting path...
current error: , 0.013413
Final error:, 0.013413
Execution successful
Goal signal recieved..
Planning ...
Collision pairs set
goal state set
Using RRT Connect
task setup complete
solving task...
OMPL states:, 200.
path found
valid path found, generating trajectory...
Trajectory points:, 1000.
Duration:, 7.746005
excecuting path...
current error: , 0.121773
current error: , 0.121773
current error: , 0.038104
current error: , 0.00352
Final error:, 0.001241
Execution successful
Goal signal recieved..
Planning ...
Collision pairs set
goal state set
Using RRT Connect
task setup complete
solving task...
Goal signal recieved..
Planning ...
Collision pairs set
goal state set
Using RRT Connect
task setup complete
solving task...
OMPL states:, 200.
path found
valid path found, generating trajectory...
Trajectory points:, 1000.
Duration:, 7.97897
excecuting path...
current error: , 0.318127
current error: , 0.318127
current error: , 0.221829
current error: , 0.137734
current error: , 0.054116
current error: , 0.005183
Final error:, 0.001399
Execution successful
Goal signal recieved..
Planning ...
Collision pairs set
goal state set
Using RRT Connect
task setup complete
solving task...
OMPL states:, 200.
path found
valid path found, generating trajectory...
Trajectory points:, 1000.
Duration:, 4.240466
excecuting path...
current error: , 0.5832
current error: , 0.5832
current error: , 0.492916
current error: , 0.409274
current error: , 0.325968
current error: , 0.24291
current error: , 0.159938
current error: , 0.076892
current error: , 0.01008
Final error:, 0.001248
Execution successful
Goal signal recieved..
Planning ...
Collision pairs set
goal state set
Using RRT Connect
task setup complete
solving task...
OMPL states:, 200.
path found
valid path found, generating trajectory...
Trajectory points:, 1000.
Duration:, 6.570936
excecuting path...
current error: , 0.002111
Final error:, 0.002111
Execution successful
Goal signal recieved..
Planning ...
Collision pairs set
goal state set
Using RRT Connect
task setup complete
solving task...
Goal signal recieved..
Planning ...
Collision pairs set
goal state set
Using RRT Connect
task setup complete
solving task...
OMPL states:, 200.
path found
valid path found, generating trajectory...
Trajectory points:, 1000.
Duration:, 4.240953
excecuting path...
current error: , 0.58041
current error: , 0.58041
current error: , 0.492241
current error: , 0.409006
current error: , 0.326055
current error: , 0.24315
current error: , 0.159901
current error: , 0.076899
current error: , 0.010633
Final error:, 0.0025
Execution successful
Goal signal recieved..
Planning ...
Collision pairs set
goal state set
Using RRT Connect
task setup complete
solving task...
OMPL states:, 200.
path found
valid path found, generating trajectory...
Trajectory points:, 1000.
Duration:, 5.339255
excecuting path...
current error: , 1.514998
current error: , 1.514998
current error: , 1.43131
current error: , 1.347618
current error: , 1.263909
current error: , 1.1802
current error: , 1.096502
current error: , 1.012816
current error: , 0.929136
current error: , 0.84543
current error: , 0.761703
current error: , 0.677954
current error: , 0.594259
current error: , 0.510556
current error: , 0.426885
current error: , 0.343178
current error: , 0.259444
current error: , 0.175728
current error: , 0.092003
current error: , 0.015719
Final error:, 0.001622
Execution successful
Goal signal recieved..
Planning ...
Collision pairs set
goal state set
Using RRT Connect
task setup complete
solving task...
OMPL states:, 200.
path found
valid path found, generating trajectory...
Trajectory points:, 1000.
Duration:, 1.574936
excecuting path...
current error: , 0.001914
Final error:, 0.001914
Execution successful
Goal signal recieved..
Planning ...
Collision pairs set
goal state set
Using RRT Connect
task setup complete
solving task...
OMPL states:, 200.
path found
valid path found, generating trajectory...
Trajectory points:, 1000.
Duration:, 4.242272
excecuting path...
current error: , 0.574905
current error: , 0.574905
current error: , 0.49225
current error: , 0.409342
current error: , 0.326287
current error: , 0.243525
current error: , 0.16048
current error: , 0.07757
current error: , 0.010334
Final error:, 0.001578
Execution successful
Goal signal recieved..
Planning ...
Collision pairs set
goal state set
Using RRT Connect
task setup complete
solving task...
OMPL states:, 200.
path found
valid path found, generating trajectory...
Trajectory points:, 1000.
Duration:, 1.203816
excecuting path...
current error: , 0.002459
Final error:, 0.002459
Execution successful
Goal signal recieved..
Planning ...
Collision pairs set
goal state set
Using RRT Connect
task setup complete
solving task...
Goal signal recieved..
Planning ...
Collision pairs set
goal state set
Using RRT Connect
task setup complete
solving task...
OMPL states:, 200.
path found
valid path found, generating trajectory...
Trajectory points:, 1000.
Duration:, 1.843088
excecuting path...
current error: , 0.001265
Final error:, 0.001265
Execution successful
Goal signal recieved..
Planning ...
Collision pairs set
goal state set
Using RRT Connect
task setup complete
solving task...
OMPL states:, 200.
path found
valid path found, generating trajectory...
Trajectory points:, 1000.
Duration:, 3.728345
excecuting path...
current error: , 0.209311
current error: , 0.209311
current error: , 0.126306
current error: , 0.043394
current error: , 0.004257
Final error:, 0.001113
Execution successful
Goal signal recieved..
Planning ...
Collision pairs set
goal state set
Using RRT Connect
task setup complete
solving task...
OMPL states:, 200.
path found
valid path found, generating trajectory...
Trajectory points:, 1000.
Duration:, 7.534759
excecuting path...
current error: , 0.184504
current error: , 0.184504
current error: , 0.100754
current error: , 0.020828
current error: , 0.003068
Final error:, 0.001829
Execution successful
Goal signal recieved..
Planning ...
Collision pairs set
goal state set
Using RRT Connect
task setup complete
solving task...
OMPL states:, 200.
path found
valid path found, generating trajectory...
Trajectory points:, 1000.
Duration:, 4.181226
excecuting path...
current error: , 0.546681
current error: , 0.546681
current error: , 0.462946
current error: , 0.379224
current error: , 0.295547
current error: , 0.211862
current error: , 0.128142
current error: , 0.044458
current error: , 0.005017
Final error:, 0.002042
Execution successful
Goal signal recieved..
Planning ...
Collision pairs set
goal state set
Using RRT Connect
task setup complete
solving task...
OMPL states:, 200.
path found
valid path found, generating trajectory...
Trajectory points:, 1000.
Duration:, 4.181206
excecuting path...
current error: , 0.515777
current error: , 0.515777
current error: , 0.43201
current error: , 0.348239
current error: , 0.264472
current error: , 0.180718
current error: , 0.09697
current error: , 0.018308
Final error:, 0.002368
Execution successful
Goal signal recieved..
Planning ...
Collision pairs set
goal state set
Using RRT Connect
task setup complete
solving task...
OMPL states:, 200.
path found
valid path found, generating trajectory...
Trajectory points:, 1000.
Duration:, 3.723076
excecuting path...
current error: , 0.22805
current error: , 0.22805
current error: , 0.145185
current error: , 0.062266
current error: , 0.007214
Final error:, 0.001853
Execution successful
Goal signal recieved..
Planning ...
Collision pairs set
goal state set
Using RRT Connect
task setup complete
solving task...
OMPL states:, 200.
path found
valid path found, generating trajectory...
Trajectory points:, 1000.
Duration:, 3.319677
excecuting path...
current error: , 0.03197
current error: , 0.03197
current error: , 0.005648
Final error:, 0.00389
Execution successful
Goal signal recieved..
Planning ...
Collision pairs set
goal state set
Using RRT Connect
task setup complete
solving task...
OMPL states:, 200.
path found
valid path found, generating trajectory...
Trajectory points:, 1000.
Duration:, 11.816691
excecuting path...
current error: , 0.488626
current error: , 0.488626
current error: , 0.404957
current error: , 0.321236
current error: , 0.237555
current error: , 0.153857
current error: , 0.070175
current error: , 0.009065
Final error:, 0.002325
Execution successful
Goal signal recieved..
Planning ...
Collision pairs set
goal state set
Using RRT Connect
task setup complete
solving task...
Goal signal recieved..
Planning ...
Collision pairs set
goal state set
Using RRT Connect
task setup complete
solving task...
Goal signal recieved..
Planning ...
Collision pairs set
goal state set
Using RRT Connect
task setup complete
solving task...
OMPL states:, 200.
path found
valid path found, generating trajectory...
Trajectory points:, 1000.
Duration:, 4.238435
excecuting path...
current error: , 0.850897
current error: , 0.850897
current error: , 0.733064
current error: , 0.615149
current error: , 0.497452
current error: , 0.380036
current error: , 0.26281
current error: , 0.14636
current error: , 0.04055
current error: , 0.006187
Final error:, 0.003634
Execution successful
Goal signal recieved..
Planning ...
Collision pairs set
goal state set
Using RRT Connect
task setup complete
solving task...
OMPL states:, 200.
path found
valid path found, generating trajectory...
Trajectory points:, 1000.
Duration:, 4.234059
excecuting path...
current error: , 0.619131
current error: , 0.619131
current error: , 0.531592
current error: , 0.448336
current error: , 0.365434
current error: , 0.282558
current error: , 0.199671
current error: , 0.116728
current error: , 0.033933
current error: , 0.004978
Final error:, 0.003044
Execution successful
Goal signal recieved..
Planning ...
Collision pairs set
goal state set
Using RRT Connect
task setup complete
solving task...
OMPL states:, 200.
path found
valid path found, generating trajectory...
Trajectory points:, 1000.
Duration:, 6.300391
excecuting path...
current error: , 0.003117
Final error:, 0.003117
Execution successful
Goal signal recieved..
Planning ...
Collision pairs set
goal state set
Using RRT Connect
task setup complete
solving task...
OMPL states:, 200.
path found
valid path found, generating trajectory...
Trajectory points:, 1000.
Duration:, 3.481787
excecuting path...
current error: , 0.089659
current error: , 0.089659
current error: , 0.015183
Final error:, 0.002138
Execution successful
Goal signal recieved..
Planning ...
Collision pairs set
goal state set
Using RRT Connect
task setup complete
solving task...
Goal signal recieved..
Planning ...
Collision pairs set
goal state set
Using RRT Connect
task setup complete
solving task...
OMPL states:, 200.
path found
valid path found, generating trajectory...
Trajectory points:, 1000.
Duration:, 8.428078
excecuting path...
current error: , 0.745763
current error: , 0.745763
current error: , 0.658538
current error: , 0.574779
current error: , 0.491056
current error: , 0.407318
current error: , 0.323637
current error: , 0.239992
current error: , 0.156336
current error: , 0.072639
current error: , 0.010056
Final error:, 0.002913
Execution successful
Goal signal recieved..
Planning ...
Collision pairs set
goal state set
Using RRT Connect
task setup complete
solving task...
OMPL states:, 200.
path found
valid path found, generating trajectory...
Trajectory points:, 1000.
Duration:, 1.478029
excecuting path...
current error: , 0.002739
Final error:, 0.002739
Execution successful
Goal signal recieved..
Planning ...
Collision pairs set
goal state set
Using RRT Connect
task setup complete
solving task...
OMPL states:, 200.
path found
valid path found, generating trajectory...
Trajectory points:, 1000.
Duration:, 3.587704
excecuting path...
current error: , 0.159315
current error: , 0.159315
current error: , 0.075586
current error: , 0.010727
Final error:, 0.002572
Execution successful
Goal signal recieved..
Planning ...
Collision pairs set
goal state set
Using RRT Connect
task setup complete
solving task...
OMPL states:, 200.
path found
valid path found, generating trajectory...
Trajectory points:, 1000.
Duration:, 3.209478
excecuting path...
current error: , 0.0022
Final error:, 0.0022
Execution successful
Goal signal recieved..
Planning ...
Collision pairs set
goal state set
Using RRT Connect
task setup complete
solving task...
OMPL states:, 200.
path found
valid path found, generating trajectory...
Trajectory points:, 1000.
Duration:, 1.757701
excecuting path...
current error: , 0.004368
Final error:, 0.004368
Execution successful
Goal signal recieved..
Planning ...
Collision pairs set
goal state set
Using RRT Connect
task setup complete
solving task...
OMPL states:, 200.
path found
valid path found, generating trajectory...
Trajectory points:, 1000.
Duration:, 7.7158
excecuting path...
current error: , 0.272144
current error: , 0.272144
current error: , 0.154287
current error: , 0.041789
current error: , 0.006047
Final error:, 0.003468
Execution successful
Goal signal recieved..
Planning ...
Collision pairs set
goal state set
Using RRT Connect
task setup complete
solving task...
OMPL states:, 200.
path found
valid path found, generating trajectory...
Trajectory points:, 1000.
Duration:, 8.849571
excecuting path...
current error: , 0.003129
Final error:, 0.003129
Execution successful
Goal signal recieved..
Planning ...
Collision pairs set
goal state set
Using RRT Connect
task setup complete
solving task...
OMPL states:, 200.
path found
valid path found, generating trajectory...
Trajectory points:, 1000.
Duration:, 3.391277
excecuting path...
current error: , 0.032224
current error: , 0.032224
current error: , 0.003225
Final error:, 0.001693
Execution successful
Goal signal recieved..
Planning ...
Collision pairs set
goal state set
Using RRT Connect
task setup complete
solving task...
OMPL states:, 200.
path found
valid path found, generating trajectory...
Trajectory points:, 1000.
Duration:, 6.911347
excecuting path...
current error: , 0.143388
current error: , 0.143388
current error: , 0.05423
current error: , 0.00535
Final error:, 0.000924
Execution successful
Goal signal recieved..
Planning ...
Collision pairs set
goal state set
Using RRT Connect
task setup complete
solving task...
OMPL states:, 200.
path found
valid path found, generating trajectory...
Trajectory points:, 1000.
Duration:, 2.285068
excecuting path...
current error: , 0.002747
Final error:, 0.002747
Execution successful
Goal signal recieved..
Planning ...
Collision pairs set
goal state set
Using RRT Connect
task setup complete
solving task...
OMPL states:, 200.
path found
valid path found, generating trajectory...
Trajectory points:, 1000.
Duration:, 8.738265
excecuting path...
current error: , 1.166442
current error: , 1.166442
current error: , 1.090182
current error: , 1.012975
current error: , 0.936151
current error: , 0.859777
current error: , 0.782622
current error: , 0.706998
current error: , 0.633787
current error: , 0.56203
current error: , 0.492785
current error: , 0.428618
current error: , 0.367797
current error: , 0.307514
current error: , 0.189257
current error: , 0.071244
current error: , 0.006435
Final error:, 0.000901
Execution successful
Goal signal recieved..
Planning ...
Collision pairs set
goal state set
Using RRT Connect
task setup complete
solving task...
OMPL states:, 200.
path found
valid path found, generating trajectory...
Trajectory points:, 1000.
Duration:, 8.626489
excecuting path...
current error: , 1.604155
current error: , 1.604155
current error: , 1.520503
current error: , 1.436781
current error: , 1.35312
current error: , 1.269426
current error: , 1.185743
current error: , 1.102069
current error: , 1.018364
current error: , 0.93469
current error: , 0.850986
current error: , 0.767291
current error: , 0.683608
current error: , 0.599879
current error: , 0.51615
current error: , 0.432441
current error: , 0.348696
current error: , 0.264968
current error: , 0.181274
current error: , 0.097594
current error: , 0.019276
Final error:, 0.003118
Execution successful
[sandboxScript:info]   Simulation stopping...
[sandboxScript:info]   Simulation stopped.
[sandboxScript:info]   Simulation started.
[CoppeliaSim:warning]   Detected non-default settings (time steps and/or dyn. engine global settings).
Goal signal recieved..
Planning ...
Collision pairs set
goal state set
Using RRT Connect
task setup complete
solving task...
OMPL states:, 200.
path found
valid path found, generating trajectory...
Trajectory points:, 1000.
Duration:, 3.902187
excecuting path...
current error: , 0.325007
current error: , 0.325007
current error: , 0.241305
current error: , 0.1576
current error: , 0.073912
current error: , 0.009193
Final error:, 0.000943
Execution successful
Goal signal recieved..
Planning ...
Collision pairs set
goal state set
Using RRT Connect
task setup complete
solving task...
OMPL states:, 200.
path found
valid path found, generating trajectory...
Trajectory points:, 1000.
Duration:, 4.92778
excecuting path...
current error: , 1.160544
current error: , 1.160544
current error: , 1.066132
current error: , 0.976736
current error: , 0.892526
current error: , 0.808846
current error: , 0.725126
current error: , 0.641437
current error: , 0.557746
current error: , 0.474097
current error: , 0.390384
current error: , 0.306738
current error: , 0.223051
current error: , 0.139385
current error: , 0.055731
current error: , 0.005385
Final error:, 0.000842
Execution successful
Goal signal recieved..
Planning ...
Collision pairs set
goal state set
Using RRT Connect
task setup complete
solving task...
OMPL states:, 200.
path found
valid path found, generating trajectory...
Trajectory points:, 1000.
Duration:, 1.787687
excecuting path...
current error: , 0.003686
Final error:, 0.003686
Execution successful
Goal signal recieved..
Planning ...
Collision pairs set
goal state set
Using RRT Connect
task setup complete
solving task...
OMPL states:, 200.
path found
valid path found, generating trajectory...
Trajectory points:, 1000.
Duration:, 9.702943
excecuting path...
current error: , 2.028757
current error: , 2.028757
current error: , 1.917167
current error: , 1.806387
current error: , 1.69669
current error: , 1.588024
current error: , 1.480916
current error: , 1.375442
current error: , 1.272205
current error: , 1.171929
current error: , 1.07539
current error: , 0.983271
current error: , 0.897317
current error: , 0.814099
current error: , 0.731039
current error: , 0.647928
current error: , 0.564772
current error: , 0.48145
current error: , 0.398453
current error: , 0.315197
current error: , 0.232392
current error: , 0.149263
current error: , 0.066282
current error: , 0.007545
Final error:, 0.001899
Execution successful
Goal signal recieved..
Planning ...
Collision pairs set
goal state set
Using RRT Connect
task setup complete
solving task...
OMPL states:, 200.
path found
valid path found, generating trajectory...
Trajectory points:, 1000.
Duration:, 3.400903
excecuting path...
current error: , 0.043153
current error: , 0.043153
current error: , 0.004201
Final error:, 0.001472
Execution successful
Goal signal recieved..
Planning ...
Collision pairs set
goal state set
Using RRT Connect
task setup complete
solving task...
OMPL states:, 200.
path found
valid path found, generating trajectory...
Trajectory points:, 1000.
Duration:, 10.095889
excecuting path...
current error: , 0.002365
Final error:, 0.002365
Execution successful
Goal signal recieved..
Planning ...
Collision pairs set
goal state set
Using RRT Connect
task setup complete
solving task...
OMPL states:, 200.
path found
valid path found, generating trajectory...
Trajectory points:, 1000.
Duration:, 3.476848
excecuting path...
current error: , 0.088297
current error: , 0.088297
current error: , 0.014642
Final error:, 0.002324
Execution successful
Goal signal recieved..
Planning ...
Collision pairs set
goal state set
Using RRT Connect
task setup complete
solving task...
OMPL states:, 200.
path found
valid path found, generating trajectory...
Trajectory points:, 1000.
Duration:, 0.258617
excecuting path...
current error: , 0.003296
Final error:, 0.003296
Execution successful
Goal signal recieved..
Planning ...
Collision pairs set
goal state set
Using RRT Connect
task setup complete
solving task...
OMPL states:, 200.
path found
valid path found, generating trajectory...
Trajectory points:, 1000.
Duration:, 2.073965
excecuting path...
current error: , 0.003227
Final error:, 0.003227
Execution successful
Goal signal recieved..
Planning ...
Collision pairs set
goal state set
Using RRT Connect
task setup complete
solving task...
OMPL states:, 200.
path found
valid path found, generating trajectory...
Trajectory points:, 1000.
Duration:, 7.880248
excecuting path...
current error: , 0.205567
current error: , 0.205567
current error: , 0.121661
current error: , 0.037716
current error: , 0.00317
Final error:, 0.001226
Execution successful
Goal signal recieved..
Planning ...
Collision pairs set
goal state set
Using RRT Connect
task setup complete
solving task...
OMPL states:, 200.
path found
valid path found, generating trajectory...
Trajectory points:, 1000.
Duration:, 3.407403
excecuting path...
current error: , 0.050835
current error: , 0.050835
current error: , 0.005445
Final error:, 0.001377
Execution successful
Goal signal recieved..
Planning ...
Collision pairs set
goal state set
Using RRT Connect
task setup complete
solving task...
OMPL states:, 200.
path found
valid path found, generating trajectory...
Trajectory points:, 1000.
Duration:, 9.170523
excecuting path...
current error: , 0.003941
Final error:, 0.003941
Execution successful
Goal signal recieved..
Planning ...
Collision pairs set
goal state set
Using RRT Connect
task setup complete
solving task...
OMPL states:, 200.
path found
valid path found, generating trajectory...
Trajectory points:, 1000.
Duration:, 3.935542
excecuting path...
current error: , 0.335841
current error: , 0.335841
current error: , 0.252106
current error: , 0.168383
current error: , 0.084647
current error: , 0.012648
Final error:, 0.00167
Execution successful
Goal signal recieved..
Planning ...
Collision pairs set
goal state set
Using RRT Connect
task setup complete
solving task...
OMPL states:, 200.
path found
valid path found, generating trajectory...
Trajectory points:, 1000.
Duration:, 6.700128
excecuting path...
current error: , 0.003958
Final error:, 0.003958
Execution successful
Goal signal recieved..
Planning ...
Collision pairs set
goal state set
Using RRT Connect
task setup complete
solving task...
OMPL states:, 200.
path found
valid path found, generating trajectory...
Trajectory points:, 1000.
Duration:, 3.427922
excecuting path...
current error: , 0.074466
current error: , 0.074466
current error: , 0.010685
Final error:, 0.003121
Execution successful
Goal signal recieved..
Planning ...
Collision pairs set
goal state set
Using RRT Connect
task setup complete
solving task...
OMPL states:, 200.
path found
valid path found, generating trajectory...
Trajectory points:, 1000.
Duration:, 8.362197
excecuting path...
current error: , 0.130295
current error: , 0.130295
current error: , 0.046525
current error: , 0.004256
Final error:, 0.001356
Execution successful
Goal signal recieved..
Planning ...
Collision pairs set
goal state set
Using RRT Connect
task setup complete
solving task...
OMPL states:, 200.
path found
valid path found, generating trajectory...
Trajectory points:, 1000.
Duration:, 4.241995
excecuting path...
current error: , 0.568376
current error: , 0.568376
current error: , 0.484986
current error: , 0.402279
current error: , 0.319236
current error: , 0.236338
current error: , 0.153352
current error: , 0.070151
current error: , 0.008339
Final error:, 0.001459
Execution successful
Goal signal recieved..
Planning ...
Collision pairs set
goal state set
Using RRT Connect
task setup complete
solving task...
OMPL states:, 200.
path found
valid path found, generating trajectory...
Trajectory points:, 1000.
Duration:, 6.367993
excecuting path...
current error: , 0.002998
Final error:, 0.002998
Execution successful
Goal signal recieved..
Planning ...
Collision pairs set
goal state set
Using RRT Connect
task setup complete
solving task...
OMPL states:, 200.
path found
valid path found, generating trajectory...
Trajectory points:, 1000.
Duration:, 7.86352
excecuting path...
current error: , 0.002134
Final error:, 0.002134
Execution successful
Goal signal recieved..
Planning ...
Collision pairs set
goal state set
Using RRT Connect
task setup complete
solving task...
OMPL states:, 200.
path found
valid path found, generating trajectory...
Trajectory points:, 1000.
Duration:, 3.021235
excecuting path...
current error: , 0.0022
Final error:, 0.0022
Execution successful
Goal signal recieved..
Planning ...
Collision pairs set
goal state set
Using RRT Connect
task setup complete
solving task...
OMPL states:, 200.
path found
valid path found, generating trajectory...
Trajectory points:, 1000.
Duration:, 12.297798
excecuting path...
current error: , 0.132808
current error: , 0.132808
current error: , 0.049099
current error: , 0.004495
Final error:, 0.001149
Execution successful
Goal signal recieved..
Planning ...
Collision pairs set
goal state set
Using RRT Connect
task setup complete
solving task...
OMPL states:, 200.
path found
valid path found, generating trajectory...
Trajectory points:, 1000.
Duration:, 2.004623
excecuting path...
current error: , 0.001774
Final error:, 0.001774
Execution successful
Goal signal recieved..
Planning ...
Collision pairs set
goal state set
Using RRT Connect
task setup complete
solving task...
OMPL states:, 200.
path found
valid path found, generating trajectory...
Trajectory points:, 1000.
Duration:, 6.508513
excecuting path...
current error: , 0.504602
current error: , 0.504602
current error: , 0.390895
current error: , 0.281043
current error: , 0.182679
current error: , 0.098494
current error: , 0.019238
Final error:, 0.002239
Execution successful
Goal signal recieved..
Planning ...
Collision pairs set
goal state set
Using RRT Connect
task setup complete
solving task...
OMPL states:, 200.
path found
valid path found, generating trajectory...
Trajectory points:, 1000.
Duration:, 3.092213
excecuting path...
current error: , 0.002272
Final error:, 0.002272
Execution successful
[sandboxScript:info]   Simulation stopping...
[sandboxScript:info]   Simulation stopped.
[sandboxScript:info]   Simulation started.
[CoppeliaSim:warning]   Detected non-default settings (time steps and/or dyn. engine global settings).
Goal signal recieved..
Planning ...
Collision pairs set
goal state set
Using RRT Connect
task setup complete
solving task...
OMPL states:, 200.
path found
valid path found, generating trajectory...
Trajectory points:, 1000.
Duration:, 3.676473
excecuting path...
current error: , 0.188201
current error: , 0.188201
current error: , 0.08329
current error: , 0.01205
Final error:, 0.001624
Execution successful
Goal signal recieved..
Planning ...
Collision pairs set
goal state set
Using RRT Connect
task setup complete
solving task...
OMPL states:, 200.
path found
valid path found, generating trajectory...
Trajectory points:, 1000.
Duration:, 8.480393
excecuting path...
current error: , 0.695984
current error: , 0.695984
current error: , 0.587483
current error: , 0.483746
current error: , 0.388662
current error: , 0.304202
current error: , 0.220489
current error: , 0.13679
current error: , 0.053069
current error: , 0.005397
Final error:, 0.001284
Execution successful
Goal signal recieved..
Planning ...
Collision pairs set
goal state set
Using RRT Connect
task setup complete
solving task...
OMPL states:, 200.
path found
valid path found, generating trajectory...
Trajectory points:, 1000.
Duration:, 5.465179
excecuting path...
current error: , 1.624399
current error: , 1.624399
current error: , 1.540695
current error: , 1.457055
current error: , 1.373345
current error: , 1.289661
current error: , 1.20599
current error: , 1.12229
current error: , 1.038648
current error: , 0.954972
current error: , 0.871306
current error: , 0.787631
current error: , 0.70395
current error: , 0.620296
current error: , 0.536608
current error: , 0.452891
current error: , 0.36925
current error: , 0.285557
current error: , 0.201888
current error: , 0.118196
current error: , 0.034557
current error: , 0.003298
Final error:, 0.00118
Execution successful
Goal signal recieved..
Planning ...
Collision pairs set
goal state set
Using RRT Connect
task setup complete
solving task...
OMPL states:, 200.
path found
valid path found, generating trajectory...
Trajectory points:, 1000.
Duration:, 2.930352
excecuting path...
current error: , 0.003813
Final error:, 0.003813
Execution successful
Goal signal recieved..
Planning ...
Collision pairs set
goal state set
Using RRT Connect
task setup complete
solving task...
OMPL states:, 200.
path found
valid path found, generating trajectory...
Trajectory points:, 1000.
Duration:, 3.412427
excecuting path...
current error: , 0.061936
current error: , 0.061936
current error: , 0.006655
Final error:, 0.002161
Execution successful
Goal signal recieved..
Planning ...
Collision pairs set
goal state set
Using RRT Connect
task setup complete
solving task...
OMPL states:, 200.
path found
valid path found, generating trajectory...
Trajectory points:, 1000.
Duration:, 11.183634
excecuting path...
current error: , 0.663269
current error: , 0.663269
current error: , 0.558672
current error: , 0.461037
current error: , 0.374235
current error: , 0.290192
current error: , 0.20612
current error: , 0.122189
current error: , 0.038275
current error: , 0.00465
Final error:, 0.002236
Execution successful
Goal signal recieved..
Planning ...
Collision pairs set
goal state set
Using RRT Connect
task setup complete
solving task...
OMPL states:, 200.
path found
valid path found, generating trajectory...
Trajectory points:, 1000.
Duration:, 3.475693
excecuting path...
current error: , 0.060784
current error: , 0.060784
current error: , 0.006762
Final error:, 0.001559
Execution successful
Goal signal recieved..
Planning ...
Collision pairs set
goal state set
Using RRT Connect
task setup complete
solving task...
OMPL states:, 200.
path found
valid path found, generating trajectory...
Trajectory points:, 1000.
Duration:, 4.241997
excecuting path...
current error: , 0.637144
current error: , 0.637144
current error: , 0.527937
current error: , 0.422973
current error: , 0.327313
current error: , 0.243517
current error: , 0.16046
current error: , 0.077592
current error: , 0.010416
Final error:, 0.001682
Execution successful
Goal signal recieved..
Planning ...
Collision pairs set
goal state set
Using RRT Connect
task setup complete
solving task...
OMPL states:, 200.
path found
valid path found, generating trajectory...
Trajectory points:, 1000.
Duration:, 7.828144
excecuting path...
current error: , 0.002797
Final error:, 0.002797
Execution successful
Goal signal recieved..
Planning ...
Collision pairs set
goal state set
Using RRT Connect
task setup complete
solving task...
OMPL states:, 200.
path found
valid path found, generating trajectory...
Trajectory points:, 1000.
Duration:, 7.126633
excecuting path...
current error: , 0.98584
current error: , 0.98584
current error: , 0.902953
current error: , 0.819872
current error: , 0.736803
current error: , 0.653548
current error: , 0.570353
current error: , 0.487245
current error: , 0.404409
current error: , 0.321328
current error: , 0.238253
current error: , 0.155382
current error: , 0.072659
current error: , 0.008996
Final error:, 0.001488
Execution successful
Goal signal recieved..
Planning ...
Collision pairs set
goal state set
Using RRT Connect
task setup complete
solving task...
OMPL states:, 200.
path found
valid path found, generating trajectory...
Trajectory points:, 1000.
Duration:, 9.91612
excecuting path...
current error: , 0.011333
Final error:, 0.011333
Execution successful
Goal signal recieved..
Planning ...
Collision pairs set
goal state set
Using RRT Connect
task setup complete
solving task...
OMPL states:, 200.
path found
valid path found, generating trajectory...
Trajectory points:, 1000.
Duration:, 9.720817
excecuting path...
current error: , 0.002736
Final error:, 0.002736
Execution successful
Goal signal recieved..
Planning ...
Collision pairs set
goal state set
Using RRT Connect
task setup complete
solving task...
OMPL states:, 200.
path found
valid path found, generating trajectory...
Trajectory points:, 1000.
Duration:, 12.593606
excecuting path...
current error: , 0.582635
current error: , 0.582635
current error: , 0.442886
current error: , 0.308266
current error: , 0.190708
current error: , 0.104238
current error: , 0.022802
current error: , 0.002475
Final error:, 0.001226
Execution successful
Goal signal recieved..
Planning ...
Collision pairs set
goal state set
Using RRT Connect
task setup complete
solving task...
OMPL states:, 200.
path found
valid path found, generating trajectory...
Trajectory points:, 1000.
Duration:, 2.968356
excecuting path...
current error: , 0.002431
Final error:, 0.002431
Execution successful
Goal signal recieved..
Planning ...
Collision pairs set
goal state set
Using RRT Connect
task setup complete
solving task...
OMPL states:, 200.
path found
valid path found, generating trajectory...
Trajectory points:, 1000.
Duration:, 1.787078
excecuting path...
current error: , 0.001532
Final error:, 0.001532
Execution successful
Goal signal recieved..
Planning ...
Collision pairs set
goal state set
Using RRT Connect
task setup complete
solving task...
Goal signal recieved..
Planning ...
Collision pairs set
goal state set
Using RRT Connect
task setup complete
solving task...
OMPL states:, 200.
path found
valid path found, generating trajectory...
Trajectory points:, 1000.
Duration:, 2.447986
excecuting path...
current error: , 0.003049
Final error:, 0.003049
Execution successful
Goal signal recieved..
Planning ...
Collision pairs set
goal state set
Using RRT Connect
task setup complete
solving task...
OMPL states:, 200.
path found
valid path found, generating trajectory...
Trajectory points:, 1000.
Duration:, 4.241879
excecuting path...
current error: , 0.567307
current error: , 0.567307
current error: , 0.484039
current error: , 0.400978
current error: , 0.318089
current error: , 0.23493
current error: , 0.151877
current error: , 0.068758
current error: , 0.007945
Final error:, 0.001411
Execution successful
Goal signal recieved..
Planning ...
Collision pairs set
goal state set
Using RRT Connect
task setup complete
solving task...
OMPL states:, 200.
path found
valid path found, generating trajectory...
Trajectory points:, 1000.
Duration:, 0.567695
excecuting path...
current error: , 0.002299
Final error:, 0.002299
Execution successful
Goal signal recieved..
Planning ...
Collision pairs set
goal state set
Using RRT Connect
task setup complete
solving task...
OMPL states:, 200.
path found
valid path found, generating trajectory...
Trajectory points:, 1000.
Duration:, 3.733312
excecuting path...
current error: , 0.216249
current error: , 0.216249
current error: , 0.133065
current error: , 0.050233
current error: , 0.00481
Final error:, 0.001693
Execution successful
Goal signal recieved..
Planning ...
Collision pairs set
goal state set
Using RRT Connect
task setup complete
solving task...
OMPL states:, 200.
path found
valid path found, generating trajectory...
Trajectory points:, 1000.
Duration:, 0.310784
excecuting path...
current error: , 0.003176
Final error:, 0.003176
Execution successful
Goal signal recieved..
Planning ...
Collision pairs set
goal state set
Using RRT Connect
task setup complete
solving task...
OMPL states:, 200.
path found
valid path found, generating trajectory...
Trajectory points:, 1000.
Duration:, 1.692791
excecuting path...
current error: , 0.002015
Final error:, 0.002015
Execution successful
Goal signal recieved..
Planning ...
Collision pairs set
goal state set
Using RRT Connect
task setup complete
solving task...
OMPL states:, 200.
path found
valid path found, generating trajectory...
Trajectory points:, 1000.
Duration:, 12.816947
excecuting path...
current error: , 0.782055
current error: , 0.782055
current error: , 0.694429
current error: , 0.610653
current error: , 0.526933
current error: , 0.443273
current error: , 0.359556
current error: , 0.275842
current error: , 0.192137
current error: , 0.108432
current error: , 0.025715
current error: , 0.002329
Final error:, 0.000741
Execution successful
Goal signal recieved..
Planning ...
Collision pairs set
goal state set
Using RRT Connect
task setup complete
solving task...
OMPL states:, 200.
path found
valid path found, generating trajectory...
Trajectory points:, 1000.
Duration:, 4.241974
excecuting path...
current error: , 0.570383
current error: , 0.570383
current error: , 0.487319
current error: , 0.403995
current error: , 0.320858
current error: , 0.237612
current error: , 0.154479
current error: , 0.071403
current error: , 0.008642
Final error:, 0.001371
Execution successful
Goal signal recieved..
Planning ...
Collision pairs set
goal state set
Using RRT Connect
task setup complete
solving task...
OMPL states:, 200.
path found
valid path found, generating trajectory...
Trajectory points:, 1000.
Duration:, 3.579671
excecuting path...
current error: , 0.131055
current error: , 0.131055
current error: , 0.047784
current error: , 0.004532
Final error:, 0.001384
Execution successful
Goal signal recieved..
Planning ...
Collision pairs set
goal state set
Using RRT Connect
task setup complete
solving task...
OMPL states:, 200.
path found
valid path found, generating trajectory...
Trajectory points:, 1000.
Duration:, 1.778943
excecuting path...
current error: , 0.001996
Final error:, 0.001996
Execution successful
Goal signal recieved..
Planning ...
Collision pairs set
goal state set
Using RRT Connect
task setup complete
solving task...
OMPL states:, 200.
path found
valid path found, generating trajectory...
Trajectory points:, 1000.
Duration:, 0.548863
excecuting path...
current error: , 0.003244
Final error:, 0.003244
Execution successful
Goal signal recieved..
Planning ...
Collision pairs set
goal state set
Using RRT Connect
task setup complete
solving task...
OMPL states:, 200.
path found
valid path found, generating trajectory...
Trajectory points:, 1000.
Duration:, 1.768967
excecuting path...
current error: , 0.001831
Final error:, 0.001831
Execution successful
Goal signal recieved..
Planning ...
Collision pairs set
goal state set
Using RRT Connect
task setup complete
solving task...
OMPL states:, 200.
path found
valid path found, generating trajectory...
Trajectory points:, 1000.
Duration:, 3.578597
excecuting path...
current error: , 0.131917
current error: , 0.131917
current error: , 0.049091
current error: , 0.004614
Final error:, 0.001042
Execution successful
Goal signal recieved..
Planning ...
Collision pairs set
goal state set
Using RRT Connect
task setup complete
solving task...
OMPL states:, 200.
path found
valid path found, generating trajectory...
Trajectory points:, 1000.
Duration:, 6.399698
excecuting path...
current error: , 0.56086
current error: , 0.56086
current error: , 0.454823
current error: , 0.356354
current error: , 0.270405
current error: , 0.18666
current error: , 0.102979
current error: , 0.021998
current error: , 0.002441
Final error:, 0.001107
Execution successful
Goal signal recieved..
Planning ...
Collision pairs set
goal state set
Using RRT Connect
task setup complete
solving task...
OMPL states:, 200.
path found
valid path found, generating trajectory...
Trajectory points:, 1000.
Duration:, 4.241831
excecuting path...
current error: , 0.572113
current error: , 0.572113
current error: , 0.488992
current error: , 0.405856
current error: , 0.322883
current error: , 0.239943
current error: , 0.156805
current error: , 0.073946
current error: , 0.009365
Final error:, 0.001701
Execution successful
Goal signal recieved..
Planning ...
Collision pairs set
goal state set
Using RRT Connect
task setup complete
solving task...
OMPL states:, 200.
path found
valid path found, generating trajectory...
Trajectory points:, 1000.
Duration:, 8.027456
excecuting path...
current error: , 0.08968
current error: , 0.08968
current error: , 0.01477
Final error:, 0.001706
Execution successful
Goal signal recieved..
Planning ...
Collision pairs set
goal state set
Using RRT Connect
task setup complete
solving task...
OMPL states:, 200.
path found
valid path found, generating trajectory...
Trajectory points:, 1000.
Duration:, 4.979386
excecuting path...
current error: , 1.198014
current error: , 1.198014
current error: , 1.114206
current error: , 1.030394
current error: , 0.94656
current error: , 0.862753
current error: , 0.778958
current error: , 0.69519
current error: , 0.611404
current error: , 0.527623
current error: , 0.443831
current error: , 0.360116
current error: , 0.276402
current error: , 0.192689
current error: , 0.108948
current error: , 0.02616
current error: , 0.00251
Final error:, 0.001058
Execution successful
Goal signal recieved..
Planning ...
Collision pairs set
goal state set
Using RRT Connect
task setup complete
solving task...
OMPL states:, 200.
path found
valid path found, generating trajectory...
Trajectory points:, 1000.
Duration:, 1.787267
excecuting path...
current error: , 0.001754
Final error:, 0.001754
Execution successful
Goal signal recieved..
Planning ...
Collision pairs set
goal state set
Using RRT Connect
task setup complete
solving task...
OMPL states:, 200.
path found
valid path found, generating trajectory...
Trajectory points:, 1000.
Duration:, 0.628663
excecuting path...
current error: , 0.003349
Final error:, 0.003349
Execution successful
Goal signal recieved..
Planning ...
Collision pairs set
goal state set
Using RRT Connect
task setup complete
solving task...
OMPL states:, 200.
path found
valid path found, generating trajectory...
Trajectory points:, 1000.
Duration:, 8.768241
excecuting path...
current error: , 0.001846
Final error:, 0.001846
Execution successful
Goal signal recieved..
Planning ...
Collision pairs set
goal state set
Using RRT Connect
task setup complete
solving task...
Goal signal recieved..
Planning ...
Collision pairs set
goal state set
Using RRT Connect
task setup complete
solving task...
Goal signal recieved..
Planning ...
Collision pairs set
goal state set
Using RRT Connect
task setup complete
solving task...
OMPL states:, 200.
path found
valid path found, generating trajectory...
Trajectory points:, 1000.
Duration:, 7.597206
excecuting path...
current error: , 0.003787
Final error:, 0.003787
Execution successful
Goal signal recieved..
Planning ...
Collision pairs set
goal state set
Using RRT Connect
task setup complete
solving task...
OMPL states:, 200.
path found
valid path found, generating trajectory...
Trajectory points:, 1000.
Duration:, 7.967205
excecuting path...
current error: , 0.001975
Final error:, 0.001975
Execution successful
Goal signal recieved..
Planning ...
Collision pairs set
goal state set
Using RRT Connect
task setup complete
solving task...
Goal signal recieved..
Planning ...
Collision pairs set
goal state set
Using RRT Connect
task setup complete
solving task...
OMPL states:, 200.
path found
valid path found, generating trajectory...
Trajectory points:, 1000.
Duration:, 3.520652
excecuting path...
current error: , 0.080914
current error: , 0.080914
current error: , 0.011331
Final error:, 0.00187
Execution successful
Goal signal recieved..
Planning ...
Collision pairs set
goal state set
Using RRT Connect
task setup complete
solving task...
OMPL states:, 200.
path found
valid path found, generating trajectory...
Trajectory points:, 1000.
Duration:, 3.326824
excecuting path...
current error: , 0.014183
Final error:, 0.014183
Execution successful
Goal signal recieved..
Planning ...
Collision pairs set
goal state set
Using RRT Connect
task setup complete
solving task...
OMPL states:, 200.
path found
valid path found, generating trajectory...
Trajectory points:, 1000.
Duration:, 4.682921
excecuting path...
current error: , 0.954737
current error: , 0.954737
current error: , 0.871035
current error: , 0.787332
current error: , 0.703611
current error: , 0.619882
current error: , 0.536169
current error: , 0.452452
current error: , 0.368745
current error: , 0.285021
current error: , 0.20129
current error: , 0.117569
current error: , 0.033893
current error: , 0.003368
Final error:, 0.001152
Execution successful
Goal signal recieved..
Planning ...
Collision pairs set
goal state set
Using RRT Connect
task setup complete
solving task...
OMPL states:, 200.
path found
valid path found, generating trajectory...
Trajectory points:, 1000.
Duration:, 2.564967
excecuting path...
current error: , 0.001288
Final error:, 0.001288
Execution successful
Goal signal recieved..
Planning ...
Collision pairs set
goal state set
Using RRT Connect
task setup complete
solving task...
OMPL states:, 200.
path found
valid path found, generating trajectory...
Trajectory points:, 1000.
Duration:, 3.134346
excecuting path...
current error: , 0.004048
Final error:, 0.004048
Execution successful
Goal signal recieved..
Planning ...
Collision pairs set
goal state set
Using RRT Connect
task setup complete
solving task...
OMPL states:, 200.
path found
valid path found, generating trajectory...
Trajectory points:, 1000.
Duration:, 5.648401
excecuting path...
current error: , 0.002312
Final error:, 0.002312
Execution successful
Goal signal recieved..
Planning ...
Collision pairs set
goal state set
Using RRT Connect
task setup complete
solving task...
OMPL states:, 200.
path found
valid path found, generating trajectory...
Trajectory points:, 1000.
Duration:, 9.016159
excecuting path...
current error: , 0.497928
current error: , 0.497928
current error: , 0.414173
current error: , 0.330425
current error: , 0.246674
current error: , 0.162886
current error: , 0.079166
current error: , 0.010627
Final error:, 0.002444
Execution successful
Goal signal recieved..
Planning ...
Collision pairs set
goal state set
Using RRT Connect
task setup complete
solving task...
OMPL states:, 200.
path found
valid path found, generating trajectory...
Trajectory points:, 1000.
Duration:, 6.425441
excecuting path...
current error: , 0.001894
Final error:, 0.001894
Execution successful
Goal signal recieved..
Planning ...
Collision pairs set
goal state set
Using RRT Connect
task setup complete
solving task...
OMPL states:, 200.
path found
valid path found, generating trajectory...
Trajectory points:, 1000.
Duration:, 2.72266
excecuting path...
current error: , 0.001815
Final error:, 0.001815
Execution successful
Goal signal recieved..
Planning ...
Collision pairs set
goal state set
Using RRT Connect
task setup complete
solving task...
OMPL states:, 200.
path found
valid path found, generating trajectory...
Trajectory points:, 1000.
Duration:, 1.715307
excecuting path...
current error: , 0.005183
Final error:, 0.005183
Execution successful
Goal signal recieved..
Planning ...
Collision pairs set
goal state set
Using RRT Connect
task setup complete
solving task...
Goal signal recieved..
Planning ...
Collision pairs set
goal state set
Using RRT Connect
task setup complete
solving task...
OMPL states:, 200.
path found
valid path found, generating trajectory...
Trajectory points:, 1000.
Duration:, 7.277808
excecuting path...
current error: , 0.009764
Final error:, 0.009764
Execution successful
Goal signal recieved..
Planning ...
Collision pairs set
goal state set
Using RRT Connect
task setup complete
solving task...
OMPL states:, 200.
path found
valid path found, generating trajectory...
Trajectory points:, 1000.
Duration:, 2.776632
excecuting path...
current error: , 0.003994
Final error:, 0.003994
Execution successful
Goal signal recieved..
Planning ...
Collision pairs set
goal state set
Using RRT Connect
task setup complete
solving task...
OMPL states:, 200.
path found
valid path found, generating trajectory...
Trajectory points:, 1000.
Duration:, 10.738235
excecuting path...
current error: , 0.002395
Final error:, 0.002395
Execution successful
Goal signal recieved..
Planning ...
Collision pairs set
goal state set
Using RRT Connect
task setup complete
solving task...
Goal signal recieved..
Planning ...
Collision pairs set
goal state set
Using RRT Connect
task setup complete
solving task...
OMPL states:, 200.
path found
valid path found, generating trajectory...
Trajectory points:, 1000.
Duration:, 1.728406
excecuting path...
current error: , 0.001842
Final error:, 0.001842
Execution successful
Goal signal recieved..
Planning ...
Collision pairs set
goal state set
Using RRT Connect
task setup complete
solving task...
OMPL states:, 200.
path found
valid path found, generating trajectory...
Trajectory points:, 1000.
Duration:, 6.95532
excecuting path...
current error: , 0.043986
current error: , 0.043986
current error: , 0.005759
Final error:, 0.003013
Execution successful
Goal signal recieved..
Planning ...
Collision pairs set
goal state set
Using RRT Connect
task setup complete
solving task...
OMPL states:, 200.
path found
valid path found, generating trajectory...
Trajectory points:, 1000.
Duration:, 3.676389
excecuting path...
current error: , 0.189425
current error: , 0.189425
current error: , 0.105725
current error: , 0.023823
current error: , 0.002607
Final error:, 0.001444
Execution successful
Goal signal recieved..
Planning ...
Collision pairs set
goal state set
Using RRT Connect
task setup complete
solving task...
OMPL states:, 200.
path found
valid path found, generating trajectory...
Trajectory points:, 1000.
Duration:, 4.241933
excecuting path...
current error: , 0.568406
current error: , 0.568406
current error: , 0.485445
current error: , 0.402161
current error: , 0.319011
current error: , 0.236141
current error: , 0.153278
current error: , 0.070189
current error: , 0.008295
Final error:, 0.001427
Execution successful
Goal signal recieved..
Planning ...
Collision pairs set
goal state set
Using RRT Connect
task setup complete
solving task...
OMPL states:, 200.
path found
valid path found, generating trajectory...
Trajectory points:, 1000.
Duration:, 1.874058
excecuting path...
current error: , 0.002402
Final error:, 0.002402
Execution successful
Goal signal recieved..
Planning ...
Collision pairs set
goal state set
Using RRT Connect
task setup complete
solving task...
OMPL states:, 200.
path found
valid path found, generating trajectory...
Trajectory points:, 1000.
Duration:, 8.459271
excecuting path...
current error: , 0.004138
Final error:, 0.004138
Execution successful
Goal signal recieved..
Planning ...
Collision pairs set
goal state set
Using RRT Connect
task setup complete
solving task...
OMPL states:, 200.
path found
valid path found, generating trajectory...
Trajectory points:, 1000.
Duration:, 8.799664
excecuting path...
current error: , 0.669705
current error: , 0.669705
current error: , 0.586727
current error: , 0.503684
current error: , 0.420623
current error: , 0.337481
current error: , 0.254476
current error: , 0.171147
current error: , 0.087936
current error: , 0.015551
Final error:, 0.00373
Execution successful
Goal signal recieved..
Planning ...
Collision pairs set
goal state set
Using RRT Connect
task setup complete
solving task...
OMPL states:, 200.
path found
valid path found, generating trajectory...
Trajectory points:, 1000.
Duration:, 11.029775
excecuting path...
current error: , 1.49329
current error: , 1.49329
current error: , 1.410242
current error: , 1.326877
current error: , 1.243685
current error: , 1.16056
current error: , 1.077548
current error: , 0.9944
current error: , 0.910967
current error: , 0.827773
current error: , 0.744596
current error: , 0.661501
current error: , 0.578274
current error: , 0.495159
current error: , 0.412146
current error: , 0.329015
current error: , 0.245923
current error: , 0.162793
current error: , 0.079491
current error: , 0.011149
Final error:, 0.001533
Execution successful
Goal signal recieved..
Planning ...
Collision pairs set
goal state set
Using RRT Connect
task setup complete
solving task...
OMPL states:, 200.
path found
valid path found, generating trajectory...
Trajectory points:, 1000.
Duration:, 1.748696
excecuting path...
current error: , 0.003565
Final error:, 0.003565
Execution successful
Goal signal recieved..
Planning ...
Collision pairs set
goal state set
Using RRT Connect
task setup complete
solving task...
OMPL states:, 200.
path found
valid path found, generating trajectory...
Trajectory points:, 1000.
Duration:, 10.175117
excecuting path...
current error: , 1.372495
current error: , 1.372495
current error: , 1.257855
current error: , 1.143998
current error: , 1.031231
current error: , 0.919964
current error: , 0.810582
current error: , 0.704344
current error: , 0.602585
current error: , 0.50812
current error: , 0.42325
current error: , 0.339513
current error: , 0.255737
current error: , 0.172009
current error: , 0.088155
current error: , 0.013579
Final error:, 0.001597
Execution successful
Goal signal recieved..
Planning ...
Collision pairs set
goal state set
Using RRT Connect
task setup complete
solving task...
OMPL states:, 200.
path found
valid path found, generating trajectory...
Trajectory points:, 1000.
Duration:, 5.785917
excecuting path...
current error: , 0.430426
current error: , 0.430426
current error: , 0.323415
current error: , 0.228164
current error: , 0.144678
current error: , 0.061459
current error: , 0.006571
Final error:, 0.001005
Execution successful
[sandboxScript:info]   Simulation stopping...
[sandboxScript:info]   Simulation stopped.
[CoppeliaSim:loadinfo]   external exit request: 4
[Developer tools >> Commander >> Commander@addOnScript:loadinfo]   plugin simCmd: cleanup...
[Developer tools >> Commander >> Commander@addOnScript:loadinfo]   plugin simCmd: done.
[sandboxScript:info]   Leaving...
[CoppeliaSim:loadinfo]   plugin simRuckig: cleanup...
[CoppeliaSim:loadinfo]   plugin simRuckig: done.
[CoppeliaSim:loadinfo]   plugin simBullet-2-83: cleanup...
[CoppeliaSim:loadinfo]   plugin simBullet-2-83: done.
[CoppeliaSim:loadinfo]   plugin simGeom: cleanup...
[CoppeliaSim:loadinfo]   plugin simGeom: done.
[CoppeliaSim:loadinfo]   plugin simOMPL: cleanup...
[CoppeliaSim:loadinfo]   plugin simOMPL: done.
[CoppeliaSim:loadinfo]   plugin simIK: cleanup...
[CoppeliaSim:loadinfo]   plugin simIK: done.
[CoppeliaSim:loadinfo]   plugin simWS: cleanup...
[CoppeliaSim:loadinfo]   plugin simWS: done.
[CoppeliaSim:loadinfo]   plugin simSubprocess: cleanup...
[CoppeliaSim:loadinfo]   plugin simSubprocess: done.
[CoppeliaSim:loadinfo]   plugin simZMQ: cleanup...
[CoppeliaSim:loadinfo]   plugin simZMQ: done.
[CoppeliaSim:loadinfo]   plugin simIK0: cleanup...
[CoppeliaSim:loadinfo]   plugin simIK0: done.
[CoppeliaSim:loadinfo]   plugin 'RemoteApi': unloading...
[CoppeliaSim:loadinfo]   plugin 'RemoteApi': done.
[CoppeliaSim:loadinfo]   plugin 'BWF': unloading...
[CoppeliaSim:loadinfo]   plugin 'BWF': done.
[CoppeliaSim:loadinfo]   CoppeliaSim ended.
[CoppeliaSimClient:loadinfo]   unloading the CoppeliaSim library...
[CoppeliaSimClient]   done.
