Warning: Ignoring XDG_SESSION_TYPE=wayland on Gnome. Use QT_QPA_PLATFORM=wayland to run on Wayland anyway.
Warning: Ignoring XDG_SESSION_TYPE=wayland on Gnome. Use QT_QPA_PLATFORM=wayland to run on Wayland anyway.
[CoppeliaSimClient]   loading the CoppeliaSim library...
[CoppeliaSimClient:loadinfo]   done.
[CoppeliaSimClient:loadinfo]   launching CoppeliaSim...
[CoppeliaSim:loadinfo]   Application directory is /home/kolletms/CoppeliaSim_Edu_V4_10_0_rev0_Ubuntu22_04
[CoppeliaSim:loadinfo]   user settings file is /home/kolletms/.CoppeliaSim/usrset.txt
[CoppeliaSim:loadinfo]   CoppeliaSim v4.10.0 (rev. 0), flavor: 1, linux
[CoppeliaSim:loadinfo]   ds:   0
[CoppeliaSim:loadinfo]   msnd: 3877218058
[CoppeliaSim:loadinfo]   ms:   3877218058
[CoppeliaSim:loadinfo]   midx: BC13-4AFB-53DE-8CCA-F764-4A0D
[CoppeliaSim:loadinfo]   did:  
[CoppeliaSim:loadinfo]   mid0: FC97-7379-1C16-0023-1C17-0101
[CoppeliaSim:loadinfo]   mid1: FC9773791C1600231C17
[CoppeliaSim:loadinfo]   mid2: 7AB7966CC9EF9BB7FD7FEC7D769DC7BA
[CoppeliaSim:loadinfo]   mid3: 04E3981EA27E99B4CE66
[CoppeliaSim:loadinfo]   k:    687FFE88B3DF088E5DDD414A
[CoppeliaSim:loadinfo]   plugin simIK0: loading...
[CoppeliaSim:loadinfo]   plugin simIK0: done.
[CoppeliaSim:loadinfo]   primary screen physical dots per inch: 165
[CoppeliaSim:loadinfo]   display scaling (guessed): 100
[CoppeliaSim:loadinfo]   simulator launched.
[CoppeliaSim:loadinfo]   plugin 'BWF': loading...
[CoppeliaSim:loadinfo]   plugin 'BWF': load succeeded.
[CoppeliaSim:loadinfo]   plugin 'RemoteApi': loading...
[CoppeliaSim:loadinfo]   plugin 'RemoteApi': load succeeded.
[CoppeliaSim:loadinfo]   SK:   687FFE88B3DF088E5DDD414A
[CoppeliaSim:loadinfo]   initializing the sandbox script...
[sandboxScript:loadinfo]   plugin simZMQ: loading...
[sandboxScript:loadinfo]   plugin simZMQ: done.
[sandboxScript:loadinfo]   plugin simSubprocess: loading...
[sandboxScript:loadinfo]   plugin simSubprocess: done.
[sandboxScript:info]   Simulator launched, welcome! 
[CoppeliaSim:loadinfo]   sandbox script initialized.
[CoppeliaSim:loadinfo]   add-on '3D text generator.lua' was loaded.
[CoppeliaSim:loadinfo]   add-on 'Add-on edit.lua' was loaded.
[CoppeliaSim:loadinfo]   add-on 'Alias change.lua' was loaded.
[CoppeliaSim:loadinfo]   add-on 'Animation capture.lua' was loaded.
[CoppeliaSim:loadinfo]   add-on 'B0 remote Api server.lua' was loaded.
[CoppeliaSim:loadinfo]   add-on 'Button action.lua' was loaded.
[CoppeliaSim:loadinfo]   add-on 'Collision check.lua' was loaded.
[CoppeliaSim:loadinfo]   add-on 'Color changer.lua' was loaded.
[CoppeliaSim:loadinfo]   add-on 'Commander.lua' was loaded.
[CoppeliaSim:loadinfo]   add-on 'Contact display.lua' was loaded.
[CoppeliaSim:loadinfo]   add-on 'Convex decomposition hacd.lua' was loaded.
[CoppeliaSim:loadinfo]   add-on 'Convex decomposition vhacd.lua' was loaded.
[CoppeliaSim:loadinfo]   add-on 'Convex hull.lua' was loaded.
[CoppeliaSim:loadinfo]   add-on 'Create dummies on mesh surface.lua' was loaded.
[CoppeliaSim:loadinfo]   add-on 'Define joint group.lua' was loaded.
[CoppeliaSim:loadinfo]   add-on 'Denavit Hartenberg creator.lua' was loaded.
[CoppeliaSim:loadinfo]   add-on 'Denavit Hartenberg extractor.lua' was loaded.
[CoppeliaSim:loadinfo]   add-on 'Distance check.lua' was loaded.
[CoppeliaSim:loadinfo]   add-on 'Distribute objects uniformly.lua' was loaded.
[CoppeliaSim:loadinfo]   add-on 'Event viewer.lua' was loaded.
[CoppeliaSim:loadinfo]   add-on 'Events capture.lua' was loaded.
[CoppeliaSim:loadinfo]   add-on 'Events dump exporter.lua' was loaded.
[CoppeliaSim:loadinfo]   add-on 'External model auto reload.lua' was loaded.
[CoppeliaSim:loadinfo]   add-on 'External model auto save.lua' was loaded.
[CoppeliaSim:loadinfo]   add-on 'External model load.lua' was loaded.
[CoppeliaSim:loadinfo]   add-on 'External model reload selected.lua' was loaded.
[CoppeliaSim:loadinfo]   add-on 'External model save.lua' was loaded.
[CoppeliaSim:loadinfo]   add-on 'Find in scripts.lua' was loaded.
[CoppeliaSim:loadinfo]   add-on 'Find midpoint.lua' was loaded.
[CoppeliaSim:loadinfo]   add-on 'Floor plan importer.lua' was loaded.
[CoppeliaSim:loadinfo]   add-on 'GLTF animation exporter.lua' was loaded.
[CoppeliaSim:loadinfo]   add-on 'GLTF exporter.lua' was loaded.
[CoppeliaSim:loadinfo]   add-on 'I> nverse Kinematics generator.lua' was loaded.
[CoppeliaSim:loadinfo]   add-on 'Isometric scaling.lua' was loaded.
[CoppeliaSim:loadinfo]   add-on 'Joint tool.lua' was loaded.
[CoppeliaSim:loadinfo]   add-on 'LDraw importer.lua' was loaded.
[CoppeliaSim:loadinfo]   add-on 'Make objects same appearance.lua' was loaded.
[CoppeliaSim:loadinfo]   add-on 'Measure distance and direction.lua' was loaded.
[CoppeliaSim:loadinfo]   add-on 'Mesh decimation.lua' was loaded.
[CoppeliaSim:loadinfo]   add-on 'Mesh difference.lua' was loaded.
[CoppeliaSim:loadinfo]   add-on 'Mesh intersection.lua' was loaded.
[CoppeliaSim:loadinfo]   add-on 'Mesh subdivision.lua' was loaded.
[CoppeliaSim:loadinfo]   add-on 'Mesh symmetric difference.lua' was loaded.
[CoppeliaSim:loadinfo]   add-on 'Mesh union.lua' was loaded.
[CoppeliaSim:loadinfo]   add-on 'Message viewer.lua' was loaded.
[CoppeliaSim:loadinfo]   add-on 'Minimalistic exporter.lua' was loaded.
[CoppeliaSim:loadinfo]   add-on 'Minimalistic importer.lua' was loaded.
[CoppeliaSim:loadinfo]   add-on 'Motion Planning generator.lua' was loaded.
[CoppeliaSim:loadinfo]   add-on 'Notepad++ autocompletion.lua' was loaded.
[CoppeliaSim:loadinfo]   add-on 'Pause Stop Simulation on Condition.lua' was loaded.
[CoppeliaSim:loadinfo]   add-on 'Plugin enumerator.lua' was loaded.
[CoppeliaSim:loadinfo]   add-on 'Point cloud importer.lua' was loaded.
[CoppeliaSim:loadinfo]   add-on 'Point sampler interactive.lua' was loaded.
[CoppeliaSim:loadinfo]   add-on 'Point sampler service.lua' was loaded.
[CoppeliaSim:loadinfo]   add-on 'Property explorer.lua' was loaded.
[CoppeliaSim:loadinfo]   add-on 'PyRep.lua' was loaded.
[CoppeliaSim:loadinfo]   add-on 'Referenced handles explorer.lua' was loaded.
[CoppeliaSim:loadinfo]   add-on 'Referenced handles highlight.lua' was loaded.
[CoppeliaSim:loadinfo]   add-on 'Screenshot tool.lua' was loaded.
[CoppeliaSim:loadinfo]   add-on 'Script capture.lua' was loaded.
[CoppeliaSim:loadinfo]   add-on 'SDF importer.lua' was loaded.
[CoppeliaSim:loadinfo]   add-on 'Simulation stepper.lua' was loaded.
[CoppeliaSim:loadinfo]   add-on 'Subdivide large triangles.lua' was loaded.
[CoppeliaSim:loadinfo]   add-on 'Surface reconstruction.lua' was loaded.
[CoppeliaSim:loadinfo]   add-on 'Translate to align vertex.lua' was loaded.
[CoppeliaSim:loadinfo]   add-on 'URDF exporter.lua' was loaded.
[CoppeliaSim:loadinfo]   add-on 'URDF importer.lua' was loaded.
[CoppeliaSim:loadinfo]   add-on 'URL drop service.lua' was loaded.
[CoppeliaSim:loadinfo]   add-on 'Video recorder.lua' was loaded.
[CoppeliaSim:loadinfo]   add-on 'Visualization stream.lua' was loaded.
[CoppeliaSim:loadinfo]   add-on 'WS remote API server.lua' was loaded.
[CoppeliaSim:loadinfo]   add-on 'ZMQ remote API server.lua' was loaded.
[CoppeliaSim:loadinfo]   add-on 'Convex decomposition coacd.py' was loaded.
[Developer tools >> Commander >> Commander@addOnScript:loadinfo]   plugin simCmd: loading...
[simCmd:warning]   Selected script: Sandbox (Python)
[Developer tools >> Commander >> Commander@addOnScript:loadinfo]   plugin simCmd: done.
[Connectivity >> WebSocket remote API server@addOnScript:loadinfo]   plugin simWS: loading...
[Connectivity >> WebSocket remote API server@addOnScript:loadinfo]   plugin simWS: done.
[Connectivity >> WebSocket remote API server@addOnScript:info]   WebSocket Remote API server starting (port=23050)...
[Connectivity >> ZMQ remote API server@addOnScript:info]   ZeroMQ Remote API server starting (rpcPort=23005)...
[CoppeliaSim:warning]   If CoppeliaSim crashed in previous session, you can find auto-saved scenes in /home/kolletms/.CoppeliaSim/autoSavedScenes
[/UR10/followPath:loadinfo]   plugin simIK: loading...
[/UR10/followPath:loadinfo]   plugin simIK: done.
[/UR10/followPath:loadinfo]   plugin simOMPL: loading...
[/UR10/followPath:loadinfo]   plugin simOMPL: done.
/Floor, 13
/MPO_700, 86
/assembly_table, 88
/obs1, 133
/obs2, 135
/obs0, 137
/column0, 141
/column1, 143
/column2, 139
[/UR10/followPath:warning]   sim.switchThread is deprecated. please use sim.step instead. (control verbosity via notifyDeprecated in usrset.txt)
[/moveToPose:warning]   sim.setThreadSwitchTiming is deprecated. please use sim.setAutoYieldDelay instead. (control verbosity via notifyDeprecated in usrset.txt)
[/moveToPose:warning]   sim.switchThread is deprecated. please use sim.step instead. (control verbosity via notifyDeprecated in usrset.txt)
[sandboxScript:info]   Simulation started.
[CoppeliaSim:loadinfo]   plugin simGeom: loading...
[CoppeliaSim:loadinfo]   plugin simGeom: done.
[CoppeliaSim:loadinfo]   plugin simBullet-2-83: loading...
[CoppeliaSim:loadinfo]   plugin simBullet-2-83: done.
[CoppeliaSim:warning]   Detected non-default settings (time steps and/or dyn. engine global settings).
[sandboxScript:info]   Simulation stopping...
[sandboxScript:info]   Simulation stopped.
[sandboxScript:info]   Simulation started.
[CoppeliaSim:warning]   Detected non-default settings (time steps and/or dyn. engine global settings).
[sandboxScript:info]   Simulation stopping...
[sandboxScript:info]   Simulation stopped.
[sandboxScript:info]   Simulation started.
[CoppeliaSim:warning]   Detected non-default settings (time steps and/or dyn. engine global settings).
Goal signal recieved..
Planning ...
Collision pairs set
goal state set
Using RRT Connect
task setup complete
solving task...
OMPL states:, 200.
path found
valid path found, generating trajectory...
[/UR10/followPath:warning]   module 'matrix' was implicitly loaded.
[/UR10/followPath:warning]   "matrix" module is deprecated. please use simEigen
Trajectory points:, 1000.
Duration:, 3.574983
excecuting path...
current error: , 0.103214
current error: , 0.103214
current error: , 0.019602
Final error:, 0.000328
Execution successful
[CoppeliaSim:loadinfo]   plugin simRuckig: loading...
[CoppeliaSim:loadinfo]   plugin simRuckig: done.
Goal signal recieved..
Planning ...
Collision pairs set
goal state set
Using RRT Connect
task setup complete
solving task...
OMPL states:, 200.
path found
valid path found, generating trajectory...
Trajectory points:, 1000.
Duration:, 9.859071
excecuting path...
current error: , 0.233384
current error: , 0.233384
current error: , 0.116177
current error: , 0.020335
current error: , 0.003294
Final error:, 0.002101
Execution successful
Goal signal recieved..
Planning ...
Collision pairs set
goal state set
Using RRT Connect
task setup complete
solving task...
OMPL states:, 200.
path found
valid path found, generating trajectory...
Trajectory points:, 1000.
Duration:, 4.390445
excecuting path...
current error: , 0.005133
Final error:, 0.005133
Execution successful
Goal signal recieved..
Planning ...
Collision pairs set
goal state set
Using RRT Connect
task setup complete
solving task...
OMPL states:, 200.
path found
valid path found, generating trajectory...
Trajectory points:, 1000.
Duration:, 4.241078
excecuting path...
current error: , 0.568109
current error: , 0.568109
current error: , 0.485164
current error: , 0.402436
current error: , 0.319387
current error: , 0.23663
current error: , 0.153913
current error: , 0.071063
current error: , 0.008625
Final error:, 0.001319
Execution successful
Goal signal recieved..
Planning ...
Collision pairs set
goal state set
Using RRT Connect
task setup complete
solving task...
OMPL states:, 200.
path found
valid path found, generating trajectory...
Trajectory points:, 1000.
Duration:, 7.985778
excecuting path...
current error: , 0.004735
Final error:, 0.004735
Execution successful
Goal signal recieved..
Planning ...
Collision pairs set
goal state set
Using RRT Connect
task setup complete
solving task...
Goal signal recieved..
Planning ...
Collision pairs set
goal state set
Using RRT Connect
task setup complete
solving task...
OMPL states:, 200.
path found
valid path found, generating trajectory...
Trajectory points:, 1000.
Duration:, 6.501147
excecuting path...
current error: , 0.695882
current error: , 0.695882
current error: , 0.612822
current error: , 0.529521
current error: , 0.446455
current error: , 0.363269
current error: , 0.280223
current error: , 0.197251
current error: , 0.114014
current error: , 0.03104
current error: , 0.003077
Final error:, 0.000967
Execution successful
Goal signal recieved..
Planning ...
Collision pairs set
goal state set
Using RRT Connect
task setup complete
solving task...
OMPL states:, 200.
path found
valid path found, generating trajectory...
Trajectory points:, 1000.
Duration:, 1.731841
excecuting path...
current error: , 0.002512
Final error:, 0.002512
Execution successful
Goal signal recieved..
Planning ...
Collision pairs set
goal state set
Using RRT Connect
task setup complete
solving task...
OMPL states:, 200.
path found
valid path found, generating trajectory...
Trajectory points:, 1000.
Duration:, 3.305042
excecuting path...
current error: , 0.011769
Final error:, 0.011769
Execution successful
Goal signal recieved..
Planning ...
Collision pairs set
goal state set
Using RRT Connect
task setup complete
solving task...
Goal signal recieved..
Planning ...
Collision pairs set
goal state set
Using RRT Connect
task setup complete
solving task...
OMPL states:, 200.
path found
valid path found, generating trajectory...
Trajectory points:, 1000.
Duration:, 10.356339
excecuting path...
current error: , 0.002842
Final error:, 0.002842
Execution successful
Goal signal recieved..
Planning ...
Collision pairs set
goal state set
Using RRT Connect
task setup complete
solving task...
OMPL states:, 200.
path found
valid path found, generating trajectory...
Trajectory points:, 1000.
Duration:, 11.355931
excecuting path...
current error: , 0.006091
Final error:, 0.006091
Execution successful
Goal signal recieved..
Planning ...
Collision pairs set
goal state set
Using RRT Connect
task setup complete
solving task...
OMPL states:, 200.
path found
valid path found, generating trajectory...
Trajectory points:, 1000.
Duration:, 3.476021
excecuting path...
current error: , 0.084277
current error: , 0.084277
current error: , 0.012944
Final error:, 0.002051
Execution successful
Goal signal recieved..
Planning ...
Collision pairs set
goal state set
Using RRT Connect
task setup complete
solving task...
OMPL states:, 200.
path found
valid path found, generating trajectory...
Trajectory points:, 1000.
Duration:, 4.240621
excecuting path...
current error: , 0.56537
current error: , 0.56537
current error: , 0.482279
current error: , 0.399254
current error: , 0.316349
current error: , 0.232984
current error: , 0.149756
current error: , 0.066586
current error: , 0.007586
Final error:, 0.001238
Execution successful
Goal signal recieved..
Planning ...
Collision pairs set
goal state set
Using RRT Connect
task setup complete
solving task...
OMPL states:, 200.
path found
valid path found, generating trajectory...
Trajectory points:, 1000.
Duration:, 1.808873
excecuting path...
current error: , 0.002498
Final error:, 0.002498
Execution successful
Goal signal recieved..
Planning ...
Collision pairs set
goal state set
Using RRT Connect
task setup complete
solving task...
OMPL states:, 200.
path found
valid path found, generating trajectory...
Trajectory points:, 1000.
Duration:, 4.963759
excecuting path...
current error: , 1.21159
current error: , 1.21159
current error: , 1.128623
current error: , 1.045631
current error: , 0.962489
current error: , 0.879352
current error: , 0.796362
current error: , 0.713152
current error: , 0.630126
current error: , 0.547081
current error: , 0.463865
current error: , 0.380592
current error: , 0.297451
current error: , 0.21447
current error: , 0.131361
current error: , 0.048506
current error: , 0.004424
Final error:, 0.001321
Execution successful
[sandboxScript:info]   Simulation stopping...
[sandboxScript:info]   Simulation stopped.
[sandboxScript:info]   Simulation started.
[CoppeliaSim:warning]   Detected non-default settings (time steps and/or dyn. engine global settings).
Goal signal recieved..
Planning ...
Collision pairs set
goal state set
Using RRT Connect
task setup complete
solving task...
OMPL states:, 200.
path found
valid path found, generating trajectory...
Trajectory points:, 1000.
Duration:, 3.621015
excecuting path...
current error: , 0.133809
current error: , 0.133809
current error: , 0.047857
current error: , 0.003107
Final error:, 0.000555
Execution successful
Goal signal recieved..
Planning ...
Collision pairs set
goal state set
Using RRT Connect
task setup complete
solving task...
OMPL states:, 200.
path found
valid path found, generating trajectory...
Trajectory points:, 1000.
Duration:, 2.930212
excecuting path...
current error: , 0.002171
Final error:, 0.002171
Execution successful
Goal signal recieved..
Planning ...
Collision pairs set
goal state set
Using RRT Connect
task setup complete
solving task...
OMPL states:, 200.
path found
valid path found, generating trajectory...
Trajectory points:, 1000.
Duration:, 3.322522
excecuting path...
current error: , 0.018814
Final error:, 0.018814
Execution successful
Goal signal recieved..
Planning ...
Collision pairs set
goal state set
Using RRT Connect
task setup complete
solving task...
OMPL states:, 200.
path found
valid path found, generating trajectory...
Trajectory points:, 1000.
Duration:, 6.51706
excecuting path...
current error: , 0.002467
Final error:, 0.002467
Execution successful
Goal signal recieved..
Planning ...
Collision pairs set
goal state set
Using RRT Connect
task setup complete
solving task...
OMPL states:, 200.
path found
valid path found, generating trajectory...
Trajectory points:, 1000.
Duration:, 4.89341
excecuting path...
current error: , 1.143942
current error: , 1.143942
current error: , 1.046542
current error: , 0.953702
current error: , 0.867035
current error: , 0.783272
current error: , 0.699599
current error: , 0.615912
current error: , 0.532236
current error: , 0.4485
current error: , 0.364819
current error: , 0.28116
current error: , 0.197413
current error: , 0.113721
current error: , 0.030139
current error: , 0.002592
Final error:, 0.000877
Execution successful
Goal signal recieved..
Planning ...
Collision pairs set
goal state set
Using RRT Connect
task setup complete
solving task...
OMPL states:, 200.
path found
valid path found, generating trajectory...
Trajectory points:, 1000.
Duration:, 8.553385
excecuting path...
current error: , 0.298403
current error: , 0.298403
current error: , 0.214666
current error: , 0.130998
current error: , 0.047292
current error: , 0.004561
Final error:, 0.001397
Execution successful
Goal signal recieved..
Planning ...
Collision pairs set
goal state set
Using RRT Connect
task setup complete
solving task...
OMPL states:, 200.
path found
valid path found, generating trajectory...
Trajectory points:, 1000.
Duration:, 1.769051
excecuting path...
current error: , 0.00156
Final error:, 0.00156
Execution successful
Goal signal recieved..
Planning ...
Collision pairs set
goal state set
Using RRT Connect
task setup complete
solving task...
OMPL states:, 200.
path found
valid path found, generating trajectory...
Trajectory points:, 1000.
Duration:, 3.427703
excecuting path...
current error: , 0.051093
current error: , 0.051093
current error: , 0.00508
Final error:, 0.001954
Execution successful
Goal signal recieved..
Planning ...
Collision pairs set
goal state set
Using RRT Connect
task setup complete
solving task...
OMPL states:, 200.
path found
valid path found, generating trajectory...
Trajectory points:, 1000.
Duration:, 11.735612
excecuting path...
current error: , 1.755809
current error: , 1.755809
current error: , 1.671956
current error: , 1.588078
current error: , 1.50419
current error: , 1.420356
current error: , 1.336527
current error: , 1.252707
current error: , 1.168892
current error: , 1.085057
current error: , 1.001245
current error: , 0.917395
current error: , 0.83358
current error: , 0.749722
current error: , 0.665914
current error: , 0.582108
current error: , 0.498302
current error: , 0.414536
current error: , 0.330743
current error: , 0.24704
current error: , 0.163286
current error: , 0.079577
current error: , 0.010906
Final error:, 0.001517
Execution successful
Goal signal recieved..
Planning ...
Collision pairs set
goal state set
Using RRT Connect
task setup complete
solving task...
OMPL states:, 200.
path found
valid path found, generating trajectory...
Trajectory points:, 1000.
Duration:, 3.092375
excecuting path...
current error: , 0.002562
Final error:, 0.002562
Execution successful
Goal signal recieved..
Planning ...
Collision pairs set
goal state set
Using RRT Connect
task setup complete
solving task...
OMPL states:, 200.
path found
valid path found, generating trajectory...
Trajectory points:, 1000.
Duration:, 3.605878
excecuting path...
current error: , 0.126247
current error: , 0.126247
current error: , 0.0425
current error: , 0.003566
Final error:, 0.000718
Execution successful
Goal signal recieved..
Planning ...
Collision pairs set
goal state set
Using RRT Connect
task setup complete
solving task...
OMPL states:, 200.
path found
valid path found, generating trajectory...
Trajectory points:, 1000.
Duration:, 5.258329
excecuting path...
current error: , 0.004205
Final error:, 0.004205
Execution successful
Goal signal recieved..
Planning ...
Collision pairs set
goal state set
Using RRT Connect
task setup complete
solving task...
OMPL states:, 200.
path found
valid path found, generating trajectory...
Trajectory points:, 1000.
Duration:, 4.242053
excecuting path...
current error: , 0.56797
current error: , 0.56797
current error: , 0.485189
current error: , 0.402008
current error: , 0.319245
current error: , 0.23619
current error: , 0.152907
current error: , 0.069815
current error: , 0.00837
Final error:, 0.001757
Execution successful
Goal signal recieved..
Planning ...
Collision pairs set
goal state set
Using RRT Connect
task setup complete
solving task...
OMPL states:, 200.
path found
valid path found, generating trajectory...
Trajectory points:, 1000.
Duration:, 3.269842
excecuting path...
current error: , 0.016882
Final error:, 0.016882
Execution successful
Goal signal recieved..
Planning ...
Collision pairs set
goal state set
Using RRT Connect
task setup complete
solving task...
OMPL states:, 200.
path found
valid path found, generating trajectory...
Trajectory points:, 1000.
Duration:, 1.781054
excecuting path...
current error: , 0.001518
Final error:, 0.001518
Execution successful
Goal signal recieved..
Planning ...
Collision pairs set
goal state set
Using RRT Connect
task setup complete
solving task...
OMPL states:, 200.
path found
valid path found, generating trajectory...
Trajectory points:, 1000.
Duration:, 3.93491
excecuting path...
current error: , 0.337223
current error: , 0.337223
current error: , 0.253512
current error: , 0.16984
current error: , 0.086122
current error: , 0.013167
Final error:, 0.00137
Execution successful
Goal signal recieved..
Planning ...
Collision pairs set
goal state set
Using RRT Connect
task setup complete
solving task...
OMPL states:, 200.
path found
valid path found, generating trajectory...
Trajectory points:, 1000.
Duration:, 3.934619
excecuting path...
current error: , 0.334245
current error: , 0.334245
current error: , 0.250485
current error: , 0.16676
current error: , 0.083054
current error: , 0.01209
Final error:, 0.001967
Execution successful
Goal signal recieved..
Planning ...
Collision pairs set
goal state set
Using RRT Connect
task setup complete
solving task...
OMPL states:, 200.
path found
valid path found, generating trajectory...
Trajectory points:, 1000.
Duration:, 3.754959
excecuting path...
current error: , 0.263301
current error: , 0.263301
current error: , 0.179553
current error: , 0.095888
current error: , 0.018671
Final error:, 0.003858
Execution successful
Goal signal recieved..
Planning ...
Collision pairs set
goal state set
Using RRT Connect
task setup complete
solving task...
OMPL states:, 200.
path found
valid path found, generating trajectory...
Trajectory points:, 1000.
Duration:, 3.753582
excecuting path...
current error: , 0.258855
current error: , 0.258855
current error: , 0.175064
current error: , 0.091281
current error: , 0.01645
Final error:, 0.0037
Execution successful
Goal signal recieved..
Planning ...
Collision pairs set
goal state set
Using RRT Connect
task setup complete
solving task...
OMPL states:, 200.
path found
valid path found, generating trajectory...
Trajectory points:, 1000.
Duration:, 3.936202
excecuting path...
current error: , 0.339346
current error: , 0.339346
current error: , 0.255643
current error: , 0.171918
current error: , 0.08819
current error: , 0.014003
Final error:, 0.001423
Execution successful
Goal signal recieved..
Planning ...
Collision pairs set
goal state set
Using RRT Connect
task setup complete
solving task...
Goal signal recieved..
Planning ...
Collision pairs set
goal state set
Using RRT Connect
task setup complete
solving task...
Goal signal recieved..
Planning ...
Collision pairs set
goal state set
Using RRT Connect
task setup complete
solving task...
Goal signal recieved..
Planning ...
Collision pairs set
goal state set
Using RRT Connect
task setup complete
solving task...
OMPL states:, 200.
path found
valid path found, generating trajectory...
Trajectory points:, 1000.
Duration:, 3.934538
excecuting path...
current error: , 0.362488
current error: , 0.362488
current error: , 0.278771
current error: , 0.195025
current error: , 0.111298
current error: , 0.028056
current error: , 0.002575
Final error:, 0.001156
Execution successful
Goal signal recieved..
Planning ...
Collision pairs set
goal state set
Using RRT Connect
task setup complete
solving task...
OMPL states:, 200.
path found
valid path found, generating trajectory...
Trajectory points:, 1000.
Duration:, 3.754886
excecuting path...
current error: , 0.24037
current error: , 0.24037
current error: , 0.156657
current error: , 0.072947
current error: , 0.009145
Final error:, 0.001372
Execution successful
Goal signal recieved..
Planning ...
Collision pairs set
goal state set
Using RRT Connect
task setup complete
solving task...
OMPL states:, 200.
path found
valid path found, generating trajectory...
Trajectory points:, 1000.
Duration:, 4.242603
excecuting path...
current error: , 0.573952
current error: , 0.573952
current error: , 0.490835
current error: , 0.407909
current error: , 0.324579
current error: , 0.241556
current error: , 0.158258
current error: , 0.075144
current error: , 0.00963
Final error:, 0.001061
Execution successful
Goal signal recieved..
Planning ...
Collision pairs set
goal state set
Using RRT Connect
task setup complete
solving task...
Goal signal recieved..
Planning ...
Collision pairs set
goal state set
Using RRT Connect
task setup complete
solving task...
OMPL states:, 200.
path found
valid path found, generating trajectory...
Trajectory points:, 1000.
Duration:, 2.75596
excecuting path...
current error: , 0.00317
Final error:, 0.00317
Execution successful
Goal signal recieved..
Planning ...
Collision pairs set
goal state set
Using RRT Connect
task setup complete
solving task...
Goal signal recieved..
Planning ...
Collision pairs set
goal state set
Using RRT Connect
task setup complete
solving task...
Goal signal recieved..
Planning ...
Collision pairs set
goal state set
Using RRT Connect
task setup complete
solving task...
OMPL states:, 200.
path found
valid path found, generating trajectory...
Trajectory points:, 1000.
Duration:, 10.770622
excecuting path...
current error: , 0.00255
Final error:, 0.00255
Execution successful
Goal signal recieved..
Planning ...
Collision pairs set
goal state set
Using RRT Connect
task setup complete
solving task...
OMPL states:, 200.
path found
valid path found, generating trajectory...
Trajectory points:, 1000.
Duration:, 7.010674
excecuting path...
current error: , 0.786789
current error: , 0.786789
current error: , 0.703066
current error: , 0.61936
current error: , 0.535644
current error: , 0.451914
current error: , 0.368171
current error: , 0.284459
current error: , 0.200781
current error: , 0.117065
current error: , 0.033334
current error: , 0.002767
Final error:, 0.000596
Execution successful
Goal signal recieved..
Planning ...
Collision pairs set
goal state set
Using RRT Connect
task setup complete
solving task...
OMPL states:, 200.
path found
valid path found, generating trajectory...
Trajectory points:, 1000.
Duration:, 4.683523
excecuting path...
current error: , 0.929566
current error: , 0.929566
current error: , 0.845748
current error: , 0.76198
current error: , 0.67821
current error: , 0.594422
current error: , 0.510648
current error: , 0.426896
current error: , 0.343161
current error: , 0.259394
current error: , 0.175674
current error: , 0.091964
current error: , 0.015645
Final error:, 0.001677
Execution successful
Goal signal recieved..
Planning ...
Collision pairs set
goal state set
Using RRT Connect
task setup complete
solving task...
OMPL states:, 200.
path found
valid path found, generating trajectory...
Trajectory points:, 1000.
Duration:, 3.427913
excecuting path...
current error: , 0.060247
current error: , 0.060247
current error: , 0.005764
Final error:, 0.001259
Execution successful
Goal signal recieved..
Planning ...
Collision pairs set
goal state set
Using RRT Connect
task setup complete
solving task...
OMPL states:, 200.
path found
valid path found, generating trajectory...
Trajectory points:, 1000.
Duration:, 8.394504
excecuting path...
current error: , 0.391929
current error: , 0.391929
current error: , 0.357793
current error: , 0.2674
current error: , 0.145529
current error: , 0.031759
current error: , 0.001359
Final error:, 0.001264
Execution successful
Goal signal recieved..
Planning ...
Collision pairs set
goal state set
Using RRT Connect
task setup complete
solving task...
OMPL states:, 200.
path found
valid path found, generating trajectory...
Trajectory points:, 1000.
Duration:, 6.293746
excecuting path...
current error: , 0.002294
Final error:, 0.002294
Execution successful
[sandboxScript:info]   Simulation stopping...
[sandboxScript:info]   Simulation stopped.
[sandboxScript:info]   Simulation started.
[CoppeliaSim:warning]   Detected non-default settings (time steps and/or dyn. engine global settings).
Goal signal recieved..
Planning ...
Collision pairs set
goal state set
Using RRT Connect
task setup complete
solving task...
OMPL states:, 200.
path found
valid path found, generating trajectory...
Trajectory points:, 1000.
Duration:, 3.574898
excecuting path...
current error: , 0.103698
current error: , 0.103698
current error: , 0.020062
current error: , 0.000265
Final error:, 0.001257
Execution successful
Goal signal recieved..
Planning ...
Collision pairs set
goal state set
Using RRT Connect
task setup complete
solving task...
OMPL states:, 200.
path found
valid path found, generating trajectory...
Trajectory points:, 1000.
Duration:, 3.716608
excecuting path...
current error: , 0.241555
current error: , 0.241555
current error: , 0.157874
current error: , 0.074194
current error: , 0.010772
Final error:, 0.003148
Execution successful
Goal signal recieved..
Planning ...
Collision pairs set
goal state set
Using RRT Connect
task setup complete
solving task...
OMPL states:, 200.
path found
valid path found, generating trajectory...
Trajectory points:, 1000.
Duration:, 2.134707
excecuting path...
current error: , 0.003522
Final error:, 0.003522
Execution successful
Goal signal recieved..
Planning ...
Collision pairs set
goal state set
Using RRT Connect
task setup complete
solving task...
OMPL states:, 200.
path found
valid path found, generating trajectory...
Trajectory points:, 1000.
Duration:, 5.273347
excecuting path...
current error: , 0.002459
Final error:, 0.002459
Execution successful
Goal signal recieved..
Planning ...
Collision pairs set
goal state set
Using RRT Connect
task setup complete
solving task...
OMPL states:, 200.
path found
valid path found, generating trajectory...
Trajectory points:, 1000.
Duration:, 4.551335
excecuting path...
current error: , 0.856142
current error: , 0.856142
current error: , 0.772322
current error: , 0.688511
current error: , 0.6047
current error: , 0.520892
current error: , 0.437132
current error: , 0.353358
current error: , 0.269658
current error: , 0.185947
current error: , 0.102223
current error: , 0.022018
current error: , 0.00408
Final error:, 0.002814
Execution successful
Goal signal recieved..
Planning ...
Collision pairs set
goal state set
Using RRT Connect
task setup complete
solving task...
OMPL states:, 200.
path found
valid path found, generating trajectory...
Trajectory points:, 1000.
Duration:, 7.04661
excecuting path...
current error: , 0.007334
Final error:, 0.007334
Execution successful
Goal signal recieved..
Planning ...
Collision pairs set
goal state set
Using RRT Connect
task setup complete
solving task...
OMPL states:, 200.
path found
valid path found, generating trajectory...
Trajectory points:, 1000.
Duration:, 4.887031
excecuting path...
current error: , 1.13772
current error: , 1.13772
current error: , 1.040392
current error: , 0.947791
current error: , 0.861262
current error: , 0.777502
current error: , 0.693849
current error: , 0.610193
current error: , 0.52651
current error: , 0.44279
current error: , 0.359116
current error: , 0.275493
current error: , 0.19182
current error: , 0.108082
current error: , 0.02544
current error: , 0.002206
Final error:, 0.001144
Execution successful
Goal signal recieved..
Planning ...
Collision pairs set
goal state set
Using RRT Connect
task setup complete
solving task...
OMPL states:, 200.
path found
valid path found, generating trajectory...
Trajectory points:, 1000.
Duration:, 4.236371
excecuting path...
current error: , 0.592934
current error: , 0.592934
current error: , 0.51003
current error: , 0.426951
current error: , 0.343707
current error: , 0.260882
current error: , 0.178035
current error: , 0.094654
current error: , 0.017537
Final error:, 0.002072
Execution successful
Goal signal recieved..
Planning ...
Collision pairs set
goal state set
Using RRT Connect
task setup complete
solving task...
Goal signal recieved..
Planning ...
Collision pairs set
goal state set
Using RRT Connect
task setup complete
solving task...
OMPL states:, 200.
path found
valid path found, generating trajectory...
Trajectory points:, 1000.
Duration:, 4.24673
excecuting path...
current error: , 0.578542
current error: , 0.578542
current error: , 0.495183
current error: , 0.41196
current error: , 0.328938
current error: , 0.246005
current error: , 0.162765
current error: , 0.0796
current error: , 0.011068
Final error:, 0.001315
Execution successful
Goal signal recieved..
Planning ...
Collision pairs set
goal state set
Using RRT Connect
task setup complete
solving task...
OMPL states:, 200.
path found
valid path found, generating trajectory...
Trajectory points:, 1000.
Duration:, 8.66666
excecuting path...
current error: , 0.001925
Final error:, 0.001925
Execution successful
Goal signal recieved..
Planning ...
Collision pairs set
goal state set
Using RRT Connect
task setup complete
solving task...
OMPL states:, 200.
path found
valid path found, generating trajectory...
Trajectory points:, 1000.
Duration:, 2.216272
excecuting path...
current error: , 0.003786
Final error:, 0.003786
Execution successful
Goal signal recieved..
Planning ...
Collision pairs set
goal state set
Using RRT Connect
task setup complete
solving task...
OMPL states:, 200.
path found
valid path found, generating trajectory...
Trajectory points:, 1000.
Duration:, 3.7264
excecuting path...
current error: , 0.223578
current error: , 0.223578
current error: , 0.139805
current error: , 0.056121
current error: , 0.006129
Final error:, 0.001955
Execution successful
Goal signal recieved..
Planning ...
Collision pairs set
goal state set
Using RRT Connect
task setup complete
solving task...
OMPL states:, 200.
path found
valid path found, generating trajectory...
Trajectory points:, 1000.
Duration:, 10.380467
excecuting path...
current error: , 0.962133
current error: , 0.962133
current error: , 0.879073
current error: , 0.795919
current error: , 0.712468
current error: , 0.629181
current error: , 0.546134
current error: , 0.463134
current error: , 0.380045
current error: , 0.29683
current error: , 0.213495
current error: , 0.13058
current error: , 0.047688
current error: , 0.005441
Final error:, 0.002116
Execution successful
Goal signal recieved..
Planning ...
Collision pairs set
goal state set
Using RRT Connect
task setup complete
solving task...
OMPL states:, 200.
path found
valid path found, generating trajectory...
Trajectory points:, 1000.
Duration:, 3.511838
excecuting path...
current error: , 0.121306
current error: , 0.121306
current error: , 0.037608
current error: , 0.004811
Final error:, 0.002325
Execution successful
Goal signal recieved..
Planning ...
Collision pairs set
goal state set
Using RRT Connect
task setup complete
solving task...
OMPL states:, 200.
path found
valid path found, generating trajectory...
Trajectory points:, 1000.
Duration:, 2.109872
excecuting path...
current error: , 0.001607
Final error:, 0.001607
Execution successful
Goal signal recieved..
Planning ...
Collision pairs set
goal state set
Using RRT Connect
task setup complete
solving task...
OMPL states:, 200.
path found
valid path found, generating trajectory...
Trajectory points:, 1000.
Duration:, 0.456579
excecuting path...
current error: , 0.003638
Final error:, 0.003638
Execution successful
Goal signal recieved..
Planning ...
Collision pairs set
goal state set
Using RRT Connect
task setup complete
solving task...
OMPL states:, 200.
path found
valid path found, generating trajectory...
Trajectory points:, 1000.
Duration:, 4.242492
excecuting path...
current error: , 0.567743
current error: , 0.567743
current error: , 0.4846
current error: , 0.401178
current error: , 0.318144
current error: , 0.235071
current error: , 0.15176
current error: , 0.068457
current error: , 0.008026
Final error:, 0.001
Execution successful
Goal signal recieved..
Planning ...
Collision pairs set
goal state set
Using RRT Connect
task setup complete
solving task...
OMPL states:, 200.
path found
valid path found, generating trajectory...
Trajectory points:, 1000.
Duration:, 3.269524
excecuting path...
current error: , 0.016909
Final error:, 0.016909
Execution successful
Goal signal recieved..
Planning ...
Collision pairs set
goal state set
Using RRT Connect
task setup complete
solving task...
OMPL states:, 200.
path found
valid path found, generating trajectory...
Trajectory points:, 1000.
Duration:, 7.484075
excecuting path...
current error: , 1.521858
current error: , 1.521858
current error: , 1.43858
current error: , 1.355151
current error: , 1.271682
current error: , 1.188125
current error: , 1.104539
current error: , 1.020864
current error: , 0.937212
current error: , 0.853637
current error: , 0.770169
current error: , 0.687033
current error: , 0.60424
current error: , 0.521077
current error: , 0.438062
current error: , 0.354968
current error: , 0.27189
current error: , 0.188974
current error: , 0.106026
current error: , 0.024364
current error: , 0.002052
Final error:, 0.00068
Execution successful
Goal signal recieved..
Planning ...
Collision pairs set
goal state set
Using RRT Connect
task setup complete
solving task...
OMPL states:, 200.
path found
valid path found, generating trajectory...
Trajectory points:, 1000.
Duration:, 3.512013
excecuting path...
current error: , 0.121107
current error: , 0.121107
current error: , 0.037394
current error: , 0.004799
Final error:, 0.002368
Execution successful
Goal signal recieved..
Planning ...
Collision pairs set
goal state set
Using RRT Connect
task setup complete
solving task...
Goal signal recieved..
Planning ...
Collision pairs set
goal state set
Using RRT Connect
task setup complete
solving task...
OMPL states:, 200.
path found
valid path found, generating trajectory...
Trajectory points:, 1000.
Duration:, 9.668063
excecuting path...
current error: , 0.261244
current error: , 0.261244
current error: , 0.17824
current error: , 0.095424
current error: , 0.018522
Final error:, 0.003263
Execution successful
Goal signal recieved..
Planning ...
Collision pairs set
goal state set
Using RRT Connect
task setup complete
solving task...
OMPL states:, 200.
path found
valid path found, generating trajectory...
Trajectory points:, 1000.
Duration:, 4.241122
excecuting path...
current error: , 0.574304
current error: , 0.574304
current error: , 0.491153
current error: , 0.408228
current error: , 0.325087
current error: , 0.242055
current error: , 0.158918
current error: , 0.075933
current error: , 0.009897
Final error:, 0.001216
Execution successful
Goal signal recieved..
Planning ...
Collision pairs set
goal state set
Using RRT Connect
task setup complete
solving task...
OMPL states:, 200.
path found
valid path found, generating trajectory...
Trajectory points:, 1000.
Duration:, 4.242879
excecuting path...
current error: , 0.57752
current error: , 0.57752
current error: , 0.494527
current error: , 0.411433
current error: , 0.328612
current error: , 0.245367
current error: , 0.162506
current error: , 0.079566
current error: , 0.011027
Final error:, 0.001891
Execution successful
Goal signal recieved..
Planning ...
Collision pairs set
goal state set
Using RRT Connect
task setup complete
solving task...
OMPL states:, 200.
path found
valid path found, generating trajectory...
Trajectory points:, 1000.
Duration:, 3.36268
excecuting path...
current error: , 0.012938
Final error:, 0.012938
Execution successful
Goal signal recieved..
Planning ...
Collision pairs set
goal state set
Using RRT Connect
task setup complete
solving task...
OMPL states:, 200.
path found
valid path found, generating trajectory...
Trajectory points:, 1000.
Duration:, 8.558912
excecuting path...
current error: , 0.003579
Final error:, 0.003579
Execution successful
Goal signal recieved..
Planning ...
Collision pairs set
goal state set
Using RRT Connect
task setup complete
solving task...
OMPL states:, 200.
path found
valid path found, generating trajectory...
Trajectory points:, 1000.
Duration:, 5.794731
excecuting path...
current error: , 2.02217
current error: , 2.02217
current error: , 1.91974
current error: , 1.819324
current error: , 1.720811
current error: , 1.624914
current error: , 1.532443
current error: , 1.443601
current error: , 1.358898
current error: , 1.275956
current error: , 1.192907
current error: , 1.109855
current error: , 1.02674
current error: , 0.943544
current error: , 0.860897
current error: , 0.777983
current error: , 0.694791
current error: , 0.611552
current error: , 0.528674
current error: , 0.445553
current error: , 0.362626
current error: , 0.279445
current error: , 0.196331
current error: , 0.1132
current error: , 0.030295
current error: , 0.003179
Final error:, 0.001478
Execution successful
Goal signal recieved..
Planning ...
Collision pairs set
goal state set
Using RRT Connect
task setup complete
solving task...
OMPL states:, 200.
path found
valid path found, generating trajectory...
Trajectory points:, 1000.
Duration:, 3.729009
excecuting path...
current error: , 0.213174
current error: , 0.213174
current error: , 0.129955
current error: , 0.046991
current error: , 0.004431
Final error:, 0.001292
Execution successful
Goal signal recieved..
Planning ...
Collision pairs set
goal state set
Using RRT Connect
task setup complete
solving task...
OMPL states:, 200.
path found
valid path found, generating trajectory...
Trajectory points:, 1000.
Duration:, 3.72916
excecuting path...
current error: , 0.210696
current error: , 0.210696
current error: , 0.126714
current error: , 0.04359
current error: , 0.003947
Final error:, 0.001818
Execution successful
Goal signal recieved..
Planning ...
Collision pairs set
goal state set
Using RRT Connect
task setup complete
solving task...
OMPL states:, 200.
path found
valid path found, generating trajectory...
Trajectory points:, 1000.
Duration:, 3.343934
excecuting path...
current error: , 0.01673
Final error:, 0.01673
Execution successful
Goal signal recieved..
Planning ...
Collision pairs set
goal state set
Using RRT Connect
task setup complete
solving task...
OMPL states:, 200.
path found
valid path found, generating trajectory...
Trajectory points:, 1000.
Duration:, 4.242405
excecuting path...
current error: , 0.572292
current error: , 0.572292
current error: , 0.48913
current error: , 0.406047
current error: , 0.323022
current error: , 0.239838
current error: , 0.156861
current error: , 0.073884
current error: , 0.009267
Final error:, 0.001081
Execution successful
Goal signal recieved..
Planning ...
Collision pairs set
goal state set
Using RRT Connect
task setup complete
solving task...
OMPL states:, 200.
path found
valid path found, generating trajectory...
Trajectory points:, 1000.
Duration:, 6.780428
excecuting path...
current error: , 0.002263
Final error:, 0.002263
Execution successful
Goal signal recieved..
Planning ...
Collision pairs set
goal state set
Using RRT Connect
task setup complete
solving task...
OMPL states:, 200.
path found
valid path found, generating trajectory...
Trajectory points:, 1000.
Duration:, 0.376988
excecuting path...
current error: , 0.003028
Final error:, 0.003028
Execution successful
Goal signal recieved..
Planning ...
Collision pairs set
goal state set
Using RRT Connect
task setup complete
solving task...
OMPL states:, 200.
path found
valid path found, generating trajectory...
Trajectory points:, 1000.
Duration:, 7.594696
excecuting path...
current error: , 0.002949
Final error:, 0.002949
Execution successful
Goal signal recieved..
Planning ...
Collision pairs set
goal state set
Using RRT Connect
task setup complete
solving task...
Goal signal recieved..
Planning ...
Collision pairs set
goal state set
Using RRT Connect
task setup complete
solving task...
Goal signal recieved..
Planning ...
Collision pairs set
goal state set
Using RRT Connect
task setup complete
solving task...
Goal signal recieved..
Planning ...
Collision pairs set
goal state set
Using RRT Connect
task setup complete
solving task...
Goal signal recieved..
Planning ...
Collision pairs set
goal state set
Using RRT Connect
task setup complete
solving task...
Goal signal recieved..
Planning ...
Collision pairs set
goal state set
Using RRT Connect
task setup complete
solving task...
OMPL states:, 200.
path found
valid path found, generating trajectory...
Trajectory points:, 1000.
Duration:, 12.110526
excecuting path...
current error: , 0.461728
current error: , 0.461728
current error: , 0.377829
current error: , 0.293965
current error: , 0.210126
current error: , 0.126266
current error: , 0.042465
current error: , 0.004286
Final error:, 0.001431
Execution successful
Goal signal recieved..
Planning ...
Collision pairs set
goal state set
Using RRT Connect
task setup complete
solving task...
OMPL states:, 200.
path found
valid path found, generating trajectory...
Trajectory points:, 1000.
Duration:, 3.32347
excecuting path...
current error: , 0.012244
Final error:, 0.012244
Execution successful
Goal signal recieved..
Planning ...
Collision pairs set
goal state set
Using RRT Connect
task setup complete
solving task...
OMPL states:, 200.
path found
valid path found, generating trajectory...
Trajectory points:, 1000.
Duration:, 7.057719
excecuting path...
current error: , 0.067436
current error: , 0.067436
current error: , 0.007863
Final error:, 0.001501
Execution successful
Goal signal recieved..
Planning ...
Collision pairs set
goal state set
Using RRT Connect
task setup complete
solving task...
OMPL states:, 200.
path found
valid path found, generating trajectory...
Trajectory points:, 1000.
Duration:, 3.125674
excecuting path...
current error: , 0.002187
Final error:, 0.002187
Execution successful
Goal signal recieved..
Planning ...
Collision pairs set
goal state set
Using RRT Connect
task setup complete
solving task...
OMPL states:, 200.
path found
valid path found, generating trajectory...
Trajectory points:, 1000.
Duration:, 4.242315
excecuting path...
current error: , 0.573476
current error: , 0.573476
current error: , 0.490352
current error: , 0.407188
current error: , 0.324103
current error: , 0.240962
current error: , 0.158109
current error: , 0.074945
current error: , 0.00975
Final error:, 0.001109
Execution successful
Goal signal recieved..
Planning ...
Collision pairs set
goal state set
Using RRT Connect
task setup complete
solving task...
OMPL states:, 200.
path found
valid path found, generating trajectory...
Trajectory points:, 1000.
Duration:, 1.86411
excecuting path...
current error: , 0.002793
Final error:, 0.002793
Execution successful
Goal signal recieved..
Planning ...
Collision pairs set
goal state set
Using RRT Connect
task setup complete
solving task...
OMPL states:, 200.
path found
valid path found, generating trajectory...
Trajectory points:, 1000.
Duration:, 9.87138
excecuting path...
current error: , 0.822094
current error: , 0.822094
current error: , 0.738919
current error: , 0.655826
current error: , 0.572638
current error: , 0.489675
current error: , 0.406595
current error: , 0.323455
current error: , 0.240455
current error: , 0.157477
current error: , 0.074485
current error: , 0.009699
Final error:, 0.001238
Execution successful
Goal signal recieved..
Planning ...
Collision pairs set
goal state set
Using RRT Connect
task setup complete
solving task...
Goal signal recieved..
Planning ...
Collision pairs set
goal state set
Using RRT Connect
task setup complete
solving task...
OMPL states:, 200.
path found
valid path found, generating trajectory...
Trajectory points:, 1000.
Duration:, 5.030409
excecuting path...
current error: , 1.285102
current error: , 1.285102
current error: , 1.201887
current error: , 1.118707
current error: , 1.0358
current error: , 0.952628
current error: , 0.869628
current error: , 0.78656
current error: , 0.703491
current error: , 0.620285
current error: , 0.537176
current error: , 0.454305
current error: , 0.371309
current error: , 0.288173
current error: , 0.204913
current error: , 0.121872
current error: , 0.038745
current error: , 0.005107
Final error:, 0.002962
Execution successful
Goal signal recieved..
Planning ...
Collision pairs set
goal state set
Using RRT Connect
task setup complete
solving task...
OMPL states:, 200.
path found
valid path found, generating trajectory...
Trajectory points:, 1000.
Duration:, 3.315899
excecuting path...
current error: , 0.015083
Final error:, 0.015083
Execution successful
Goal signal recieved..
Planning ...
Collision pairs set
goal state set
Using RRT Connect
task setup complete
solving task...
OMPL states:, 200.
path found
valid path found, generating trajectory...
Trajectory points:, 1000.
Duration:, 3.425428
excecuting path...
current error: , 0.078896
current error: , 0.078896
current error: , 0.011928
Final error:, 0.003206
Execution successful
Goal signal recieved..
Planning ...
Collision pairs set
goal state set
Using RRT Connect
task setup complete
solving task...
OMPL states:, 200.
path found
valid path found, generating trajectory...
Trajectory points:, 1000.
Duration:, 0.396713
excecuting path...
current error: , 0.006141
Final error:, 0.006141
Execution successful
Goal signal recieved..
Planning ...
Collision pairs set
goal state set
Using RRT Connect
task setup complete
solving task...
Goal signal recieved..
Planning ...
Collision pairs set
goal state set
Using RRT Connect
task setup complete
solving task...
OMPL states:, 200.
path found
valid path found, generating trajectory...
Trajectory points:, 1000.
Duration:, 1.723968
excecuting path...
current error: , 0.002492
Final error:, 0.002492
Execution successful
Goal signal recieved..
Planning ...
Collision pairs set
goal state set
Using RRT Connect
task setup complete
solving task...
OMPL states:, 200.
path found
valid path found, generating trajectory...
Trajectory points:, 1000.
Duration:, 3.754682
excecuting path...
current error: , 0.263336
current error: , 0.263336
current error: , 0.179585
current error: , 0.095902
current error: , 0.018643
Final error:, 0.003833
Execution successful
Goal signal recieved..
Planning ...
Collision pairs set
goal state set
Using RRT Connect
task setup complete
solving task...
OMPL states:, 200.
path found
valid path found, generating trajectory...
Trajectory points:, 1000.
Duration:, 3.753655
excecuting path...
current error: , 0.258514
current error: , 0.258514
current error: , 0.174754
current error: , 0.091016
current error: , 0.016334
Final error:, 0.003639
Execution successful
Goal signal recieved..
Planning ...
Collision pairs set
goal state set
Using RRT Connect
task setup complete
solving task...
OMPL states:, 200.
path found
valid path found, generating trajectory...
Trajectory points:, 1000.
Duration:, 1.383732
excecuting path...
current error: , 0.002581
Final error:, 0.002581
Execution successful
Goal signal recieved..
Planning ...
Collision pairs set
goal state set
Using RRT Connect
task setup complete
solving task...
OMPL states:, 200.
path found
valid path found, generating trajectory...
Trajectory points:, 1000.
Duration:, 3.831403
excecuting path...
current error: , 0.30864
current error: , 0.30864
current error: , 0.224907
current error: , 0.141209
current error: , 0.057541
current error: , 0.007115
Final error:, 0.00262
Execution successful
Goal signal recieved..
Planning ...
Collision pairs set
goal state set
Using RRT Connect
task setup complete
solving task...
OMPL states:, 200.
path found
valid path found, generating trajectory...
Trajectory points:, 1000.
Duration:, 16.685745
excecuting path...
current error: , 0.004038
Final error:, 0.004038
Execution successful
Goal signal recieved..
Planning ...
Collision pairs set
goal state set
Using RRT Connect
task setup complete
solving task...
OMPL states:, 200.
path found
valid path found, generating trajectory...
Trajectory points:, 1000.
Duration:, 1.728781
excecuting path...
current error: , 0.001249
Final error:, 0.001249
Execution successful
Goal signal recieved..
Planning ...
Collision pairs set
goal state set
Using RRT Connect
task setup complete
solving task...
Goal signal recieved..
Planning ...
Collision pairs set
goal state set
Using RRT Connect
task setup complete
solving task...
OMPL states:, 200.
path found
valid path found, generating trajectory...
Trajectory points:, 1000.
Duration:, 8.772426
excecuting path...
current error: , 0.331601
current error: , 0.331601
current error: , 0.247889
current error: , 0.164217
current error: , 0.080478
current error: , 0.011768
Final error:, 0.00268
Execution successful
Goal signal recieved..
Planning ...
Collision pairs set
goal state set
Using RRT Connect
task setup complete
solving task...
OMPL states:, 200.
path found
valid path found, generating trajectory...
Trajectory points:, 1000.
Duration:, 3.852789
excecuting path...
current error: , 0.279177
current error: , 0.279177
current error: , 0.195431
current error: , 0.111722
current error: , 0.028374
current error: , 0.002595
Final error:, 0.001287
Execution successful
Goal signal recieved..
Planning ...
Collision pairs set
goal state set
Using RRT Connect
task setup complete
solving task...
OMPL states:, 200.
path found
valid path found, generating trajectory...
Trajectory points:, 1000.
Duration:, 3.716458
excecuting path...
current error: , 0.212946
current error: , 0.212946
current error: , 0.129282
current error: , 0.045623
current error: , 0.004365
Final error:, 0.001396
Execution successful
Goal signal recieved..
Planning ...
Collision pairs set
goal state set
Using RRT Connect
task setup complete
solving task...
OMPL states:, 200.
path found
valid path found, generating trajectory...
Trajectory points:, 1000.
Duration:, 8.964031
excecuting path...
current error: , 1.093276
current error: , 1.093276
current error: , 1.009661
current error: , 0.926013
current error: , 0.84241
current error: , 0.758932
current error: , 0.67566
current error: , 0.592618
current error: , 0.509465
current error: , 0.426653
current error: , 0.34366
current error: , 0.260633
current error: , 0.177508
current error: , 0.094547
current error: , 0.017375
Final error:, 0.001835
Execution successful
Goal signal recieved..
Planning ...
Collision pairs set
goal state set
Using RRT Connect
task setup complete
solving task...
OMPL states:, 200.
path found
valid path found, generating trajectory...
Trajectory points:, 1000.
Duration:, 11.53398
excecuting path...
current error: , 0.687408
current error: , 0.687408
current error: , 0.604228
current error: , 0.520962
current error: , 0.437857
current error: , 0.354766
current error: , 0.271591
current error: , 0.188235
current error: , 0.105006
current error: , 0.024028
current error: , 0.00307
Final error:, 0.001848
Execution successful
Goal signal recieved..
Planning ...
Collision pairs set
goal state set
Using RRT Connect
task setup complete
solving task...
OMPL states:, 200.
path found
valid path found, generating trajectory...
Trajectory points:, 1000.
Duration:, 10.613322
excecuting path...
current error: , 0.003455
Final error:, 0.003455
Execution successful
Goal signal recieved..
Planning ...
Collision pairs set
goal state set
Using RRT Connect
task setup complete
solving task...
OMPL states:, 200.
path found
valid path found, generating trajectory...
Trajectory points:, 1000.
Duration:, 5.030053
excecuting path...
current error: , 1.284156
current error: , 1.284156
current error: , 1.201054
current error: , 1.118146
current error: , 1.035005
current error: , 0.952018
current error: , 0.869052
current error: , 0.785943
current error: , 0.702903
current error: , 0.619969
current error: , 0.536804
current error: , 0.453715
current error: , 0.370594
current error: , 0.287382
current error: , 0.204213
current error: , 0.121314
current error: , 0.038469
current error: , 0.005122
Final error:, 0.002763
Execution successful
Goal signal recieved..
Planning ...
Collision pairs set
goal state set
Using RRT Connect
task setup complete
solving task...
OMPL states:, 200.
path found
valid path found, generating trajectory...
Trajectory points:, 1000.
Duration:, 3.908937
excecuting path...
current error: , 0.357976
current error: , 0.357976
current error: , 0.274299
current error: , 0.19062
current error: , 0.106961
current error: , 0.025155
current error: , 0.003887
Final error:, 0.002718
Execution successful
Goal signal recieved..
Planning ...
Collision pairs set
goal state set
Using RRT Connect
task setup complete
solving task...
OMPL states:, 200.
path found
valid path found, generating trajectory...
Trajectory points:, 1000.
Duration:, 6.439175
excecuting path...
current error: , 1.142531
current error: , 1.142531
current error: , 1.023215
current error: , 0.887083
current error: , 0.792105
current error: , 0.675101
current error: , 0.564236
current error: , 0.457368
current error: , 0.357988
current error: , 0.271484
current error: , 0.18774
current error: , 0.10404
current error: , 0.022608
current error: , 0.002454
Final error:, 0.001243
Execution successful
Goal signal recieved..
Planning ...
Collision pairs set
goal state set
Using RRT Connect
task setup complete
solving task...
OMPL states:, 200.
path found
valid path found, generating trajectory...
Trajectory points:, 1000.
Duration:, 5.439736
excecuting path...
current error: , 0.005021
Final error:, 0.005021
Execution successful
