Warning: Ignoring XDG_SESSION_TYPE=wayland on Gnome. Use QT_QPA_PLATFORM=wayland to run on Wayland anyway.
Warning: Ignoring XDG_SESSION_TYPE=wayland on Gnome. Use QT_QPA_PLATFORM=wayland to run on Wayland anyway.
[CoppeliaSimClient]   loading the CoppeliaSim library...
[CoppeliaSimClient:loadinfo]   done.
[CoppeliaSimClient:loadinfo]   launching CoppeliaSim...
[CoppeliaSim:loadinfo]   Application directory is /home/kolletms/CoppeliaSim_Edu_V4_10_0_rev0_Ubuntu22_04
[CoppeliaSim:loadinfo]   user settings file is /home/kolletms/.CoppeliaSim/usrset.txt
[CoppeliaSim:loadinfo]   CoppeliaSim v4.10.0 (rev. 0), flavor: 1, linux
[CoppeliaSim:loadinfo]   ds:   0
[CoppeliaSim:loadinfo]   msnd: 1
[CoppeliaSim:loadinfo]   ms:   1
[CoppeliaSim:loadinfo]   midx: 5000-91EB-FFC4-9CCA-F764-C71D
[CoppeliaSim:loadinfo]   did:  
[CoppeliaSim:loadinfo]   mid0: FC97-7379-1C16-0023-1C17-0101
[CoppeliaSim:loadinfo]   mid1: FC9773791C1600231C17
[CoppeliaSim:loadinfo]   mid2: 7AB7966CC9EF9BB7FD7FEC7D769DC7BA
[CoppeliaSim:loadinfo]   mid3: 04E3981EA27E99B4CE66
[CoppeliaSim:loadinfo]   k:    687FFE88B3DF088E5DDD414A
[CoppeliaSim:loadinfo]   plugin simIK0: loading...
[CoppeliaSim:loadinfo]   plugin simIK0: done.
[CoppeliaSim:loadinfo]   primary screen physical dots per inch: 165
[CoppeliaSim:loadinfo]   display scaling (guessed): 100
[CoppeliaSim:loadinfo]   simulator launched.
[CoppeliaSim:loadinfo]   plugin 'BWF': loading...
[CoppeliaSim:loadinfo]   plugin 'BWF': load succeeded.
[CoppeliaSim:loadinfo]   plugin 'RemoteApi': loading...
[CoppeliaSim:loadinfo]   plugin 'RemoteApi': load succeeded.
[CoppeliaSim:loadinfo]   SK:   687FFE88B3DF088E5DDD414A
[CoppeliaSim:loadinfo]   initializing the sandbox script...
[sandboxScript:loadinfo]   plugin simZMQ: loading...
[sandboxScript:loadinfo]   plugin simZMQ: done.
[sandboxScript:loadinfo]   plugin simSubprocess: loading...
[sandboxScript:loadinfo]   plugin simSubprocess: done.
[sandboxScript:info]   Simulator launched, welcome! 
[CoppeliaSim:loadinfo]   sandbox script initialized.
[CoppeliaSim:loadinfo]   add-on '3D text generator.lua' was loaded.
[CoppeliaSim:loadinfo]   add-on 'Add-on edit.lua' was loaded.
[CoppeliaSim:loadinfo]   add-on 'Alias change.lua' was loaded.
[CoppeliaSim:loadinfo]   add-on 'Animation capture.lua' was loaded.
[CoppeliaSim:loadinfo]   add-on 'B0 remote Api server.lua' was loaded.
[CoppeliaSim:loadinfo]   add-on 'Button action.lua' was loaded.
[CoppeliaSim:loadinfo]   add-on 'Collision check.lua' was loaded.
[CoppeliaSim:loadinfo]   add-on 'Color changer.lua' was loaded.
[CoppeliaSim:loadinfo]   add-on 'Commander.lua' was loaded.
[CoppeliaSim:loadinfo]   add-on 'Contact display.lua' was loaded.
[CoppeliaSim:loadinfo]   add-on 'Convex decomposition hacd.lua' was loaded.
[CoppeliaSim:loadinfo]   add-on 'Convex decomposition vhacd.lua' was loaded.
[CoppeliaSim:loadinfo]   add-on 'Convex hull.lua' was loaded.
[CoppeliaSim:loadinfo]   add-on 'Create dummies on mesh surface.lua' was loaded.
[CoppeliaSim:loadinfo]   add-on 'Define joint group.lua' was loaded.
[CoppeliaSim:loadinfo]   add-on 'Denavit Hartenberg creator.lua' was loaded.
[CoppeliaSim:loadinfo]   add-on 'Denavit Hartenberg extractor.lua' was loaded.
[CoppeliaSim:loadinfo]   add-on 'Distance check.lua' was loaded.
[CoppeliaSim:loadinfo]   add-on 'Distribute objects uniformly.lua' was loaded.
[CoppeliaSim:loadinfo]   add-on 'Event viewer.lua' was loaded.
[CoppeliaSim:loadinfo]   add-on 'Events capture.lua' was loaded.
[CoppeliaSim:loadinfo]   add-on 'Events dump exporter.lua' was loaded.
[CoppeliaSim:loadinfo]   add-on 'External model auto reload.lua' was loaded.
[CoppeliaSim:loadinfo]   add-on 'External model auto save.lua' was loaded.
[CoppeliaSim:loadinfo]   add-on 'External model load.lua' was loaded.
[CoppeliaSim:loadinfo]   add-on 'External model reload selected.lua' was loaded.
[CoppeliaSim:loadinfo]   add-on 'External model save.lua' was loaded.
[CoppeliaSim:loadinfo]   add-on 'Find in scripts.lua' was loaded.
[CoppeliaSim:loadinfo]   add-on 'Find midpoint.lua' was loaded.
[CoppeliaSim:loadinfo]   add-on 'Floor plan importer.lua' was loaded.
[CoppeliaSim:loadinfo]   add-on 'GLTF animation exporter.lua' was loaded.
[CoppeliaSim:loadinfo]   add-on 'GLTF exporter.lua' was loaded.
[CoppeliaSim:loadinfo]   add-on 'Inverse Kinematics > generator.lua' was loaded.
[CoppeliaSim:loadinfo]   add-on 'Isometric scaling.lua' was loaded.
[CoppeliaSim:loadinfo]   add-on 'Joint tool.lua' was loaded.
[CoppeliaSim:loadinfo]   add-on 'LDraw importer.lua' was loaded.
[CoppeliaSim:loadinfo]   add-on 'Make objects same appearance.lua' was loaded.
[CoppeliaSim:loadinfo]   add-on 'Measure distance and direction.lua' was loaded.
[CoppeliaSim:loadinfo]   add-on 'Mesh decimation.lua' was loaded.
[CoppeliaSim:loadinfo]   add-on 'Mesh difference.lua' was loaded.
[CoppeliaSim:loadinfo]   add-on 'Mesh intersection.lua' was loaded.
[CoppeliaSim:loadinfo]   add-on 'Mesh subdivision.lua' was loaded.
[CoppeliaSim:loadinfo]   add-on 'Mesh symmetric difference.lua' was loaded.
[CoppeliaSim:loadinfo]   add-on 'Mesh union.lua' was loaded.
[CoppeliaSim:loadinfo]   add-on 'Message viewer.lua' was loaded.
[CoppeliaSim:loadinfo]   add-on 'Minimalistic exporter.lua' was loaded.
[CoppeliaSim:loadinfo]   add-on 'Minimalistic importer.lua' was loaded.
[CoppeliaSim:loadinfo]   add-on 'Motion Planning generator.lua' was loaded.
[CoppeliaSim:loadinfo]   add-on 'Notepad++ autocompletion.lua' was loaded.
[CoppeliaSim:loadinfo]   add-on 'Pause Stop Simulation on Condition.lua' was loaded.
[CoppeliaSim:loadinfo]   add-on 'Plugin enumerator.lua' was loaded.
[CoppeliaSim:loadinfo]   add-on 'Point cloud importer.lua' was loaded.
[CoppeliaSim:loadinfo]   add-on 'Point sampler interactive.lua' was loaded.
[CoppeliaSim:loadinfo]   add-on 'Point sampler service.lua' was loaded.
[CoppeliaSim:loadinfo]   add-on 'Property explorer.lua' was loaded.
[CoppeliaSim:loadinfo]   add-on 'PyRep.lua' was loaded.
[CoppeliaSim:loadinfo]   add-on 'Referenced handles explorer.lua' was loaded.
[CoppeliaSim:loadinfo]   add-on 'Referenced handles highlight.lua' was loaded.
[CoppeliaSim:loadinfo]   add-on 'Screenshot tool.lua' was loaded.
[CoppeliaSim:loadinfo]   add-on 'Script capture.lua' was loaded.
[CoppeliaSim:loadinfo]   add-on 'SDF importer.lua' was loaded.
[CoppeliaSim:loadinfo]   add-on 'Simulation stepper.lua' was loaded.
[CoppeliaSim:loadinfo]   add-on 'Subdivide large triangles.lua' was loaded.
[CoppeliaSim:loadinfo]   add-on 'Surface reconstruction.lua' was loaded.
[CoppeliaSim:loadinfo]   add-on 'Translate to align vertex.lua' was loaded.
[CoppeliaSim:loadinfo]   add-on 'URDF exporter.lua' was loaded.
[CoppeliaSim:loadinfo]   add-on 'URDF importer.lua' was loaded.
[CoppeliaSim:loadinfo]   add-on 'URL drop service.lua' was loaded.
[CoppeliaSim:loadinfo]   add-on 'Video recorder.lua' was loaded.
[CoppeliaSim:loadinfo]   add-on 'Visualization stream.lua' was loaded.
[CoppeliaSim:loadinfo]   add-on 'WS remote API server.lua' was loaded.
[CoppeliaSim:loadinfo]   add-on 'ZMQ remote API server.lua' was loaded.
[CoppeliaSim:loadinfo]   add-on 'Convex decomposition coacd.py' was loaded.
[Developer tools >> Commander >> Commander@addOnScript:loadinfo]   plugin simCmd: loading...
[simCmd:warning]   Selected script: Sandbox (Python)
[Developer tools >> Commander >> Commander@addOnScript:loadinfo]   plugin simCmd: done.
[Connectivity >> WebSocket remote API server@addOnScript:loadinfo]   plugin simWS: loading...
[Connectivity >> WebSocket remote API server@addOnScript:loadinfo]   plugin simWS: done.
[Connectivity >> WebSocket remote API server@addOnScript:info]   WebSocket Remote API server starting (port=23053)...
[Connectivity >> ZMQ remote API server@addOnScript:info]   ZeroMQ Remote API server starting (rpcPort=23002)...
[CoppeliaSim:warning]   If CoppeliaSim crashed in previous session, you can find auto-saved scenes in /home/kolletms/.CoppeliaSim/autoSavedScenes
[/UR10/followPath:loadinfo]   plugin simIK: loading...
[/UR10/followPath:loadinfo]   plugin simIK: done.
[/UR10/followPath:loadinfo]   plugin simOMPL: loading...
[/UR10/followPath:loadinfo]   plugin simOMPL: done.
/Floor, 13
/MPO_700, 86
/assembly_table, 88
/obs1, 133
/obs2, 135
/obs0, 137
/column0, 141
/column1, 143
/column2, 139
[/UR10/followPath:warning]   sim.switchThread is deprecated. please use sim.step instead. (control verbosity via notifyDeprecated in usrset.txt)
[/moveToPose:warning]   sim.setThreadSwitchTiming is deprecated. please use sim.setAutoYieldDelay instead. (control verbosity via notifyDeprecated in usrset.txt)
[/moveToPose:warning]   sim.switchThread is deprecated. please use sim.step instead. (control verbosity via notifyDeprecated in usrset.txt)
[sandboxScript:info]   Simulation started.
[CoppeliaSim:loadinfo]   plugin simGeom: loading...
[CoppeliaSim:loadinfo]   plugin simGeom: done.
[CoppeliaSim:loadinfo]   plugin simBullet-2-83: loading...
[CoppeliaSim:loadinfo]   plugin simBullet-2-83: done.
[CoppeliaSim:warning]   Detected non-default settings (time steps and/or dyn. engine global settings).
[sandboxScript:info]   Simulation stopping...
[sandboxScript:info]   Simulation stopped.
[sandboxScript:info]   Simulation started.
[CoppeliaSim:warning]   Detected non-default settings (time steps and/or dyn. engine global settings).
[sandboxScript:info]   Simulation stopping...
[sandboxScript:info]   Simulation stopped.
[sandboxScript:info]   Simulation started.
[CoppeliaSim:warning]   Detected non-default settings (time steps and/or dyn. engine global settings).
Goal signal recieved..
Planning ...
Collision pairs set
goal state set
Using RRT Connect
task setup complete
solving task...
OMPL states:, 200.
path found
valid path found, generating trajectory...
[/UR10/followPath:warning]   module 'matrix' was implicitly loaded.
[/UR10/followPath:warning]   "matrix" module is deprecated. please use simEigen
Trajectory points:, 1000.
Duration:, 3.575155
excecuting path...
current error: , 0.069692
current error: , 0.069692
current error: , 0.006054
Final error:, 0.001347
Execution successful
[CoppeliaSim:loadinfo]   plugin simRuckig: loading...
[CoppeliaSim:loadinfo]   plugin simRuckig: done.
Goal signal recieved..
Planning ...
Collision pairs set
goal state set
Using RRT Connect
task setup complete
solving task...
OMPL states:, 200.
path found
valid path found, generating trajectory...
Trajectory points:, 1000.
Duration:, 3.716533
excecuting path...
current error: , 0.213176
current error: , 0.213176
current error: , 0.129477
current error: , 0.045791
current error: , 0.004439
Final error:, 0.001466
Execution successful
[sandboxScript:info]   Simulation stopping...
[sandboxScript:info]   Simulation stopped.
[sandboxScript:info]   Simulation started.
[CoppeliaSim:warning]   Detected non-default settings (time steps and/or dyn. engine global settings).
Goal signal recieved..
Planning ...
Collision pairs set
goal state set
Using RRT Connect
task setup complete
solving task...
OMPL states:, 200.
path found
valid path found, generating trajectory...
Trajectory points:, 1000.
Duration:, 3.622387
excecuting path...
current error: , 0.132895
current error: , 0.132895
current error: , 0.046978
current error: , 0.002378
Final error:, 0.000774
Execution successful
Goal signal recieved..
Planning ...
Collision pairs set
goal state set
Using RRT Connect
task setup complete
solving task...
OMPL states:, 200.
path found
valid path found, generating trajectory...
Trajectory points:, 1000.
Duration:, 0.638405
excecuting path...
current error: , 0.005287
Final error:, 0.005287
Execution successful
Goal signal recieved..
Planning ...
Collision pairs set
goal state set
Using RRT Connect
task setup complete
solving task...
OMPL states:, 200.
path found
valid path found, generating trajectory...
Trajectory points:, 1000.
Duration:, 1.834935
excecuting path...
current error: , 0.004137
Final error:, 0.004137
Execution successful
Goal signal recieved..
Planning ...
Collision pairs set
goal state set
Using RRT Connect
task setup complete
solving task...
OMPL states:, 200.
path found
valid path found, generating trajectory...
Trajectory points:, 1000.
Duration:, 7.880091
excecuting path...
current error: , 1.11292
current error: , 1.11292
current error: , 1.029873
current error: , 0.946891
current error: , 0.863557
current error: , 0.780581
current error: , 0.697383
current error: , 0.614383
current error: , 0.531319
current error: , 0.448027
current error: , 0.365002
current error: , 0.281956
current error: , 0.198761
current error: , 0.115634
current error: , 0.032621
current error: , 0.003208
Final error:, 0.001062
Execution successful
Goal signal recieved..
Planning ...
Collision pairs set
goal state set
Using RRT Connect
task setup complete
solving task...
OMPL states:, 200.
path found
valid path found, generating trajectory...
Trajectory points:, 1000.
Duration:, 14.916465
excecuting path...
current error: , 0.014152
Final error:, 0.014152
Execution successful
[sandboxScript:info]   Simulation stopping...
[sandboxScript:info]   Simulation stopped.
[sandboxScript:info]   Simulation started.
[CoppeliaSim:warning]   Detected non-default settings (time steps and/or dyn. engine global settings).
[sandboxScript:info]   Simulation stopping...
[sandboxScript:info]   Simulation stopped.
[sandboxScript:info]   Simulation started.
[CoppeliaSim:warning]   Detected non-default settings (time steps and/or dyn. engine global settings).
Goal signal recieved..
Planning ...
Collision pairs set
goal state set
Using RRT Connect
task setup complete
solving task...
OMPL states:, 200.
path found
valid path found, generating trajectory...
Trajectory points:, 1000.
Duration:, 3.402682
excecuting path...
current error: , 0.012974
Final error:, 0.012974
Execution successful
Goal signal recieved..
Planning ...
Collision pairs set
goal state set
Using RRT Connect
task setup complete
solving task...
OMPL states:, 200.
path found
valid path found, generating trajectory...
Trajectory points:, 1000.
Duration:, 8.799414
excecuting path...
current error: , 0.315902
current error: , 0.315902
current error: , 0.23218
current error: , 0.148475
current error: , 0.06477
current error: , 0.008792
Final error:, 0.002999
Execution successful
Goal signal recieved..
Planning ...
Collision pairs set
goal state set
Using RRT Connect
task setup complete
solving task...
OMPL states:, 200.
path found
valid path found, generating trajectory...
Trajectory points:, 1000.
Duration:, 1.678941
excecuting path...
current error: , 0.004572
Final error:, 0.004572
Execution successful
Goal signal recieved..
Planning ...
Collision pairs set
goal state set
Using RRT Connect
task setup complete
solving task...
OMPL states:, 200.
path found
valid path found, generating trajectory...
Trajectory points:, 1000.
Duration:, 3.344256
excecuting path...
current error: , 0.032973
current error: , 0.032973
current error: , 0.004255
Final error:, 0.002259
Execution successful
Goal signal recieved..
Planning ...
Collision pairs set
goal state set
Using RRT Connect
task setup complete
solving task...
OMPL states:, 200.
path found
valid path found, generating trajectory...
Trajectory points:, 1000.
Duration:, 3.405944
excecuting path...
current error: , 0.023176
current error: , 0.023176
current error: , 0.002471
Final error:, 0.002125
Execution successful
Goal signal recieved..
Planning ...
Collision pairs set
goal state set
Using RRT Connect
task setup complete
solving task...
OMPL states:, 200.
path found
valid path found, generating trajectory...
Trajectory points:, 1000.
Duration:, 0.472528
excecuting path...
current error: , 0.006049
Final error:, 0.006049
Execution successful
Goal signal recieved..
Planning ...
Collision pairs set
goal state set
Using RRT Connect
task setup complete
solving task...
OMPL states:, 200.
path found
valid path found, generating trajectory...
Trajectory points:, 1000.
Duration:, 3.400477
excecuting path...
current error: , 0.022047
current error: , 0.022047
current error: , 0.001957
Final error:, 0.001095
Execution successful
Goal signal recieved..
Planning ...
Collision pairs set
goal state set
Using RRT Connect
task setup complete
solving task...
OMPL states:, 200.
path found
valid path found, generating trajectory...
Trajectory points:, 1000.
Duration:, 3.372888
excecuting path...
current error: , 0.019145
Final error:, 0.019145
Execution successful
Goal signal recieved..
Planning ...
Collision pairs set
goal state set
Using RRT Connect
task setup complete
solving task...
OMPL states:, 200.
path found
valid path found, generating trajectory...
Trajectory points:, 1000.
Duration:, 11.941678
excecuting path...
current error: , 0.003262
Final error:, 0.003262
Execution successful
Goal signal recieved..
Planning ...
Collision pairs set
goal state set
Using RRT Connect
task setup complete
solving task...
OMPL states:, 200.
path found
valid path found, generating trajectory...
Trajectory points:, 1000.
Duration:, 8.974366
excecuting path...
current error: , 0.416844
current error: , 0.416844
current error: , 0.332993
current error: , 0.249318
current error: , 0.165611
current error: , 0.081886
current error: , 0.011629
Final error:, 0.001283
Execution successful
Goal signal recieved..
Planning ...
Collision pairs set
goal state set
Using RRT Connect
task setup complete
solving task...
OMPL states:, 200.
path found
valid path found, generating trajectory...
Trajectory points:, 1000.
Duration:, 7.477406
excecuting path...
current error: , 0.014212
Final error:, 0.014212
Execution successful
Goal signal recieved..
Planning ...
Collision pairs set
goal state set
Using RRT Connect
task setup complete
solving task...
OMPL states:, 200.
path found
valid path found, generating trajectory...
Trajectory points:, 1000.
Duration:, 0.307338
excecuting path...
current error: , 0.003172
Final error:, 0.003172
Execution successful
Goal signal recieved..
Planning ...
Collision pairs set
goal state set
Using RRT Connect
task setup complete
solving task...
OMPL states:, 200.
path found
valid path found, generating trajectory...
Trajectory points:, 1000.
Duration:, 1.679771
excecuting path...
current error: , 0.004592
Final error:, 0.004592
Execution successful
Goal signal recieved..
Planning ...
Collision pairs set
goal state set
Using RRT Connect
task setup complete
solving task...
OMPL states:, 200.
path found
valid path found, generating trajectory...
Trajectory points:, 1000.
Duration:, 2.017065
excecuting path...
current error: , 0.002303
Final error:, 0.002303
Execution successful
Goal signal recieved..
Planning ...
Collision pairs set
goal state set
Using RRT Connect
task setup complete
solving task...
OMPL states:, 200.
path found
valid path found, generating trajectory...
Trajectory points:, 1000.
Duration:, 3.586477
excecuting path...
current error: , 0.157648
current error: , 0.157648
current error: , 0.073954
current error: , 0.010255
Final error:, 0.002483
Execution successful
Goal signal recieved..
Planning ...
Collision pairs set
goal state set
Using RRT Connect
task setup complete
solving task...
OMPL states:, 200.
path found
valid path found, generating trajectory...
Trajectory points:, 1000.
Duration:, 3.53215
excecuting path...
current error: , 0.090012
current error: , 0.090012
current error: , 0.01481
Final error:, 0.00167
Execution successful
Goal signal recieved..
Planning ...
Collision pairs set
goal state set
Using RRT Connect
task setup complete
solving task...
OMPL states:, 200.
path found
valid path found, generating trajectory...
Trajectory points:, 1000.
Duration:, 7.915006
excecuting path...
current error: , 0.03324
current error: , 0.03324
current error: , 0.003263
Final error:, 0.001358
Execution successful
Goal signal recieved..
Planning ...
Collision pairs set
goal state set
Using RRT Connect
task setup complete
solving task...
OMPL states:, 200.
path found
valid path found, generating trajectory...
Trajectory points:, 1000.
Duration:, 7.958439
excecuting path...
current error: , 0.002483
Final error:, 0.002483
Execution successful
Goal signal recieved..
Planning ...
Collision pairs set
goal state set
Using RRT Connect
task setup complete
solving task...
OMPL states:, 200.
path found
valid path found, generating trajectory...
Trajectory points:, 1000.
Duration:, 2.231595
excecuting path...
current error: , 0.002245
Final error:, 0.002245
Execution successful
Goal signal recieved..
Planning ...
Collision pairs set
goal state set
Using RRT Connect
task setup complete
solving task...
OMPL states:, 200.
path found
valid path found, generating trajectory...
Trajectory points:, 1000.
Duration:, 5.662818
excecuting path...
current error: , 1.822894
current error: , 1.822894
current error: , 1.739205
current error: , 1.655516
current error: , 1.571805
current error: , 1.488098
current error: , 1.40439
current error: , 1.320713
current error: , 1.237033
current error: , 1.153339
current error: , 1.069628
current error: , 0.985985
current error: , 0.902307
current error: , 0.818628
current error: , 0.73495
current error: , 0.651265
current error: , 0.567553
current error: , 0.483839
current error: , 0.400154
current error: , 0.316473
current error: , 0.23275
current error: , 0.149068
current error: , 0.065337
current error: , 0.008187
Final error:, 0.002156
Execution successful
Goal signal recieved..
Planning ...
Collision pairs set
goal state set
Using RRT Connect
task setup complete
solving task...
OMPL states:, 200.
path found
valid path found, generating trajectory...
Trajectory points:, 1000.
Duration:, 4.235082
excecuting path...
current error: , 0.614919
current error: , 0.614919
current error: , 0.531927
current error: , 0.44899
current error: , 0.366049
current error: , 0.283111
current error: , 0.199955
current error: , 0.117063
current error: , 0.034176
current error: , 0.004911
Final error:, 0.002737
Execution successful
Goal signal recieved..
Planning ...
Collision pairs set
goal state set
Using RRT Connect
task setup complete
solving task...
OMPL states:, 200.
path found
valid path found, generating trajectory...
Trajectory points:, 1000.
Duration:, 4.239441
excecuting path...
current error: , 0.597056
current error: , 0.597056
current error: , 0.514142
current error: , 0.431198
current error: , 0.348002
current error: , 0.265019
current error: , 0.181843
current error: , 0.098888
current error: , 0.019899
Final error:, 0.002507
Execution successful
Goal signal recieved..
Planning ...
Collision pairs set
goal state set
Using RRT Connect
task setup complete
solving task...
OMPL states:, 200.
path found
valid path found, generating trajectory...
Trajectory points:, 1000.
Duration:, 3.275568
excecuting path...
current error: , 0.011034
Final error:, 0.011034
Execution successful
Goal signal recieved..
Planning ...
Collision pairs set
goal state set
Using RRT Connect
task setup complete
solving task...
OMPL states:, 200.
path found
valid path found, generating trajectory...
Trajectory points:, 1000.
Duration:, 3.753875
excecuting path...
current error: , 0.239294
current error: , 0.239294
current error: , 0.155633
current error: , 0.071921
current error: , 0.008868
Final error:, 0.001207
Execution successful
Goal signal recieved..
Planning ...
Collision pairs set
goal state set
Using RRT Connect
task setup complete
solving task...
OMPL states:, 200.
path found
valid path found, generating trajectory...
Trajectory points:, 1000.
Duration:, 4.242477
excecuting path...
current error: , 0.571947
current error: , 0.571947
current error: , 0.488873
current error: , 0.405721
current error: , 0.322539
current error: , 0.239487
current error: , 0.156387
current error: , 0.073537
current error: , 0.009234
Final error:, 0.001729
Execution successful
Goal signal recieved..
Planning ...
Collision pairs set
goal state set
Using RRT Connect
task setup complete
solving task...
OMPL states:, 200.
path found
valid path found, generating trajectory...
Trajectory points:, 1000.
Duration:, 8.883517
excecuting path...
current error: , 0.663158
current error: , 0.663158
current error: , 0.579956
current error: , 0.497004
current error: , 0.413826
current error: , 0.330651
current error: , 0.247456
current error: , 0.16456
current error: , 0.081585
current error: , 0.011775
Final error:, 0.001422
Execution successful
Goal signal recieved..
Planning ...
Collision pairs set
goal state set
Using RRT Connect
task setup complete
solving task...
OMPL states:, 200.
path found
valid path found, generating trajectory...
Trajectory points:, 1000.
Duration:, 9.523121
excecuting path...
current error: , 1.302251
current error: , 1.302251
current error: , 1.199411
current error: , 1.099441
current error: , 1.003417
current error: , 0.912533
current error: , 0.827725
current error: , 0.744616
current error: , 0.661552
current error: , 0.578369
current error: , 0.495635
current error: , 0.412781
current error: , 0.329832
current error: , 0.24671
current error: , 0.163852
current error: , 0.08065
current error: , 0.011801
Final error:, 0.002161
Execution successful
Goal signal recieved..
Planning ...
Collision pairs set
goal state set
Using RRT Connect
task setup complete
solving task...
OMPL states:, 200.
path found
valid path found, generating trajectory...
Trajectory points:, 1000.
Duration:, 5.030752
excecuting path...
current error: , 1.265911
current error: , 1.265911
current error: , 1.182849
current error: , 1.099933
current error: , 1.017111
current error: , 0.934075
current error: , 0.850851
current error: , 0.767778
current error: , 0.684902
current error: , 0.601813
current error: , 0.5187
current error: , 0.435648
current error: , 0.35267
current error: , 0.269527
current error: , 0.186535
current error: , 0.103744
current error: , 0.022911
current error: , 0.002242
Final error:, 0.000871
Execution successful
Goal signal recieved..
Planning ...
Collision pairs set
goal state set
Using RRT Connect
task setup complete
solving task...
Goal signal recieved..
Planning ...
Collision pairs set
goal state set
Using RRT Connect
task setup complete
solving task...
Goal signal recieved..
Planning ...
Collision pairs set
goal state set
Using RRT Connect
task setup complete
solving task...
Goal signal recieved..
Planning ...
Collision pairs set
goal state set
Using RRT Connect
task setup complete
solving task...
OMPL states:, 200.
path found
valid path found, generating trajectory...
Trajectory points:, 1000.
Duration:, 3.574019
excecuting path...
current error: , 0.118829
current error: , 0.118829
current error: , 0.035158
current error: , 0.003302
Final error:, 0.001166
Execution successful
Goal signal recieved..
Planning ...
Collision pairs set
goal state set
Using RRT Connect
task setup complete
solving task...
OMPL states:, 200.
path found
valid path found, generating trajectory...
Trajectory points:, 1000.
Duration:, 1.953234
excecuting path...
current error: , 0.002633
Final error:, 0.002633
Execution successful
[sandboxScript:info]   Simulation stopping...
[sandboxScript:info]   Simulation stopped.
[sandboxScript:info]   Simulation started.
[CoppeliaSim:warning]   Detected non-default settings (time steps and/or dyn. engine global settings).
Goal signal recieved..
Planning ...
Collision pairs set
goal state set
Using RRT Connect
task setup complete
solving task...
OMPL states:, 200.
path found
valid path found, generating trajectory...
Trajectory points:, 1000.
Duration:, 3.57518
excecuting path...
current error: , 0.098061
current error: , 0.098061
current error: , 0.016776
Final error:, 0.000374
Execution successful
Goal signal recieved..
Planning ...
Collision pairs set
goal state set
Using RRT Connect
task setup complete
solving task...
OMPL states:, 200.
path found
valid path found, generating trajectory...
Trajectory points:, 1000.
Duration:, 11.427607
excecuting path...
current error: , 0.837112
current error: , 0.837112
current error: , 0.753314
current error: , 0.66946
current error: , 0.585681
current error: , 0.501858
current error: , 0.418013
current error: , 0.334303
current error: , 0.250481
current error: , 0.166567
current error: , 0.082814
current error: , 0.012065
Final error:, 0.001621
Execution successful
Goal signal recieved..
Planning ...
Collision pairs set
goal state set
Using RRT Connect
task setup complete
solving task...
OMPL states:, 200.
path found
valid path found, generating trajectory...
Trajectory points:, 1000.
Duration:, 10.209761
excecuting path...
current error: , 0.925077
current error: , 0.925077
current error: , 0.841247
current error: , 0.757423
current error: , 0.673627
current error: , 0.589858
current error: , 0.506082
current error: , 0.422293
current error: , 0.338573
current error: , 0.254812
current error: , 0.171069
current error: , 0.087383
current error: , 0.014184
Final error:, 0.002395
Execution successful
Goal signal recieved..
Planning ...
Collision pairs set
goal state set
Using RRT Connect
task setup complete
solving task...
OMPL states:, 200.
path found
valid path found, generating trajectory...
Trajectory points:, 1000.
Duration:, 3.114342
excecuting path...
current error: , 0.00604
Final error:, 0.00604
Execution successful
Goal signal recieved..
Planning ...
Collision pairs set
goal state set
Using RRT Connect
task setup complete
solving task...
OMPL states:, 200.
path found
valid path found, generating trajectory...
Trajectory points:, 1000.
Duration:, 4.907309
excecuting path...
current error: , 0.003248
Final error:, 0.003248
Execution successful
Goal signal recieved..
Planning ...
Collision pairs set
goal state set
Using RRT Connect
task setup complete
solving task...
OMPL states:, 200.
path found
valid path found, generating trajectory...
Trajectory points:, 1000.
Duration:, 6.52339
excecuting path...
current error: , 0.001509
Final error:, 0.001509
Execution successful
Goal signal recieved..
Planning ...
Collision pairs set
goal state set
Using RRT Connect
task setup complete
solving task...
OMPL states:, 200.
path found
valid path found, generating trajectory...
Trajectory points:, 1000.
Duration:, 4.676159
excecuting path...
current error: , 1.020002
current error: , 1.020002
current error: , 0.912887
current error: , 0.80871
current error: , 0.708863
current error: , 0.61547
current error: , 0.530342
current error: , 0.446672
current error: , 0.363007
current error: , 0.279308
current error: , 0.195605
current error: , 0.111941
current error: , 0.028665
current error: , 0.00292
Final error:, 0.001696
Execution successful
Goal signal recieved..
Planning ...
Collision pairs set
goal state set
Using RRT Connect
task setup complete
solving task...
OMPL states:, 200.
path found
valid path found, generating trajectory...
Trajectory points:, 1000.
Duration:, 2.894539
excecuting path...
current error: , 0.002599
Final error:, 0.002599
Execution successful
Goal signal recieved..
Planning ...
Collision pairs set
goal state set
Using RRT Connect
task setup complete
solving task...
OMPL states:, 200.
path found
valid path found, generating trajectory...
Trajectory points:, 1000.
Duration:, 7.330553
excecuting path...
current error: , 0.00165
Final error:, 0.00165
Execution successful
Goal signal recieved..
Planning ...
Collision pairs set
goal state set
Using RRT Connect
task setup complete
solving task...
Goal signal recieved..
Planning ...
Collision pairs set
goal state set
Using RRT Connect
task setup complete
solving task...
OMPL states:, 200.
path found
valid path found, generating trajectory...
Trajectory points:, 1000.
Duration:, 8.010246
excecuting path...
current error: , 0.001324
Final error:, 0.001324
Execution successful
Goal signal recieved..
Planning ...
Collision pairs set
goal state set
Using RRT Connect
task setup complete
solving task...
Goal signal recieved..
Planning ...
Collision pairs set
goal state set
Using RRT Connect
task setup complete
solving task...
OMPL states:, 200.
path found
valid path found, generating trajectory...
Trajectory points:, 1000.
Duration:, 3.541093
excecuting path...
current error: , 0.071974
current error: , 0.071974
current error: , 0.00961
Final error:, 0.002626
Execution successful
Goal signal recieved..
Planning ...
Collision pairs set
goal state set
Using RRT Connect
task setup complete
solving task...
OMPL states:, 200.
path found
valid path found, generating trajectory...
Trajectory points:, 1000.
Duration:, 4.183417
excecuting path...
current error: , 0.522589
current error: , 0.522589
current error: , 0.438879
current error: , 0.355194
current error: , 0.271496
current error: , 0.187781
current error: , 0.104104
current error: , 0.022604
current error: , 0.002082
Final error:, 0.000796
Execution successful
Goal signal recieved..
Planning ...
Collision pairs set
goal state set
Using RRT Connect
task setup complete
solving task...
Goal signal recieved..
Planning ...
Collision pairs set
goal state set
Using RRT Connect
task setup complete
solving task...
OMPL states:, 200.
path found
valid path found, generating trajectory...
Trajectory points:, 1000.
Duration:, 4.612609
excecuting path...
current error: , 0.87126
current error: , 0.87126
current error: , 0.78757
current error: , 0.703924
current error: , 0.620225
current error: , 0.536512
current error: , 0.452789
current error: , 0.369104
current error: , 0.28542
current error: , 0.201723
current error: , 0.118041
current error: , 0.034373
current error: , 0.00381
Final error:, 0.001704
Execution successful
Goal signal recieved..
Planning ...
Collision pairs set
goal state set
Using RRT Connect
task setup complete
solving task...
OMPL states:, 200.
path found
valid path found, generating trajectory...
Trajectory points:, 1000.
Duration:, 10.188921
excecuting path...
current error: , 0.112205
current error: , 0.112205
current error: , 0.029103
current error: , 0.004722
Final error:, 0.00303
Execution successful
Goal signal recieved..
Planning ...
Collision pairs set
goal state set
Using RRT Connect
task setup complete
solving task...
OMPL states:, 200.
path found
valid path found, generating trajectory...
Trajectory points:, 1000.
Duration:, 2.925293
excecuting path...
current error: , 0.003596
Final error:, 0.003596
Execution successful
Goal signal recieved..
Planning ...
Collision pairs set
goal state set
Using RRT Connect
task setup complete
solving task...
OMPL states:, 200.
path found
valid path found, generating trajectory...
Trajectory points:, 1000.
Duration:, 8.046887
excecuting path...
current error: , 0.94502
current error: , 0.94502
current error: , 0.861943
current error: , 0.77883
current error: , 0.695752
current error: , 0.612624
current error: , 0.529469
current error: , 0.446387
current error: , 0.363488
current error: , 0.280348
current error: , 0.197351
current error: , 0.11441
current error: , 0.031204
current error: , 0.003501
Final error:, 0.001385
Execution successful
Goal signal recieved..
Planning ...
Collision pairs set
goal state set
Using RRT Connect
task setup complete
solving task...
OMPL states:, 200.
path found
valid path found, generating trajectory...
Trajectory points:, 1000.
Duration:, 3.051578
excecuting path...
current error: , 0.002
Final error:, 0.002
Execution successful
Goal signal recieved..
Planning ...
Collision pairs set
goal state set
Using RRT Connect
task setup complete
solving task...
OMPL states:, 200.
path found
valid path found, generating trajectory...
Trajectory points:, 1000.
Duration:, 4.305737
excecuting path...
current error: , 1.019846
current error: , 1.019846
current error: , 0.875449
current error: , 0.731257
current error: , 0.587574
current error: , 0.44466
current error: , 0.303418
current error: , 0.168074
current error: , 0.067645
current error: , 0.009198
Final error:, 0.003128
Execution successful
Goal signal recieved..
Planning ...
Collision pairs set
goal state set
Using RRT Connect
task setup complete
solving task...
OMPL states:, 200.
path found
valid path found, generating trajectory...
Trajectory points:, 1000.
Duration:, 3.815949
excecuting path...
current error: , 0.285383
current error: , 0.285383
current error: , 0.201782
current error: , 0.118105
current error: , 0.034507
current error: , 0.002982
Final error:, 0.001192
Execution successful
Goal signal recieved..
Planning ...
Collision pairs set
goal state set
Using RRT Connect
task setup complete
solving task...
OMPL states:, 200.
path found
valid path found, generating trajectory...
Trajectory points:, 1000.
Duration:, 9.765223
excecuting path...
current error: , 1.212902
current error: , 1.212902
current error: , 1.09883
current error: , 0.986122
current error: , 0.874599
current error: , 0.764681
current error: , 0.657569
current error: , 0.554936
current error: , 0.459708
current error: , 0.374906
current error: , 0.29174
current error: , 0.208449
current error: , 0.125125
current error: , 0.041867
current error: , 0.003672
Final error:, 0.001208
Execution successful
Goal signal recieved..
Planning ...
Collision pairs set
goal state set
Using RRT Connect
task setup complete
solving task...
OMPL states:, 200.
path found
valid path found, generating trajectory...
Trajectory points:, 1000.
Duration:, 1.812492
excecuting path...
current error: , 0.001599
Final error:, 0.001599
Execution successful
Goal signal recieved..
Planning ...
Collision pairs set
goal state set
Using RRT Connect
task setup complete
solving task...
OMPL states:, 200.
path found
valid path found, generating trajectory...
Trajectory points:, 1000.
Duration:, 0.377404
excecuting path...
current error: , 0.003254
Final error:, 0.003254
Execution successful
[sandboxScript:info]   Simulation stopping...
[sandboxScript:info]   Simulation stopped.
[sandboxScript:info]   Simulation started.
[CoppeliaSim:warning]   Detected non-default settings (time steps and/or dyn. engine global settings).
Goal signal recieved..
Planning ...
Collision pairs set
goal state set
Using RRT Connect
task setup complete
solving task...
OMPL states:, 200.
path found
valid path found, generating trajectory...
Trajectory points:, 1000.
Duration:, 3.622338
excecuting path...
current error: , 0.132373
current error: , 0.132373
current error: , 0.046243
current error: , 0.003302
Final error:, 0.000687
Execution successful
Goal signal recieved..
Planning ...
Collision pairs set
goal state set
Using RRT Connect
task setup complete
solving task...
OMPL states:, 200.
path found
valid path found, generating trajectory...
Trajectory points:, 1000.
Duration:, 7.493568
excecuting path...
current error: , 0.002302
Final error:, 0.002302
Execution successful
Goal signal recieved..
Planning ...
Collision pairs set
goal state set
Using RRT Connect
task setup complete
solving task...
OMPL states:, 200.
path found
valid path found, generating trajectory...
Trajectory points:, 1000.
Duration:, 1.869785
excecuting path...
current error: , 0.001684
Final error:, 0.001684
Execution successful
Goal signal recieved..
Planning ...
Collision pairs set
goal state set
Using RRT Connect
task setup complete
solving task...
Goal signal recieved..
Planning ...
Collision pairs set
goal state set
Using RRT Connect
task setup complete
solving task...
OMPL states:, 200.
path found
valid path found, generating trajectory...
Trajectory points:, 1000.
Duration:, 7.537654
excecuting path...
current error: , 0.003761
Final error:, 0.003761
Execution successful
Goal signal recieved..
Planning ...
Collision pairs set
goal state set
Using RRT Connect
task setup complete
solving task...
OMPL states:, 200.
path found
valid path found, generating trajectory...
Trajectory points:, 1000.
Duration:, 3.098898
excecuting path...
current error: , 0.004772
Final error:, 0.004772
Execution successful
Goal signal recieved..
Planning ...
Collision pairs set
goal state set
Using RRT Connect
task setup complete
solving task...
OMPL states:, 200.
path found
valid path found, generating trajectory...
Trajectory points:, 1000.
Duration:, 3.93982
excecuting path...
current error: , 0.346007
current error: , 0.346007
current error: , 0.262248
current error: , 0.178507
current error: , 0.094768
current error: , 0.017156
Final error:, 0.002
Execution successful
[sandboxScript:info]   Simulation stopping...
[sandboxScript:info]   Simulation stopped.
[sandboxScript:info]   Simulation started.
[CoppeliaSim:warning]   Detected non-default settings (time steps and/or dyn. engine global settings).
Goal signal recieved..
Planning ...
Collision pairs set
goal state set
Using RRT Connect
task setup complete
solving task...
OMPL states:, 200.
path found
valid path found, generating trajectory...
Trajectory points:, 1000.
Duration:, 3.676198
excecuting path...
current error: , 0.225001
current error: , 0.225001
current error: , 0.113498
current error: , 0.027003
current error: , 0.002669
Final error:, 0.000908
Execution successful
Goal signal recieved..
Planning ...
Collision pairs set
goal state set
Using RRT Connect
task setup complete
solving task...
OMPL states:, 200.
path found
valid path found, generating trajectory...
Trajectory points:, 1000.
Duration:, 0.428847
excecuting path...
current error: , 0.002333
Final error:, 0.002333
Execution successful
[sandboxScript:info]   Simulation stopping...
[sandboxScript:info]   Simulation stopped.
[sandboxScript:info]   Simulation started.
[CoppeliaSim:warning]   Detected non-default settings (time steps and/or dyn. engine global settings).
Goal signal recieved..
Planning ...
Collision pairs set
goal state set
Using RRT Connect
task setup complete
solving task...
OMPL states:, 200.
path found
valid path found, generating trajectory...
Trajectory points:, 1000.
Duration:, 3.62156
excecuting path...
current error: , 0.132323
current error: , 0.132323
current error: , 0.046924
current error: , 0.003116
Final error:, 0.000331
Execution successful
Goal signal recieved..
Planning ...
Collision pairs set
goal state set
Using RRT Connect
task setup complete
solving task...
OMPL states:, 200.
path found
valid path found, generating trajectory...
Trajectory points:, 1000.
Duration:, 0.7175
excecuting path...
current error: , 0.004906
Final error:, 0.004906
Execution successful
Goal signal recieved..
Planning ...
Collision pairs set
goal state set
Using RRT Connect
task setup complete
solving task...
OMPL states:, 200.
path found
valid path found, generating trajectory...
Trajectory points:, 1000.
Duration:, 1.856862
excecuting path...
current error: , 0.001229
Final error:, 0.001229
Execution successful
Goal signal recieved..
Planning ...
Collision pairs set
goal state set
Using RRT Connect
task setup complete
solving task...
OMPL states:, 200.
path found
valid path found, generating trajectory...
Trajectory points:, 1000.
Duration:, 4.233576
excecuting path...
current error: , 0.611589
current error: , 0.611589
current error: , 0.528451
current error: , 0.445425
current error: , 0.362417
current error: , 0.279591
current error: , 0.196361
current error: , 0.113224
current error: , 0.030467
current error: , 0.004476
Final error:, 0.00267
Execution successful
[sandboxScript:info]   Simulation stopping...
[sandboxScript:info]   Simulation stopped.
[sandboxScript:info]   Simulation started.
[CoppeliaSim:warning]   Detected non-default settings (time steps and/or dyn. engine global settings).
Goal signal recieved..
Planning ...
Collision pairs set
goal state set
Using RRT Connect
task setup complete
solving task...
OMPL states:, 200.
path found
valid path found, generating trajectory...
Trajectory points:, 1000.
Duration:, 3.676697
excecuting path...
current error: , 0.225443
current error: , 0.225443
current error: , 0.114068
current error: , 0.027523
current error: , 0.002721
Final error:, 0.00092
Execution successful
Goal signal recieved..
Planning ...
Collision pairs set
goal state set
Using RRT Connect
task setup complete
solving task...
OMPL states:, 200.
path found
valid path found, generating trajectory...
Trajectory points:, 1000.
Duration:, 0.434347
excecuting path...
current error: , 0.002637
Final error:, 0.002637
Execution successful
Goal signal recieved..
Planning ...
Collision pairs set
goal state set
Using RRT Connect
task setup complete
solving task...
Goal signal recieved..
Planning ...
Collision pairs set
goal state set
Using RRT Connect
task setup complete
solving task...
OMPL states:, 200.
path found
valid path found, generating trajectory...
Trajectory points:, 1000.
Duration:, 4.698463
excecuting path...
current error: , 1.047668
current error: , 1.047668
current error: , 0.941202
current error: , 0.837577
current error: , 0.738276
current error: , 0.645247
current error: , 0.560259
current error: , 0.476593
current error: , 0.392975
current error: , 0.309244
current error: , 0.225586
current error: , 0.141938
current error: , 0.058301
current error: , 0.006779
Final error:, 0.002243
Execution successful
Goal signal recieved..
Planning ...
Collision pairs set
goal state set
Using RRT Connect
task setup complete
solving task...
OMPL states:, 200.
path found
valid path found, generating trajectory...
Trajectory points:, 1000.
Duration:, 2.928317
excecuting path...
current error: , 0.003701
Final error:, 0.003701
Execution successful
Goal signal recieved..
Planning ...
Collision pairs set
goal state set
Using RRT Connect
task setup complete
solving task...
OMPL states:, 200.
path found
valid path found, generating trajectory...
Trajectory points:, 1000.
Duration:, 10.402341
excecuting path...
current error: , 0.217086
current error: , 0.217086
current error: , 0.133393
current error: , 0.049719
current error: , 0.004469
Final error:, 0.00115
Execution successful
Goal signal recieved..
Planning ...
Collision pairs set
goal state set
Using RRT Connect
task setup complete
solving task...
OMPL states:, 200.
path found
valid path found, generating trajectory...
Trajectory points:, 1000.
Duration:, 2.845651
excecuting path...
current error: , 0.001642
Final error:, 0.001642
Execution successful
Goal signal recieved..
Planning ...
Collision pairs set
goal state set
Using RRT Connect
task setup complete
solving task...
OMPL states:, 200.
path found
valid path found, generating trajectory...
Trajectory points:, 1000.
Duration:, 1.631579
excecuting path...
current error: , 0.002249
Final error:, 0.002249
Execution successful
Goal signal recieved..
Planning ...
Collision pairs set
goal state set
Using RRT Connect
task setup complete
solving task...
OMPL states:, 200.
path found
valid path found, generating trajectory...
Trajectory points:, 1000.
Duration:, 3.124966
excecuting path...
current error: , 0.001928
Final error:, 0.001928
Execution successful
Goal signal recieved..
Planning ...
Collision pairs set
goal state set
Using RRT Connect
task setup complete
solving task...
OMPL states:, 200.
path found
valid path found, generating trajectory...
Trajectory points:, 1000.
Duration:, 2.044675
excecuting path...
current error: , 0.001333
Final error:, 0.001333
Execution successful
Goal signal recieved..
Planning ...
Collision pairs set
goal state set
Using RRT Connect
task setup complete
solving task...
OMPL states:, 200.
path found
valid path found, generating trajectory...
Trajectory points:, 1000.
Duration:, 1.525454
excecuting path...
current error: , 0.001883
Final error:, 0.001883
Execution successful
Goal signal recieved..
Planning ...
Collision pairs set
goal state set
Using RRT Connect
task setup complete
solving task...
OMPL states:, 200.
path found
valid path found, generating trajectory...
Trajectory points:, 1000.
Duration:, 6.983506
excecuting path...
current error: , 0.026571
current error: , 0.026571
current error: , 0.002513
Final error:, 0.001072
Execution successful
Goal signal recieved..
Planning ...
Collision pairs set
goal state set
Using RRT Connect
task setup complete
solving task...
OMPL states:, 200.
path found
valid path found, generating trajectory...
Trajectory points:, 1000.
Duration:, 4.567485
excecuting path...
current error: , 0.825419
current error: , 0.825419
current error: , 0.74162
current error: , 0.65781
current error: , 0.574057
current error: , 0.490324
current error: , 0.406582
current error: , 0.322808
current error: , 0.239048
current error: , 0.155295
current error: , 0.071576
current error: , 0.008483
Final error:, 0.001626
Execution successful
Goal signal recieved..
Planning ...
Collision pairs set
goal state set
Using RRT Connect
task setup complete
solving task...
OMPL states:, 200.
path found
valid path found, generating trajectory...
Trajectory points:, 1000.
Duration:, 6.833353
excecuting path...
current error: , 0.002126
Final error:, 0.002126
Execution successful
Goal signal recieved..
Planning ...
Collision pairs set
goal state set
Using RRT Connect
task setup complete
solving task...
OMPL states:, 200.
path found
valid path found, generating trajectory...
Trajectory points:, 1000.
Duration:, 6.122406
excecuting path...
current error: , 0.091795
current error: , 0.091795
current error: , 0.016261
Final error:, 0.001968
Execution successful
Goal signal recieved..
Planning ...
Collision pairs set
goal state set
Using RRT Connect
task setup complete
solving task...
OMPL states:, 200.
path found
valid path found, generating trajectory...
Trajectory points:, 1000.
Duration:, 3.754745
excecuting path...
current error: , 0.259626
current error: , 0.259626
current error: , 0.175801
current error: , 0.092028
current error: , 0.016817
Final error:, 0.003906
Execution successful
Goal signal recieved..
Planning ...
Collision pairs set
goal state set
Using RRT Connect
task setup complete
solving task...
OMPL states:, 200.
path found
valid path found, generating trajectory...
Trajectory points:, 1000.
Duration:, 3.908233
excecuting path...
current error: , 0.356867
current error: , 0.356867
current error: , 0.273127
current error: , 0.189458
current error: , 0.105766
current error: , 0.024282
current error: , 0.003768
Final error:, 0.00258
Execution successful
Goal signal recieved..
Planning ...
Collision pairs set
goal state set
Using RRT Connect
task setup complete
solving task...
OMPL states:, 200.
path found
valid path found, generating trajectory...
Trajectory points:, 1000.
Duration:, 8.687846
excecuting path...
current error: , 0.002042
Final error:, 0.002042
Execution successful
Goal signal recieved..
Planning ...
Collision pairs set
goal state set
Using RRT Connect
task setup complete
solving task...
OMPL states:, 200.
path found
valid path found, generating trajectory...
Trajectory points:, 1000.
Duration:, 8.973005
excecuting path...
current error: , 0.654092
current error: , 0.654092
current error: , 0.545861
current error: , 0.442619
current error: , 0.349
current error: , 0.264888
current error: , 0.181163
current error: , 0.09744
current error: , 0.018444
Final error:, 0.001714
Execution successful
Goal signal recieved..
Planning ...
Collision pairs set
goal state set
Using RRT Connect
task setup complete
solving task...
OMPL states:, 200.
path found
valid path found, generating trajectory...
Trajectory points:, 1000.
Duration:, 4.24183
excecuting path...
current error: , 0.566766
current error: , 0.566766
current error: , 0.483512
current error: , 0.400348
current error: , 0.317197
current error: , 0.234126
current error: , 0.150909
current error: , 0.067849
current error: , 0.00781
Final error:, 0.001598
Execution successful
Goal signal recieved..
Planning ...
Collision pairs set
goal state set
Using RRT Connect
task setup complete
solving task...
OMPL states:, 200.
path found
valid path found, generating trajectory...
Trajectory points:, 1000.
Duration:, 4.242068
excecuting path...
current error: , 0.578647
current error: , 0.578647
current error: , 0.490276
current error: , 0.406913
current error: , 0.323897
current error: , 0.240665
current error: , 0.157519
current error: , 0.074376
current error: , 0.009502
Final error:, 0.001694
Execution successful
Goal signal recieved..
Planning ...
Collision pairs set
goal state set
Using RRT Connect
task setup complete
solving task...
OMPL states:, 200.
path found
valid path found, generating trajectory...
Trajectory points:, 1000.
Duration:, 5.373383
excecuting path...
current error: , 0.524341
current error: , 0.524341
current error: , 0.41747
current error: , 0.318706
current error: , 0.233591
current error: , 0.150343
current error: , 0.067317
current error: , 0.007687
Final error:, 0.001451
Execution successful
Goal signal recieved..
Planning ...
Collision pairs set
goal state set
Using RRT Connect
task setup complete
solving task...
OMPL states:, 200.
path found
valid path found, generating trajectory...
Trajectory points:, 1000.
Duration:, 4.238625
excecuting path...
current error: , 0.596879
current error: , 0.596879
current error: , 0.513896
current error: , 0.430728
current error: , 0.347705
current error: , 0.264531
current error: , 0.181488
current error: , 0.09831
current error: , 0.019384
Final error:, 0.002193
Execution successful
Goal signal recieved..
Planning ...
Collision pairs set
goal state set
Using RRT Connect
task setup complete
solving task...
OMPL states:, 200.
path found
valid path found, generating trajectory...
Trajectory points:, 1000.
Duration:, 2.046563
excecuting path...
current error: , 0.001374
Final error:, 0.001374
Execution successful
Goal signal recieved..
Planning ...
Collision pairs set
goal state set
Using RRT Connect
task setup complete
solving task...
OMPL states:, 200.
path found
valid path found, generating trajectory...
Trajectory points:, 1000.
Duration:, 0.629715
excecuting path...
current error: , 0.003047
Final error:, 0.003047
Execution successful
Goal signal recieved..
Planning ...
Collision pairs set
goal state set
Using RRT Connect
task setup complete
solving task...
OMPL states:, 200.
path found
valid path found, generating trajectory...
Trajectory points:, 1000.
Duration:, 5.669428
excecuting path...
current error: , 1.934641
current error: , 1.934641
current error: , 1.829384
current error: , 1.725773
current error: , 1.623924
current error: , 1.524225
current error: , 1.427532
current error: , 1.33438
current error: , 1.245146
current error: , 1.160995
current error: , 1.077856
current error: , 0.994742
current error: , 0.911806
current error: , 0.82885
current error: , 0.745819
current error: , 0.662636
current error: , 0.579666
current error: , 0.496233
current error: , 0.413165
current error: , 0.330258
current error: , 0.247244
current error: , 0.16427
current error: , 0.081335
current error: , 0.011901
Final error:, 0.001596
Execution successful
Goal signal recieved..
Planning ...
Collision pairs set
goal state set
Using RRT Connect
task setup complete
solving task...
OMPL states:, 200.
path found
valid path found, generating trajectory...
Trajectory points:, 1000.
Duration:, 3.087707
excecuting path...
current error: , 0.002434
Final error:, 0.002434
Execution successful
[sandboxScript:info]   Simulation stopping...
[sandboxScript:info]   Simulation stopped.
[sandboxScript:info]   Simulation started.
[CoppeliaSim:warning]   Detected non-default settings (time steps and/or dyn. engine global settings).
[sandboxScript:info]   Simulation stopping...
[sandboxScript:info]   Simulation stopped.
[sandboxScript:info]   Simulation started.
[CoppeliaSim:warning]   Detected non-default settings (time steps and/or dyn. engine global settings).
Goal signal recieved..
Planning ...
Collision pairs set
goal state set
Using RRT Connect
task setup complete
solving task...
OMPL states:, 200.
path found
valid path found, generating trajectory...
Trajectory points:, 1000.
Duration:, 3.621745
excecuting path...
current error: , 0.132638
current error: , 0.132638
current error: , 0.04607
current error: , 0.002867
Final error:, 0.000377
Execution successful
Goal signal recieved..
Planning ...
Collision pairs set
goal state set
Using RRT Connect
task setup complete
solving task...
OMPL states:, 200.
path found
valid path found, generating trajectory...
Trajectory points:, 1000.
Duration:, 2.930771
excecuting path...
current error: , 0.002047
Final error:, 0.002047
Execution successful
[sandboxScript:info]   Simulation stopping...
[sandboxScript:info]   Simulation stopped.
[sandboxScript:info]   Simulation started.
[CoppeliaSim:warning]   Detected non-default settings (time steps and/or dyn. engine global settings).
Goal signal recieved..
Planning ...
Collision pairs set
goal state set
Using RRT Connect
task setup complete
solving task...
OMPL states:, 200.
path found
valid path found, generating trajectory...
Trajectory points:, 1000.
Duration:, 3.574917
excecuting path...
current error: , 0.099232
current error: , 0.099232
current error: , 0.017989
Final error:, 0.00038
Execution successful
Goal signal recieved..
Planning ...
Collision pairs set
goal state set
Using RRT Connect
task setup complete
solving task...
OMPL states:, 200.
path found
valid path found, generating trajectory...
Trajectory points:, 1000.
Duration:, 6.263227
excecuting path...
current error: , 0.004617
Final error:, 0.004617
Execution successful
Goal signal recieved..
Planning ...
Collision pairs set
goal state set
Using RRT Connect
task setup complete
solving task...
OMPL states:, 200.
path found
valid path found, generating trajectory...
Trajectory points:, 1000.
Duration:, 3.336411
excecuting path...
current error: , 0.029643
current error: , 0.029643
current error: , 0.003851
Final error:, 0.002203
Execution successful
Goal signal recieved..
Planning ...
Collision pairs set
goal state set
Using RRT Connect
task setup complete
solving task...
OMPL states:, 200.
path found
valid path found, generating trajectory...
Trajectory points:, 1000.
Duration:, 9.250406
excecuting path...
current error: , 0.99332
current error: , 0.99332
current error: , 0.909589
current error: , 0.825888
current error: , 0.742211
current error: , 0.658538
current error: , 0.574791
current error: , 0.491078
current error: , 0.407363
current error: , 0.323674
current error: , 0.239965
current error: , 0.15622
current error: , 0.072531
current error: , 0.009418
Final error:, 0.001952
Execution successful
[sandboxScript:info]   Simulation stopping...
[sandboxScript:info]   Simulation stopped.
[sandboxScript:info]   Simulation started.
[CoppeliaSim:warning]   Detected non-default settings (time steps and/or dyn. engine global settings).
[sandboxScript:info]   Simulation stopping...
[sandboxScript:info]   Simulation stopped.
[sandboxScript:info]   Simulation started.
[CoppeliaSim:warning]   Detected non-default settings (time steps and/or dyn. engine global settings).
Goal signal recieved..
Planning ...
Collision pairs set
goal state set
Using RRT Connect
task setup complete
solving task...
OMPL states:, 200.
path found
valid path found, generating trajectory...
Trajectory points:, 1000.
Duration:, 3.574558
excecuting path...
current error: , 0.096105
current error: , 0.096105
current error: , 0.015874
Final error:, 0.000315
Execution successful
Goal signal recieved..
Planning ...
Collision pairs set
goal state set
Using RRT Connect
task setup complete
solving task...
OMPL states:, 200.
path found
valid path found, generating trajectory...
Trajectory points:, 1000.
Duration:, 3.754761
excecuting path...
current error: , 0.263393
current error: , 0.263393
current error: , 0.17969
current error: , 0.096007
current error: , 0.01867
Final error:, 0.00379
Execution successful
Goal signal recieved..
Planning ...
Collision pairs set
goal state set
Using RRT Connect
task setup complete
solving task...
OMPL states:, 200.
path found
valid path found, generating trajectory...
Trajectory points:, 1000.
Duration:, 4.242637
excecuting path...
current error: , 0.599374
current error: , 0.599374
current error: , 0.516503
current error: , 0.433589
current error: , 0.350853
current error: , 0.267919
current error: , 0.184847
current error: , 0.101811
current error: , 0.021896
current error: , 0.002652
Final error:, 0.001195
Execution successful
Goal signal recieved..
Planning ...
Collision pairs set
goal state set
Using RRT Connect
task setup complete
solving task...
OMPL states:, 200.
path found
valid path found, generating trajectory...
Trajectory points:, 1000.
Duration:, 4.242302
excecuting path...
current error: , 0.569106
current error: , 0.569106
current error: , 0.486236
current error: , 0.40304
current error: , 0.319719
current error: , 0.236558
current error: , 0.153801
current error: , 0.070579
current error: , 0.008393
Final error:, 0.001074
Execution successful
Goal signal recieved..
Planning ...
Collision pairs set
goal state set
Using RRT Connect
task setup complete
solving task...
OMPL states:, 200.
path found
valid path found, generating trajectory...
Trajectory points:, 1000.
Duration:, 4.243141
excecuting path...
current error: , 0.569805
current error: , 0.569805
current error: , 0.486643
current error: , 0.403495
current error: , 0.320285
current error: , 0.237023
current error: , 0.153947
current error: , 0.070836
current error: , 0.008553
Final error:, 0.000997
Execution successful
Goal signal recieved..
Planning ...
Collision pairs set
goal state set
Using RRT Connect
task setup complete
solving task...
OMPL states:, 200.
path found
valid path found, generating trajectory...
Trajectory points:, 1000.
Duration:, 0.60385
excecuting path...
current error: , 0.00257
Final error:, 0.00257
Execution successful
Goal signal recieved..
Planning ...
Collision pairs set
goal state set
Using RRT Connect
task setup complete
solving task...
OMPL states:, 200.
path found
valid path found, generating trajectory...
Trajectory points:, 1000.
Duration:, 1.993614
excecuting path...
current error: , 0.003331
Final error:, 0.003331
Execution successful
Goal signal recieved..
Planning ...
Collision pairs set
goal state set
Using RRT Connect
task setup complete
solving task...
OMPL states:, 200.
path found
valid path found, generating trajectory...
Trajectory points:, 1000.
Duration:, 4.241798
excecuting path...
current error: , 0.574191
current error: , 0.574191
current error: , 0.490858
current error: , 0.407921
current error: , 0.324767
current error: , 0.241663
current error: , 0.158753
current error: , 0.075739
current error: , 0.009782
Final error:, 0.00102
Execution successful
Goal signal recieved..
Planning ...
Collision pairs set
goal state set
Using RRT Connect
task setup complete
solving task...
OMPL states:, 200.
path found
valid path found, generating trajectory...
Trajectory points:, 1000.
Duration:, 13.303107
excecuting path...
current error: , 2.283904
current error: , 2.283904
current error: , 2.202639
current error: , 2.121559
current error: , 2.041063
current error: , 1.959708
current error: , 1.878687
current error: , 1.79808
current error: , 1.716552
current error: , 1.635125
current error: , 1.551696
current error: , 1.468708
current error: , 1.385591
current error: , 1.302244
current error: , 1.218687
current error: , 1.134971
current error: , 1.051228
current error: , 0.967489
current error: , 0.883805
current error: , 0.800206
current error: , 0.716662
current error: , 0.633454
current error: , 0.550462
current error: , 0.466981
current error: , 0.383919
current error: , 0.300989
current error: , 0.217882
current error: , 0.134693
current error: , 0.051515
current error: , 0.005133
Final error:, 0.00169
Execution successful
Goal signal recieved..
Planning ...
Collision pairs set
goal state set
Using RRT Connect
task setup complete
solving task...
OMPL states:, 200.
path found
valid path found, generating trajectory...
Trajectory points:, 1000.
Duration:, 1.660868
excecuting path...
current error: , 0.002448
Final error:, 0.002448
Execution successful
Goal signal recieved..
Planning ...
Collision pairs set
goal state set
Using RRT Connect
task setup complete
solving task...
OMPL states:, 200.
path found
valid path found, generating trajectory...
Trajectory points:, 1000.
Duration:, 9.294352
excecuting path...
current error: , 0.001866
Final error:, 0.001866
Execution successful
Goal signal recieved..
Planning ...
Collision pairs set
goal state set
Using RRT Connect
task setup complete
solving task...
OMPL states:, 200.
path found
valid path found, generating trajectory...
Trajectory points:, 1000.
Duration:, 4.551472
excecuting path...
current error: , 0.832095
current error: , 0.832095
current error: , 0.748371
current error: , 0.664644
current error: , 0.580956
current error: , 0.497264
current error: , 0.413548
current error: , 0.329838
current error: , 0.246146
current error: , 0.162436
current error: , 0.078751
current error: , 0.010744
Final error:, 0.001372
Execution successful
Goal signal recieved..
Planning ...
Collision pairs set
goal state set
Using RRT Connect
task setup complete
solving task...
OMPL states:, 200.
path found
valid path found, generating trajectory...
Trajectory points:, 1000.
Duration:, 5.272787
excecuting path...
current error: , 0.0058
Final error:, 0.0058
Execution successful
Goal signal recieved..
Planning ...
Collision pairs set
goal state set
Using RRT Connect
task setup complete
solving task...
OMPL states:, 200.
path found
valid path found, generating trajectory...
Trajectory points:, 1000.
Duration:, 2.298879
excecuting path...
current error: , 0.003115
Final error:, 0.003115
Execution successful
[sandboxScript:info]   Simulation stopping...
[sandboxScript:info]   Simulation stopped.
[sandboxScript:info]   Simulation started.
[CoppeliaSim:warning]   Detected non-default settings (time steps and/or dyn. engine global settings).
[sandboxScript:info]   Simulation stopping...
[sandboxScript:info]   Simulation stopped.
[sandboxScript:info]   Simulation started.
[CoppeliaSim:warning]   Detected non-default settings (time steps and/or dyn. engine global settings).
[sandboxScript:info]   Simulation stopping...
[sandboxScript:info]   Simulation stopped.
[sandboxScript:info]   Simulation started.
[CoppeliaSim:warning]   Detected non-default settings (time steps and/or dyn. engine global settings).
Goal signal recieved..
Planning ...
Collision pairs set
goal state set
Using RRT Connect
task setup complete
solving task...
OMPL states:, 200.
path found
valid path found, generating trajectory...
Trajectory points:, 1000.
Duration:, 3.901812
excecuting path...
current error: , 0.3245
current error: , 0.3245
current error: , 0.240784
current error: , 0.157115
current error: , 0.073401
current error: , 0.009043
Final error:, 0.001027
Execution successful
Goal signal recieved..
Planning ...
Collision pairs set
goal state set
Using RRT Connect
task setup complete
solving task...
OMPL states:, 200.
path found
valid path found, generating trajectory...
Trajectory points:, 1000.
Duration:, 8.570484
excecuting path...
current error: , 0.487899
current error: , 0.487899
current error: , 0.404781
current error: , 0.321684
current error: , 0.238713
current error: , 0.15547
current error: , 0.07217
current error: , 0.008921
Final error:, 0.002087
Execution successful
Goal signal recieved..
Planning ...
Collision pairs set
goal state set
Using RRT Connect
task setup complete
solving task...
OMPL states:, 200.
path found
valid path found, generating trajectory...
Trajectory points:, 1000.
Duration:, 3.401584
excecuting path...
current error: , 0.044165
current error: , 0.044165
current error: , 0.004402
Final error:, 0.001443
Execution successful
Goal signal recieved..
Planning ...
Collision pairs set
goal state set
Using RRT Connect
task setup complete
solving task...
Goal signal recieved..
Planning ...
Collision pairs set
goal state set
Using RRT Connect
task setup complete
solving task...
OMPL states:, 200.
path found
valid path found, generating trajectory...
Trajectory points:, 1000.
Duration:, 3.373798
excecuting path...
current error: , 0.017203
Final error:, 0.017203
Execution successful
[sandboxScript:info]   Simulation stopping...
[sandboxScript:info]   Simulation stopped.
[sandboxScript:info]   Simulation started.
[CoppeliaSim:warning]   Detected non-default settings (time steps and/or dyn. engine global settings).
Goal signal recieved..
Planning ...
Collision pairs set
goal state set
Using RRT Connect
task setup complete
solving task...
OMPL states:, 200.
path found
valid path found, generating trajectory...
Trajectory points:, 1000.
Duration:, 3.90242
excecuting path...
current error: , 0.297527
current error: , 0.297527
current error: , 0.213833
current error: , 0.130139
current error: , 0.046449
current error: , 0.004128
Final error:, 0.000871
Execution successful
Goal signal recieved..
Planning ...
Collision pairs set
goal state set
Using RRT Connect
task setup complete
solving task...
OMPL states:, 200.
path found
valid path found, generating trajectory...
Trajectory points:, 1000.
Duration:, 3.120361
excecuting path...
current error: , 0.001934
Final error:, 0.001934
Execution successful
Goal signal recieved..
Planning ...
Collision pairs set
goal state set
Using RRT Connect
task setup complete
solving task...
OMPL states:, 200.
path found
valid path found, generating trajectory...
Trajectory points:, 1000.
Duration:, 3.506328
excecuting path...
current error: , 0.142464
current error: , 0.142464
current error: , 0.03293
current error: , 0.004892
Final error:, 0.003051
Execution successful
Goal signal recieved..
Planning ...
Collision pairs set
goal state set
Using RRT Connect
task setup complete
solving task...
OMPL states:, 200.
path found
valid path found, generating trajectory...
Trajectory points:, 1000.
Duration:, 3.710891
excecuting path...
current error: , 0.203429
current error: , 0.203429
current error: , 0.119637
current error: , 0.036222
current error: , 0.008588
Final error:, 0.00697
Execution successful
Goal signal recieved..
Planning ...
Collision pairs set
goal state set
Using RRT Connect
task setup complete
solving task...
OMPL states:, 200.
path found
valid path found, generating trajectory...
Trajectory points:, 1000.
Duration:, 4.691659
excecuting path...
current error: , 1.036209
current error: , 1.036209
current error: , 0.929713
current error: , 0.826308
current error: , 0.727398
current error: , 0.634954
current error: , 0.550288
current error: , 0.466595
current error: , 0.382894
current error: , 0.299231
current error: , 0.215574
current error: , 0.131882
current error: , 0.048213
current error: , 0.005156
Final error:, 0.00168
Execution successful
Goal signal recieved..
Planning ...
Collision pairs set
goal state set
Using RRT Connect
task setup complete
solving task...
OMPL states:, 200.
path found
valid path found, generating trajectory...
Trajectory points:, 1000.
Duration:, 0.58066
excecuting path...
current error: , 0.002335
Final error:, 0.002335
Execution successful
Goal signal recieved..
Planning ...
Collision pairs set
goal state set
Using RRT Connect
task setup complete
solving task...
OMPL states:, 200.
path found
valid path found, generating trajectory...
Trajectory points:, 1000.
Duration:, 1.841678
excecuting path...
current error: , 0.00147
Final error:, 0.00147
Execution successful
Goal signal recieved..
Planning ...
Collision pairs set
goal state set
Using RRT Connect
task setup complete
solving task...
OMPL states:, 200.
path found
valid path found, generating trajectory...
Trajectory points:, 1000.
Duration:, 6.876491
excecuting path...
current error: , 0.002418
Final error:, 0.002418
Execution successful
Goal signal recieved..
Planning ...
Collision pairs set
goal state set
Using RRT Connect
task setup complete
solving task...
OMPL states:, 200.
path found
valid path found, generating trajectory...
Trajectory points:, 1000.
Duration:, 7.999881
excecuting path...
current error: , 0.484172
current error: , 0.484172
current error: , 0.400367
current error: , 0.316653
current error: , 0.232898
current error: , 0.149196
current error: , 0.065467
current error: , 0.007522
Final error:, 0.001529
Execution successful
Goal signal recieved..
Planning ...
Collision pairs set
goal state set
Using RRT Connect
task setup complete
solving task...
OMPL states:, 200.
path found
valid path found, generating trajectory...
Trajectory points:, 1000.
Duration:, 1.523489
excecuting path...
current error: , 0.002011
Final error:, 0.002011
Execution successful
Goal signal recieved..
Planning ...
Collision pairs set
goal state set
Using RRT Connect
task setup complete
solving task...
OMPL states:, 200.
path found
valid path found, generating trajectory...
Trajectory points:, 1000.
Duration:, 4.23892
excecuting path...
current error: , 0.596833
current error: , 0.596833
current error: , 0.514
current error: , 0.431089
current error: , 0.348111
current error: , 0.264859
current error: , 0.181951
current error: , 0.098888
current error: , 0.020058
current error: , 0.00251
Final error:, 0.001277
Execution successful
Goal signal recieved..
Planning ...
Collision pairs set
goal state set
Using RRT Connect
task setup complete
solving task...
OMPL states:, 200.
path found
valid path found, generating trajectory...
Trajectory points:, 1000.
Duration:, 4.234823
excecuting path...
current error: , 0.612409
current error: , 0.612409
current error: , 0.529279
current error: , 0.446269
current error: , 0.362895
current error: , 0.279876
current error: , 0.196865
current error: , 0.113678
current error: , 0.031019
current error: , 0.004455
Final error:, 0.002422
Execution successful
Goal signal recieved..
Planning ...
Collision pairs set
goal state set
Using RRT Connect
task setup complete
solving task...
Goal signal recieved..
Planning ...
Collision pairs set
goal state set
Using RRT Connect
task setup complete
solving task...
OMPL states:, 200.
path found
valid path found, generating trajectory...
Trajectory points:, 1000.
Duration:, 8.075401
excecuting path...
current error: , 0.272908
current error: , 0.272908
current error: , 0.189948
current error: , 0.106847
current error: , 0.025581
current error: , 0.004432
Final error:, 0.00303
Execution successful
Goal signal recieved..
Planning ...
Collision pairs set
goal state set
Using RRT Connect
task setup complete
solving task...
OMPL states:, 200.
path found
valid path found, generating trajectory...
Trajectory points:, 1000.
Duration:, 4.642645
excecuting path...
current error: , 0.019082
Final error:, 0.019082
Execution successful
Goal signal recieved..
Planning ...
Collision pairs set
goal state set
Using RRT Connect
task setup complete
solving task...
OMPL states:, 200.
path found
valid path found, generating trajectory...
Trajectory points:, 1000.
Duration:, 5.365922
excecuting path...
current error: , 1.559569
current error: , 1.559569
current error: , 1.476506
current error: , 1.393434
current error: , 1.310508
current error: , 1.227323
current error: , 1.144166
current error: , 1.061072
current error: , 0.978027
current error: , 0.89491
current error: , 0.811859
current error: , 0.728786
current error: , 0.645705
current error: , 0.56266
current error: , 0.479598
current error: , 0.396461
current error: , 0.31335
current error: , 0.230267
current error: , 0.147292
current error: , 0.064143
current error: , 0.006934
Final error:, 0.000863
Execution successful
Goal signal recieved..
Planning ...
Collision pairs set
goal state set
Using RRT Connect
task setup complete
solving task...
OMPL states:, 200.
path found
valid path found, generating trajectory...
Trajectory points:, 1000.
Duration:, 2.94832
excecuting path...
current error: , 0.004156
Final error:, 0.004156
Execution successful
Goal signal recieved..
Planning ...
Collision pairs set
goal state set
Using RRT Connect
task setup complete
solving task...
OMPL states:, 200.
path found
valid path found, generating trajectory...
Trajectory points:, 1000.
Duration:, 2.996528
excecuting path...
current error: , 0.002901
Final error:, 0.002901
Execution successful
Goal signal recieved..
Planning ...
Collision pairs set
goal state set
Using RRT Connect
task setup complete
solving task...
OMPL states:, 200.
path found
valid path found, generating trajectory...
Trajectory points:, 1000.
Duration:, 3.329178
excecuting path...
current error: , 0.020458
current error: , 0.020458
current error: , 0.002608
Final error:, 0.001187
Execution successful
Goal signal recieved..
Planning ...
Collision pairs set
goal state set
Using RRT Connect
task setup complete
solving task...
OMPL states:, 200.
path found
valid path found, generating trajectory...
Trajectory points:, 1000.
Duration:, 1.511423
excecuting path...
current error: , 0.005248
Final error:, 0.005248
Execution successful
Goal signal recieved..
Planning ...
Collision pairs set
goal state set
Using RRT Connect
task setup complete
solving task...
OMPL states:, 200.
path found
valid path found, generating trajectory...
Trajectory points:, 1000.
Duration:, 2.044009
excecuting path...
current error: , 0.000968
Final error:, 0.000968
Execution successful
Goal signal recieved..
Planning ...
Collision pairs set
goal state set
Using RRT Connect
task setup complete
solving task...
OMPL states:, 200.
path found
valid path found, generating trajectory...
Trajectory points:, 1000.
Duration:, 4.24233
excecuting path...
current error: , 0.568799
current error: , 0.568799
current error: , 0.485587
current error: , 0.402628
current error: , 0.319973
current error: , 0.237189
current error: , 0.153968
current error: , 0.070964
current error: , 0.008667
Final error:, 0.001523
Execution successful
Goal signal recieved..
Planning ...
Collision pairs set
goal state set
Using RRT Connect
task setup complete
solving task...
OMPL states:, 200.
path found
valid path found, generating trajectory...
Trajectory points:, 1000.
Duration:, 6.262231
excecuting path...
current error: , 0.517193
current error: , 0.517193
current error: , 0.433858
current error: , 0.350582
current error: , 0.26751
current error: , 0.184632
current error: , 0.101306
current error: , 0.020997
current error: , 0.002057
Final error:, 0.00106
Execution successful
Goal signal recieved..
Planning ...
Collision pairs set
goal state set
Using RRT Connect
task setup complete
solving task...
OMPL states:, 200.
path found
valid path found, generating trajectory...
Trajectory points:, 1000.
Duration:, 4.239427
excecuting path...
current error: , 0.596884
current error: , 0.596884
current error: , 0.513706
current error: , 0.430418
current error: , 0.347099
current error: , 0.264169
current error: , 0.180807
current error: , 0.097918
current error: , 0.019338
Final error:, 0.002339
Execution successful
Goal signal recieved..
Planning ...
Collision pairs set
goal state set
Using RRT Connect
task setup complete
solving task...
OMPL states:, 200.
path found
valid path found, generating trajectory...
Trajectory points:, 1000.
Duration:, 10.845714
excecuting path...
current error: , 2.333834
current error: , 2.333834
current error: , 2.251848
current error: , 2.171312
current error: , 2.090449
current error: , 2.009369
current error: , 1.929221
current error: , 1.84799
current error: , 1.767661
current error: , 1.686896
current error: , 1.60521
current error: , 1.522026
current error: , 1.43903
current error: , 1.355534
current error: , 1.27203
current error: , 1.188513
current error: , 1.10483
current error: , 1.021088
current error: , 0.93742
current error: , 0.853765
current error: , 0.770172
current error: , 0.686568
current error: , 0.603143
current error: , 0.520136
current error: , 0.43715
current error: , 0.354038
current error: , 0.271073
current error: , 0.188045
current error: , 0.104917
current error: , 0.023498
current error: , 0.002177
Final error:, 0.00172
Execution successful
Goal signal recieved..
Planning ...
Collision pairs set
goal state set
Using RRT Connect
task setup complete
solving task...
OMPL states:, 200.
path found
valid path found, generating trajectory...
Trajectory points:, 1000.
Duration:, 3.367942
excecuting path...
current error: , 0.015976
Final error:, 0.015976
Execution successful
Goal signal recieved..
Planning ...
Collision pairs set
goal state set
Using RRT Connect
task setup complete
solving task...
OMPL states:, 200.
path found
valid path found, generating trajectory...
Trajectory points:, 1000.
Duration:, 8.387959
excecuting path...
current error: , 0.319691
current error: , 0.319691
current error: , 0.201762
current error: , 0.083765
current error: , 0.008641
Final error:, 0.001208
Execution successful
Goal signal recieved..
Planning ...
Collision pairs set
goal state set
Using RRT Connect
task setup complete
solving task...
OMPL states:, 200.
path found
valid path found, generating trajectory...
Trajectory points:, 1000.
Duration:, 3.106283
excecuting path...
current error: , 0.0028
Final error:, 0.0028
Execution successful
Goal signal recieved..
Planning ...
Collision pairs set
goal state set
Using RRT Connect
task setup complete
solving task...
OMPL states:, 200.
path found
valid path found, generating trajectory...
Trajectory points:, 1000.
Duration:, 7.297458
excecuting path...
current error: , 0.001713
Final error:, 0.001713
Execution successful
Goal signal recieved..
Planning ...
Collision pairs set
goal state set
Using RRT Connect
task setup complete
solving task...
OMPL states:, 200.
path found
valid path found, generating trajectory...
Trajectory points:, 1000.
Duration:, 2.916955
excecuting path...
current error: , 0.003925
Final error:, 0.003925
Execution successful
Goal signal recieved..
Planning ...
Collision pairs set
goal state set
Using RRT Connect
task setup complete
solving task...
OMPL states:, 200.
path found
valid path found, generating trajectory...
Trajectory points:, 1000.
Duration:, 8.735587
excecuting path...
current error: , 0.24606
current error: , 0.24606
current error: , 0.139546
current error: , 0.053447
current error: , 0.005219
Final error:, 0.001309
Execution successful
Goal signal recieved..
Planning ...
Collision pairs set
goal state set
Using RRT Connect
task setup complete
solving task...
OMPL states:, 200.
path found
valid path found, generating trajectory...
Trajectory points:, 1000.
Duration:, 13.24588
excecuting path...
current error: , 0.425437
current error: , 0.425437
current error: , 0.341734
current error: , 0.257998
current error: , 0.174303
current error: , 0.090612
current error: , 0.015005
Final error:, 0.001338
Execution successful
Goal signal recieved..
Planning ...
Collision pairs set
goal state set
Using RRT Connect
task setup complete
solving task...
OMPL states:, 200.
path found
valid path found, generating trajectory...
Trajectory points:, 1000.
Duration:, 8.612049
excecuting path...
current error: , 0.599036
current error: , 0.599036
current error: , 0.51526
current error: , 0.431481
current error: , 0.347759
current error: , 0.264051
current error: , 0.180306
current error: , 0.096623
current error: , 0.018124
Final error:, 0.002249
Execution successful
Goal signal recieved..
Planning ...
Collision pairs set
goal state set
Using RRT Connect
task setup complete
solving task...
Goal signal recieved..
Planning ...
Collision pairs set
goal state set
Using RRT Connect
task setup complete
solving task...
Goal signal recieved..
Planning ...
Collision pairs set
goal state set
Using RRT Connect
task setup complete
solving task...
OMPL states:, 200.
path found
valid path found, generating trajectory...
Trajectory points:, 1000.
Duration:, 4.242863
excecuting path...
current error: , 0.96561
current error: , 0.96561
current error: , 0.821071
current error: , 0.676809
current error: , 0.5326
current error: , 0.388348
current error: , 0.244409
current error: , 0.10232
current error: , 0.012017
Final error:, 0.001701
Execution successful
Goal signal recieved..
Planning ...
Collision pairs set
goal state set
Using RRT Connect
task setup complete
solving task...
OMPL states:, 200.
path found
valid path found, generating trajectory...
Trajectory points:, 1000.
Duration:, 7.899675
excecuting path...
current error: , 0.633651
current error: , 0.633651
current error: , 0.550593
current error: , 0.467191
current error: , 0.383587
current error: , 0.300012
current error: , 0.21642
current error: , 0.132824
current error: , 0.04925
current error: , 0.004649
Final error:, 0.001231
Execution successful
Goal signal recieved..
Planning ...
Collision pairs set
goal state set
Using RRT Connect
task setup complete
solving task...
OMPL states:, 200.
path found
valid path found, generating trajectory...
Trajectory points:, 1000.
Duration:, 12.752121
excecuting path...
current error: , 0.298271
current error: , 0.298271
current error: , 0.214495
current error: , 0.130612
current error: , 0.04679
current error: , 0.004572
Final error:, 0.001897
Execution successful
Goal signal recieved..
Planning ...
Collision pairs set
goal state set
Using RRT Connect
task setup complete
solving task...
OMPL states:, 200.
path found
valid path found, generating trajectory...
Trajectory points:, 1000.
Duration:, 2.409912
excecuting path...
current error: , 0.00195
Final error:, 0.00195
Execution successful
Goal signal recieved..
Planning ...
Collision pairs set
goal state set
Using RRT Connect
task setup complete
solving task...
OMPL states:, 200.
path found
valid path found, generating trajectory...
Trajectory points:, 1000.
Duration:, 8.664932
excecuting path...
current error: , 0.587046
current error: , 0.587046
current error: , 0.504002
current error: , 0.420768
current error: , 0.337599
current error: , 0.254449
current error: , 0.171528
current error: , 0.088388
current error: , 0.014349
Final error:, 0.002325
Execution successful
Goal signal recieved..
Planning ...
Collision pairs set
goal state set
Using RRT Connect
task setup complete
solving task...
Goal signal recieved..
Planning ...
Collision pairs set
goal state set
Using RRT Connect
task setup complete
solving task...
OMPL states:, 200.
path found
valid path found, generating trajectory...
Trajectory points:, 1000.
Duration:, 6.932481
excecuting path...
current error: , 0.005251
Final error:, 0.005251
Execution successful
Goal signal recieved..
Planning ...
Collision pairs set
goal state set
Using RRT Connect
task setup complete
solving task...
OMPL states:, 200.
path found
valid path found, generating trajectory...
Trajectory points:, 1000.
Duration:, 4.239045
excecuting path...
current error: , 0.624754
current error: , 0.624754
current error: , 0.540142
current error: , 0.456972
current error: , 0.373881
current error: , 0.290794
current error: , 0.207558
current error: , 0.124547
current error: , 0.041564
current error: , 0.005947
Final error:, 0.003286
Execution successful
Goal signal recieved..
Planning ...
Collision pairs set
goal state set
Using RRT Connect
task setup complete
solving task...
Goal signal recieved..
Planning ...
Collision pairs set
goal state set
Using RRT Connect
task setup complete
solving task...
OMPL states:, 200.
path found
valid path found, generating trajectory...
Trajectory points:, 1000.
Duration:, 6.781962
excecuting path...
current error: , 0.624084
current error: , 0.624084
current error: , 0.540858
current error: , 0.457769
current error: , 0.374693
current error: , 0.291363
current error: , 0.208235
current error: , 0.125451
current error: , 0.042477
current error: , 0.00502
Final error:, 0.002379
Execution successful
Goal signal recieved..
Planning ...
Collision pairs set
goal state set
Using RRT Connect
task setup complete
solving task...
OMPL states:, 200.
path found
valid path found, generating trajectory...
Trajectory points:, 1000.
Duration:, 3.754791
excecuting path...
current error: , 0.263499
current error: , 0.263499
current error: , 0.17982
current error: , 0.096141
current error: , 0.018756
Final error:, 0.003938
Execution successful
[sandboxScript:info]   Simulation stopping...
[sandboxScript:info]   Simulation stopped.
[sandboxScript:info]   Simulation started.
[CoppeliaSim:warning]   Detected non-default settings (time steps and/or dyn. engine global settings).
Goal signal recieved..
Planning ...
Collision pairs set
goal state set
Using RRT Connect
task setup complete
solving task...
OMPL states:, 200.
path found
valid path found, generating trajectory...
Trajectory points:, 1000.
Duration:, 3.622012
excecuting path...
current error: , 0.132378
current error: , 0.132378
current error: , 0.046081
current error: , 0.002931
Final error:, 0.000467
Execution successful
Goal signal recieved..
Planning ...
Collision pairs set
goal state set
Using RRT Connect
task setup complete
solving task...
OMPL states:, 200.
path found
valid path found, generating trajectory...
Trajectory points:, 1000.
Duration:, 2.930242
excecuting path...
current error: , 0.001781
Final error:, 0.001781
Execution successful
Goal signal recieved..
Planning ...
Collision pairs set
goal state set
Using RRT Connect
task setup complete
solving task...
OMPL states:, 200.
path found
valid path found, generating trajectory...
Trajectory points:, 1000.
Duration:, 4.754166
excecuting path...
current error: , 0.002579
Final error:, 0.002579
Execution successful
Goal signal recieved..
Planning ...
Collision pairs set
goal state set
Using RRT Connect
task setup complete
solving task...
OMPL states:, 200.
path found
valid path found, generating trajectory...
Trajectory points:, 1000.
Duration:, 0.265405
excecuting path...
current error: , 0.002442
Final error:, 0.002442
Execution successful
Goal signal recieved..
Planning ...
Collision pairs set
goal state set
Using RRT Connect
task setup complete
solving task...
OMPL states:, 200.
path found
valid path found, generating trajectory...
Trajectory points:, 1000.
Duration:, 8.945293
excecuting path...
current error: , 1.250243
current error: , 1.250243
current error: , 1.154468
current error: , 1.063187
current error: , 0.977614
current error: , 0.893882
current error: , 0.810178
current error: , 0.726455
current error: , 0.642762
current error: , 0.559083
current error: , 0.47538
current error: , 0.391709
current error: , 0.308022
current error: , 0.224343
current error: , 0.140635
current error: , 0.056943
current error: , 0.006795
Final error:, 0.002487
Execution successful
Goal signal recieved..
Planning ...
Collision pairs set
goal state set
Using RRT Connect
task setup complete
solving task...
OMPL states:, 200.
path found
valid path found, generating trajectory...
Trajectory points:, 1000.
Duration:, 2.048455
excecuting path...
current error: , 0.001883
Final error:, 0.001883
Execution successful
