[0.378s] DEBUG:colcon:Command line arguments: ['/usr/bin/colcon', 'build']
[0.378s] DEBUG:colcon:Parsed command line arguments: Namespace(log_base=None, log_level=None, verb_name='build', build_base='build', install_base='install', merge_install=False, symlink_install=False, test_result_base=None, continue_on_error=False, executor='parallel', parallel_workers=8, event_handlers=None, ignore_user_meta=False, metas=['./colcon.meta'], base_paths=['.'], packages_ignore=None, packages_ignore_regex=None, paths=None, packages_up_to=None, packages_up_to_regex=None, packages_above=None, packages_above_and_dependencies=None, packages_above_depth=None, packages_select_by_dep=None, packages_skip_by_dep=None, packages_skip_up_to=None, packages_select_build_failed=False, packages_skip_build_finished=False, packages_select_test_failures=False, packages_skip_test_passed=False, packages_select=None, packages_skip=None, packages_select_regex=None, packages_skip_regex=None, packages_start=None, packages_end=None, allow_overriding=[], cmake_args=None, cmake_target=None, cmake_target_skip_unavailable=False, cmake_clean_cache=False, cmake_clean_first=False, cmake_force_configure=False, ament_cmake_args=None, catkin_cmake_args=None, catkin_skip_building_tests=False, mixin_files=None, mixin=None, verb_parser=<colcon_mixin.mixin.mixin_argument.MixinArgumentDecorator object at 0x73edff25fdf0>, verb_extension=<colcon_core.verb.build.BuildVerb object at 0x73edff2162f0>, main=<bound method BuildVerb.main of <colcon_core.verb.build.BuildVerb object at 0x73edff2162f0>>, mixin_verb=('build',))
[0.777s] Level 1:colcon.colcon_core.package_discovery:discover_packages(colcon_meta) check parameters
[0.777s] Level 1:colcon.colcon_core.package_discovery:discover_packages(recursive) check parameters
[0.777s] Level 1:colcon.colcon_core.package_discovery:discover_packages(ignore) check parameters
[0.777s] Level 1:colcon.colcon_core.package_discovery:discover_packages(path) check parameters
[0.777s] Level 1:colcon.colcon_core.package_discovery:discover_packages(colcon_meta) discover
[0.777s] Level 1:colcon.colcon_core.package_discovery:discover_packages(recursive) discover
[0.777s] INFO:colcon.colcon_core.package_discovery:Crawling recursively for packages in '/home/user/refine_plan_v2'
[0.777s] Level 1:colcon.colcon_core.package_identification:_identify(.) by extensions ['ignore', 'ignore_ament_install']
[0.777s] Level 1:colcon.colcon_core.package_identification:_identify(.) by extension 'ignore'
[0.777s] Level 1:colcon.colcon_core.package_identification:_identify(.) by extension 'ignore_ament_install'
[0.777s] Level 1:colcon.colcon_core.package_identification:_identify(.) by extensions ['colcon_pkg']
[0.778s] Level 1:colcon.colcon_core.package_identification:_identify(.) by extension 'colcon_pkg'
[0.778s] Level 1:colcon.colcon_core.package_identification:_identify(.) by extensions ['colcon_meta']
[0.778s] Level 1:colcon.colcon_core.package_identification:_identify(.) by extension 'colcon_meta'
[0.778s] Level 1:colcon.colcon_core.package_identification:_identify(.) by extensions ['ros']
[0.778s] Level 1:colcon.colcon_core.package_identification:_identify(.) by extension 'ros'
[0.804s] Level 1:colcon.colcon_core.package_identification:_identify(.) by extensions ['cmake', 'python']
[0.804s] Level 1:colcon.colcon_core.package_identification:_identify(.) by extension 'cmake'
[0.804s] Level 1:colcon.colcon_core.package_identification:_identify(.) by extension 'python'
[0.804s] Level 1:colcon.colcon_core.package_identification:_identify(.) by extensions ['python_setup_py']
[0.804s] Level 1:colcon.colcon_core.package_identification:_identify(.) by extension 'python_setup_py'
[0.804s] Level 1:colcon.colcon_core.package_identification:_identify(build) by extensions ['ignore', 'ignore_ament_install']
[0.804s] Level 1:colcon.colcon_core.package_identification:_identify(build) by extension 'ignore'
[0.804s] Level 1:colcon.colcon_core.package_identification:_identify(build) ignored
[0.805s] Level 1:colcon.colcon_core.package_identification:_identify(install) by extensions ['ignore', 'ignore_ament_install']
[0.805s] Level 1:colcon.colcon_core.package_identification:_identify(install) by extension 'ignore'
[0.805s] Level 1:colcon.colcon_core.package_identification:_identify(install) ignored
[0.805s] Level 1:colcon.colcon_core.package_identification:_identify(log) by extensions ['ignore', 'ignore_ament_install']
[0.805s] Level 1:colcon.colcon_core.package_identification:_identify(log) by extension 'ignore'
[0.805s] Level 1:colcon.colcon_core.package_identification:_identify(log) ignored
[0.805s] Level 1:colcon.colcon_core.package_identification:_identify(src) by extensions ['ignore', 'ignore_ament_install']
[0.805s] Level 1:colcon.colcon_core.package_identification:_identify(src) by extension 'ignore'
[0.805s] Level 1:colcon.colcon_core.package_identification:_identify(src) by extension 'ignore_ament_install'
[0.806s] Level 1:colcon.colcon_core.package_identification:_identify(src) by extensions ['colcon_pkg']
[0.806s] Level 1:colcon.colcon_core.package_identification:_identify(src) by extension 'colcon_pkg'
[0.806s] Level 1:colcon.colcon_core.package_identification:_identify(src) by extensions ['colcon_meta']
[0.806s] Level 1:colcon.colcon_core.package_identification:_identify(src) by extension 'colcon_meta'
[0.806s] Level 1:colcon.colcon_core.package_identification:_identify(src) by extensions ['ros']
[0.806s] Level 1:colcon.colcon_core.package_identification:_identify(src) by extension 'ros'
[0.806s] Level 1:colcon.colcon_core.package_identification:_identify(src) by extensions ['cmake', 'python']
[0.806s] Level 1:colcon.colcon_core.package_identification:_identify(src) by extension 'cmake'
[0.806s] Level 1:colcon.colcon_core.package_identification:_identify(src) by extension 'python'
[0.806s] Level 1:colcon.colcon_core.package_identification:_identify(src) by extensions ['python_setup_py']
[0.806s] Level 1:colcon.colcon_core.package_identification:_identify(src) by extension 'python_setup_py'
[0.806s] Level 1:colcon.colcon_core.package_identification:_identify(src/action_interfaces) by extensions ['ignore', 'ignore_ament_install']
[0.806s] Level 1:colcon.colcon_core.package_identification:_identify(src/action_interfaces) by extension 'ignore'
[0.806s] Level 1:colcon.colcon_core.package_identification:_identify(src/action_interfaces) by extension 'ignore_ament_install'
[0.807s] Level 1:colcon.colcon_core.package_identification:_identify(src/action_interfaces) by extensions ['colcon_pkg']
[0.807s] Level 1:colcon.colcon_core.package_identification:_identify(src/action_interfaces) by extension 'colcon_pkg'
[0.807s] Level 1:colcon.colcon_core.package_identification:_identify(src/action_interfaces) by extensions ['colcon_meta']
[0.807s] Level 1:colcon.colcon_core.package_identification:_identify(src/action_interfaces) by extension 'colcon_meta'
[0.807s] Level 1:colcon.colcon_core.package_identification:_identify(src/action_interfaces) by extensions ['ros']
[0.807s] Level 1:colcon.colcon_core.package_identification:_identify(src/action_interfaces) by extension 'ros'
[0.810s] DEBUG:colcon.colcon_core.package_identification:Package 'src/action_interfaces' with type 'ros.ament_cmake' and name 'action_interfaces'
[0.811s] Level 1:colcon.colcon_core.package_identification:_identify(src/behaviour_trees) by extensions ['ignore', 'ignore_ament_install']
[0.811s] Level 1:colcon.colcon_core.package_identification:_identify(src/behaviour_trees) by extension 'ignore'
[0.811s] Level 1:colcon.colcon_core.package_identification:_identify(src/behaviour_trees) by extension 'ignore_ament_install'
[0.811s] Level 1:colcon.colcon_core.package_identification:_identify(src/behaviour_trees) by extensions ['colcon_pkg']
[0.811s] Level 1:colcon.colcon_core.package_identification:_identify(src/behaviour_trees) by extension 'colcon_pkg'
[0.811s] Level 1:colcon.colcon_core.package_identification:_identify(src/behaviour_trees) by extensions ['colcon_meta']
[0.811s] Level 1:colcon.colcon_core.package_identification:_identify(src/behaviour_trees) by extension 'colcon_meta'
[0.811s] Level 1:colcon.colcon_core.package_identification:_identify(src/behaviour_trees) by extensions ['ros']
[0.811s] Level 1:colcon.colcon_core.package_identification:_identify(src/behaviour_trees) by extension 'ros'
[0.812s] DEBUG:colcon.colcon_core.package_identification:Package 'src/behaviour_trees' with type 'ros.ament_python' and name 'behaviour_trees'
[0.812s] Level 1:colcon.colcon_core.package_identification:_identify(src/simulation) by extensions ['ignore', 'ignore_ament_install']
[0.812s] Level 1:colcon.colcon_core.package_identification:_identify(src/simulation) by extension 'ignore'
[0.812s] Level 1:colcon.colcon_core.package_identification:_identify(src/simulation) by extension 'ignore_ament_install'
[0.813s] Level 1:colcon.colcon_core.package_identification:_identify(src/simulation) by extensions ['colcon_pkg']
[0.813s] Level 1:colcon.colcon_core.package_identification:_identify(src/simulation) by extension 'colcon_pkg'
[0.813s] Level 1:colcon.colcon_core.package_identification:_identify(src/simulation) by extensions ['colcon_meta']
[0.813s] Level 1:colcon.colcon_core.package_identification:_identify(src/simulation) by extension 'colcon_meta'
[0.813s] Level 1:colcon.colcon_core.package_identification:_identify(src/simulation) by extensions ['ros']
[0.813s] Level 1:colcon.colcon_core.package_identification:_identify(src/simulation) by extension 'ros'
[0.814s] DEBUG:colcon.colcon_core.package_identification:Package 'src/simulation' with type 'ros.ament_python' and name 'simulation'
[0.814s] Level 1:colcon.colcon_core.package_discovery:discover_packages(recursive) using defaults
[0.814s] Level 1:colcon.colcon_core.package_discovery:discover_packages(ignore) discover
[0.814s] Level 1:colcon.colcon_core.package_discovery:discover_packages(ignore) using defaults
[0.814s] Level 1:colcon.colcon_core.package_discovery:discover_packages(path) discover
[0.814s] Level 1:colcon.colcon_core.package_discovery:discover_packages(path) using defaults
[0.845s] Level 1:colcon.colcon_core.package_discovery:discover_packages(prefix_path) check parameters
[0.845s] Level 1:colcon.colcon_core.package_discovery:discover_packages(prefix_path) discover
[0.851s] DEBUG:colcon.colcon_installed_package_information.package_discovery:Found 469 installed packages in /opt/ros/humble
[0.853s] Level 1:colcon.colcon_core.package_discovery:discover_packages(prefix_path) using defaults
[1.031s] Level 5:colcon.colcon_core.verb:set package 'action_interfaces' build argument 'cmake_args' from command line to 'None'
[1.031s] Level 5:colcon.colcon_core.verb:set package 'action_interfaces' build argument 'cmake_target' from command line to 'None'
[1.031s] Level 5:colcon.colcon_core.verb:set package 'action_interfaces' build argument 'cmake_target_skip_unavailable' from command line to 'False'
[1.031s] Level 5:colcon.colcon_core.verb:set package 'action_interfaces' build argument 'cmake_clean_cache' from command line to 'False'
[1.031s] Level 5:colcon.colcon_core.verb:set package 'action_interfaces' build argument 'cmake_clean_first' from command line to 'False'
[1.031s] Level 5:colcon.colcon_core.verb:set package 'action_interfaces' build argument 'cmake_force_configure' from command line to 'False'
[1.031s] Level 5:colcon.colcon_core.verb:set package 'action_interfaces' build argument 'ament_cmake_args' from command line to 'None'
[1.031s] Level 5:colcon.colcon_core.verb:set package 'action_interfaces' build argument 'catkin_cmake_args' from command line to 'None'
[1.031s] Level 5:colcon.colcon_core.verb:set package 'action_interfaces' build argument 'catkin_skip_building_tests' from command line to 'False'
[1.031s] DEBUG:colcon.colcon_core.verb:Building package 'action_interfaces' with the following arguments: {'ament_cmake_args': None, 'build_base': '/home/user/refine_plan_v2/build/action_interfaces', 'catkin_cmake_args': None, 'catkin_skip_building_tests': False, 'cmake_args': None, 'cmake_clean_cache': False, 'cmake_clean_first': False, 'cmake_force_configure': False, 'cmake_target': None, 'cmake_target_skip_unavailable': False, 'install_base': '/home/user/refine_plan_v2/install/action_interfaces', 'merge_install': False, 'path': '/home/user/refine_plan_v2/src/action_interfaces', 'symlink_install': False, 'test_result_base': None}
[1.035s] Level 5:colcon.colcon_core.verb:set package 'behaviour_trees' build argument 'cmake_args' from command line to 'None'
[1.036s] Level 5:colcon.colcon_core.verb:set package 'behaviour_trees' build argument 'cmake_target' from command line to 'None'
[1.036s] Level 5:colcon.colcon_core.verb:set package 'behaviour_trees' build argument 'cmake_target_skip_unavailable' from command line to 'False'
[1.037s] Level 5:colcon.colcon_core.verb:set package 'behaviour_trees' build argument 'cmake_clean_cache' from command line to 'False'
[1.037s] Level 5:colcon.colcon_core.verb:set package 'behaviour_trees' build argument 'cmake_clean_first' from command line to 'False'
[1.038s] Level 5:colcon.colcon_core.verb:set package 'behaviour_trees' build argument 'cmake_force_configure' from command line to 'False'
[1.038s] Level 5:colcon.colcon_core.verb:set package 'behaviour_trees' build argument 'ament_cmake_args' from command line to 'None'
[1.038s] Level 5:colcon.colcon_core.verb:set package 'behaviour_trees' build argument 'catkin_cmake_args' from command line to 'None'
[1.039s] Level 5:colcon.colcon_core.verb:set package 'behaviour_trees' build argument 'catkin_skip_building_tests' from command line to 'False'
[1.039s] DEBUG:colcon.colcon_core.verb:Building package 'behaviour_trees' with the following arguments: {'ament_cmake_args': None, 'build_base': '/home/user/refine_plan_v2/build/behaviour_trees', 'catkin_cmake_args': None, 'catkin_skip_building_tests': False, 'cmake_args': None, 'cmake_clean_cache': False, 'cmake_clean_first': False, 'cmake_force_configure': False, 'cmake_target': None, 'cmake_target_skip_unavailable': False, 'install_base': '/home/user/refine_plan_v2/install/behaviour_trees', 'merge_install': False, 'path': '/home/user/refine_plan_v2/src/behaviour_trees', 'symlink_install': False, 'test_result_base': None}
[1.043s] Level 5:colcon.colcon_core.verb:set package 'simulation' build argument 'cmake_args' from command line to 'None'
[1.043s] Level 5:colcon.colcon_core.verb:set package 'simulation' build argument 'cmake_target' from command line to 'None'
[1.043s] Level 5:colcon.colcon_core.verb:set package 'simulation' build argument 'cmake_target_skip_unavailable' from command line to 'False'
[1.044s] Level 5:colcon.colcon_core.verb:set package 'simulation' build argument 'cmake_clean_cache' from command line to 'False'
[1.044s] Level 5:colcon.colcon_core.verb:set package 'simulation' build argument 'cmake_clean_first' from command line to 'False'
[1.044s] Level 5:colcon.colcon_core.verb:set package 'simulation' build argument 'cmake_force_configure' from command line to 'False'
[1.044s] Level 5:colcon.colcon_core.verb:set package 'simulation' build argument 'ament_cmake_args' from command line to 'None'
[1.045s] Level 5:colcon.colcon_core.verb:set package 'simulation' build argument 'catkin_cmake_args' from command line to 'None'
[1.045s] Level 5:colcon.colcon_core.verb:set package 'simulation' build argument 'catkin_skip_building_tests' from command line to 'False'
[1.045s] DEBUG:colcon.colcon_core.verb:Building package 'simulation' with the following arguments: {'ament_cmake_args': None, 'build_base': '/home/user/refine_plan_v2/build/simulation', 'catkin_cmake_args': None, 'catkin_skip_building_tests': False, 'cmake_args': None, 'cmake_clean_cache': False, 'cmake_clean_first': False, 'cmake_force_configure': False, 'cmake_target': None, 'cmake_target_skip_unavailable': False, 'install_base': '/home/user/refine_plan_v2/install/simulation', 'merge_install': False, 'path': '/home/user/refine_plan_v2/src/simulation', 'symlink_install': False, 'test_result_base': None}
[1.047s] INFO:colcon.colcon_core.executor:Executing jobs using 'parallel' executor
[1.050s] DEBUG:colcon.colcon_parallel_executor.executor.parallel:run_until_complete
[1.051s] INFO:colcon.colcon_ros.task.ament_cmake.build:Building ROS package in '/home/user/refine_plan_v2/src/action_interfaces' with build type 'ament_cmake'
[1.052s] INFO:colcon.colcon_cmake.task.cmake.build:Building CMake package in '/home/user/refine_plan_v2/src/action_interfaces'
[1.060s] INFO:colcon.colcon_core.plugin_system:Skipping extension 'colcon_core.shell.bat': Not used on non-Windows systems
[1.060s] INFO:colcon.colcon_core.shell:Skip shell extension 'powershell' for command environment: Not usable outside of PowerShell
[1.060s] DEBUG:colcon.colcon_core.shell:Skip shell extension 'dsv' for command environment
[1.066s] INFO:colcon.colcon_ros.task.ament_python.build:Building ROS package in '/home/user/refine_plan_v2/src/behaviour_trees' with build type 'ament_python'
[1.066s] Level 1:colcon.colcon_core.shell:create_environment_hook('behaviour_trees', 'ament_prefix_path')
[1.066s] INFO:colcon.colcon_core.shell:Creating environment hook '/home/user/refine_plan_v2/install/behaviour_trees/share/behaviour_trees/hook/ament_prefix_path.ps1'
[1.068s] INFO:colcon.colcon_core.shell:Creating environment descriptor '/home/user/refine_plan_v2/install/behaviour_trees/share/behaviour_trees/hook/ament_prefix_path.dsv'
[1.069s] INFO:colcon.colcon_core.shell:Creating environment hook '/home/user/refine_plan_v2/install/behaviour_trees/share/behaviour_trees/hook/ament_prefix_path.sh'
[1.071s] INFO:colcon.colcon_core.shell:Skip shell extension 'powershell' for command environment: Not usable outside of PowerShell
[1.071s] DEBUG:colcon.colcon_core.shell:Skip shell extension 'dsv' for command environment
[1.077s] INFO:colcon.colcon_ros.task.ament_python.build:Building ROS package in '/home/user/refine_plan_v2/src/simulation' with build type 'ament_python'
[1.078s] Level 1:colcon.colcon_core.shell:create_environment_hook('simulation', 'ament_prefix_path')
[1.080s] INFO:colcon.colcon_core.shell:Creating environment hook '/home/user/refine_plan_v2/install/simulation/share/simulation/hook/ament_prefix_path.ps1'
[1.083s] INFO:colcon.colcon_core.shell:Creating environment descriptor '/home/user/refine_plan_v2/install/simulation/share/simulation/hook/ament_prefix_path.dsv'
[1.084s] INFO:colcon.colcon_core.shell:Creating environment hook '/home/user/refine_plan_v2/install/simulation/share/simulation/hook/ament_prefix_path.sh'
[1.085s] INFO:colcon.colcon_core.shell:Skip shell extension 'powershell' for command environment: Not usable outside of PowerShell
[1.085s] DEBUG:colcon.colcon_core.shell:Skip shell extension 'dsv' for command environment
[1.100s] DEBUG:colcon.colcon_core.event_handler.log_command:Invoking command in '/home/user/refine_plan_v2/build/action_interfaces': CMAKE_PREFIX_PATH=/opt/ros/humble /usr/bin/cmake --build /home/user/refine_plan_v2/build/action_interfaces -- -j8 -l8
[1.619s] INFO:colcon.colcon_core.task.python.build:Building Python package in '/home/user/refine_plan_v2/src/behaviour_trees'
[1.619s] INFO:colcon.colcon_core.shell:Skip shell extension 'powershell' for command environment: Not usable outside of PowerShell
[1.619s] DEBUG:colcon.colcon_core.shell:Skip shell extension 'dsv' for command environment
[2.234s] INFO:colcon.colcon_core.task.python.build:Building Python package in '/home/user/refine_plan_v2/src/simulation'
[2.235s] INFO:colcon.colcon_core.shell:Skip shell extension 'powershell' for command environment: Not usable outside of PowerShell
[2.235s] DEBUG:colcon.colcon_core.shell:Skip shell extension 'dsv' for command environment
[3.042s] DEBUG:colcon.colcon_core.event_handler.log_command:Invoking command in '/home/user/refine_plan_v2/src/behaviour_trees': PYTHONPATH=/home/user/refine_plan_v2/build/behaviour_trees/prefix_override:/usr/lib/python3/dist-packages/colcon_core/task/python/colcon_distutils_commands:/home/user/refine_plan_v2/install/behaviour_trees/lib/python3.10/site-packages:${PYTHONPATH} /usr/bin/python3 -W ignore:setup.py install is deprecated -W ignore:easy_install command is deprecated setup.py egg_info --egg-base ../../build/behaviour_trees build --build-base /home/user/refine_plan_v2/build/behaviour_trees/build install --record /home/user/refine_plan_v2/build/behaviour_trees/install.log --single-version-externally-managed install_data
[3.047s] DEBUG:colcon.colcon_core.event_handler.log_command:Invoking command in '/home/user/refine_plan_v2/src/simulation': PYTHONPATH=/home/user/refine_plan_v2/build/simulation/prefix_override:/usr/lib/python3/dist-packages/colcon_core/task/python/colcon_distutils_commands:/home/user/refine_plan_v2/install/simulation/lib/python3.10/site-packages:${PYTHONPATH} /usr/bin/python3 -W ignore:setup.py install is deprecated -W ignore:easy_install command is deprecated setup.py egg_info --egg-base ../../build/simulation build --build-base /home/user/refine_plan_v2/build/simulation/build install --record /home/user/refine_plan_v2/build/simulation/install.log --single-version-externally-managed install_data
[3.671s] DEBUG:colcon.colcon_core.event_handler.log_command:Invoked command in '/home/user/refine_plan_v2/src/simulation' returned '0': PYTHONPATH=/home/user/refine_plan_v2/build/simulation/prefix_override:/usr/lib/python3/dist-packages/colcon_core/task/python/colcon_distutils_commands:/home/user/refine_plan_v2/install/simulation/lib/python3.10/site-packages:${PYTHONPATH} /usr/bin/python3 -W ignore:setup.py install is deprecated -W ignore:easy_install command is deprecated setup.py egg_info --egg-base ../../build/simulation build --build-base /home/user/refine_plan_v2/build/simulation/build install --record /home/user/refine_plan_v2/build/simulation/install.log --single-version-externally-managed install_data
[3.677s] Level 1:colcon.colcon_core.environment:checking '/home/user/refine_plan_v2/install/simulation' for CMake module files
[3.678s] Level 1:colcon.colcon_core.environment:checking '/home/user/refine_plan_v2/install/simulation' for CMake config files
[3.678s] Level 1:colcon.colcon_core.environment:checking '/home/user/refine_plan_v2/install/simulation/lib'
[3.679s] Level 1:colcon.colcon_core.environment:checking '/home/user/refine_plan_v2/install/simulation/bin'
[3.679s] Level 1:colcon.colcon_core.environment:checking '/home/user/refine_plan_v2/install/simulation/lib/pkgconfig/simulation.pc'
[3.679s] Level 1:colcon.colcon_core.environment:checking '/home/user/refine_plan_v2/install/simulation/lib/python3.10/site-packages'
[3.679s] Level 1:colcon.colcon_core.shell:create_environment_hook('simulation', 'pythonpath')
[3.680s] INFO:colcon.colcon_core.shell:Creating environment hook '/home/user/refine_plan_v2/install/simulation/share/simulation/hook/pythonpath.ps1'
[3.680s] INFO:colcon.colcon_core.shell:Creating environment descriptor '/home/user/refine_plan_v2/install/simulation/share/simulation/hook/pythonpath.dsv'
[3.681s] INFO:colcon.colcon_core.shell:Creating environment hook '/home/user/refine_plan_v2/install/simulation/share/simulation/hook/pythonpath.sh'
[3.682s] Level 1:colcon.colcon_core.environment:checking '/home/user/refine_plan_v2/install/simulation/bin'
[3.682s] Level 1:colcon.colcon_core.environment:create_environment_scripts_only(simulation)
[3.682s] INFO:colcon.colcon_core.shell:Creating package script '/home/user/refine_plan_v2/install/simulation/share/simulation/package.ps1'
[3.683s] INFO:colcon.colcon_core.shell:Creating package descriptor '/home/user/refine_plan_v2/install/simulation/share/simulation/package.dsv'
[3.684s] INFO:colcon.colcon_core.shell:Creating package script '/home/user/refine_plan_v2/install/simulation/share/simulation/package.sh'
[3.686s] INFO:colcon.colcon_core.shell:Creating package script '/home/user/refine_plan_v2/install/simulation/share/simulation/package.bash'
[3.687s] INFO:colcon.colcon_core.shell:Creating package script '/home/user/refine_plan_v2/install/simulation/share/simulation/package.zsh'
[3.688s] Level 1:colcon.colcon_core.environment:create_file_with_runtime_dependencies(/home/user/refine_plan_v2/install/simulation/share/colcon-core/packages/simulation)
[3.690s] Level 1:colcon.colcon_core.environment:checking '/home/user/refine_plan_v2/install/behaviour_trees' for CMake module files
[3.691s] DEBUG:colcon.colcon_core.event_handler.log_command:Invoked command in '/home/user/refine_plan_v2/src/behaviour_trees' returned '0': PYTHONPATH=/home/user/refine_plan_v2/build/behaviour_trees/prefix_override:/usr/lib/python3/dist-packages/colcon_core/task/python/colcon_distutils_commands:/home/user/refine_plan_v2/install/behaviour_trees/lib/python3.10/site-packages:${PYTHONPATH} /usr/bin/python3 -W ignore:setup.py install is deprecated -W ignore:easy_install command is deprecated setup.py egg_info --egg-base ../../build/behaviour_trees build --build-base /home/user/refine_plan_v2/build/behaviour_trees/build install --record /home/user/refine_plan_v2/build/behaviour_trees/install.log --single-version-externally-managed install_data
[3.692s] Level 1:colcon.colcon_core.environment:checking '/home/user/refine_plan_v2/install/behaviour_trees' for CMake config files
[3.692s] Level 1:colcon.colcon_core.environment:checking '/home/user/refine_plan_v2/install/behaviour_trees/lib'
[3.693s] Level 1:colcon.colcon_core.environment:checking '/home/user/refine_plan_v2/install/behaviour_trees/bin'
[3.693s] Level 1:colcon.colcon_core.environment:checking '/home/user/refine_plan_v2/install/behaviour_trees/lib/pkgconfig/behaviour_trees.pc'
[3.693s] Level 1:colcon.colcon_core.environment:checking '/home/user/refine_plan_v2/install/behaviour_trees/lib/python3.10/site-packages'
[3.693s] Level 1:colcon.colcon_core.shell:create_environment_hook('behaviour_trees', 'pythonpath')
[3.693s] INFO:colcon.colcon_core.shell:Creating environment hook '/home/user/refine_plan_v2/install/behaviour_trees/share/behaviour_trees/hook/pythonpath.ps1'
[3.694s] INFO:colcon.colcon_core.shell:Creating environment descriptor '/home/user/refine_plan_v2/install/behaviour_trees/share/behaviour_trees/hook/pythonpath.dsv'
[3.694s] INFO:colcon.colcon_core.shell:Creating environment hook '/home/user/refine_plan_v2/install/behaviour_trees/share/behaviour_trees/hook/pythonpath.sh'
[3.695s] Level 1:colcon.colcon_core.environment:checking '/home/user/refine_plan_v2/install/behaviour_trees/bin'
[3.695s] Level 1:colcon.colcon_core.environment:create_environment_scripts_only(behaviour_trees)
[3.695s] INFO:colcon.colcon_core.shell:Creating package script '/home/user/refine_plan_v2/install/behaviour_trees/share/behaviour_trees/package.ps1'
[3.696s] INFO:colcon.colcon_core.shell:Creating package descriptor '/home/user/refine_plan_v2/install/behaviour_trees/share/behaviour_trees/package.dsv'
[3.696s] INFO:colcon.colcon_core.shell:Creating package script '/home/user/refine_plan_v2/install/behaviour_trees/share/behaviour_trees/package.sh'
[3.697s] INFO:colcon.colcon_core.shell:Creating package script '/home/user/refine_plan_v2/install/behaviour_trees/share/behaviour_trees/package.bash'
[3.697s] INFO:colcon.colcon_core.shell:Creating package script '/home/user/refine_plan_v2/install/behaviour_trees/share/behaviour_trees/package.zsh'
[3.698s] Level 1:colcon.colcon_core.environment:create_file_with_runtime_dependencies(/home/user/refine_plan_v2/install/behaviour_trees/share/colcon-core/packages/behaviour_trees)
[18.163s] DEBUG:colcon.colcon_core.event_handler.log_command:Invoked command in '/home/user/refine_plan_v2/build/action_interfaces' returned '0': CMAKE_PREFIX_PATH=/opt/ros/humble /usr/bin/cmake --build /home/user/refine_plan_v2/build/action_interfaces -- -j8 -l8
[18.179s] DEBUG:colcon.colcon_core.event_handler.log_command:Invoking command in '/home/user/refine_plan_v2/build/action_interfaces': CMAKE_PREFIX_PATH=/opt/ros/humble /usr/bin/cmake --install /home/user/refine_plan_v2/build/action_interfaces
[18.412s] Level 1:colcon.colcon_core.environment:create_environment_scripts_only(action_interfaces)
[18.412s] Level 1:colcon.colcon_core.environment:checking '/home/user/refine_plan_v2/install/action_interfaces' for CMake module files
[18.413s] DEBUG:colcon.colcon_core.event_handler.log_command:Invoked command in '/home/user/refine_plan_v2/build/action_interfaces' returned '0': CMAKE_PREFIX_PATH=/opt/ros/humble /usr/bin/cmake --install /home/user/refine_plan_v2/build/action_interfaces
[18.414s] Level 1:colcon.colcon_core.environment:checking '/home/user/refine_plan_v2/install/action_interfaces' for CMake config files
[18.416s] Level 1:colcon.colcon_core.shell:create_environment_hook('action_interfaces', 'cmake_prefix_path')
[18.416s] INFO:colcon.colcon_core.shell:Creating environment hook '/home/user/refine_plan_v2/install/action_interfaces/share/action_interfaces/hook/cmake_prefix_path.ps1'
[18.417s] INFO:colcon.colcon_core.shell:Creating environment descriptor '/home/user/refine_plan_v2/install/action_interfaces/share/action_interfaces/hook/cmake_prefix_path.dsv'
[18.418s] INFO:colcon.colcon_core.shell:Creating environment hook '/home/user/refine_plan_v2/install/action_interfaces/share/action_interfaces/hook/cmake_prefix_path.sh'
[18.419s] Level 1:colcon.colcon_core.environment:checking '/home/user/refine_plan_v2/install/action_interfaces/lib'
[18.420s] Level 1:colcon.colcon_core.shell:create_environment_hook('action_interfaces', 'ld_library_path_lib')
[18.420s] INFO:colcon.colcon_core.shell:Creating environment hook '/home/user/refine_plan_v2/install/action_interfaces/share/action_interfaces/hook/ld_library_path_lib.ps1'
[18.421s] INFO:colcon.colcon_core.shell:Creating environment descriptor '/home/user/refine_plan_v2/install/action_interfaces/share/action_interfaces/hook/ld_library_path_lib.dsv'
[18.421s] INFO:colcon.colcon_core.shell:Creating environment hook '/home/user/refine_plan_v2/install/action_interfaces/share/action_interfaces/hook/ld_library_path_lib.sh'
[18.422s] Level 1:colcon.colcon_core.environment:checking '/home/user/refine_plan_v2/install/action_interfaces/bin'
[18.422s] Level 1:colcon.colcon_core.environment:checking '/home/user/refine_plan_v2/install/action_interfaces/lib/pkgconfig/action_interfaces.pc'
[18.422s] Level 1:colcon.colcon_core.environment:checking '/home/user/refine_plan_v2/install/action_interfaces/lib/python3.10/site-packages'
[18.423s] Level 1:colcon.colcon_core.environment:checking '/home/user/refine_plan_v2/install/action_interfaces/bin'
[18.423s] INFO:colcon.colcon_core.shell:Creating package script '/home/user/refine_plan_v2/install/action_interfaces/share/action_interfaces/package.ps1'
[18.424s] INFO:colcon.colcon_core.shell:Creating package descriptor '/home/user/refine_plan_v2/install/action_interfaces/share/action_interfaces/package.dsv'
[18.425s] INFO:colcon.colcon_core.shell:Creating package script '/home/user/refine_plan_v2/install/action_interfaces/share/action_interfaces/package.sh'
[18.428s] INFO:colcon.colcon_core.shell:Creating package script '/home/user/refine_plan_v2/install/action_interfaces/share/action_interfaces/package.bash'
[18.433s] INFO:colcon.colcon_core.shell:Creating package script '/home/user/refine_plan_v2/install/action_interfaces/share/action_interfaces/package.zsh'
[18.438s] Level 1:colcon.colcon_core.environment:create_file_with_runtime_dependencies(/home/user/refine_plan_v2/install/action_interfaces/share/colcon-core/packages/action_interfaces)
[18.443s] Level 1:colcon.colcon_core.environment:create_environment_scripts_only(action_interfaces)
[18.445s] Level 1:colcon.colcon_core.environment:checking '/home/user/refine_plan_v2/install/action_interfaces' for CMake module files
[18.447s] Level 1:colcon.colcon_core.environment:checking '/home/user/refine_plan_v2/install/action_interfaces' for CMake config files
[18.450s] Level 1:colcon.colcon_core.shell:create_environment_hook('action_interfaces', 'cmake_prefix_path')
[18.451s] INFO:colcon.colcon_core.shell:Creating environment hook '/home/user/refine_plan_v2/install/action_interfaces/share/action_interfaces/hook/cmake_prefix_path.ps1'
[18.453s] INFO:colcon.colcon_core.shell:Creating environment descriptor '/home/user/refine_plan_v2/install/action_interfaces/share/action_interfaces/hook/cmake_prefix_path.dsv'
[18.454s] INFO:colcon.colcon_core.shell:Creating environment hook '/home/user/refine_plan_v2/install/action_interfaces/share/action_interfaces/hook/cmake_prefix_path.sh'
[18.456s] Level 1:colcon.colcon_core.environment:checking '/home/user/refine_plan_v2/install/action_interfaces/lib'
[18.456s] Level 1:colcon.colcon_core.shell:create_environment_hook('action_interfaces', 'ld_library_path_lib')
[18.456s] INFO:colcon.colcon_core.shell:Creating environment hook '/home/user/refine_plan_v2/install/action_interfaces/share/action_interfaces/hook/ld_library_path_lib.ps1'
[18.457s] INFO:colcon.colcon_core.shell:Creating environment descriptor '/home/user/refine_plan_v2/install/action_interfaces/share/action_interfaces/hook/ld_library_path_lib.dsv'
[18.458s] INFO:colcon.colcon_core.shell:Creating environment hook '/home/user/refine_plan_v2/install/action_interfaces/share/action_interfaces/hook/ld_library_path_lib.sh'
[18.459s] Level 1:colcon.colcon_core.environment:checking '/home/user/refine_plan_v2/install/action_interfaces/bin'
[18.460s] Level 1:colcon.colcon_core.environment:checking '/home/user/refine_plan_v2/install/action_interfaces/lib/pkgconfig/action_interfaces.pc'
[18.461s] Level 1:colcon.colcon_core.environment:checking '/home/user/refine_plan_v2/install/action_interfaces/lib/python3.10/site-packages'
[18.462s] Level 1:colcon.colcon_core.environment:checking '/home/user/refine_plan_v2/install/action_interfaces/bin'
[18.462s] INFO:colcon.colcon_core.shell:Creating package script '/home/user/refine_plan_v2/install/action_interfaces/share/action_interfaces/package.ps1'
[18.463s] INFO:colcon.colcon_core.shell:Creating package descriptor '/home/user/refine_plan_v2/install/action_interfaces/share/action_interfaces/package.dsv'
[18.464s] INFO:colcon.colcon_core.shell:Creating package script '/home/user/refine_plan_v2/install/action_interfaces/share/action_interfaces/package.sh'
[18.465s] INFO:colcon.colcon_core.shell:Creating package script '/home/user/refine_plan_v2/install/action_interfaces/share/action_interfaces/package.bash'
[18.466s] INFO:colcon.colcon_core.shell:Creating package script '/home/user/refine_plan_v2/install/action_interfaces/share/action_interfaces/package.zsh'
[18.467s] Level 1:colcon.colcon_core.environment:create_file_with_runtime_dependencies(/home/user/refine_plan_v2/install/action_interfaces/share/colcon-core/packages/action_interfaces)
[18.467s] DEBUG:colcon.colcon_parallel_executor.executor.parallel:closing loop
[18.468s] DEBUG:colcon.colcon_parallel_executor.executor.parallel:loop closed
[18.468s] DEBUG:colcon.colcon_parallel_executor.executor.parallel:run_until_complete finished with '0'
[18.469s] DEBUG:colcon.colcon_core.event_reactor:joining thread
[18.483s] INFO:colcon.colcon_core.plugin_system:Skipping extension 'colcon_notification.desktop_notification.terminal_notifier': Not used on non-Darwin systems
[18.483s] INFO:colcon.colcon_core.plugin_system:Skipping extension 'colcon_notification.desktop_notification.win32': Not used on non-Windows systems
[18.483s] INFO:colcon.colcon_notification.desktop_notification:Sending desktop notification using 'notify2'
[18.519s] DEBUG:colcon.colcon_core.event_reactor:joined thread
[18.520s] INFO:colcon.colcon_core.shell:Creating prefix script '/home/user/refine_plan_v2/install/local_setup.ps1'
[18.523s] INFO:colcon.colcon_core.shell:Creating prefix util module '/home/user/refine_plan_v2/install/_local_setup_util_ps1.py'
[18.532s] INFO:colcon.colcon_core.shell:Creating prefix chain script '/home/user/refine_plan_v2/install/setup.ps1'
[18.536s] INFO:colcon.colcon_core.shell:Creating prefix script '/home/user/refine_plan_v2/install/local_setup.sh'
[18.538s] INFO:colcon.colcon_core.shell:Creating prefix util module '/home/user/refine_plan_v2/install/_local_setup_util_sh.py'
[18.540s] INFO:colcon.colcon_core.shell:Creating prefix chain script '/home/user/refine_plan_v2/install/setup.sh'
[18.543s] INFO:colcon.colcon_core.shell:Creating prefix script '/home/user/refine_plan_v2/install/local_setup.bash'
[18.544s] INFO:colcon.colcon_core.shell:Creating prefix chain script '/home/user/refine_plan_v2/install/setup.bash'
[18.547s] INFO:colcon.colcon_core.shell:Creating prefix script '/home/user/refine_plan_v2/install/local_setup.zsh'
[18.549s] INFO:colcon.colcon_core.shell:Creating prefix chain script '/home/user/refine_plan_v2/install/setup.zsh'
