[LOG] TransitionLogger initialized with ID: bf75c53f-8914-442a-b739-8e9ec0913c54
[LOG] MongoDB connection established
Executing policy for pick-place-informed with limit 4000 and permutation 5 on port 23000
Starting run 1/10
connected to simulation
simulation is explicitly stepped
Joint handles retrieved
Step 0
Action: Action(ActionType.PICK, obj=/column2, slot=None,grasp=GraspType.TOP_0)
[EXEC] Picking /column2 with top_0

[INFO] Found 4352 potential configurations.
[INFO] Motion completed successfully with result: success,in execution time: 3.44 seconds
[INFO] Found a reachable configuration for pick action after 1 attempts.
Tip distance after pick: 0.028307135222380552
[INFO] Pick action completed successfully.in execution time: 3.44 seconds
[EXEC] Action ActionType.PICK executed in 16.25 seconds
[SUCCESS] Action ActionType.PICK succeeded for object /column2
[LOG] Transition logged to MongoDB: bf75c53f-8914-442a-b739-8e9ec0913c54 - Episode 0
Step 1
Action: Action(ActionType.PLACE, obj=/column2, slot=/goal_2,grasp=GraspType.RIGHT_0)
[EXEC] Placing at [-0.6000000000000001, 0.8250000000000003, 0.5] with grasp right_0

[INFO] Found 1408 potential configurations.
[INFO] Motion completed successfully with result: success,in execution time: 3.72 seconds
[INFO] Found a reachable configuration for place action after 1 attempts.
[INFO] Place action completed successfully.
realigning placed object /column2 to target position
[EXEC] Action ActionType.PLACE executed in 18.43 seconds
[SUCCESS] Action ActionType.PLACE succeeded for object /column2
[LOG] Transition logged to MongoDB: bf75c53f-8914-442a-b739-8e9ec0913c54 - Episode 0
Step 2
Action: Action(ActionType.PICK, obj=/column0, slot=None,grasp=GraspType.LEFT_0)
[EXEC] Picking /column0 with left_0

[INFO] Found 1024 potential configurations.
[WARN] No valid configuration found (all tested configs invalid).
[EXEC] Action ActionType.PICK executed in 1.84 seconds
[ERROR] Action ActionType.PICK failed for object /column0
[LOG] Transition logged to MongoDB: bf75c53f-8914-442a-b739-8e9ec0913c54 - Episode 0
Action failed, stopping. Time elapsed: 0.001
Run 1 finished.
Goal achieved: False
Goal percentage: 33.333333333333336%
Number of actions: 3
Total task time: 7.1609999999999 sec
Starting run 2/10
connected to simulation
simulation is explicitly stepped
Joint handles retrieved
Step 0
Action: Action(ActionType.PICK, obj=/column2, slot=None,grasp=GraspType.TOP_0)
[EXEC] Picking /column2 with top_0

[INFO] Found 3456 potential configurations.
[INFO] Motion completed successfully with result: success,in execution time: 3.68 seconds
[INFO] Found a reachable configuration for pick action after 1 attempts.
Tip distance after pick: 0.027629825831637277
[INFO] Pick action completed successfully.in execution time: 3.68 seconds
[EXEC] Action ActionType.PICK executed in 21.43 seconds
[SUCCESS] Action ActionType.PICK succeeded for object /column2
[LOG] Transition logged to MongoDB: bf75c53f-8914-442a-b739-8e9ec0913c54 - Episode 0
Step 1
Action: Action(ActionType.PLACE, obj=/column2, slot=/goal_2,grasp=GraspType.RIGHT_0)
[EXEC] Placing at [-0.6000000000000001, 0.8250000000000003, 0.5] with grasp right_0

[INFO] Found 1216 potential configurations.
[ERROR] Motion failed (collision or invalid path)
[ERROR] Motion result: no_path
[WARN] Failed to find a path to the selected place config on attempt 1.
[WARN] No path found to selected place config, discarding and trying next valid config...
[INFO] Motion completed successfully with result: success,in execution time: 3.68 seconds
[INFO] Found a reachable configuration for place action after 2 attempts.
[INFO] Place action completed successfully.
realigning placed object /column2 to target position
[EXEC] Action ActionType.PLACE executed in 38.93 seconds
[SUCCESS] Action ActionType.PLACE succeeded for object /column2
[LOG] Transition logged to MongoDB: bf75c53f-8914-442a-b739-8e9ec0913c54 - Episode 0
Step 2
Action: Action(ActionType.PICK, obj=/column0, slot=None,grasp=GraspType.LEFT_0)
[EXEC] Picking /column0 with left_0

[INFO] Found 1536 potential configurations.
[WARN] No valid configuration found (all tested configs invalid).
[EXEC] Action ActionType.PICK executed in 1.96 seconds
[ERROR] Action ActionType.PICK failed for object /column0
[LOG] Transition logged to MongoDB: bf75c53f-8914-442a-b739-8e9ec0913c54 - Episode 0
Action failed, stopping. Time elapsed: 0.001
Run 2 finished.
Goal achieved: False
Goal percentage: 33.333333333333336%
Number of actions: 3
Total task time: 7.3609999999999 sec
Starting run 3/10
connected to simulation
simulation is explicitly stepped
Joint handles retrieved
Step 0
Action: Action(ActionType.PICK, obj=/column2, slot=None,grasp=GraspType.TOP_0)
[EXEC] Picking /column2 with top_0

[INFO] Found 3776 potential configurations.
[INFO] Motion completed successfully with result: success,in execution time: 3.44 seconds
[INFO] Found a reachable configuration for pick action after 1 attempts.
Tip distance after pick: 0.028956108957778528
[INFO] Pick action completed successfully.in execution time: 3.44 seconds
[EXEC] Action ActionType.PICK executed in 22.53 seconds
[SUCCESS] Action ActionType.PICK succeeded for object /column2
[LOG] Transition logged to MongoDB: bf75c53f-8914-442a-b739-8e9ec0913c54 - Episode 0
Step 1
Action: Action(ActionType.PLACE, obj=/column2, slot=/goal_2,grasp=GraspType.RIGHT_0)
[EXEC] Placing at [-0.6000000000000001, 0.8250000000000003, 0.5] with grasp right_0

[INFO] Found 1792 potential configurations.
[INFO] Motion completed successfully with result: success,in execution time: 3.72 seconds
[INFO] Found a reachable configuration for place action after 1 attempts.
[INFO] Place action completed successfully.
realigning placed object /column2 to target position
[EXEC] Action ActionType.PLACE executed in 17.82 seconds
[SUCCESS] Action ActionType.PLACE succeeded for object /column2
[LOG] Transition logged to MongoDB: bf75c53f-8914-442a-b739-8e9ec0913c54 - Episode 0
Step 2
Action: Action(ActionType.PICK, obj=/column0, slot=None,grasp=GraspType.LEFT_0)
[EXEC] Picking /column0 with left_0

[INFO] Found 896 potential configurations.
[WARN] No valid configuration found (all tested configs invalid).
[EXEC] Action ActionType.PICK executed in 1.66 seconds
[ERROR] Action ActionType.PICK failed for object /column0
[LOG] Transition logged to MongoDB: bf75c53f-8914-442a-b739-8e9ec0913c54 - Episode 0
Action failed, stopping. Time elapsed: 0.001
Run 3 finished.
Goal achieved: False
Goal percentage: 33.333333333333336%
Number of actions: 3
Total task time: 7.1609999999999 sec
Starting run 4/10
connected to simulation
simulation is explicitly stepped
Joint handles retrieved
Step 0
Action: Action(ActionType.PICK, obj=/column2, slot=None,grasp=GraspType.TOP_0)
[EXEC] Picking /column2 with top_0

[INFO] Found 2752 potential configurations.
[INFO] Motion completed successfully with result: success,in execution time: 3.44 seconds
[INFO] Found a reachable configuration for pick action after 1 attempts.
Tip distance after pick: 0.028838062633097482
[INFO] Pick action completed successfully.in execution time: 3.44 seconds
[EXEC] Action ActionType.PICK executed in 18.30 seconds
[SUCCESS] Action ActionType.PICK succeeded for object /column2
[LOG] Transition logged to MongoDB: bf75c53f-8914-442a-b739-8e9ec0913c54 - Episode 0
Step 1
Action: Action(ActionType.PLACE, obj=/column2, slot=/goal_2,grasp=GraspType.RIGHT_0)
[EXEC] Placing at [-0.6000000000000001, 0.8250000000000003, 0.5] with grasp right_0

[INFO] Found 2048 potential configurations.
[INFO] Motion completed successfully with result: success,in execution time: 3.68 seconds
[INFO] Found a reachable configuration for place action after 1 attempts.
[INFO] Place action completed successfully.
realigning placed object /column2 to target position
[EXEC] Action ActionType.PLACE executed in 18.12 seconds
[SUCCESS] Action ActionType.PLACE succeeded for object /column2
[LOG] Transition logged to MongoDB: bf75c53f-8914-442a-b739-8e9ec0913c54 - Episode 0
Step 2
Action: Action(ActionType.PICK, obj=/column0, slot=None,grasp=GraspType.LEFT_0)
[EXEC] Picking /column0 with left_0

[INFO] Found 1088 potential configurations.
[WARN] No valid configuration found (all tested configs invalid).
[EXEC] Action ActionType.PICK executed in 1.77 seconds
[ERROR] Action ActionType.PICK failed for object /column0
[LOG] Transition logged to MongoDB: bf75c53f-8914-442a-b739-8e9ec0913c54 - Episode 0
Action failed, stopping. Time elapsed: 0.001
Run 4 finished.
Goal achieved: False
Goal percentage: 33.333333333333336%
Number of actions: 3
Total task time: 7.1209999999999 sec
Starting run 5/10
connected to simulation
simulation is explicitly stepped
Joint handles retrieved
Step 0
Action: Action(ActionType.PICK, obj=/column2, slot=None,grasp=GraspType.TOP_0)
[EXEC] Picking /column2 with top_0

[INFO] Found 2944 potential configurations.
[INFO] Motion completed successfully with result: success,in execution time: 3.44 seconds
[INFO] Found a reachable configuration for pick action after 1 attempts.
Tip distance after pick: 0.02891171209940719
[INFO] Pick action completed successfully.in execution time: 3.44 seconds
[EXEC] Action ActionType.PICK executed in 23.13 seconds
[SUCCESS] Action ActionType.PICK succeeded for object /column2
[LOG] Transition logged to MongoDB: bf75c53f-8914-442a-b739-8e9ec0913c54 - Episode 0
Step 1
Action: Action(ActionType.PLACE, obj=/column2, slot=/goal_2,grasp=GraspType.RIGHT_0)
[EXEC] Placing at [-0.6000000000000001, 0.8250000000000003, 0.5] with grasp right_0

[INFO] Found 1920 potential configurations.
[ERROR] Motion failed (collision or invalid path)
[ERROR] Motion result: no_path
[WARN] Failed to find a path to the selected place config on attempt 1.
[WARN] No path found to selected place config, discarding and trying next valid config...
[INFO] Motion completed successfully with result: success,in execution time: 3.68 seconds
[INFO] Found a reachable configuration for place action after 2 attempts.
[INFO] Place action completed successfully.
realigning placed object /column2 to target position
[EXEC] Action ActionType.PLACE executed in 30.31 seconds
[SUCCESS] Action ActionType.PLACE succeeded for object /column2
[LOG] Transition logged to MongoDB: bf75c53f-8914-442a-b739-8e9ec0913c54 - Episode 0
Step 2
Action: Action(ActionType.PICK, obj=/column0, slot=None,grasp=GraspType.LEFT_0)
[EXEC] Picking /column0 with left_0

[INFO] Found 1280 potential configurations.
[WARN] No valid configuration found (all tested configs invalid).
[EXEC] Action ActionType.PICK executed in 1.72 seconds
[ERROR] Action ActionType.PICK failed for object /column0
[LOG] Transition logged to MongoDB: bf75c53f-8914-442a-b739-8e9ec0913c54 - Episode 0
Action failed, stopping. Time elapsed: 0.001
Run 5 finished.
Goal achieved: False
Goal percentage: 33.333333333333336%
Number of actions: 3
Total task time: 7.1209999999999 sec
Starting run 6/10
connected to simulation
simulation is explicitly stepped
Joint handles retrieved
Step 0
Action: Action(ActionType.PICK, obj=/column2, slot=None,grasp=GraspType.TOP_0)
[EXEC] Picking /column2 with top_0

[INFO] Found 3328 potential configurations.
[INFO] Motion completed successfully with result: success,in execution time: 3.44 seconds
[INFO] Found a reachable configuration for pick action after 1 attempts.
Tip distance after pick: 0.02864813036841347
[INFO] Pick action completed successfully.in execution time: 3.44 seconds
[EXEC] Action ActionType.PICK executed in 19.30 seconds
[SUCCESS] Action ActionType.PICK succeeded for object /column2
[LOG] Transition logged to MongoDB: bf75c53f-8914-442a-b739-8e9ec0913c54 - Episode 0
Step 1
Action: Action(ActionType.PLACE, obj=/column2, slot=/goal_2,grasp=GraspType.RIGHT_0)
[EXEC] Placing at [-0.6000000000000001, 0.8250000000000003, 0.5] with grasp right_0

[INFO] Found 2176 potential configurations.
[INFO] Motion completed successfully with result: success,in execution time: 3.68 seconds
[INFO] Found a reachable configuration for place action after 1 attempts.
[INFO] Place action completed successfully.
realigning placed object /column2 to target position
[EXEC] Action ActionType.PLACE executed in 18.05 seconds
[SUCCESS] Action ActionType.PLACE succeeded for object /column2
[LOG] Transition logged to MongoDB: bf75c53f-8914-442a-b739-8e9ec0913c54 - Episode 0
Step 2
Action: Action(ActionType.PICK, obj=/column0, slot=None,grasp=GraspType.LEFT_0)
[EXEC] Picking /column0 with left_0

[INFO] Found 1792 potential configurations.
[WARN] No valid configuration found (all tested configs invalid).
[EXEC] Action ActionType.PICK executed in 2.01 seconds
[ERROR] Action ActionType.PICK failed for object /column0
[LOG] Transition logged to MongoDB: bf75c53f-8914-442a-b739-8e9ec0913c54 - Episode 0
Action failed, stopping. Time elapsed: 0.001
Run 6 finished.
Goal achieved: False
Goal percentage: 33.333333333333336%
Number of actions: 3
Total task time: 7.1209999999999 sec
Starting run 7/10
connected to simulation
simulation is explicitly stepped
Joint handles retrieved
Step 0
Action: Action(ActionType.PICK, obj=/column2, slot=None,grasp=GraspType.TOP_0)
[EXEC] Picking /column2 with top_0

[INFO] Found 5120 potential configurations.
[INFO] Motion completed successfully with result: success,in execution time: 3.44 seconds
[INFO] Found a reachable configuration for pick action after 1 attempts.
Tip distance after pick: 0.028478392981868186
[INFO] Pick action completed successfully.in execution time: 3.44 seconds
[EXEC] Action ActionType.PICK executed in 22.76 seconds
[SUCCESS] Action ActionType.PICK succeeded for object /column2
[LOG] Transition logged to MongoDB: bf75c53f-8914-442a-b739-8e9ec0913c54 - Episode 0
Step 1
Action: Action(ActionType.PLACE, obj=/column2, slot=/goal_2,grasp=GraspType.RIGHT_0)
[EXEC] Placing at [-0.6000000000000001, 0.8250000000000003, 0.5] with grasp right_0

[INFO] Found 1920 potential configurations.
[INFO] Motion completed successfully with result: success,in execution time: 3.72 seconds
[INFO] Found a reachable configuration for place action after 1 attempts.
[INFO] Place action completed successfully.
realigning placed object /column2 to target position
[EXEC] Action ActionType.PLACE executed in 28.88 seconds
[SUCCESS] Action ActionType.PLACE succeeded for object /column2
[LOG] Transition logged to MongoDB: bf75c53f-8914-442a-b739-8e9ec0913c54 - Episode 0
Step 2
Action: Action(ActionType.PICK, obj=/column0, slot=None,grasp=GraspType.LEFT_0)
[EXEC] Picking /column0 with left_0

[INFO] Found 960 potential configurations.
[WARN] No valid configuration found (all tested configs invalid).
[EXEC] Action ActionType.PICK executed in 1.62 seconds
[ERROR] Action ActionType.PICK failed for object /column0
[LOG] Transition logged to MongoDB: bf75c53f-8914-442a-b739-8e9ec0913c54 - Episode 0
Action failed, stopping. Time elapsed: 0.001
Run 7 finished.
Goal achieved: False
Goal percentage: 33.333333333333336%
Number of actions: 3
Total task time: 7.1609999999999 sec
Starting run 8/10
connected to simulation
simulation is explicitly stepped
Joint handles retrieved
Step 0
Action: Action(ActionType.PICK, obj=/column2, slot=None,grasp=GraspType.TOP_0)
[EXEC] Picking /column2 with top_0

[INFO] Found 4096 potential configurations.
[INFO] Motion completed successfully with result: success,in execution time: 3.68 seconds
[INFO] Found a reachable configuration for pick action after 1 attempts.
Tip distance after pick: 0.028005030091129413
[INFO] Pick action completed successfully.in execution time: 3.68 seconds
[EXEC] Action ActionType.PICK executed in 25.66 seconds
[SUCCESS] Action ActionType.PICK succeeded for object /column2
[LOG] Transition logged to MongoDB: bf75c53f-8914-442a-b739-8e9ec0913c54 - Episode 0
Step 1
Action: Action(ActionType.PLACE, obj=/column2, slot=/goal_2,grasp=GraspType.RIGHT_0)
[EXEC] Placing at [-0.6000000000000001, 0.8250000000000003, 0.5] with grasp right_0

[INFO] Found 1600 potential configurations.
[INFO] Motion completed successfully with result: success,in execution time: 3.68 seconds
[INFO] Found a reachable configuration for place action after 1 attempts.
[INFO] Place action completed successfully.
realigning placed object /column2 to target position
[EXEC] Action ActionType.PLACE executed in 21.74 seconds
[SUCCESS] Action ActionType.PLACE succeeded for object /column2
[LOG] Transition logged to MongoDB: bf75c53f-8914-442a-b739-8e9ec0913c54 - Episode 0
Step 2
Action: Action(ActionType.PICK, obj=/column0, slot=None,grasp=GraspType.LEFT_0)
[EXEC] Picking /column0 with left_0

[INFO] Found 896 potential configurations.
[WARN] No valid configuration found (all tested configs invalid).
[EXEC] Action ActionType.PICK executed in 1.49 seconds
[ERROR] Action ActionType.PICK failed for object /column0
[LOG] Transition logged to MongoDB: bf75c53f-8914-442a-b739-8e9ec0913c54 - Episode 0
Action failed, stopping. Time elapsed: 0.001
Run 8 finished.
Goal achieved: False
Goal percentage: 33.333333333333336%
Number of actions: 3
Total task time: 7.3609999999999 sec
Starting run 9/10
connected to simulation
simulation is explicitly stepped
Joint handles retrieved
Step 0
Action: Action(ActionType.PICK, obj=/column2, slot=None,grasp=GraspType.TOP_0)
[EXEC] Picking /column2 with top_0

[INFO] Found 2816 potential configurations.
[INFO] Motion completed successfully with result: success,in execution time: 3.44 seconds
[INFO] Found a reachable configuration for pick action after 1 attempts.
Tip distance after pick: 0.028892188407788795
[INFO] Pick action completed successfully.in execution time: 3.44 seconds
[EXEC] Action ActionType.PICK executed in 23.67 seconds
[SUCCESS] Action ActionType.PICK succeeded for object /column2
[LOG] Transition logged to MongoDB: bf75c53f-8914-442a-b739-8e9ec0913c54 - Episode 0
Step 1
Action: Action(ActionType.PLACE, obj=/column2, slot=/goal_2,grasp=GraspType.RIGHT_0)
[EXEC] Placing at [-0.6000000000000001, 0.8250000000000003, 0.5] with grasp right_0

[INFO] Found 1664 potential configurations.
[INFO] Motion completed successfully with result: success,in execution time: 3.68 seconds
[INFO] Found a reachable configuration for place action after 1 attempts.
[INFO] Place action completed successfully.
realigning placed object /column2 to target position
[EXEC] Action ActionType.PLACE executed in 19.77 seconds
[SUCCESS] Action ActionType.PLACE succeeded for object /column2
[LOG] Transition logged to MongoDB: bf75c53f-8914-442a-b739-8e9ec0913c54 - Episode 0
Step 2
Action: Action(ActionType.PICK, obj=/column0, slot=None,grasp=GraspType.LEFT_0)
[EXEC] Picking /column0 with left_0

[INFO] Found 896 potential configurations.
[WARN] No valid configuration found (all tested configs invalid).
[EXEC] Action ActionType.PICK executed in 1.66 seconds
[ERROR] Action ActionType.PICK failed for object /column0
[LOG] Transition logged to MongoDB: bf75c53f-8914-442a-b739-8e9ec0913c54 - Episode 0
Action failed, stopping. Time elapsed: 0.001
Run 9 finished.
Goal achieved: False
Goal percentage: 33.333333333333336%
Number of actions: 3
Total task time: 7.1209999999999 sec
Starting run 10/10
connected to simulation
simulation is explicitly stepped
Joint handles retrieved
Step 0
Action: Action(ActionType.PICK, obj=/column2, slot=None,grasp=GraspType.TOP_0)
[EXEC] Picking /column2 with top_0

[INFO] Found 4160 potential configurations.
[INFO] Motion completed successfully with result: success,in execution time: 3.48 seconds
[INFO] Found a reachable configuration for pick action after 1 attempts.
Tip distance after pick: 0.02748662158482202
[INFO] Pick action completed successfully.in execution time: 3.48 seconds
[EXEC] Action ActionType.PICK executed in 19.42 seconds
[SUCCESS] Action ActionType.PICK succeeded for object /column2
[LOG] Transition logged to MongoDB: bf75c53f-8914-442a-b739-8e9ec0913c54 - Episode 0
Step 1
Action: Action(ActionType.PLACE, obj=/column2, slot=/goal_2,grasp=GraspType.RIGHT_0)
[EXEC] Placing at [-0.6000000000000001, 0.8250000000000003, 0.5] with grasp right_0

[INFO] Found 1920 potential configurations.
[ERROR] Motion failed (collision or invalid path)
[ERROR] Motion result: no_path
[WARN] Failed to find a path to the selected place config on attempt 1.
[WARN] No path found to selected place config, discarding and trying next valid config...
[INFO] Motion completed successfully with result: success,in execution time: 3.68 seconds
[INFO] Found a reachable configuration for place action after 2 attempts.
[INFO] Place action completed successfully.
realigning placed object /column2 to target position
[EXEC] Action ActionType.PLACE executed in 40.55 seconds
[SUCCESS] Action ActionType.PLACE succeeded for object /column2
[LOG] Transition logged to MongoDB: bf75c53f-8914-442a-b739-8e9ec0913c54 - Episode 0
Step 2
Action: Action(ActionType.PICK, obj=/column0, slot=None,grasp=GraspType.LEFT_0)
[EXEC] Picking /column0 with left_0

[INFO] Found 1600 potential configurations.
[WARN] No valid configuration found (all tested configs invalid).
[EXEC] Action ActionType.PICK executed in 1.92 seconds
[ERROR] Action ActionType.PICK failed for object /column0
[LOG] Transition logged to MongoDB: bf75c53f-8914-442a-b739-8e9ec0913c54 - Episode 0
Action failed, stopping. Time elapsed: 0.001
Run 10 finished.
Goal achieved: False
Goal percentage: 33.333333333333336%
Number of actions: 3
Total task time: 7.1609999999999 sec
Finished all runs for permutation 5. Results saved to results/pick-place-informed_4000_points_perm_5.csv
