[2.078s] Invoking command in '/home/user/refine_plan_v2/src/simulation': PYTHONPATH=/home/user/refine_plan_v2/build/simulation/prefix_override:/usr/lib/python3/dist-packages/colcon_core/task/python/colcon_distutils_commands:/home/user/refine_plan_v2/install/simulation/lib/python3.10/site-packages:${PYTHONPATH} /usr/bin/python3 -W ignore:setup.py install is deprecated -W ignore:easy_install command is deprecated setup.py egg_info --egg-base ../../build/simulation build --build-base /home/user/refine_plan_v2/build/simulation/build install --record /home/user/refine_plan_v2/build/simulation/install.log --single-version-externally-managed install_data
[2.632s] running egg_info
[2.633s] writing ../../build/simulation/simulation.egg-info/PKG-INFO
[2.634s] writing dependency_links to ../../build/simulation/simulation.egg-info/dependency_links.txt
[2.634s] writing entry points to ../../build/simulation/simulation.egg-info/entry_points.txt
[2.634s] writing requirements to ../../build/simulation/simulation.egg-info/requires.txt
[2.634s] writing top-level names to ../../build/simulation/simulation.egg-info/top_level.txt
[2.636s] reading manifest file '../../build/simulation/simulation.egg-info/SOURCES.txt'
[2.637s] adding license file 'LICENSE'
[2.637s] writing manifest file '../../build/simulation/simulation.egg-info/SOURCES.txt'
[2.638s] running build
[2.638s] running build_py
[2.638s] running install
[2.639s] running install_lib
[2.640s] running install_data
[2.641s] running install_egg_info
[2.643s] removing '/home/user/refine_plan_v2/install/simulation/lib/python3.10/site-packages/simulation-0.0.0-py3.10.egg-info' (and everything under it)
[2.643s] Copying ../../build/simulation/simulation.egg-info to /home/user/refine_plan_v2/install/simulation/lib/python3.10/site-packages/simulation-0.0.0-py3.10.egg-info
[2.644s] running install_scripts
[2.677s] Installing action_server script to /home/user/refine_plan_v2/install/simulation/lib/simulation
[2.678s] Installing observer script to /home/user/refine_plan_v2/install/simulation/lib/simulation
[2.678s] writing list of installed files to '/home/user/refine_plan_v2/build/simulation/install.log'
[2.735s] Invoked command in '/home/user/refine_plan_v2/src/simulation' returned '0': PYTHONPATH=/home/user/refine_plan_v2/build/simulation/prefix_override:/usr/lib/python3/dist-packages/colcon_core/task/python/colcon_distutils_commands:/home/user/refine_plan_v2/install/simulation/lib/python3.10/site-packages:${PYTHONPATH} /usr/bin/python3 -W ignore:setup.py install is deprecated -W ignore:easy_install command is deprecated setup.py egg_info --egg-base ../../build/simulation build --build-base /home/user/refine_plan_v2/build/simulation/build install --record /home/user/refine_plan_v2/build/simulation/install.log --single-version-externally-managed install_data
