Warning: Ignoring XDG_SESSION_TYPE=wayland on Gnome. Use QT_QPA_PLATFORM=wayland to run on Wayland anyway.
Warning: Ignoring XDG_SESSION_TYPE=wayland on Gnome. Use QT_QPA_PLATFORM=wayland to run on Wayland anyway.
[CoppeliaSimClient]   loading the CoppeliaSim library...
[CoppeliaSimClient:loadinfo]   done.
[CoppeliaSimClient:loadinfo]   launching CoppeliaSim...
[CoppeliaSim:loadinfo]   Application directory is /home/kolletms/CoppeliaSim_Edu_V4_10_0_rev0_Ubuntu22_04
[CoppeliaSim:loadinfo]   user settings file is /home/kolletms/.CoppeliaSim/usrset.txt
[CoppeliaSim:loadinfo]   CoppeliaSim v4.10.0 (rev. 0), flavor: 1, linux
[CoppeliaSim:loadinfo]   ds:   0
[CoppeliaSim:loadinfo]   msnd: 1
[CoppeliaSim:loadinfo]   ms:   1
[CoppeliaSim:loadinfo]   midx: 5000-91EB-FFC4-9CCA-F764-C71D
[CoppeliaSim:loadinfo]   did:  
[CoppeliaSim:loadinfo]   mid0: FC97-7379-1C16-0023-1C17-0101
[CoppeliaSim:loadinfo]   mid1: FC9773791C1600231C17
[CoppeliaSim:loadinfo]   mid2: 7AB7966CC9EF9BB7FD7FEC7D769DC7BA
[CoppeliaSim:loadinfo]   mid3: 04E3981EA27E99B4CE66
[CoppeliaSim:loadinfo]   k:    687FFE88B3DF088E5DDD414A
[CoppeliaSim:loadinfo]   plugin simIK0: loading...
[CoppeliaSim:loadinfo]   plugin simIK0: done.
[CoppeliaSim:loadinfo]   primary screen physical dots per inch: 165
[CoppeliaSim:loadinfo]   display scaling (guessed): 100
[CoppeliaSim:loadinfo]   simulator launched.
[CoppeliaSim:loadinfo]   plugin 'BWF': loading...
[CoppeliaSim:loadinfo]   plugin 'BWF': load succeeded.
[CoppeliaSim:loadinfo]   plugin 'RemoteApi': loading...
[CoppeliaSim:loadinfo]   plugin 'RemoteApi': load succeeded.
[CoppeliaSim:loadinfo]   SK:   687FFE88B3DF088E5DDD414A
[CoppeliaSim:loadinfo]   initializing the sandbox script...
[sandboxScript:loadinfo]   plugin simZMQ: loading...
[sandboxScript:loadinfo]   plugin simZMQ: done.
[sandboxScript:loadinfo]   plugin simSubprocess: loading...
[sandboxScript:loadinfo]   plugin simSubprocess: done.
[sandboxScript:info]   Simulator launched, welcome! 
[CoppeliaSim:loadinfo]   sandbox script initialized.
[CoppeliaSim:loadinfo]   add-on '3D text generator.lua' was loaded.
[CoppeliaSim:loadinfo]   add-on 'Add-on edit.lua' was loaded.
[CoppeliaSim:loadinfo]   add-on 'Alias change.lua' was loaded.
[CoppeliaSim:loadinfo]   add-on 'Animation capture.lua' was loaded.
[CoppeliaSim:loadinfo]   add-on 'B0 remote Api server.lua' was loaded.
[CoppeliaSim:loadinfo]   add-on 'Button action.lua' was loaded.
[CoppeliaSim:loadinfo]   add-on 'Collision check.lua' was loaded.
[CoppeliaSim:loadinfo]   add-on 'Color changer.lua' was loaded.
[CoppeliaSim:loadinfo]   add-on 'Commander.lua' was loaded.
[CoppeliaSim:loadinfo]   add-on 'Contact display.lua' was loaded.
[CoppeliaSim:loadinfo]   add-on 'Convex decomposition hacd.lua' was loaded.
[CoppeliaSim:loadinfo]   add-on 'Convex decomposition vhacd.lua' was loaded.
[CoppeliaSim:loadinfo]   add-on 'Convex hull.lua' was loaded.
[CoppeliaSim:loadinfo]   add-on 'Create dummies on mesh surface.lua' was loaded.
[CoppeliaSim:loadinfo]   add-on 'Define joint group.lua' was loaded.
[CoppeliaSim:loadinfo]   add-on 'Denavit Hartenberg creator.lua' was loaded.
[CoppeliaSim:loadinfo]   add-on 'Denavit Hartenberg extractor.lua' was loaded.
[CoppeliaSim:loadinfo]   add-on 'Distance check.lua' was loaded.
[CoppeliaSim:loadinfo]   add-on 'Distribute objects uniformly.lua' was loaded.
[CoppeliaSim:loadinfo]   add-on 'Event viewer.lua' was loaded.
[CoppeliaSim:loadinfo]   add-on 'Events capture.lua' was loaded.
[CoppeliaSim:loadinfo]   add-on 'Events dump exporter.lua' was loaded.
[CoppeliaSim:loadinfo]   add-on 'External model auto reload.lua' was loaded.
[CoppeliaSim:loadinfo]   add-on 'External model auto save.lua' was loaded.
[CoppeliaSim:loadinfo]   add-on 'External model load.lua' was loaded.
[CoppeliaSim:loadinfo]   add-on 'External model reload selected.lua' was loaded.
[CoppeliaSim:loadinfo]   add-on 'External model save.lua' was loaded.
[CoppeliaSim:loadinfo]   add-on 'Find in scripts.lua' was loaded.
[CoppeliaSim:loadinfo]   add-on 'Find midpoint.lua' was loaded.
[CoppeliaSim:loadinfo]   add-on 'Floor plan importer.lua' was loaded.
[CoppeliaSim:loadinfo]   add-on 'GLTF animation exporter.lua' was loaded.
[CoppeliaSim:loadinfo]   add-on 'GLTF exporter.lua' was loaded.
[CoppeliaSim:loadinfo]   add-on 'Inverse Kinematics > generator.lua' was loaded.
[CoppeliaSim:loadinfo]   add-on 'Isometric scaling.lua' was loaded.
[CoppeliaSim:loadinfo]   add-on 'Joint tool.lua' was loaded.
[CoppeliaSim:loadinfo]   add-on 'LDraw importer.lua' was loaded.
[CoppeliaSim:loadinfo]   add-on 'Make objects same appearance.lua' was loaded.
[CoppeliaSim:loadinfo]   add-on 'Measure distance and direction.lua' was loaded.
[CoppeliaSim:loadinfo]   add-on 'Mesh decimation.lua' was loaded.
[CoppeliaSim:loadinfo]   add-on 'Mesh difference.lua' was loaded.
[CoppeliaSim:loadinfo]   add-on 'Mesh intersection.lua' was loaded.
[CoppeliaSim:loadinfo]   add-on 'Mesh subdivision.lua' was loaded.
[CoppeliaSim:loadinfo]   add-on 'Mesh symmetric difference.lua' was loaded.
[CoppeliaSim:loadinfo]   add-on 'Mesh union.lua' was loaded.
[CoppeliaSim:loadinfo]   add-on 'Message viewer.lua' was loaded.
[CoppeliaSim:loadinfo]   add-on 'Minimalistic exporter.lua' was loaded.
[CoppeliaSim:loadinfo]   add-on 'Minimalistic importer.lua' was loaded.
[CoppeliaSim:loadinfo]   add-on 'Motion Planning generator.lua' was loaded.
[CoppeliaSim:loadinfo]   add-on 'Notepad++ autocompletion.lua' was loaded.
[CoppeliaSim:loadinfo]   add-on 'Pause Stop Simulation on Condition.lua' was loaded.
[CoppeliaSim:loadinfo]   add-on 'Plugin enumerator.lua' was loaded.
[CoppeliaSim:loadinfo]   add-on 'Point cloud importer.lua' was loaded.
[CoppeliaSim:loadinfo]   add-on 'Point sampler interactive.lua' was loaded.
[CoppeliaSim:loadinfo]   add-on 'Point sampler service.lua' was loaded.
[CoppeliaSim:loadinfo]   add-on 'Property explorer.lua' was loaded.
[CoppeliaSim:loadinfo]   add-on 'PyRep.lua' was loaded.
[CoppeliaSim:loadinfo]   add-on 'Referenced handles explorer.lua' was loaded.
[CoppeliaSim:loadinfo]   add-on 'Referenced handles highlight.lua' was loaded.
[CoppeliaSim:loadinfo]   add-on 'Screenshot tool.lua' was loaded.
[CoppeliaSim:loadinfo]   add-on 'Script capture.lua' was loaded.
[CoppeliaSim:loadinfo]   add-on 'SDF importer.lua' was loaded.
[CoppeliaSim:loadinfo]   add-on 'Simulation stepper.lua' was loaded.
[CoppeliaSim:loadinfo]   add-on 'Subdivide large triangles.lua' was loaded.
[CoppeliaSim:loadinfo]   add-on 'Surface reconstruction.lua' was loaded.
[CoppeliaSim:loadinfo]   add-on 'Translate to align vertex.lua' was loaded.
[CoppeliaSim:loadinfo]   add-on 'URDF exporter.lua' was loaded.
[CoppeliaSim:loadinfo]   add-on 'URDF importer.lua' was loaded.
[CoppeliaSim:loadinfo]   add-on 'URL drop service.lua' was loaded.
[CoppeliaSim:loadinfo]   add-on 'Video recorder.lua' was loaded.
[CoppeliaSim:loadinfo]   add-on 'Visualization stream.lua' was loaded.
[CoppeliaSim:loadinfo]   add-on 'WS remote API server.lua' was loaded.
[CoppeliaSim:loadinfo]   add-on 'ZMQ remote API server.lua' was loaded.
[CoppeliaSim:loadinfo]   add-on 'Convex decomposition coacd.py' was loaded.
[Developer tools >> Commander >> Commander@addOnScript:loadinfo]   plugin simCmd: loading...
[simCmd:warning]   Selected script: Sandbox (Python)
[Developer tools >> Commander >> Commander@addOnScript:loadinfo]   plugin simCmd: done.
[Connectivity >> WebSocket remote API server@addOnScript:loadinfo]   plugin simWS: loading...
[Connectivity >> WebSocket remote API server@addOnScript:loadinfo]   plugin simWS: done.
[Connectivity >> WebSocket remote API server@addOnScript:info]   WebSocket Remote API server starting (port=23052)...
[Connectivity >> ZMQ remote API server@addOnScript:info]   ZeroMQ Remote API server starting (rpcPort=23009)...
[CoppeliaSim:warning]   If CoppeliaSim crashed in previous session, you can find auto-saved scenes in /home/kolletms/.CoppeliaSim/autoSavedScenes
[/UR10/followPath:loadinfo]   plugin simIK: loading...
[/UR10/followPath:loadinfo]   plugin simIK: done.
[/UR10/followPath:loadinfo]   plugin simOMPL: loading...
[/UR10/followPath:loadinfo]   plugin simOMPL: done.
/Floor, 13
/MPO_700, 86
/assembly_table, 88
/obs1, 133
/obs2, 135
/obs0, 137
/column0, 139
/column1, 143
/column2, 141
[/UR10/followPath:warning]   sim.switchThread is deprecated. please use sim.step instead. (control verbosity via notifyDeprecated in usrset.txt)
[/moveToPose:warning]   sim.setThreadSwitchTiming is deprecated. please use sim.setAutoYieldDelay instead. (control verbosity via notifyDeprecated in usrset.txt)
[/moveToPose:warning]   sim.switchThread is deprecated. please use sim.step instead. (control verbosity via notifyDeprecated in usrset.txt)
[sandboxScript:info]   Simulation started.
[CoppeliaSim:loadinfo]   plugin simGeom: loading...
[CoppeliaSim:loadinfo]   plugin simGeom: done.
[CoppeliaSim:loadinfo]   plugin simBullet-2-83: loading...
[CoppeliaSim:loadinfo]   plugin simBullet-2-83: done.
[CoppeliaSim:warning]   Detected non-default settings (time steps and/or dyn. engine global settings).
[sandboxScript:info]   Simulation stopping...
[sandboxScript:info]   Simulation stopped.
[sandboxScript:info]   Simulation started.
[CoppeliaSim:warning]   Detected non-default settings (time steps and/or dyn. engine global settings).
[sandboxScript:info]   Simulation stopping...
[sandboxScript:info]   Simulation stopped.
[sandboxScript:info]   Simulation started.
[CoppeliaSim:warning]   Detected non-default settings (time steps and/or dyn. engine global settings).
Goal signal recieved..
Planning ...
Collision pairs set
goal state set
Using RRT Connect
task setup complete
solving task...
OMPL states:, 200.
path found
Validating path...
valid path found, generating trajectory...
[/UR10/followPath:warning]   module 'matrix' was implicitly loaded.
[/UR10/followPath:warning]   "matrix" module is deprecated. please use simEigen
Trajectory points:, 1000.
Duration:, 3.676665
excecuting path...
current error: , 0.187408
current error: , 0.187408
current error: , 0.083233
current error: , 0.01204
Final error:, 0.001492
Execution successful
[CoppeliaSim:loadinfo]   plugin simRuckig: loading...
[CoppeliaSim:loadinfo]   plugin simRuckig: done.
Goal signal recieved..
Planning ...
Collision pairs set
goal state set
Using RRT Connect
task setup complete
solving task...
OMPL states:, 200.
path found
Validating path...
valid path found, generating trajectory...
Trajectory points:, 1000.
Duration:, 10.965134
excecuting path...
current error: , 1.203099
current error: , 1.203099
current error: , 1.119395
current error: , 1.035717
current error: , 0.952051
current error: , 0.868342
current error: , 0.784656
current error: , 0.700921
current error: , 0.617228
current error: , 0.533537
current error: , 0.449844
current error: , 0.366155
current error: , 0.282418
current error: , 0.19872
current error: , 0.115035
current error: , 0.031384
current error: , 0.002818
Final error:, 0.001278
Execution successful
Goal signal recieved..
Planning ...
Collision pairs set
goal state set
Using RRT Connect
task setup complete
solving task...
OMPL states:, 200.
path found
Validating path...
valid path found, generating trajectory...
Trajectory points:, 1000.
Duration:, 9.328246
excecuting path...
current error: , 0.004242
Final error:, 0.004242
Execution successful
Goal signal recieved..
Planning ...
Collision pairs set
goal state set
Using RRT Connect
task setup complete
solving task...
OMPL states:, 200.
path found
Validating path...
Collision detected at state:, 161
Collision pairs:, column2, table
path invalid
Goal signal recieved..
Planning ...
Collision pairs set
goal state set
Using RRT Connect
task setup complete
solving task...
OMPL states:, 200.
path found
Validating path...
Collision detected at state:, 111
Collision pairs:, column2, top
path invalid
Goal signal recieved..
Planning ...
Collision pairs set
goal state set
Using RRT Connect
task setup complete
solving task...
OMPL states:, 200.
path found
Validating path...
Collision detected at state:, 156
Collision pairs:, column2, table
path invalid
Goal signal recieved..
Planning ...
Collision pairs set
goal state set
Using RRT Connect
task setup complete
solving task...
OMPL states:, 200.
path found
Validating path...
Collision detected at state:, 181
Collision pairs:, column2, table
path invalid
Goal signal recieved..
Planning ...
Collision pairs set
goal state set
Using RRT Connect
task setup complete
solving task...
OMPL states:, 200.
path found
Validating path...
Collision detected at state:, 161
Collision pairs:, column2, table
path invalid
Goal signal recieved..
Planning ...
Collision pairs set
goal state set
Using RRT Connect
task setup complete
solving task...
OMPL states:, 200.
path found
Validating path...
Collision detected at state:, 151
Collision pairs:, column2, table
path invalid
Goal signal recieved..
Planning ...
Collision pairs set
goal state set
Using RRT Connect
task setup complete
solving task...
OMPL states:, 200.
path found
Validating path...
Collision detected at state:, 131
Collision pairs:, column2, table
path invalid
Goal signal recieved..
Planning ...
Collision pairs set
goal state set
Using RRT Connect
task setup complete
solving task...
OMPL states:, 200.
path found
Validating path...
Collision detected at state:, 121
Collision pairs:, column2, table
path invalid
Goal signal recieved..
Planning ...
Collision pairs set
goal state set
Using RRT Connect
task setup complete
solving task...
OMPL states:, 200.
path found
Validating path...
Collision detected at state:, 126
Collision pairs:, column2, table
path invalid
Goal signal recieved..
Planning ...
Collision pairs set
goal state set
Using RRT Connect
task setup complete
solving task...
OMPL states:, 200.
path found
Validating path...
Collision detected at state:, 121
Collision pairs:, column2, table
path invalid
Goal signal recieved..
Planning ...
Collision pairs set
goal state set
Using RRT Connect
task setup complete
solving task...
OMPL states:, 200.
path found
Validating path...
Collision detected at state:, 151
Collision pairs:, column2, table
path invalid
Goal signal recieved..
Planning ...
Collision pairs set
goal state set
Using RRT Connect
task setup complete
solving task...
OMPL states:, 200.
path found
Validating path...
Collision detected at state:, 161
Collision pairs:, column2, table
path invalid
Goal signal recieved..
Planning ...
Collision pairs set
goal state set
Using RRT Connect
task setup complete
solving task...
OMPL states:, 200.
path found
Validating path...
Collision detected at state:, 121
Collision pairs:, column2, table
path invalid
Goal signal recieved..
Planning ...
Collision pairs set
goal state set
Using RRT Connect
task setup complete
solving task...
OMPL states:, 200.
path found
Validating path...
Collision detected at state:, 166
Collision pairs:, column2, table
path invalid
Goal signal recieved..
Planning ...
Collision pairs set
goal state set
Using RRT Connect
task setup complete
solving task...
OMPL states:, 200.
path found
Validating path...
Collision detected at state:, 136
Collision pairs:, column2, table
path invalid
Goal signal recieved..
Planning ...
Collision pairs set
goal state set
Using RRT Connect
task setup complete
solving task...
OMPL states:, 200.
path found
Validating path...
Collision detected at state:, 136
Collision pairs:, column2, table
path invalid
Goal signal recieved..
Planning ...
Collision pairs set
goal state set
Using RRT Connect
task setup complete
solving task...
OMPL states:, 200.
path found
Validating path...
Collision detected at state:, 161
Collision pairs:, column2, table
path invalid
Goal signal recieved..
Planning ...
Collision pairs set
goal state set
Using RRT Connect
task setup complete
solving task...
OMPL states:, 200.
path found
Validating path...
Collision detected at state:, 171
Collision pairs:, column2, table
path invalid
[sandboxScript:info]   Simulation stopping...
[sandboxScript:info]   Simulation stopped.
[sandboxScript:info]   Simulation started.
[CoppeliaSim:warning]   Detected non-default settings (time steps and/or dyn. engine global settings).
[sandboxScript:info]   Simulation stopping...
[sandboxScript:info]   Simulation stopped.
[sandboxScript:info]   Simulation started.
[CoppeliaSim:warning]   Detected non-default settings (time steps and/or dyn. engine global settings).
[sandboxScript:info]   Simulation stopping...
[sandboxScript:info]   Simulation stopped.
[sandboxScript:info]   Simulation started.
[CoppeliaSim:warning]   Detected non-default settings (time steps and/or dyn. engine global settings).
[sandboxScript:info]   Simulation stopping...
[sandboxScript:info]   Simulation stopped.
[sandboxScript:info]   Simulation started.
[CoppeliaSim:warning]   Detected non-default settings (time steps and/or dyn. engine global settings).
Goal signal recieved..
Planning ...
Collision pairs set
goal state set
Using RRT Connect
task setup complete
solving task...
OMPL states:, 200.
path found
Validating path...
valid path found, generating trajectory...
Trajectory points:, 1000.
Duration:, 3.621295
excecuting path...
current error: , 0.105668
current error: , 0.105668
current error: , 0.021656
current error: , 0.000837
Final error:, 0.0006
Execution successful
Goal signal recieved..
Planning ...
Collision pairs set
goal state set
Using RRT Connect
task setup complete
solving task...
OMPL states:, 200.
path found
Validating path...
Collision detected at state:, 126
Collision pairs:, column0, table
path invalid
Goal signal recieved..
Planning ...
Collision pairs set
goal state set
Using RRT Connect
task setup complete
solving task...
OMPL states:, 200.
path found
Validating path...
Collision detected at state:, 106
Collision pairs:, column0, table
path invalid
Goal signal recieved..
Planning ...
Collision pairs set
goal state set
Using RRT Connect
task setup complete
solving task...
OMPL states:, 200.
path found
Validating path...
Collision detected at state:, 96
Collision pairs:, column0, table
path invalid
Goal signal recieved..
Planning ...
Collision pairs set
goal state set
Using RRT Connect
task setup complete
solving task...
OMPL states:, 200.
path found
Validating path...
Collision detected at state:, 116
Collision pairs:, column0, table
path invalid
Goal signal recieved..
Planning ...
Collision pairs set
goal state set
Using RRT Connect
task setup complete
solving task...
OMPL states:, 200.
path found
Validating path...
Collision detected at state:, 161
Collision pairs:, column0, table
path invalid
Goal signal recieved..
Planning ...
Collision pairs set
goal state set
Using RRT Connect
task setup complete
solving task...
OMPL states:, 200.
path found
Validating path...
Collision detected at state:, 96
Collision pairs:, column0, table
path invalid
Goal signal recieved..
Planning ...
Collision pairs set
goal state set
Using RRT Connect
task setup complete
solving task...
OMPL states:, 200.
path found
Validating path...
Collision detected at state:, 116
Collision pairs:, column0, table
path invalid
Goal signal recieved..
Planning ...
Collision pairs set
goal state set
Using RRT Connect
task setup complete
solving task...
OMPL states:, 200.
path found
Validating path...
Collision detected at state:, 126
Collision pairs:, column0, table
path invalid
Goal signal recieved..
Planning ...
Collision pairs set
goal state set
Using RRT Connect
task setup complete
solving task...
OMPL states:, 200.
path found
Validating path...
Collision detected at state:, 106
Collision pairs:, column0, table
path invalid
Goal signal recieved..
Planning ...
Collision pairs set
goal state set
Using RRT Connect
task setup complete
solving task...
OMPL states:, 200.
path found
Validating path...
Collision detected at state:, 156
Collision pairs:, column0, table
path invalid
Goal signal recieved..
Planning ...
Collision pairs set
goal state set
Using RRT Connect
task setup complete
solving task...
OMPL states:, 200.
path found
Validating path...
Collision detected at state:, 136
Collision pairs:, column0, table
path invalid
Goal signal recieved..
Planning ...
Collision pairs set
goal state set
Using RRT Connect
task setup complete
solving task...
OMPL states:, 200.
path found
Validating path...
Collision detected at state:, 126
Collision pairs:, column0, table
path invalid
Goal signal recieved..
Planning ...
Collision pairs set
goal state set
Using RRT Connect
task setup complete
solving task...
OMPL states:, 200.
path found
Validating path...
Collision detected at state:, 86
Collision pairs:, column0, top
path invalid
Goal signal recieved..
Planning ...
Collision pairs set
goal state set
Using RRT Connect
task setup complete
solving task...
OMPL states:, 200.
path found
Validating path...
Collision detected at state:, 101
Collision pairs:, column0, table
path invalid
Goal signal recieved..
Planning ...
Collision pairs set
goal state set
Using RRT Connect
task setup complete
solving task...
OMPL states:, 200.
path found
Validating path...
Collision detected at state:, 156
Collision pairs:, column0, table
path invalid
Goal signal recieved..
Planning ...
Collision pairs set
goal state set
Using RRT Connect
task setup complete
solving task...
OMPL states:, 200.
path found
Validating path...
Collision detected at state:, 106
Collision pairs:, column0, table
path invalid
Goal signal recieved..
Planning ...
Collision pairs set
goal state set
Using RRT Connect
task setup complete
solving task...
OMPL states:, 200.
path found
Validating path...
Collision detected at state:, 116
Collision pairs:, column0, table
path invalid
Goal signal recieved..
Planning ...
Collision pairs set
goal state set
Using RRT Connect
task setup complete
solving task...
OMPL states:, 200.
path found
Validating path...
Collision detected at state:, 96
Collision pairs:, column0, table
path invalid
[sandboxScript:info]   Simulation stopping...
[sandboxScript:info]   Simulation stopped.
[sandboxScript:info]   Simulation started.
[CoppeliaSim:warning]   Detected non-default settings (time steps and/or dyn. engine global settings).
Goal signal recieved..
Planning ...
Collision pairs set
goal state set
Using RRT Connect
task setup complete
solving task...
OMPL states:, 200.
path found
Validating path...
valid path found, generating trajectory...
Trajectory points:, 1000.
Duration:, 3.389062
excecuting path...
current error: , 0.0083
Final error:, 0.0083
Execution successful
Goal signal recieved..
Planning ...
Collision pairs set
goal state set
Using RRT Connect
task setup complete
solving task...
OMPL states:, 200.
path found
Validating path...
valid path found, generating trajectory...
Trajectory points:, 1000.
Duration:, 3.092511
excecuting path...
current error: , 0.004067
Final error:, 0.004067
Execution successful
Goal signal recieved..
Planning ...
Collision pairs set
goal state set
Using RRT Connect
task setup complete
solving task...
OMPL states:, 200.
path found
Validating path...
valid path found, generating trajectory...
Trajectory points:, 1000.
Duration:, 2.246037
excecuting path...
current error: , 0.003124
Final error:, 0.003124
Execution successful
Goal signal recieved..
Planning ...
Collision pairs set
goal state set
Using RRT Connect
task setup complete
solving task...
OMPL states:, 200.
path found
Validating path...
valid path found, generating trajectory...
Trajectory points:, 1000.
Duration:, 2.837455
excecuting path...
current error: , 0.002462
Final error:, 0.002462
Execution successful
Goal signal recieved..
Planning ...
Collision pairs set
goal state set
Using RRT Connect
task setup complete
solving task...
OMPL states:, 200.
path found
Validating path...
Collision detected at state:, 106
Collision pairs:, leftLink0_visible, obs0_collisiondummy
path invalid
Goal signal recieved..
Planning ...
Collision pairs set
goal state set
Using RRT Connect
task setup complete
solving task...
OMPL states:, 200.
path found
Validating path...
valid path found, generating trajectory...
Trajectory points:, 1000.
Duration:, 7.56281
excecuting path...
current error: , 0.580147
current error: , 0.580147
current error: , 0.461969
current error: , 0.344207
current error: , 0.227144
current error: , 0.11276
current error: , 0.022223
current error: , 0.00241
Final error:, 0.000807
Execution successful
Goal signal recieved..
Planning ...
Collision pairs set
goal state set
Using RRT Connect
task setup complete
solving task...
OMPL states:, 200.
path found
Validating path...
Collision detected at state:, 36
Collision pairs:, column2, assembly_table
path invalid
Goal signal recieved..
Planning ...
Collision pairs set
goal state set
Using RRT Connect
task setup complete
solving task...
OMPL states:, 200.
path found
Validating path...
valid path found, generating trajectory...
Trajectory points:, 1000.
Duration:, 6.316639
excecuting path...
current error: , 0.130236
current error: , 0.130236
current error: , 0.047194
current error: , 0.004773
Final error:, 0.001284
Execution successful
Goal signal recieved..
Planning ...
Collision pairs set
goal state set
Using RRT Connect
task setup complete
solving task...
OMPL states:, 200.
path found
Validating path...
Collision detected at state:, 96
Collision pairs:, leftLink0_visible, obs0
path invalid
Goal signal recieved..
Planning ...
Collision pairs set
goal state set
Using RRT Connect
task setup complete
solving task...
OMPL states:, 200.
path found
Validating path...
Collision detected at state:, 66
Collision pairs:, leftLink0_visible, obs0
path invalid
Goal signal recieved..
Planning ...
Collision pairs set
goal state set
Using RRT Connect
task setup complete
solving task...
OMPL states:, 200.
path found
Validating path...
Collision detected at state:, 36
Collision pairs:, baseVisible, obs0_collisiondummy
path invalid
Goal signal recieved..
Planning ...
Collision pairs set
goal state set
Using RRT Connect
task setup complete
solving task...
OMPL states:, 200.
path found
Validating path...
Collision detected at state:, 51
Collision pairs:, link6_visible, obs0_collisiondummy
path invalid
Goal signal recieved..
Planning ...
Collision pairs set
goal state set
Using RRT Connect
task setup complete
solving task...
OMPL states:, 200.
path found
Validating path...
Collision detected at state:, 146
Collision pairs:, link6_visible, obs0_collisiondummy
path invalid
Goal signal recieved..
Planning ...
Collision pairs set
goal state set
Using RRT Connect
task setup complete
solving task...
OMPL states:, 200.
path found
Validating path...
Collision detected at state:, 171
Collision pairs:, leftLink0_visible, obs0_collisiondummy
path invalid
Goal signal recieved..
Planning ...
Collision pairs set
goal state set
Using RRT Connect
task setup complete
solving task...
OMPL states:, 200.
path found
Validating path...
Collision detected at state:, 116
Collision pairs:, leftLink0_visible, obs0_collisiondummy
path invalid
Goal signal recieved..
Planning ...
Collision pairs set
goal state set
Using RRT Connect
task setup complete
solving task...
OMPL states:, 200.
path found
Validating path...
Collision detected at state:, 21
Collision pairs:, leftLink0_visible, obs0_collisiondummy
path invalid
Goal signal recieved..
Planning ...
Collision pairs set
goal state set
Using RRT Connect
task setup complete
solving task...
OMPL states:, 200.
path found
Validating path...
Collision detected at state:, 81
Collision pairs:, leftLink2_visible, obs0
path invalid
Goal signal recieved..
Planning ...
Collision pairs set
goal state set
Using RRT Connect
task setup complete
solving task...
OMPL states:, 200.
path found
Validating path...
Collision detected at state:, 131
Collision pairs:, leftLink0_visible, obs0
path invalid
Goal signal recieved..
Planning ...
Collision pairs set
goal state set
Using RRT Connect
task setup complete
solving task...
OMPL states:, 200.
path found
Validating path...
Collision detected at state:, 51
Collision pairs:, leftLink0_visible, obs0_collisiondummy
path invalid
Goal signal recieved..
Planning ...
Collision pairs set
goal state set
Using RRT Connect
task setup complete
solving task...
OMPL states:, 200.
path found
Validating path...
Collision detected at state:, 131
Collision pairs:, leftLink0_visible, obs0
path invalid
Goal signal recieved..
Planning ...
Collision pairs set
goal state set
Using RRT Connect
task setup complete
solving task...
OMPL states:, 200.
path found
Validating path...
Collision detected at state:, 106
Collision pairs:, leftLink0_visible, obs0_collisiondummy
path invalid
Goal signal recieved..
Planning ...
Collision pairs set
goal state set
Using RRT Connect
task setup complete
solving task...
OMPL states:, 200.
path found
Validating path...
Collision detected at state:, 96
Collision pairs:, leftLink0_visible, obs0_collisiondummy
path invalid
Goal signal recieved..
Planning ...
Collision pairs set
goal state set
Using RRT Connect
task setup complete
solving task...
OMPL states:, 200.
path found
Validating path...
Collision detected at state:, 91
Collision pairs:, leftLink0_visible, obs0
path invalid
Goal signal recieved..
Planning ...
Collision pairs set
goal state set
Using RRT Connect
task setup complete
solving task...
OMPL states:, 200.
path found
Validating path...
Collision detected at state:, 66
Collision pairs:, leftLink0_visible, obs0
path invalid
Goal signal recieved..
Planning ...
Collision pairs set
goal state set
Using RRT Connect
task setup complete
solving task...
OMPL states:, 200.
path found
Validating path...
Collision detected at state:, 46
Collision pairs:, leftLink0_visible, obs0_collisiondummy
path invalid
Goal signal recieved..
Planning ...
Collision pairs set
goal state set
Using RRT Connect
task setup complete
solving task...
OMPL states:, 200.
path found
Validating path...
Collision detected at state:, 66
Collision pairs:, rightLink0_visible, obs0
path invalid
[sandboxScript:info]   Simulation stopping...
[sandboxScript:info]   Simulation stopped.
[sandboxScript:info]   Simulation started.
[CoppeliaSim:warning]   Detected non-default settings (time steps and/or dyn. engine global settings).
[sandboxScript:info]   Simulation stopping...
[sandboxScript:info]   Simulation stopped.
[sandboxScript:info]   Simulation started.
[CoppeliaSim:warning]   Detected non-default settings (time steps and/or dyn. engine global settings).
Goal signal recieved..
Planning ...
Collision pairs set
goal state set
Using RRT Connect
task setup complete
solving task...
OMPL states:, 200.
path found
Validating path...
valid path found, generating trajectory...
Trajectory points:, 1000.
Duration:, 3.622451
excecuting path...
current error: , 0.135677
current error: , 0.135677
current error: , 0.049561
current error: , 0.005115
Final error:, 0.001799
Execution successful
Goal signal recieved..
Planning ...
Collision pairs set
goal state set
Using RRT Connect
task setup complete
solving task...
OMPL states:, 200.
path found
Validating path...
Collision detected at state:, 121
Collision pairs:, leftLink0_visible, obs0_collisiondummy
path invalid
Goal signal recieved..
Planning ...
Collision pairs set
goal state set
Using RRT Connect
task setup complete
solving task...
OMPL states:, 200.
path found
Validating path...
Collision detected at state:, 171
Collision pairs:, column1, obs0
path invalid
Goal signal recieved..
Planning ...
Collision pairs set
goal state set
Using RRT Connect
task setup complete
solving task...
OMPL states:, 200.
path found
Validating path...
Collision detected at state:, 61
Collision pairs:, column1, assembly_table
path invalid
Goal signal recieved..
Planning ...
Collision pairs set
goal state set
Using RRT Connect
task setup complete
solving task...
OMPL states:, 200.
path found
Validating path...
Collision detected at state:, 96
Collision pairs:, column1, table
path invalid
Goal signal recieved..
Planning ...
Collision pairs set
goal state set
Using RRT Connect
task setup complete
solving task...
OMPL states:, 200.
path found
Validating path...
Collision detected at state:, 61
Collision pairs:, column1, obs0
path invalid
Goal signal recieved..
Planning ...
Collision pairs set
goal state set
Using RRT Connect
task setup complete
solving task...
OMPL states:, 200.
path found
Validating path...
Collision detected at state:, 41
Collision pairs:, column1, obs0
path invalid
Goal signal recieved..
Planning ...
Collision pairs set
goal state set
Using RRT Connect
task setup complete
solving task...
Goal signal recieved..
Planning ...
Collision pairs set
goal state set
Using RRT Connect
task setup complete
solving task...
OMPL states:, 200.
path found
Validating path...
Collision detected at state:, 36
Collision pairs:, column1, obs0
path invalid
Goal signal recieved..
Planning ...
Collision pairs set
goal state set
Using RRT Connect
task setup complete
solving task...
OMPL states:, 200.
path found
Validating path...
Collision detected at state:, 66
Collision pairs:, column1, table
path invalid
Goal signal recieved..
Planning ...
Collision pairs set
goal state set
Using RRT Connect
task setup complete
solving task...
OMPL states:, 200.
path found
Validating path...
Collision detected at state:, 86
Collision pairs:, column1, obs0
path invalid
Goal signal recieved..
Planning ...
Collision pairs set
goal state set
Using RRT Connect
task setup complete
solving task...
OMPL states:, 200.
path found
Validating path...
valid path found, generating trajectory...
Trajectory points:, 1000.
Duration:, 7.570589
excecuting path...
current error: , 0.004219
Final error:, 0.004219
Execution successful
[sandboxScript:info]   Simulation stopping...
[sandboxScript:info]   Simulation stopped.
[sandboxScript:info]   Simulation started.
[CoppeliaSim:warning]   Detected non-default settings (time steps and/or dyn. engine global settings).
Goal signal recieved..
Planning ...
Collision pairs set
goal state set
Using RRT Connect
task setup complete
solving task...
OMPL states:, 200.
path found
Validating path...
valid path found, generating trajectory...
Trajectory points:, 1000.
Duration:, 3.600513
excecuting path...
current error: , 0.078457
current error: , 0.078457
current error: , 0.00836
Final error:, 0.000509
Execution successful
Goal signal recieved..
Planning ...
Collision pairs set
goal state set
Using RRT Connect
task setup complete
solving task...
OMPL states:, 200.
path found
Validating path...
valid path found, generating trajectory...
Trajectory points:, 1000.
Duration:, 0.489862
excecuting path...
current error: , 0.0059
Final error:, 0.0059
Execution successful
Goal signal recieved..
Planning ...
Collision pairs set
goal state set
Using RRT Connect
task setup complete
solving task...
OMPL states:, 200.
path found
Validating path...
valid path found, generating trajectory...
Trajectory points:, 1000.
Duration:, 1.813187
excecuting path...
current error: , 0.002666
Final error:, 0.002666
Execution successful
Goal signal recieved..
Planning ...
Collision pairs set
goal state set
Using RRT Connect
task setup complete
solving task...
OMPL states:, 200.
path found
Validating path...
valid path found, generating trajectory...
Trajectory points:, 1000.
Duration:, 0.580947
excecuting path...
current error: , 0.002351
Final error:, 0.002351
Execution successful
Goal signal recieved..
Planning ...
Collision pairs set
goal state set
Using RRT Connect
task setup complete
solving task...
OMPL states:, 200.
path found
Validating path...
valid path found, generating trajectory...
Trajectory points:, 1000.
Duration:, 1.852759
excecuting path...
current error: , 0.001044
Final error:, 0.001044
Execution successful
Goal signal recieved..
Planning ...
Collision pairs set
goal state set
Using RRT Connect
task setup complete
solving task...
OMPL states:, 200.
path found
Validating path...
valid path found, generating trajectory...
Trajectory points:, 1000.
Duration:, 0.585522
excecuting path...
current error: , 0.0024
Final error:, 0.0024
Execution successful
Goal signal recieved..
Planning ...
Collision pairs set
goal state set
Using RRT Connect
task setup complete
solving task...
OMPL states:, 200.
path found
Validating path...
valid path found, generating trajectory...
Trajectory points:, 1000.
Duration:, 1.857072
excecuting path...
current error: , 0.0013
Final error:, 0.0013
Execution successful
Goal signal recieved..
Planning ...
Collision pairs set
goal state set
Using RRT Connect
task setup complete
solving task...
OMPL states:, 200.
path found
Validating path...
valid path found, generating trajectory...
Trajectory points:, 1000.
Duration:, 0.586158
excecuting path...
current error: , 0.003052
Final error:, 0.003052
Execution successful
Goal signal recieved..
Planning ...
Collision pairs set
goal state set
Using RRT Connect
task setup complete
solving task...
OMPL states:, 200.
path found
Validating path...
valid path found, generating trajectory...
Trajectory points:, 1000.
Duration:, 1.842037
excecuting path...
current error: , 0.001293
Final error:, 0.001293
Execution successful
Goal signal recieved..
Planning ...
Collision pairs set
goal state set
Using RRT Connect
task setup complete
solving task...
OMPL states:, 200.
path found
Validating path...
valid path found, generating trajectory...
Trajectory points:, 1000.
Duration:, 0.520876
excecuting path...
current error: , 0.002359
Final error:, 0.002359
Execution successful
Goal signal recieved..
Planning ...
Collision pairs set
goal state set
Using RRT Connect
task setup complete
solving task...
OMPL states:, 200.
path found
Validating path...
valid path found, generating trajectory...
Trajectory points:, 1000.
Duration:, 1.852833
excecuting path...
current error: , 0.001664
Final error:, 0.001664
Execution successful
Goal signal recieved..
Planning ...
Collision pairs set
goal state set
Using RRT Connect
task setup complete
solving task...
OMPL states:, 200.
path found
Validating path...
valid path found, generating trajectory...
Trajectory points:, 1000.
Duration:, 0.584899
excecuting path...
current error: , 0.003192
Final error:, 0.003192
Execution successful
Goal signal recieved..
Planning ...
Collision pairs set
goal state set
Using RRT Connect
task setup complete
solving task...
OMPL states:, 200.
path found
Validating path...
valid path found, generating trajectory...
Trajectory points:, 1000.
Duration:, 1.842957
excecuting path...
current error: , 0.00108
Final error:, 0.00108
Execution successful
Goal signal recieved..
Planning ...
Collision pairs set
goal state set
Using RRT Connect
task setup complete
solving task...
OMPL states:, 200.
path found
Validating path...
valid path found, generating trajectory...
Trajectory points:, 1000.
Duration:, 0.53441
excecuting path...
current error: , 0.004095
Final error:, 0.004095
Execution successful
Goal signal recieved..
Planning ...
Collision pairs set
goal state set
Using RRT Connect
task setup complete
solving task...
OMPL states:, 200.
path found
Validating path...
valid path found, generating trajectory...
Trajectory points:, 1000.
Duration:, 1.850007
excecuting path...
current error: , 0.001248
Final error:, 0.001248
Execution successful
Goal signal recieved..
Planning ...
Collision pairs set
goal state set
Using RRT Connect
task setup complete
solving task...
OMPL states:, 200.
path found
Validating path...
valid path found, generating trajectory...
Trajectory points:, 1000.
Duration:, 0.590754
excecuting path...
current error: , 0.002783
Final error:, 0.002783
Execution successful
Goal signal recieved..
Planning ...
Collision pairs set
goal state set
Using RRT Connect
task setup complete
solving task...
OMPL states:, 200.
path found
Validating path...
valid path found, generating trajectory...
Trajectory points:, 1000.
Duration:, 1.851754
excecuting path...
current error: , 0.001072
Final error:, 0.001072
Execution successful
Goal signal recieved..
Planning ...
Collision pairs set
goal state set
Using RRT Connect
task setup complete
solving task...
OMPL states:, 200.
path found
Validating path...
valid path found, generating trajectory...
Trajectory points:, 1000.
Duration:, 0.604347
excecuting path...
current error: , 0.003151
Final error:, 0.003151
Execution successful
Goal signal recieved..
Planning ...
Collision pairs set
goal state set
Using RRT Connect
task setup complete
solving task...
Goal signal recieved..
Planning ...
Collision pairs set
goal state set
Using RRT Connect
task setup complete
solving task...
OMPL states:, 200.
path found
Validating path...
valid path found, generating trajectory...
Trajectory points:, 1000.
Duration:, 1.838367
excecuting path...
current error: , 0.004411
Final error:, 0.004411
Execution successful
Goal signal recieved..
Planning ...
Collision pairs set
goal state set
Using RRT Connect
task setup complete
solving task...
Goal signal recieved..
Planning ...
Collision pairs set
goal state set
Using RRT Connect
task setup complete
solving task...
Goal signal recieved..
Planning ...
Collision pairs set
goal state set
Using RRT Connect
task setup complete
solving task...
OMPL states:, 200.
path found
Validating path...
Collision detected at state:, 161
Collision pairs:, column0, table
path invalid
Goal signal recieved..
Planning ...
Collision pairs set
goal state set
Using RRT Connect
task setup complete
solving task...
OMPL states:, 200.
path found
Validating path...
Collision detected at state:, 121
Collision pairs:, column0, table
path invalid
Goal signal recieved..
Planning ...
Collision pairs set
goal state set
Using RRT Connect
task setup complete
solving task...
OMPL states:, 200.
path found
Validating path...
Collision detected at state:, 131
Collision pairs:, column0, table
path invalid
Goal signal recieved..
Planning ...
Collision pairs set
goal state set
Using RRT Connect
task setup complete
solving task...
OMPL states:, 200.
path found
Validating path...
Collision detected at state:, 146
Collision pairs:, column0, table
path invalid
Goal signal recieved..
Planning ...
Collision pairs set
goal state set
Using RRT Connect
task setup complete
solving task...
Goal signal recieved..
Planning ...
Collision pairs set
goal state set
Using RRT Connect
task setup complete
solving task...
Goal signal recieved..
Planning ...
Collision pairs set
goal state set
Using RRT Connect
task setup complete
solving task...
OMPL states:, 200.
path found
Validating path...
Collision detected at state:, 101
Collision pairs:, column0, table
path invalid
Goal signal recieved..
Planning ...
Collision pairs set
goal state set
Using RRT Connect
task setup complete
solving task...
Goal signal recieved..
Planning ...
Collision pairs set
goal state set
Using RRT Connect
task setup complete
solving task...
Goal signal recieved..
Planning ...
Collision pairs set
goal state set
Using RRT Connect
task setup complete
solving task...
OMPL states:, 200.
path found
Validating path...
valid path found, generating trajectory...
Trajectory points:, 1000.
Duration:, 8.948222
excecuting path...
current error: , 0.836963
current error: , 0.836963
current error: , 0.718796
current error: , 0.600691
current error: , 0.482964
current error: , 0.365972
current error: , 0.250531
current error: , 0.140552
current error: , 0.051829
current error: , 0.004968
Final error:, 0.002169
Execution successful
Goal signal recieved..
Planning ...
Collision pairs set
goal state set
Using RRT Connect
task setup complete
solving task...
OMPL states:, 200.
path found
Validating path...
Collision detected at state:, 186
Collision pairs:, link6_visible, top
path invalid
Goal signal recieved..
Planning ...
Collision pairs set
goal state set
Using RRT Connect
task setup complete
solving task...
OMPL states:, 200.
path found
Validating path...
valid path found, generating trajectory...
Trajectory points:, 1000.
Duration:, 4.198593
excecuting path...
current error: , 0.544192
current error: , 0.544192
current error: , 0.46048
current error: , 0.376743
current error: , 0.293026
current error: , 0.20934
current error: , 0.125669
current error: , 0.042004
current error: , 0.004132
Final error:, 0.001242
Execution successful
Goal signal recieved..
Planning ...
Collision pairs set
goal state set
Using RRT Connect
task setup complete
solving task...
OMPL states:, 200.
path found
Validating path...
Collision detected at state:, 146
Collision pairs:, column0, assembly_table
path invalid
Goal signal recieved..
Planning ...
Collision pairs set
goal state set
Using RRT Connect
task setup complete
solving task...
OMPL states:, 200.
path found
Validating path...
Collision detected at state:, 176
Collision pairs:, column0, assembly_table
path invalid
Goal signal recieved..
Planning ...
Collision pairs set
goal state set
Using RRT Connect
task setup complete
solving task...
Goal signal recieved..
Planning ...
Collision pairs set
goal state set
Using RRT Connect
task setup complete
solving task...
OMPL states:, 200.
path found
Validating path...
Collision detected at state:, 196
Collision pairs:, column0, assembly_table
path invalid
Goal signal recieved..
Planning ...
Collision pairs set
goal state set
Using RRT Connect
task setup complete
solving task...
OMPL states:, 200.
path found
Validating path...
Collision detected at state:, 146
Collision pairs:, column0, assembly_table
path invalid
Goal signal recieved..
Planning ...
Collision pairs set
goal state set
Using RRT Connect
task setup complete
solving task...
OMPL states:, 200.
path found
Validating path...
valid path found, generating trajectory...
Trajectory points:, 1000.
Duration:, 4.201315
excecuting path...
current error: , 0.52116
current error: , 0.52116
current error: , 0.437398
current error: , 0.353581
current error: , 0.26983
current error: , 0.186144
current error: , 0.102391
current error: , 0.021475
current error: , 0.002259
Final error:, 0.001332
Execution successful
Goal signal recieved..
Planning ...
Collision pairs set
goal state set
Using RRT Connect
task setup complete
solving task...
OMPL states:, 200.
path found
Validating path...
valid path found, generating trajectory...
Trajectory points:, 1000.
Duration:, 4.198173
excecuting path...
current error: , 0.54842
current error: , 0.54842
current error: , 0.46472
current error: , 0.38104
current error: , 0.297388
current error: , 0.213691
current error: , 0.129975
current error: , 0.046309
current error: , 0.004541
Final error:, 0.001294
Execution successful
Goal signal recieved..
Planning ...
Collision pairs set
goal state set
Using RRT Connect
task setup complete
solving task...
OMPL states:, 200.
path found
Validating path...
Collision detected at state:, 196
Collision pairs:, column0, assembly_table
path invalid
Goal signal recieved..
Planning ...
Collision pairs set
goal state set
Using RRT Connect
task setup complete
solving task...
OMPL states:, 200.
path found
Validating path...
valid path found, generating trajectory...
Trajectory points:, 1000.
Duration:, 4.200581
excecuting path...
current error: , 0.520488
current error: , 0.520488
current error: , 0.436738
current error: , 0.352965
current error: , 0.269236
current error: , 0.185522
current error: , 0.101815
current error: , 0.021106
current error: , 0.002244
Final error:, 0.001945
Execution successful
Goal signal recieved..
Planning ...
Collision pairs set
goal state set
Using RRT Connect
task setup complete
solving task...
OMPL states:, 200.
path found
Validating path...
valid path found, generating trajectory...
Trajectory points:, 1000.
Duration:, 7.627727
excecuting path...
current error: , 0.002755
Final error:, 0.002755
Execution successful
[sandboxScript:info]   Simulation stopping...
[sandboxScript:info]   Simulation stopped.
[sandboxScript:info]   Simulation started.
[CoppeliaSim:warning]   Detected non-default settings (time steps and/or dyn. engine global settings).
[sandboxScript:info]   Simulation stopping...
[sandboxScript:info]   Simulation stopped.
[sandboxScript:info]   Simulation started.
[CoppeliaSim:warning]   Detected non-default settings (time steps and/or dyn. engine global settings).
[sandboxScript:info]   Simulation stopping...
[sandboxScript:info]   Simulation stopped.
[sandboxScript:info]   Simulation started.
[CoppeliaSim:warning]   Detected non-default settings (time steps and/or dyn. engine global settings).
[sandboxScript:info]   Simulation stopping...
[sandboxScript:info]   Simulation stopped.
[sandboxScript:info]   Simulation started.
[CoppeliaSim:warning]   Detected non-default settings (time steps and/or dyn. engine global settings).
[sandboxScript:info]   Simulation stopping...
[sandboxScript:info]   Simulation stopped.
[sandboxScript:info]   Simulation started.
[CoppeliaSim:warning]   Detected non-default settings (time steps and/or dyn. engine global settings).
Goal signal recieved..
Planning ...
Collision pairs set
goal state set
Using RRT Connect
task setup complete
solving task...
OMPL states:, 200.
path found
Validating path...
valid path found, generating trajectory...
Trajectory points:, 1000.
Duration:, 3.575108
excecuting path...
current error: , 0.102463
current error: , 0.102463
current error: , 0.019043
Final error:, 0.001605
Execution successful
Goal signal recieved..
Planning ...
Collision pairs set
goal state set
Using RRT Connect
task setup complete
solving task...
OMPL states:, 200.
path found
Validating path...
Collision detected at state:, 76
Collision pairs:, column2, obs0_collisiondummy
path invalid
Goal signal recieved..
Planning ...
Collision pairs set
goal state set
Using RRT Connect
task setup complete
solving task...
OMPL states:, 200.
path found
Validating path...
valid path found, generating trajectory...
Trajectory points:, 1000.
Duration:, 8.36676
excecuting path...
current error: , 0.304172
current error: , 0.304172
current error: , 0.220523
current error: , 0.136844
current error: , 0.053102
current error: , 0.005588
Final error:, 0.001912
Execution successful
Goal signal recieved..
Planning ...
Collision pairs set
goal state set
Using RRT Connect
task setup complete
solving task...
Goal signal recieved..
Planning ...
Collision pairs set
goal state set
Using RRT Connect
task setup complete
solving task...
OMPL states:, 200.
path found
Validating path...
Collision detected at state:, 181
Collision pairs:, link4_visible, assembly_table
path invalid
Goal signal recieved..
Planning ...
Collision pairs set
goal state set
Using RRT Connect
task setup complete
solving task...
OMPL states:, 200.
path found
Validating path...
Collision detected at state:, 131
Collision pairs:, link6_visible, table
path invalid
Goal signal recieved..
Planning ...
Collision pairs set
goal state set
Using RRT Connect
task setup complete
solving task...
OMPL states:, 200.
path found
Validating path...
Collision detected at state:, 126
Collision pairs:, link6_visible, table
path invalid
Goal signal recieved..
Planning ...
Collision pairs set
goal state set
Using RRT Connect
task setup complete
solving task...
Goal signal recieved..
Planning ...
Collision pairs set
goal state set
Using RRT Connect
task setup complete
solving task...
OMPL states:, 200.
path found
Validating path...
Collision detected at state:, 166
Collision pairs:, leftLink0_visible, obs0_collisiondummy
path invalid
Goal signal recieved..
Planning ...
Collision pairs set
goal state set
Using RRT Connect
task setup complete
solving task...
OMPL states:, 200.
path found
Validating path...
Collision detected at state:, 161
Collision pairs:, link6_visible, table
path invalid
Goal signal recieved..
Planning ...
Collision pairs set
goal state set
Using RRT Connect
task setup complete
solving task...
OMPL states:, 200.
path found
Validating path...
Collision detected at state:, 126
Collision pairs:, link6_visible, assembly_table
path invalid
Goal signal recieved..
Planning ...
Collision pairs set
goal state set
Using RRT Connect
task setup complete
solving task...
OMPL states:, 200.
path found
Validating path...
Collision detected at state:, 121
Collision pairs:, link6_visible, table
path invalid
Goal signal recieved..
Planning ...
Collision pairs set
goal state set
Using RRT Connect
task setup complete
solving task...
OMPL states:, 200.
path found
Validating path...
Collision detected at state:, 156
Collision pairs:, link6_visible, table
path invalid
Goal signal recieved..
Planning ...
Collision pairs set
goal state set
Using RRT Connect
task setup complete
solving task...
OMPL states:, 200.
path found
Validating path...
valid path found, generating trajectory...
Trajectory points:, 1000.
Duration:, 8.279001
excecuting path...
current error: , 0.935674
current error: , 0.935674
current error: , 0.853011
current error: , 0.769882
current error: , 0.687101
current error: , 0.603911
current error: , 0.520721
current error: , 0.437706
current error: , 0.354698
current error: , 0.27179
current error: , 0.188478
current error: , 0.105502
current error: , 0.024348
current error: , 0.002696
Final error:, 0.00119
Execution successful
Goal signal recieved..
Planning ...
Collision pairs set
goal state set
Using RRT Connect
task setup complete
solving task...
OMPL states:, 200.
path found
Validating path...
Collision detected at state:, 141
Collision pairs:, column2, obs1
path invalid
Goal signal recieved..
Planning ...
Collision pairs set
goal state set
Using RRT Connect
task setup complete
solving task...
OMPL states:, 200.
path found
Validating path...
Collision detected at state:, 151
Collision pairs:, column2, obs1
path invalid
Goal signal recieved..
Planning ...
Collision pairs set
goal state set
Using RRT Connect
task setup complete
solving task...
Goal signal recieved..
Planning ...
Collision pairs set
goal state set
Using RRT Connect
task setup complete
solving task...
OMPL states:, 200.
path found
Validating path...
Collision detected at state:, 146
Collision pairs:, column2, obs1
path invalid
Goal signal recieved..
Planning ...
Collision pairs set
goal state set
Using RRT Connect
task setup complete
solving task...
OMPL states:, 200.
path found
Validating path...
Collision detected at state:, 176
Collision pairs:, column2, obs1
path invalid
Goal signal recieved..
Planning ...
Collision pairs set
goal state set
Using RRT Connect
task setup complete
solving task...
Goal signal recieved..
Planning ...
Collision pairs set
goal state set
Using RRT Connect
task setup complete
solving task...
OMPL states:, 200.
path found
Validating path...
Collision detected at state:, 171
Collision pairs:, column2, obs1
path invalid
Goal signal recieved..
Planning ...
Collision pairs set
goal state set
Using RRT Connect
task setup complete
solving task...
OMPL states:, 200.
path found
Validating path...
Collision detected at state:, 146
Collision pairs:, column2, obs1
path invalid
Goal signal recieved..
Planning ...
Collision pairs set
goal state set
Using RRT Connect
task setup complete
solving task...
OMPL states:, 200.
path found
Validating path...
Collision detected at state:, 166
Collision pairs:, column2, obs1
path invalid
Goal signal recieved..
Planning ...
Collision pairs set
goal state set
Using RRT Connect
task setup complete
solving task...
OMPL states:, 200.
path found
Validating path...
Collision detected at state:, 156
Collision pairs:, column2, obs1
path invalid
Goal signal recieved..
Planning ...
Collision pairs set
goal state set
Using RRT Connect
task setup complete
solving task...
OMPL states:, 200.
path found
Validating path...
Collision detected at state:, 166
Collision pairs:, column2, obs1
path invalid
Goal signal recieved..
Planning ...
Collision pairs set
goal state set
Using RRT Connect
task setup complete
solving task...
OMPL states:, 200.
path found
Validating path...
Collision detected at state:, 131
Collision pairs:, column2, obs1
path invalid
Goal signal recieved..
Planning ...
Collision pairs set
goal state set
Using RRT Connect
task setup complete
solving task...
OMPL states:, 200.
path found
Validating path...
Collision detected at state:, 141
Collision pairs:, column2, obs1
path invalid
Goal signal recieved..
Planning ...
Collision pairs set
goal state set
Using RRT Connect
task setup complete
solving task...
OMPL states:, 200.
path found
Validating path...
Collision detected at state:, 136
Collision pairs:, column2, obs1
path invalid
Goal signal recieved..
Planning ...
Collision pairs set
goal state set
Using RRT Connect
task setup complete
solving task...
OMPL states:, 200.
path found
Validating path...
Collision detected at state:, 151
Collision pairs:, column2, obs1
path invalid
[sandboxScript:info]   Simulation stopping...
[sandboxScript:info]   Simulation stopped.
[sandboxScript:info]   Simulation started.
[CoppeliaSim:warning]   Detected non-default settings (time steps and/or dyn. engine global settings).
Goal signal recieved..
Planning ...
Collision pairs set
goal state set
Using RRT Connect
task setup complete
solving task...
OMPL states:, 200.
path found
Validating path...
valid path found, generating trajectory...
Trajectory points:, 1000.
Duration:, 3.601853
excecuting path...
current error: , 0.108699
current error: , 0.108699
current error: , 0.024225
current error: , 0.00163
Final error:, 0.000832
Execution successful
Goal signal recieved..
Planning ...
Collision pairs set
goal state set
Using RRT Connect
task setup complete
solving task...
OMPL states:, 200.
path found
Validating path...
Collision detected at state:, 106
Collision pairs:, column1, assembly_table
path invalid
Goal signal recieved..
Planning ...
Collision pairs set
goal state set
Using RRT Connect
task setup complete
solving task...
OMPL states:, 200.
path found
Validating path...
valid path found, generating trajectory...
Trajectory points:, 1000.
Duration:, 9.36574
excecuting path...
current error: , 0.823144
current error: , 0.823144
current error: , 0.739418
current error: , 0.655717
current error: , 0.572003
current error: , 0.488332
current error: , 0.404636
current error: , 0.320963
current error: , 0.237265
current error: , 0.153571
current error: , 0.0699
current error: , 0.008694
Final error:, 0.001803
Execution successful
[sandboxScript:info]   Simulation stopping...
[sandboxScript:info]   Simulation stopped.
[sandboxScript:info]   Simulation started.
[CoppeliaSim:warning]   Detected non-default settings (time steps and/or dyn. engine global settings).
Goal signal recieved..
Planning ...
Collision pairs set
goal state set
Using RRT Connect
task setup complete
solving task...
OMPL states:, 200.
path found
Validating path...
valid path found, generating trajectory...
Trajectory points:, 1000.
Duration:, 3.621498
excecuting path...
current error: , 0.104658
current error: , 0.104658
current error: , 0.021205
current error: , 0.001093
Final error:, 0.000779
Execution successful
Goal signal recieved..
Planning ...
Collision pairs set
goal state set
Using RRT Connect
task setup complete
solving task...
OMPL states:, 200.
path found
Validating path...
Collision detected at state:, 91
Collision pairs:, column1, table
path invalid
Goal signal recieved..
Planning ...
Collision pairs set
goal state set
Using RRT Connect
task setup complete
solving task...
OMPL states:, 200.
path found
Validating path...
Collision detected at state:, 146
Collision pairs:, column1, table
path invalid
Goal signal recieved..
Planning ...
Collision pairs set
goal state set
Using RRT Connect
task setup complete
solving task...
OMPL states:, 200.
path found
Validating path...
Collision detected at state:, 131
Collision pairs:, column1, table
path invalid
Goal signal recieved..
Planning ...
Collision pairs set
goal state set
Using RRT Connect
task setup complete
solving task...
OMPL states:, 200.
path found
Validating path...
Collision detected at state:, 131
Collision pairs:, column1, table
path invalid
Goal signal recieved..
Planning ...
Collision pairs set
goal state set
Using RRT Connect
task setup complete
solving task...
OMPL states:, 200.
path found
Validating path...
Collision detected at state:, 171
Collision pairs:, column1, table
path invalid
Goal signal recieved..
Planning ...
Collision pairs set
goal state set
Using RRT Connect
task setup complete
solving task...
OMPL states:, 200.
path found
Validating path...
Collision detected at state:, 116
Collision pairs:, column1, table
path invalid
Goal signal recieved..
Planning ...
Collision pairs set
goal state set
Using RRT Connect
task setup complete
solving task...
OMPL states:, 200.
path found
Validating path...
Collision detected at state:, 121
Collision pairs:, column1, table
path invalid
Goal signal recieved..
Planning ...
Collision pairs set
goal state set
Using RRT Connect
task setup complete
solving task...
OMPL states:, 200.
path found
Validating path...
Collision detected at state:, 121
Collision pairs:, column1, table
path invalid
Goal signal recieved..
Planning ...
Collision pairs set
goal state set
Using RRT Connect
task setup complete
solving task...
OMPL states:, 200.
path found
Validating path...
Collision detected at state:, 111
Collision pairs:, column1, table
path invalid
Goal signal recieved..
Planning ...
Collision pairs set
goal state set
Using RRT Connect
task setup complete
solving task...
OMPL states:, 200.
path found
Validating path...
Collision detected at state:, 116
Collision pairs:, column1, table
path invalid
Goal signal recieved..
Planning ...
Collision pairs set
goal state set
Using RRT Connect
task setup complete
solving task...
OMPL states:, 200.
path found
Validating path...
Collision detected at state:, 126
Collision pairs:, column1, table
path invalid
Goal signal recieved..
Planning ...
Collision pairs set
goal state set
Using RRT Connect
task setup complete
solving task...
OMPL states:, 200.
path found
Validating path...
Collision detected at state:, 86
Collision pairs:, column1, table
path invalid
Goal signal recieved..
Planning ...
Collision pairs set
goal state set
Using RRT Connect
task setup complete
solving task...
OMPL states:, 200.
path found
Validating path...
Collision detected at state:, 141
Collision pairs:, column1, table
path invalid
Goal signal recieved..
Planning ...
Collision pairs set
goal state set
Using RRT Connect
task setup complete
solving task...
OMPL states:, 200.
path found
Validating path...
Collision detected at state:, 141
Collision pairs:, column1, table
path invalid
Goal signal recieved..
Planning ...
Collision pairs set
goal state set
Using RRT Connect
task setup complete
solving task...
OMPL states:, 200.
path found
Validating path...
Collision detected at state:, 141
Collision pairs:, column1, table
path invalid
Goal signal recieved..
Planning ...
Collision pairs set
goal state set
Using RRT Connect
task setup complete
solving task...
OMPL states:, 200.
path found
Validating path...
Collision detected at state:, 96
Collision pairs:, column1, table
path invalid
Goal signal recieved..
Planning ...
Collision pairs set
goal state set
Using RRT Connect
task setup complete
solving task...
OMPL states:, 200.
path found
Validating path...
Collision detected at state:, 151
Collision pairs:, column1, table
path invalid
Goal signal recieved..
Planning ...
Collision pairs set
goal state set
Using RRT Connect
task setup complete
solving task...
OMPL states:, 200.
path found
Validating path...
Collision detected at state:, 116
Collision pairs:, column1, table
path invalid
[sandboxScript:info]   Simulation stopping...
[sandboxScript:info]   Simulation stopped.
[sandboxScript:info]   Simulation started.
[CoppeliaSim:warning]   Detected non-default settings (time steps and/or dyn. engine global settings).
Goal signal recieved..
Planning ...
Collision pairs set
goal state set
Using RRT Connect
task setup complete
solving task...
OMPL states:, 200.
path found
Validating path...
valid path found, generating trajectory...
Trajectory points:, 1000.
Duration:, 3.57511
excecuting path...
current error: , 0.100685
current error: , 0.100685
current error: , 0.018757
Final error:, 0.00126
Execution successful
Goal signal recieved..
Planning ...
Collision pairs set
goal state set
Using RRT Connect
task setup complete
solving task...
OMPL states:, 200.
path found
Validating path...
valid path found, generating trajectory...
Trajectory points:, 1000.
Duration:, 3.474767
excecuting path...
current error: , 0.083364
current error: , 0.083364
current error: , 0.012723
Final error:, 0.002043
Execution successful
Goal signal recieved..
Planning ...
Collision pairs set
goal state set
Using RRT Connect
task setup complete
solving task...
OMPL states:, 200.
path found
Validating path...
valid path found, generating trajectory...
Trajectory points:, 1000.
Duration:, 3.480362
excecuting path...
current error: , 0.061021
current error: , 0.061021
current error: , 0.006456
Final error:, 0.001628
Execution successful
[sandboxScript:info]   Simulation stopping...
[sandboxScript:info]   Simulation stopped.
[sandboxScript:info]   Simulation started.
[CoppeliaSim:warning]   Detected non-default settings (time steps and/or dyn. engine global settings).
Goal signal recieved..
Planning ...
Collision pairs set
goal state set
Using RRT Connect
task setup complete
solving task...
OMPL states:, 200.
path found
Validating path...
valid path found, generating trajectory...
Trajectory points:, 1000.
Duration:, 3.676946
excecuting path...
current error: , 0.214344
current error: , 0.214344
current error: , 0.111255
current error: , 0.027787
current error: , 0.00486
Final error:, 0.003248
Execution successful
[sandboxScript:info]   Simulation stopping...
[sandboxScript:info]   Simulation stopped.
[sandboxScript:info]   Simulation started.
[CoppeliaSim:warning]   Detected non-default settings (time steps and/or dyn. engine global settings).
Goal signal recieved..
Planning ...
Collision pairs set
goal state set
Using RRT Connect
task setup complete
solving task...
OMPL states:, 200.
path found
Validating path...
valid path found, generating trajectory...
Trajectory points:, 1000.
Duration:, 3.388955
excecuting path...
current error: , 0.007542
Final error:, 0.007542
Execution successful
Goal signal recieved..
Planning ...
Collision pairs set
goal state set
Using RRT Connect
task setup complete
solving task...
OMPL states:, 200.
path found
Validating path...
valid path found, generating trajectory...
Trajectory points:, 1000.
Duration:, 3.262103
excecuting path...
current error: , 0.01325
Final error:, 0.01325
Execution successful
Goal signal recieved..
Planning ...
Collision pairs set
goal state set
Using RRT Connect
task setup complete
solving task...
OMPL states:, 200.
path found
Validating path...
valid path found, generating trajectory...
Trajectory points:, 1000.
Duration:, 3.250364
excecuting path...
current error: , 0.010148
Final error:, 0.010148
Execution successful
Goal signal recieved..
Planning ...
Collision pairs set
goal state set
Using RRT Connect
task setup complete
solving task...
OMPL states:, 200.
path found
Validating path...
valid path found, generating trajectory...
Trajectory points:, 1000.
Duration:, 3.252277
excecuting path...
current error: , 0.009655
Final error:, 0.009655
Execution successful
Goal signal recieved..
Planning ...
Collision pairs set
goal state set
Using RRT Connect
task setup complete
solving task...
OMPL states:, 200.
path found
Validating path...
valid path found, generating trajectory...
Trajectory points:, 1000.
Duration:, 3.252349
excecuting path...
current error: , 0.010905
Final error:, 0.010905
Execution successful
Goal signal recieved..
Planning ...
Collision pairs set
goal state set
Using RRT Connect
task setup complete
solving task...
OMPL states:, 200.
path found
Validating path...
valid path found, generating trajectory...
Trajectory points:, 1000.
Duration:, 6.716721
excecuting path...
current error: , 0.003179
Final error:, 0.003179
Execution successful
[sandboxScript:info]   Simulation stopping...
[sandboxScript:info]   Simulation stopped.
[sandboxScript:info]   Simulation started.
[CoppeliaSim:warning]   Detected non-default settings (time steps and/or dyn. engine global settings).
Goal signal recieved..
Planning ...
Collision pairs set
goal state set
Using RRT Connect
task setup complete
solving task...
OMPL states:, 200.
path found
Validating path...
valid path found, generating trajectory...
Trajectory points:, 1000.
Duration:, 3.3889
excecuting path...
current error: , 0.008254
Final error:, 0.008254
Execution successful
Goal signal recieved..
Planning ...
Collision pairs set
goal state set
Using RRT Connect
task setup complete
solving task...
OMPL states:, 200.
path found
Validating path...
Collision detected at state:, 156
Collision pairs:, link4_visible, obs0_collisiondummy
path invalid
Goal signal recieved..
Planning ...
Collision pairs set
goal state set
Using RRT Connect
task setup complete
solving task...
OMPL states:, 200.
path found
Validating path...
Collision detected at state:, 161
Collision pairs:, link4_visible, obs0_collisiondummy
path invalid
Goal signal recieved..
Planning ...
Collision pairs set
goal state set
Using RRT Connect
task setup complete
solving task...
OMPL states:, 200.
path found
Validating path...
Collision detected at state:, 146
Collision pairs:, link4_visible, obs0_collisiondummy
path invalid
Goal signal recieved..
Planning ...
Collision pairs set
goal state set
Using RRT Connect
task setup complete
solving task...
OMPL states:, 200.
path found
Validating path...
Collision detected at state:, 176
Collision pairs:, link4_visible, obs0
path invalid
Goal signal recieved..
Planning ...
Collision pairs set
goal state set
Using RRT Connect
task setup complete
solving task...
OMPL states:, 200.
path found
Validating path...
Collision detected at state:, 141
Collision pairs:, link4_visible, obs0_collisiondummy
path invalid
Goal signal recieved..
Planning ...
Collision pairs set
goal state set
Using RRT Connect
task setup complete
solving task...
OMPL states:, 200.
path found
Validating path...
Collision detected at state:, 146
Collision pairs:, link4_visible, obs0_collisiondummy
path invalid
Goal signal recieved..
Planning ...
Collision pairs set
goal state set
Using RRT Connect
task setup complete
solving task...
OMPL states:, 200.
path found
Validating path...
Collision detected at state:, 166
Collision pairs:, link4_visible, obs0_collisiondummy
path invalid
Goal signal recieved..
Planning ...
Collision pairs set
goal state set
Using RRT Connect
task setup complete
solving task...
OMPL states:, 200.
path found
Validating path...
Collision detected at state:, 181
Collision pairs:, link4_visible, obs0
path invalid
Goal signal recieved..
Planning ...
Collision pairs set
goal state set
Using RRT Connect
task setup complete
solving task...
OMPL states:, 200.
path found
Validating path...
Collision detected at state:, 196
Collision pairs:, link4_visible, obs0
path invalid
Goal signal recieved..
Planning ...
Collision pairs set
goal state set
Using RRT Connect
task setup complete
solving task...
OMPL states:, 200.
path found
Validating path...
Collision detected at state:, 181
Collision pairs:, link4_visible, obs0
path invalid
Goal signal recieved..
Planning ...
Collision pairs set
goal state set
Using RRT Connect
task setup complete
solving task...
OMPL states:, 200.
path found
Validating path...
Collision detected at state:, 136
Collision pairs:, link4_visible, obs0_collisiondummy
path invalid
Goal signal recieved..
Planning ...
Collision pairs set
goal state set
Using RRT Connect
task setup complete
solving task...
OMPL states:, 200.
path found
Validating path...
Collision detected at state:, 131
Collision pairs:, link4_visible, obs0_collisiondummy
path invalid
Goal signal recieved..
Planning ...
Collision pairs set
goal state set
Using RRT Connect
task setup complete
solving task...
OMPL states:, 200.
path found
Validating path...
Collision detected at state:, 186
Collision pairs:, link4_visible, obs0
path invalid
Goal signal recieved..
Planning ...
Collision pairs set
goal state set
Using RRT Connect
task setup complete
solving task...
OMPL states:, 200.
path found
Validating path...
valid path found, generating trajectory...
Trajectory points:, 1000.
Duration:, 3.084361
excecuting path...
current error: , 0.003356
Final error:, 0.003356
Execution successful
Goal signal recieved..
Planning ...
Collision pairs set
goal state set
Using RRT Connect
task setup complete
solving task...
OMPL states:, 200.
path found
Validating path...
Collision detected at state:, 171
Collision pairs:, link6_visible, table
path invalid
Goal signal recieved..
Planning ...
Collision pairs set
goal state set
Using RRT Connect
task setup complete
solving task...
OMPL states:, 200.
path found
Validating path...
Collision detected at state:, 196
Collision pairs:, link5_visible, table
path invalid
Goal signal recieved..
Planning ...
Collision pairs set
goal state set
Using RRT Connect
task setup complete
solving task...
OMPL states:, 200.
path found
Validating path...
Collision detected at state:, 136
Collision pairs:, link6_visible, column2
path invalid
Goal signal recieved..
Planning ...
Collision pairs set
goal state set
Using RRT Connect
task setup complete
solving task...
OMPL states:, 200.
path found
Validating path...
Collision detected at state:, 111
Collision pairs:, link6_visible, column2
path invalid
Goal signal recieved..
Planning ...
Collision pairs set
goal state set
Using RRT Connect
task setup complete
solving task...
OMPL states:, 200.
path found
Validating path...
Collision detected at state:, 126
Collision pairs:, link6_visible, column2
path invalid
Goal signal recieved..
Planning ...
Collision pairs set
goal state set
Using RRT Connect
task setup complete
solving task...
OMPL states:, 200.
path found
Validating path...
Collision detected at state:, 131
Collision pairs:, link6_visible, column2
path invalid
Goal signal recieved..
Planning ...
Collision pairs set
goal state set
Using RRT Connect
task setup complete
solving task...
OMPL states:, 200.
path found
Validating path...
valid path found, generating trajectory...
Trajectory points:, 1000.
Duration:, 3.508893
excecuting path...
current error: , 0.118506
current error: , 0.118506
current error: , 0.034938
current error: , 0.004859
Final error:, 0.002908
Execution successful
Goal signal recieved..
Planning ...
Collision pairs set
goal state set
Using RRT Connect
task setup complete
solving task...
OMPL states:, 200.
path found
Validating path...
Collision detected at state:, 191
Collision pairs:, link4_visible, obs0
path invalid
Goal signal recieved..
Planning ...
Collision pairs set
goal state set
Using RRT Connect
task setup complete
solving task...
OMPL states:, 200.
path found
Validating path...
Collision detected at state:, 176
Collision pairs:, link4_visible, obs0
path invalid
Goal signal recieved..
Planning ...
Collision pairs set
goal state set
Using RRT Connect
task setup complete
solving task...
OMPL states:, 200.
path found
Validating path...
Collision detected at state:, 176
Collision pairs:, link4_visible, obs0
path invalid
Goal signal recieved..
Planning ...
Collision pairs set
goal state set
Using RRT Connect
task setup complete
solving task...
OMPL states:, 200.
path found
Validating path...
Collision detected at state:, 161
Collision pairs:, link4_visible, obs0_collisiondummy
path invalid
Goal signal recieved..
Planning ...
Collision pairs set
goal state set
Using RRT Connect
task setup complete
solving task...
OMPL states:, 200.
path found
Validating path...
Collision detected at state:, 196
Collision pairs:, link4_visible, obs0
path invalid
Goal signal recieved..
Planning ...
Collision pairs set
goal state set
Using RRT Connect
task setup complete
solving task...
OMPL states:, 200.
path found
Validating path...
Collision detected at state:, 186
Collision pairs:, link4_visible, obs0
path invalid
Goal signal recieved..
Planning ...
Collision pairs set
goal state set
Using RRT Connect
task setup complete
solving task...
OMPL states:, 200.
path found
Validating path...
Collision detected at state:, 166
Collision pairs:, link4_visible, obs0_collisiondummy
path invalid
Goal signal recieved..
Planning ...
Collision pairs set
goal state set
Using RRT Connect
task setup complete
solving task...
OMPL states:, 200.
path found
Validating path...
valid path found, generating trajectory...
Trajectory points:, 1000.
Duration:, 3.114036
excecuting path...
current error: , 0.00411
Final error:, 0.00411
Execution successful
Goal signal recieved..
Planning ...
Collision pairs set
goal state set
Using RRT Connect
task setup complete
solving task...
OMPL states:, 200.
path found
Validating path...
valid path found, generating trajectory...
Trajectory points:, 1000.
Duration:, 3.509535
excecuting path...
current error: , 0.096467
current error: , 0.096467
current error: , 0.018196
Final error:, 0.001983
Execution successful
Goal signal recieved..
Planning ...
Collision pairs set
goal state set
Using RRT Connect
task setup complete
solving task...
OMPL states:, 200.
path found
Validating path...
Collision detected at state:, 161
Collision pairs:, link4_visible, obs0_collisiondummy
path invalid
Goal signal recieved..
Planning ...
Collision pairs set
goal state set
Using RRT Connect
task setup complete
solving task...
OMPL states:, 200.
path found
Validating path...
valid path found, generating trajectory...
Trajectory points:, 1000.
Duration:, 3.112767
excecuting path...
current error: , 0.00357
Final error:, 0.00357
Execution successful
Goal signal recieved..
Planning ...
Collision pairs set
goal state set
Using RRT Connect
task setup complete
solving task...
OMPL states:, 200.
path found
Validating path...
Collision detected at state:, 151
Collision pairs:, link6_visible, table
path invalid
Goal signal recieved..
Planning ...
Collision pairs set
goal state set
Using RRT Connect
task setup complete
solving task...
OMPL states:, 200.
path found
Validating path...
Collision detected at state:, 101
Collision pairs:, baseVisible, column2
path invalid
Goal signal recieved..
Planning ...
Collision pairs set
goal state set
Using RRT Connect
task setup complete
solving task...
OMPL states:, 200.
path found
Validating path...
valid path found, generating trajectory...
Trajectory points:, 1000.
Duration:, 3.508227
excecuting path...
current error: , 0.089815
current error: , 0.089815
current error: , 0.014909
Final error:, 0.001918
Execution successful
Goal signal recieved..
Planning ...
Collision pairs set
goal state set
Using RRT Connect
task setup complete
solving task...
OMPL states:, 200.
path found
Validating path...
Collision detected at state:, 156
Collision pairs:, link4_visible, obs0_collisiondummy
path invalid
Goal signal recieved..
Planning ...
Collision pairs set
goal state set
Using RRT Connect
task setup complete
solving task...
OMPL states:, 200.
path found
Validating path...
Collision detected at state:, 181
Collision pairs:, link4_visible, obs0
path invalid
Goal signal recieved..
Planning ...
Collision pairs set
goal state set
Using RRT Connect
task setup complete
solving task...
OMPL states:, 200.
path found
Validating path...
Collision detected at state:, 146
Collision pairs:, link4_visible, obs0_collisiondummy
path invalid
Goal signal recieved..
Planning ...
Collision pairs set
goal state set
Using RRT Connect
task setup complete
solving task...
OMPL states:, 200.
path found
Validating path...
Collision detected at state:, 176
Collision pairs:, link4_visible, obs0
path invalid
Goal signal recieved..
Planning ...
Collision pairs set
goal state set
Using RRT Connect
task setup complete
solving task...
OMPL states:, 200.
path found
Validating path...
Collision detected at state:, 136
Collision pairs:, link4_visible, obs0_collisiondummy
path invalid
Goal signal recieved..
Planning ...
Collision pairs set
goal state set
Using RRT Connect
task setup complete
solving task...
OMPL states:, 200.
path found
Validating path...
Collision detected at state:, 136
Collision pairs:, link4_visible, obs0_collisiondummy
path invalid
Goal signal recieved..
Planning ...
Collision pairs set
goal state set
Using RRT Connect
task setup complete
solving task...
OMPL states:, 200.
path found
Validating path...
valid path found, generating trajectory...
Trajectory points:, 1000.
Duration:, 3.114159
excecuting path...
current error: , 0.006014
Final error:, 0.006014
Execution successful
Goal signal recieved..
Planning ...
Collision pairs set
goal state set
Using RRT Connect
task setup complete
solving task...
OMPL states:, 200.
path found
Validating path...
Collision detected at state:, 191
Collision pairs:, link5_visible, top
path invalid
Goal signal recieved..
Planning ...
Collision pairs set
goal state set
Using RRT Connect
task setup complete
solving task...
OMPL states:, 200.
path found
Validating path...
Collision detected at state:, 116
Collision pairs:, link6_visible, column2
path invalid
Goal signal recieved..
Planning ...
Collision pairs set
goal state set
Using RRT Connect
task setup complete
solving task...
OMPL states:, 200.
path found
Validating path...
Collision detected at state:, 151
Collision pairs:, link6_visible, top
path invalid
Goal signal recieved..
Planning ...
Collision pairs set
goal state set
Using RRT Connect
task setup complete
solving task...
OMPL states:, 200.
path found
Validating path...
Collision detected at state:, 151
Collision pairs:, link6_visible, top
path invalid
Goal signal recieved..
Planning ...
Collision pairs set
goal state set
Using RRT Connect
task setup complete
solving task...
OMPL states:, 200.
path found
Validating path...
Collision detected at state:, 161
Collision pairs:, link6_visible, table
path invalid
Goal signal recieved..
Planning ...
Collision pairs set
goal state set
Using RRT Connect
task setup complete
solving task...
OMPL states:, 200.
path found
Validating path...
Collision detected at state:, 146
Collision pairs:, link6_visible, column2
path invalid
Goal signal recieved..
Planning ...
Collision pairs set
goal state set
Using RRT Connect
task setup complete
solving task...
OMPL states:, 200.
path found
Validating path...
Collision detected at state:, 191
Collision pairs:, link5_visible, top
path invalid
Goal signal recieved..
Planning ...
Collision pairs set
goal state set
Using RRT Connect
task setup complete
solving task...
OMPL states:, 200.
path found
Validating path...
valid path found, generating trajectory...
Trajectory points:, 1000.
Duration:, 3.506815
excecuting path...
current error: , 0.116091
current error: , 0.116091
current error: , 0.032631
current error: , 0.004528
Final error:, 0.002635
Execution successful
Goal signal recieved..
Planning ...
Collision pairs set
goal state set
Using RRT Connect
task setup complete
solving task...
OMPL states:, 200.
path found
Validating path...
valid path found, generating trajectory...
Trajectory points:, 1000.
Duration:, 3.113976
excecuting path...
current error: , 0.005966
Final error:, 0.005966
Execution successful
Goal signal recieved..
Planning ...
Collision pairs set
goal state set
Using RRT Connect
task setup complete
solving task...
OMPL states:, 200.
path found
Validating path...
Collision detected at state:, 186
Collision pairs:, link6_visible, table
path invalid
Goal signal recieved..
Planning ...
Collision pairs set
goal state set
Using RRT Connect
task setup complete
solving task...
OMPL states:, 200.
path found
Validating path...
Collision detected at state:, 146
Collision pairs:, link6_visible, column2
path invalid
Goal signal recieved..
Planning ...
Collision pairs set
goal state set
Using RRT Connect
task setup complete
solving task...
OMPL states:, 200.
path found
Validating path...
Collision detected at state:, 111
Collision pairs:, link6_visible, column2
path invalid
Goal signal recieved..
Planning ...
Collision pairs set
goal state set
Using RRT Connect
task setup complete
solving task...
OMPL states:, 200.
path found
Validating path...
Collision detected at state:, 131
Collision pairs:, link6_visible, column2
path invalid
Goal signal recieved..
Planning ...
Collision pairs set
goal state set
Using RRT Connect
task setup complete
solving task...
OMPL states:, 200.
path found
Validating path...
Collision detected at state:, 111
Collision pairs:, link6_visible, column2
path invalid
Goal signal recieved..
Planning ...
Collision pairs set
goal state set
Using RRT Connect
task setup complete
solving task...
OMPL states:, 200.
path found
Validating path...
Collision detected at state:, 111
Collision pairs:, link6_visible, column2
path invalid
Goal signal recieved..
Planning ...
Collision pairs set
goal state set
Using RRT Connect
task setup complete
solving task...
OMPL states:, 200.
path found
Validating path...
Collision detected at state:, 111
Collision pairs:, link6_visible, column2
path invalid
Goal signal recieved..
Planning ...
Collision pairs set
goal state set
Using RRT Connect
task setup complete
solving task...
OMPL states:, 200.
path found
Validating path...
valid path found, generating trajectory...
Trajectory points:, 1000.
Duration:, 3.507253
excecuting path...
current error: , 0.116861
current error: , 0.116861
current error: , 0.033413
current error: , 0.004603
Final error:, 0.002736
Execution successful
Goal signal recieved..
Planning ...
Collision pairs set
goal state set
Using RRT Connect
task setup complete
solving task...
OMPL states:, 200.
path found
Validating path...
Collision detected at state:, 141
Collision pairs:, link4_visible, obs0_collisiondummy
path invalid
Goal signal recieved..
Planning ...
Collision pairs set
goal state set
Using RRT Connect
task setup complete
solving task...
OMPL states:, 200.
path found
Validating path...
Collision detected at state:, 171
Collision pairs:, link4_visible, obs0_collisiondummy
path invalid
Goal signal recieved..
Planning ...
Collision pairs set
goal state set
Using RRT Connect
task setup complete
solving task...
OMPL states:, 200.
path found
Validating path...
Collision detected at state:, 171
Collision pairs:, link4_visible, obs0_collisiondummy
path invalid
Goal signal recieved..
Planning ...
Collision pairs set
goal state set
Using RRT Connect
task setup complete
solving task...
OMPL states:, 200.
path found
Validating path...
Collision detected at state:, 186
Collision pairs:, link4_visible, obs0
path invalid
Goal signal recieved..
Planning ...
Collision pairs set
goal state set
Using RRT Connect
task setup complete
solving task...
OMPL states:, 200.
path found
Validating path...
Collision detected at state:, 196
Collision pairs:, link4_visible, obs0
path invalid
Goal signal recieved..
Planning ...
Collision pairs set
goal state set
Using RRT Connect
task setup complete
solving task...
OMPL states:, 200.
path found
Validating path...
Collision detected at state:, 141
Collision pairs:, link4_visible, obs0_collisiondummy
path invalid
Goal signal recieved..
Planning ...
Collision pairs set
goal state set
Using RRT Connect
task setup complete
solving task...
OMPL states:, 200.
path found
Validating path...
Collision detected at state:, 136
Collision pairs:, link4_visible, obs0_collisiondummy
path invalid
Goal signal recieved..
Planning ...
Collision pairs set
goal state set
Using RRT Connect
task setup complete
solving task...
OMPL states:, 200.
path found
Validating path...
valid path found, generating trajectory...
Trajectory points:, 1000.
Duration:, 3.11351
excecuting path...
current error: , 0.005916
Final error:, 0.005916
Execution successful
Goal signal recieved..
Planning ...
Collision pairs set
goal state set
Using RRT Connect
task setup complete
solving task...
OMPL states:, 200.
path found
Validating path...
Collision detected at state:, 136
Collision pairs:, link6_visible, column2
path invalid
Goal signal recieved..
Planning ...
Collision pairs set
goal state set
Using RRT Connect
task setup complete
solving task...
OMPL states:, 200.
path found
Validating path...
Collision detected at state:, 111
Collision pairs:, link6_visible, column2
path invalid
Goal signal recieved..
Planning ...
Collision pairs set
goal state set
Using RRT Connect
task setup complete
solving task...
OMPL states:, 200.
path found
Validating path...
Collision detected at state:, 121
Collision pairs:, link6_visible, column2
path invalid
Goal signal recieved..
Planning ...
Collision pairs set
goal state set
Using RRT Connect
task setup complete
solving task...
OMPL states:, 200.
path found
Validating path...
Collision detected at state:, 86
Collision pairs:, link6_visible, column2
path invalid
Goal signal recieved..
Planning ...
Collision pairs set
goal state set
Using RRT Connect
task setup complete
solving task...
OMPL states:, 200.
path found
Validating path...
Collision detected at state:, 126
Collision pairs:, leftLink0_visible, obs0
path invalid
Goal signal recieved..
Planning ...
Collision pairs set
goal state set
Using RRT Connect
task setup complete
solving task...
OMPL states:, 200.
path found
Validating path...
Collision detected at state:, 96
Collision pairs:, leftLink0_visible, obs0
path invalid
