[1.975s] Invoking command in '/home/user/refine_plan_v2/src/behaviour_trees': PYTHONPATH=/home/user/refine_plan_v2/build/behaviour_trees/prefix_override:/usr/lib/python3/dist-packages/colcon_core/task/python/colcon_distutils_commands:/home/user/refine_plan_v2/install/behaviour_trees/lib/python3.10/site-packages:${PYTHONPATH} /usr/bin/python3 -W ignore:setup.py install is deprecated -W ignore:easy_install command is deprecated setup.py egg_info --egg-base ../../build/behaviour_trees build --build-base /home/user/refine_plan_v2/build/behaviour_trees/build install --record /home/user/refine_plan_v2/build/behaviour_trees/install.log --single-version-externally-managed install_data
[2.506s] running egg_info
[2.509s] writing ../../build/behaviour_trees/behaviour_trees.egg-info/PKG-INFO
[2.509s] writing dependency_links to ../../build/behaviour_trees/behaviour_trees.egg-info/dependency_links.txt
[2.510s] writing entry points to ../../build/behaviour_trees/behaviour_trees.egg-info/entry_points.txt
[2.510s] writing requirements to ../../build/behaviour_trees/behaviour_trees.egg-info/requires.txt
[2.510s] writing top-level names to ../../build/behaviour_trees/behaviour_trees.egg-info/top_level.txt
[2.514s] reading manifest file '../../build/behaviour_trees/behaviour_trees.egg-info/SOURCES.txt'
[2.514s] adding license file 'LICENSE'
[2.514s] writing manifest file '../../build/behaviour_trees/behaviour_trees.egg-info/SOURCES.txt'
[2.514s] running build
[2.515s] running build_py
[2.516s] copying behaviour_trees/main_planner.py -> /home/user/refine_plan_v2/build/behaviour_trees/build/lib/behaviour_trees
[2.516s] copying behaviour_trees/utils/GoalCheck.py -> /home/user/refine_plan_v2/build/behaviour_trees/build/lib/behaviour_trees/utils
[2.516s] copying behaviour_trees/utils/pickObject.py -> /home/user/refine_plan_v2/build/behaviour_trees/build/lib/behaviour_trees/utils
[2.517s] copying behaviour_trees/utils/placeObject.py -> /home/user/refine_plan_v2/build/behaviour_trees/build/lib/behaviour_trees/utils
[2.518s] running install
[2.519s] running install_lib
[2.522s] copying /home/user/refine_plan_v2/build/behaviour_trees/build/lib/behaviour_trees/main_planner.py -> /home/user/refine_plan_v2/install/behaviour_trees/lib/python3.10/site-packages/behaviour_trees
[2.522s] copying /home/user/refine_plan_v2/build/behaviour_trees/build/lib/behaviour_trees/utils/GoalCheck.py -> /home/user/refine_plan_v2/install/behaviour_trees/lib/python3.10/site-packages/behaviour_trees/utils
[2.522s] copying /home/user/refine_plan_v2/build/behaviour_trees/build/lib/behaviour_trees/utils/pickObject.py -> /home/user/refine_plan_v2/install/behaviour_trees/lib/python3.10/site-packages/behaviour_trees/utils
[2.522s] copying /home/user/refine_plan_v2/build/behaviour_trees/build/lib/behaviour_trees/utils/placeObject.py -> /home/user/refine_plan_v2/install/behaviour_trees/lib/python3.10/site-packages/behaviour_trees/utils
[2.524s] byte-compiling /home/user/refine_plan_v2/install/behaviour_trees/lib/python3.10/site-packages/behaviour_trees/main_planner.py to main_planner.cpython-310.pyc
[2.526s] byte-compiling /home/user/refine_plan_v2/install/behaviour_trees/lib/python3.10/site-packages/behaviour_trees/utils/GoalCheck.py to GoalCheck.cpython-310.pyc
[2.526s] byte-compiling /home/user/refine_plan_v2/install/behaviour_trees/lib/python3.10/site-packages/behaviour_trees/utils/pickObject.py to pickObject.cpython-310.pyc
[2.528s] byte-compiling /home/user/refine_plan_v2/install/behaviour_trees/lib/python3.10/site-packages/behaviour_trees/utils/placeObject.py to placeObject.cpython-310.pyc
[2.529s] running install_data
[2.529s] running install_egg_info
[2.533s] removing '/home/user/refine_plan_v2/install/behaviour_trees/lib/python3.10/site-packages/behaviour_trees-0.0.0-py3.10.egg-info' (and everything under it)
[2.534s] Copying ../../build/behaviour_trees/behaviour_trees.egg-info to /home/user/refine_plan_v2/install/behaviour_trees/lib/python3.10/site-packages/behaviour_trees-0.0.0-py3.10.egg-info
[2.536s] running install_scripts
[2.569s] Installing main_planner script to /home/user/refine_plan_v2/install/behaviour_trees/lib/behaviour_trees
[2.569s] Installing test script to /home/user/refine_plan_v2/install/behaviour_trees/lib/behaviour_trees
[2.570s] writing list of installed files to '/home/user/refine_plan_v2/build/behaviour_trees/install.log'
[2.624s] Invoked command in '/home/user/refine_plan_v2/src/behaviour_trees' returned '0': PYTHONPATH=/home/user/refine_plan_v2/build/behaviour_trees/prefix_override:/usr/lib/python3/dist-packages/colcon_core/task/python/colcon_distutils_commands:/home/user/refine_plan_v2/install/behaviour_trees/lib/python3.10/site-packages:${PYTHONPATH} /usr/bin/python3 -W ignore:setup.py install is deprecated -W ignore:easy_install command is deprecated setup.py egg_info --egg-base ../../build/behaviour_trees build --build-base /home/user/refine_plan_v2/build/behaviour_trees/build install --record /home/user/refine_plan_v2/build/behaviour_trees/install.log --single-version-externally-managed install_data
