[LOG] TransitionLogger initialized with ID: 05ce3e10-fb7e-4334-a21c-18cc6ec950b2
[LOG] MongoDB connection established
Executing policy for pick-place-informed with limit 8000 and permutation 1 on port 23001
Starting run 1/10
connected to simulation
simulation is explicitly stepped
Joint handles retrieved
Step 0
Action: Action(ActionType.PICK, obj=/column0, slot=None,grasp=GraspType.TOP_0)
[EXEC] Picking /column0 with top_0

[INFO] Found 5184 potential configurations.
[INFO] Motion completed successfully with result: success,in execution time: 3.44 seconds
[INFO] Found a reachable configuration for pick action after 1 attempts.
Tip distance after pick: 0.028668453853269046
[INFO] Pick action completed successfully.in execution time: 3.44 seconds
[EXEC] Action ActionType.PICK executed in 15.49 seconds
[SUCCESS] Action ActionType.PICK succeeded for object /column0
[LOG] Transition logged to MongoDB: 05ce3e10-fb7e-4334-a21c-18cc6ec950b2 - Episode 0
Step 1
Action: Action(ActionType.PLACE, obj=/column0, slot=/goal_0,grasp=GraspType.FRONT_270)
[EXEC] Placing at [-0.27499999999999986, 0.8250000000000005, 0.5] with grasp front_270

[INFO] Found 3840 potential configurations.
[INFO] Motion completed successfully with result: success,in execution time: 4.28 seconds
[INFO] Found a reachable configuration for place action after 1 attempts.
[INFO] Place action completed successfully.
realigning placed object /column0 to target position
[EXEC] Action ActionType.PLACE executed in 21.21 seconds
[SUCCESS] Action ActionType.PLACE succeeded for object /column0
[LOG] Transition logged to MongoDB: 05ce3e10-fb7e-4334-a21c-18cc6ec950b2 - Episode 0
Step 2
Action: Action(ActionType.PICK, obj=/column2, slot=None,grasp=GraspType.FRONT_270)
[EXEC] Picking /column2 with front_270

[INFO] Found 2880 potential configurations.
[INFO] Motion completed successfully with result: success,in execution time: 2.96 seconds
[INFO] Found a reachable configuration for pick action after 1 attempts.
Tip distance after pick: 0.017589581279724247
[INFO] Pick action completed successfully.in execution time: 2.96 seconds
[EXEC] Action ActionType.PICK executed in 16.85 seconds
[SUCCESS] Action ActionType.PICK succeeded for object /column2
[LOG] Transition logged to MongoDB: 05ce3e10-fb7e-4334-a21c-18cc6ec950b2 - Episode 0
Step 3
Action: Action(ActionType.PLACE, obj=/column2, slot=/goal_2,grasp=GraspType.RIGHT_0)
[EXEC] Placing at [-0.6000000000000001, 0.8250000000000003, 0.5] with grasp right_0

[INFO] Found 2176 potential configurations.
[INFO] Motion completed successfully with result: success,in execution time: 7.48 seconds
[INFO] Found a reachable configuration for place action after 1 attempts.
[INFO] Place action completed successfully.
realigning placed object /column2 to target position
[EXEC] Action ActionType.PLACE executed in 23.07 seconds
[SUCCESS] Action ActionType.PLACE succeeded for object /column2
[LOG] Transition logged to MongoDB: 05ce3e10-fb7e-4334-a21c-18cc6ec950b2 - Episode 0
Step 4
Action: Action(ActionType.PICK, obj=/column1, slot=None,grasp=GraspType.FRONT_270)
[EXEC] Picking /column1 with front_270

[INFO] Found 2304 potential configurations.
[INFO] Motion completed successfully with result: success,in execution time: 7.36 seconds
[INFO] Found a reachable configuration for pick action after 1 attempts.
Tip distance after pick: 0.019186591866904582
[INFO] Pick action completed successfully.in execution time: 7.36 seconds
[EXEC] Action ActionType.PICK executed in 25.81 seconds
[SUCCESS] Action ActionType.PICK succeeded for object /column1
[LOG] Transition logged to MongoDB: 05ce3e10-fb7e-4334-a21c-18cc6ec950b2 - Episode 0
Step 5
Action: Action(ActionType.PLACE, obj=/column1, slot=/goal_1,grasp=GraspType.TOP_0)
[EXEC] Placing at [-0.2749999999999999, 1.0750000000000006, 0.5] with grasp top_0

[INFO] Found 1472 potential configurations.
[INFO] Motion completed successfully with result: success,in execution time: 7.44 seconds
[INFO] Found a reachable configuration for place action after 1 attempts.
[INFO] Place action completed successfully.
realigning placed object /column1 to target position
[EXEC] Action ActionType.PLACE executed in 17.23 seconds
[SUCCESS] Action ActionType.PLACE succeeded for object /column1
[LOG] Transition logged to MongoDB: 05ce3e10-fb7e-4334-a21c-18cc6ec950b2 - Episode 0
[LOG] Saving episode 0 to episode_00000_05ce3e10-fb7e-4334-a21c-18cc6ec950b2.yaml
[LOG] Episode saved: rl/dataset/episode_00000_05ce3e10-fb7e-4334-a21c-18cc6ec950b2.yaml
[LOG] Episode reset
Step 6
No valid actions in policy for a given state, stopping
Run 1 finished.
Goal achieved: True
Goal percentage: 100.0%
Number of actions: 6
Total task time: 32.9600000000006 sec
Starting run 2/10
connected to simulation
simulation is explicitly stepped
Joint handles retrieved
Step 0
Action: Action(ActionType.PICK, obj=/column0, slot=None,grasp=GraspType.TOP_0)
[EXEC] Picking /column0 with top_0

[INFO] Found 4736 potential configurations.
[INFO] Motion completed successfully with result: success,in execution time: 3.44 seconds
[INFO] Found a reachable configuration for pick action after 1 attempts.
Tip distance after pick: 0.02829687293623296
[INFO] Pick action completed successfully.in execution time: 3.44 seconds
[EXEC] Action ActionType.PICK executed in 16.94 seconds
[SUCCESS] Action ActionType.PICK succeeded for object /column0
[LOG] Transition logged to MongoDB: 05ce3e10-fb7e-4334-a21c-18cc6ec950b2 - Episode 1
Step 1
Action: Action(ActionType.PLACE, obj=/column0, slot=/goal_0,grasp=GraspType.FRONT_270)
[EXEC] Placing at [-0.27499999999999986, 0.8250000000000005, 0.5] with grasp front_270

[INFO] Found 4032 potential configurations.
[INFO] Motion completed successfully with result: success,in execution time: 4.28 seconds
[INFO] Found a reachable configuration for place action after 1 attempts.
[INFO] Place action completed successfully.
realigning placed object /column0 to target position
[EXEC] Action ActionType.PLACE executed in 18.62 seconds
[SUCCESS] Action ActionType.PLACE succeeded for object /column0
[LOG] Transition logged to MongoDB: 05ce3e10-fb7e-4334-a21c-18cc6ec950b2 - Episode 1
Step 2
Action: Action(ActionType.PICK, obj=/column2, slot=None,grasp=GraspType.FRONT_270)
[EXEC] Picking /column2 with front_270

[INFO] Found 3264 potential configurations.
[INFO] Motion completed successfully with result: success,in execution time: 2.96 seconds
[INFO] Found a reachable configuration for pick action after 1 attempts.
Tip distance after pick: 0.3208629712015433
[ERROR] Grasped object lost during pick action.
[EXEC] Action ActionType.PICK executed in 19.22 seconds
[ERROR] Action ActionType.PICK failed for object /column2
[LOG] Transition contains 'unknown' state, not logging to MongoDB.
Action failed, stopping. Time elapsed: 2.9599999999999
Run 2 finished.
Goal achieved: False
Goal percentage: 33.333333333333336%
Number of actions: 3
Total task time: 10.679999999999799 sec
Starting run 3/10
connected to simulation
simulation is explicitly stepped
Joint handles retrieved
Step 0
Action: Action(ActionType.PICK, obj=/column0, slot=None,grasp=GraspType.TOP_0)
[EXEC] Picking /column0 with top_0

[INFO] Found 4416 potential configurations.
[INFO] Motion completed successfully with result: success,in execution time: 3.44 seconds
[INFO] Found a reachable configuration for pick action after 1 attempts.
Tip distance after pick: 0.028157398568289332
[INFO] Pick action completed successfully.in execution time: 3.44 seconds
[EXEC] Action ActionType.PICK executed in 15.29 seconds
[SUCCESS] Action ActionType.PICK succeeded for object /column0
[LOG] Transition logged to MongoDB: 05ce3e10-fb7e-4334-a21c-18cc6ec950b2 - Episode 1
Step 1
Action: Action(ActionType.PLACE, obj=/column0, slot=/goal_0,grasp=GraspType.FRONT_270)
[EXEC] Placing at [-0.27499999999999986, 0.8250000000000005, 0.5] with grasp front_270

[INFO] Found 4608 potential configurations.
[INFO] Motion completed successfully with result: success,in execution time: 4.28 seconds
[INFO] Found a reachable configuration for place action after 1 attempts.
[INFO] Place action completed successfully.
realigning placed object /column0 to target position
[EXEC] Action ActionType.PLACE executed in 19.20 seconds
[SUCCESS] Action ActionType.PLACE succeeded for object /column0
[LOG] Transition logged to MongoDB: 05ce3e10-fb7e-4334-a21c-18cc6ec950b2 - Episode 1
Step 2
Action: Action(ActionType.PICK, obj=/column2, slot=None,grasp=GraspType.FRONT_270)
[EXEC] Picking /column2 with front_270

[INFO] Found 3072 potential configurations.
[INFO] Motion completed successfully with result: success,in execution time: 2.96 seconds
[INFO] Found a reachable configuration for pick action after 1 attempts.
Tip distance after pick: 0.020160615537074655
[INFO] Pick action completed successfully.in execution time: 2.96 seconds
[EXEC] Action ActionType.PICK executed in 17.42 seconds
[SUCCESS] Action ActionType.PICK succeeded for object /column2
[LOG] Transition logged to MongoDB: 05ce3e10-fb7e-4334-a21c-18cc6ec950b2 - Episode 1
Step 3
Action: Action(ActionType.PLACE, obj=/column2, slot=/goal_2,grasp=GraspType.RIGHT_0)
[EXEC] Placing at [-0.6000000000000001, 0.8250000000000003, 0.5] with grasp right_0

[INFO] Found 1536 potential configurations.
[INFO] Motion completed successfully with result: success,in execution time: 7.36 seconds
[INFO] Found a reachable configuration for place action after 1 attempts.
[INFO] Place action completed successfully.
realigning placed object /column2 to target position
[EXEC] Action ActionType.PLACE executed in 23.47 seconds
[SUCCESS] Action ActionType.PLACE succeeded for object /column2
[LOG] Transition logged to MongoDB: 05ce3e10-fb7e-4334-a21c-18cc6ec950b2 - Episode 1
Step 4
Action: Action(ActionType.PICK, obj=/column1, slot=None,grasp=GraspType.FRONT_270)
[EXEC] Picking /column1 with front_270

[INFO] Found 2816 potential configurations.
[INFO] Motion completed successfully with result: success,in execution time: 9.52 seconds
[INFO] Found a reachable configuration for pick action after 1 attempts.
Tip distance after pick: 0.019673426826061824
[INFO] Pick action completed successfully.in execution time: 9.52 seconds
[EXEC] Action ActionType.PICK executed in 22.76 seconds
[SUCCESS] Action ActionType.PICK succeeded for object /column1
[LOG] Transition logged to MongoDB: 05ce3e10-fb7e-4334-a21c-18cc6ec950b2 - Episode 1
Step 5
Action: Action(ActionType.PLACE, obj=/column1, slot=/goal_1,grasp=GraspType.TOP_0)
[EXEC] Placing at [-0.2749999999999999, 1.0750000000000006, 0.5] with grasp top_0

[INFO] Found 1792 potential configurations.
[INFO] Motion completed successfully with result: success,in execution time: 14.32 seconds
[INFO] Found a reachable configuration for place action after 1 attempts.
[INFO] Place action completed successfully.
realigning placed object /column1 to target position
[EXEC] Action ActionType.PLACE executed in 38.83 seconds
[SUCCESS] Action ActionType.PLACE succeeded for object /column1
[LOG] Transition logged to MongoDB: 05ce3e10-fb7e-4334-a21c-18cc6ec950b2 - Episode 1
[LOG] Saving episode 1 to episode_00001_05ce3e10-fb7e-4334-a21c-18cc6ec950b2.yaml
[LOG] Episode saved: rl/dataset/episode_00001_05ce3e10-fb7e-4334-a21c-18cc6ec950b2.yaml
[LOG] Episode reset
Step 6
No valid actions in policy for a given state, stopping
Run 3 finished.
Goal achieved: True
Goal percentage: 100.0%
Number of actions: 6
Total task time: 41.8800000000014 sec
Starting run 4/10
connected to simulation
simulation is explicitly stepped
Joint handles retrieved
Step 0
Action: Action(ActionType.PICK, obj=/column0, slot=None,grasp=GraspType.TOP_0)
[EXEC] Picking /column0 with top_0

[INFO] Found 4160 potential configurations.
[INFO] Motion completed successfully with result: success,in execution time: 3.44 seconds
[INFO] Found a reachable configuration for pick action after 1 attempts.
Tip distance after pick: 0.02833938438024698
[INFO] Pick action completed successfully.in execution time: 3.44 seconds
[EXEC] Action ActionType.PICK executed in 26.86 seconds
[SUCCESS] Action ActionType.PICK succeeded for object /column0
[LOG] Transition logged to MongoDB: 05ce3e10-fb7e-4334-a21c-18cc6ec950b2 - Episode 2
Step 1
Action: Action(ActionType.PLACE, obj=/column0, slot=/goal_0,grasp=GraspType.FRONT_270)
[EXEC] Placing at [-0.27499999999999986, 0.8250000000000005, 0.5] with grasp front_270

[INFO] Found 3008 potential configurations.
[INFO] Motion completed successfully with result: success,in execution time: 4.24 seconds
[INFO] Found a reachable configuration for place action after 1 attempts.
[INFO] Place action completed successfully.
realigning placed object /column0 to target position
[EXEC] Action ActionType.PLACE executed in 15.20 seconds
[SUCCESS] Action ActionType.PLACE succeeded for object /column0
[LOG] Transition logged to MongoDB: 05ce3e10-fb7e-4334-a21c-18cc6ec950b2 - Episode 2
Step 2
Action: Action(ActionType.PICK, obj=/column2, slot=None,grasp=GraspType.FRONT_270)
[EXEC] Picking /column2 with front_270

[INFO] Found 3712 potential configurations.
[INFO] Motion completed successfully with result: success,in execution time: 2.96 seconds
[INFO] Found a reachable configuration for pick action after 1 attempts.
Tip distance after pick: 0.029264721262563607
[INFO] Pick action completed successfully.in execution time: 2.96 seconds
[EXEC] Action ActionType.PICK executed in 13.47 seconds
[SUCCESS] Action ActionType.PICK succeeded for object /column2
[LOG] Transition logged to MongoDB: 05ce3e10-fb7e-4334-a21c-18cc6ec950b2 - Episode 2
Step 3
Action: Action(ActionType.PLACE, obj=/column2, slot=/goal_2,grasp=GraspType.RIGHT_0)
[EXEC] Placing at [-0.6000000000000001, 0.8250000000000003, 0.5] with grasp right_0

[INFO] Found 2240 potential configurations.
[INFO] Motion completed successfully with result: success,in execution time: 7.88 seconds
[INFO] Found a reachable configuration for place action after 1 attempts.
[INFO] Place action completed successfully.
realigning placed object /column2 to target position
[EXEC] Action ActionType.PLACE executed in 22.75 seconds
[SUCCESS] Action ActionType.PLACE succeeded for object /column2
[LOG] Transition logged to MongoDB: 05ce3e10-fb7e-4334-a21c-18cc6ec950b2 - Episode 2
Step 4
Action: Action(ActionType.PICK, obj=/column1, slot=None,grasp=GraspType.FRONT_270)
[EXEC] Picking /column1 with front_270

[INFO] Found 2752 potential configurations.
[INFO] Motion completed successfully with result: success,in execution time: 11.72 seconds
[INFO] Found a reachable configuration for pick action after 1 attempts.
Tip distance after pick: 0.018795163866839465
[INFO] Pick action completed successfully.in execution time: 11.72 seconds
[EXEC] Action ActionType.PICK executed in 25.37 seconds
[SUCCESS] Action ActionType.PICK succeeded for object /column1
[LOG] Transition logged to MongoDB: 05ce3e10-fb7e-4334-a21c-18cc6ec950b2 - Episode 2
Step 5
Action: Action(ActionType.PLACE, obj=/column1, slot=/goal_1,grasp=GraspType.TOP_0)
[EXEC] Placing at [-0.2749999999999999, 1.0750000000000006, 0.5] with grasp top_0

[INFO] Found 1984 potential configurations.
[INFO] Motion completed successfully with result: success,in execution time: 8.56 seconds
[INFO] Found a reachable configuration for place action after 1 attempts.
[INFO] Place action completed successfully.
realigning placed object /column1 to target position
[EXEC] Action ActionType.PLACE executed in 26.71 seconds
[SUCCESS] Action ActionType.PLACE succeeded for object /column1
[LOG] Transition logged to MongoDB: 05ce3e10-fb7e-4334-a21c-18cc6ec950b2 - Episode 2
[LOG] Saving episode 2 to episode_00002_05ce3e10-fb7e-4334-a21c-18cc6ec950b2.yaml
[LOG] Episode saved: rl/dataset/episode_00002_05ce3e10-fb7e-4334-a21c-18cc6ec950b2.yaml
[LOG] Episode reset
Step 6
No valid actions in policy for a given state, stopping
Run 4 finished.
Goal achieved: True
Goal percentage: 100.0%
Number of actions: 6
Total task time: 38.8000000000009 sec
Starting run 5/10
connected to simulation
simulation is explicitly stepped
Joint handles retrieved
Step 0
Action: Action(ActionType.PICK, obj=/column0, slot=None,grasp=GraspType.TOP_0)
[EXEC] Picking /column0 with top_0

[INFO] Found 5248 potential configurations.
[INFO] Motion completed successfully with result: success,in execution time: 3.48 seconds
[INFO] Found a reachable configuration for pick action after 1 attempts.
Tip distance after pick: 0.027634269253595235
[INFO] Pick action completed successfully.in execution time: 3.48 seconds
[EXEC] Action ActionType.PICK executed in 23.69 seconds
[SUCCESS] Action ActionType.PICK succeeded for object /column0
[LOG] Transition logged to MongoDB: 05ce3e10-fb7e-4334-a21c-18cc6ec950b2 - Episode 3
Step 1
Action: Action(ActionType.PLACE, obj=/column0, slot=/goal_0,grasp=GraspType.FRONT_270)
[EXEC] Placing at [-0.27499999999999986, 0.8250000000000005, 0.5] with grasp front_270

[INFO] Found 3264 potential configurations.
[INFO] Motion completed successfully with result: success,in execution time: 4.28 seconds
[INFO] Found a reachable configuration for place action after 1 attempts.
[INFO] Place action completed successfully.
realigning placed object /column0 to target position
[EXEC] Action ActionType.PLACE executed in 17.11 seconds
[SUCCESS] Action ActionType.PLACE succeeded for object /column0
[LOG] Transition logged to MongoDB: 05ce3e10-fb7e-4334-a21c-18cc6ec950b2 - Episode 3
Step 2
Action: Action(ActionType.PICK, obj=/column2, slot=None,grasp=GraspType.FRONT_270)
[EXEC] Picking /column2 with front_270

[INFO] Found 2624 potential configurations.
[INFO] Motion completed successfully with result: success,in execution time: 2.92 seconds
[INFO] Found a reachable configuration for pick action after 1 attempts.
Tip distance after pick: 0.8108097197350654
[ERROR] Grasped object lost during pick action.
[EXEC] Action ActionType.PICK executed in 16.88 seconds
[ERROR] Action ActionType.PICK failed for object /column2
[LOG] Transition contains 'unknown' state, not logging to MongoDB.
Action failed, stopping. Time elapsed: 2.9199999999999
Run 5 finished.
Goal achieved: False
Goal percentage: 33.333333333333336%
Number of actions: 3
Total task time: 10.6799999999998 sec
Starting run 6/10
connected to simulation
simulation is explicitly stepped
Joint handles retrieved
Step 0
Action: Action(ActionType.PICK, obj=/column0, slot=None,grasp=GraspType.TOP_0)
[EXEC] Picking /column0 with top_0

[INFO] Found 3072 potential configurations.
[INFO] Motion completed successfully with result: success,in execution time: 3.44 seconds
[INFO] Found a reachable configuration for pick action after 1 attempts.
Tip distance after pick: 0.02825483622964477
[INFO] Pick action completed successfully.in execution time: 3.44 seconds
[EXEC] Action ActionType.PICK executed in 19.22 seconds
[SUCCESS] Action ActionType.PICK succeeded for object /column0
[LOG] Transition logged to MongoDB: 05ce3e10-fb7e-4334-a21c-18cc6ec950b2 - Episode 3
Step 1
Action: Action(ActionType.PLACE, obj=/column0, slot=/goal_0,grasp=GraspType.FRONT_270)
[EXEC] Placing at [-0.27499999999999986, 0.8250000000000005, 0.5] with grasp front_270

[INFO] Found 3904 potential configurations.
[INFO] Motion completed successfully with result: success,in execution time: 4.24 seconds
[INFO] Found a reachable configuration for place action after 1 attempts.
[INFO] Place action completed successfully.
realigning placed object /column0 to target position
[EXEC] Action ActionType.PLACE executed in 18.17 seconds
[SUCCESS] Action ActionType.PLACE succeeded for object /column0
[LOG] Transition logged to MongoDB: 05ce3e10-fb7e-4334-a21c-18cc6ec950b2 - Episode 3
Step 2
Action: Action(ActionType.PICK, obj=/column2, slot=None,grasp=GraspType.FRONT_270)
[EXEC] Picking /column2 with front_270

[INFO] Found 2880 potential configurations.
[INFO] Motion completed successfully with result: success,in execution time: 2.96 seconds
[INFO] Found a reachable configuration for pick action after 1 attempts.
Tip distance after pick: 0.020181136889330445
[INFO] Pick action completed successfully.in execution time: 2.96 seconds
[EXEC] Action ActionType.PICK executed in 19.05 seconds
[SUCCESS] Action ActionType.PICK succeeded for object /column2
[LOG] Transition logged to MongoDB: 05ce3e10-fb7e-4334-a21c-18cc6ec950b2 - Episode 3
Step 3
Action: Action(ActionType.PLACE, obj=/column2, slot=/goal_2,grasp=GraspType.RIGHT_0)
[EXEC] Placing at [-0.6000000000000001, 0.8250000000000003, 0.5] with grasp right_0

[INFO] Found 1472 potential configurations.
[INFO] Motion completed successfully with result: success,in execution time: 6.16 seconds
[INFO] Found a reachable configuration for place action after 1 attempts.
[INFO] Place action completed successfully.
realigning placed object /column2 to target position
[EXEC] Action ActionType.PLACE executed in 18.89 seconds
[SUCCESS] Action ActionType.PLACE succeeded for object /column2
[LOG] Transition logged to MongoDB: 05ce3e10-fb7e-4334-a21c-18cc6ec950b2 - Episode 3
Step 4
Action: Action(ActionType.PICK, obj=/column1, slot=None,grasp=GraspType.FRONT_270)
[EXEC] Picking /column1 with front_270

[INFO] Found 3584 potential configurations.
[INFO] Motion completed successfully with result: success,in execution time: 8.92 seconds
[INFO] Found a reachable configuration for pick action after 1 attempts.
Tip distance after pick: 0.019286528556782895
[INFO] Pick action completed successfully.in execution time: 8.92 seconds
[EXEC] Action ActionType.PICK executed in 29.21 seconds
[SUCCESS] Action ActionType.PICK succeeded for object /column1
[LOG] Transition logged to MongoDB: 05ce3e10-fb7e-4334-a21c-18cc6ec950b2 - Episode 3
Step 5
Action: Action(ActionType.PLACE, obj=/column1, slot=/goal_1,grasp=GraspType.TOP_0)
[EXEC] Placing at [-0.2749999999999999, 1.0750000000000006, 0.5] with grasp top_0

[INFO] Found 1280 potential configurations.
[ERROR] Motion failed (collision or invalid path)
[ERROR] Motion result: no_path
[WARN] Failed to find a path to the selected place config on attempt 1.
[WARN] No path found to selected place config, discarding and trying next valid config...
[INFO] Motion completed successfully with result: success,in execution time: 9.44 seconds
[INFO] Found a reachable configuration for place action after 2 attempts.
[INFO] Place action completed successfully.
realigning placed object /column1 to target position
[EXEC] Action ActionType.PLACE executed in 47.74 seconds
[SUCCESS] Action ActionType.PLACE succeeded for object /column1
[LOG] Transition logged to MongoDB: 05ce3e10-fb7e-4334-a21c-18cc6ec950b2 - Episode 3
[LOG] Saving episode 3 to episode_00003_05ce3e10-fb7e-4334-a21c-18cc6ec950b2.yaml
[LOG] Episode saved: rl/dataset/episode_00003_05ce3e10-fb7e-4334-a21c-18cc6ec950b2.yaml
[LOG] Episode reset
Step 6
No valid actions in policy for a given state, stopping
Run 6 finished.
Goal achieved: True
Goal percentage: 100.0%
Number of actions: 6
Total task time: 35.160000000001 sec
Starting run 7/10
connected to simulation
simulation is explicitly stepped
Joint handles retrieved
Step 0
Action: Action(ActionType.PICK, obj=/column0, slot=None,grasp=GraspType.TOP_0)
[EXEC] Picking /column0 with top_0

[INFO] Found 4480 potential configurations.
[INFO] Motion completed successfully with result: success,in execution time: 3.44 seconds
[INFO] Found a reachable configuration for pick action after 1 attempts.
Tip distance after pick: 0.028143139433003825
[INFO] Pick action completed successfully.in execution time: 3.44 seconds
[EXEC] Action ActionType.PICK executed in 15.35 seconds
[SUCCESS] Action ActionType.PICK succeeded for object /column0
[LOG] Transition logged to MongoDB: 05ce3e10-fb7e-4334-a21c-18cc6ec950b2 - Episode 4
Step 1
Action: Action(ActionType.PLACE, obj=/column0, slot=/goal_0,grasp=GraspType.FRONT_270)
[EXEC] Placing at [-0.27499999999999986, 0.8250000000000005, 0.5] with grasp front_270

[INFO] Found 2304 potential configurations.
[INFO] Motion completed successfully with result: success,in execution time: 4.28 seconds
[INFO] Found a reachable configuration for place action after 1 attempts.
[INFO] Place action completed successfully.
realigning placed object /column0 to target position
[EXEC] Action ActionType.PLACE executed in 25.47 seconds
[SUCCESS] Action ActionType.PLACE succeeded for object /column0
[LOG] Transition logged to MongoDB: 05ce3e10-fb7e-4334-a21c-18cc6ec950b2 - Episode 4
Step 2
Action: Action(ActionType.PICK, obj=/column2, slot=None,grasp=GraspType.FRONT_270)
[EXEC] Picking /column2 with front_270

[INFO] Found 1792 potential configurations.
[INFO] Motion completed successfully with result: success,in execution time: 2.96 seconds
[INFO] Found a reachable configuration for pick action after 1 attempts.
Tip distance after pick: 0.026635079884359814
[INFO] Pick action completed successfully.in execution time: 2.96 seconds
[EXEC] Action ActionType.PICK executed in 19.89 seconds
[SUCCESS] Action ActionType.PICK succeeded for object /column2
[LOG] Transition logged to MongoDB: 05ce3e10-fb7e-4334-a21c-18cc6ec950b2 - Episode 4
Step 3
Action: Action(ActionType.PLACE, obj=/column2, slot=/goal_2,grasp=GraspType.RIGHT_0)
[EXEC] Placing at [-0.6000000000000001, 0.8250000000000003, 0.5] with grasp right_0

[INFO] Found 2496 potential configurations.
[INFO] Motion completed successfully with result: success,in execution time: 5.20 seconds
[INFO] Found a reachable configuration for place action after 1 attempts.
[INFO] Place action completed successfully.
realigning placed object /column2 to target position
[EXEC] Action ActionType.PLACE executed in 27.85 seconds
[SUCCESS] Action ActionType.PLACE succeeded for object /column2
[LOG] Transition logged to MongoDB: 05ce3e10-fb7e-4334-a21c-18cc6ec950b2 - Episode 4
Step 4
Action: Action(ActionType.PICK, obj=/column1, slot=None,grasp=GraspType.FRONT_270)
[EXEC] Picking /column1 with front_270

[INFO] Found 2624 potential configurations.
[INFO] Motion completed successfully with result: success,in execution time: 8.04 seconds
[INFO] Found a reachable configuration for pick action after 1 attempts.
Tip distance after pick: 0.02057971170189114
[INFO] Pick action completed successfully.in execution time: 8.04 seconds
[EXEC] Action ActionType.PICK executed in 21.62 seconds
[SUCCESS] Action ActionType.PICK succeeded for object /column1
[LOG] Transition logged to MongoDB: 05ce3e10-fb7e-4334-a21c-18cc6ec950b2 - Episode 4
Step 5
Action: Action(ActionType.PLACE, obj=/column1, slot=/goal_1,grasp=GraspType.TOP_0)
[EXEC] Placing at [-0.2749999999999999, 1.0750000000000006, 0.5] with grasp top_0

[INFO] Found 1408 potential configurations.
[INFO] Motion completed successfully with result: success,in execution time: 9.20 seconds
[INFO] Found a reachable configuration for place action after 1 attempts.
[INFO] Place action completed successfully.
realigning placed object /column1 to target position
[EXEC] Action ActionType.PLACE executed in 21.77 seconds
[SUCCESS] Action ActionType.PLACE succeeded for object /column1
[LOG] Transition logged to MongoDB: 05ce3e10-fb7e-4334-a21c-18cc6ec950b2 - Episode 4
[LOG] Saving episode 4 to episode_00004_05ce3e10-fb7e-4334-a21c-18cc6ec950b2.yaml
[LOG] Episode saved: rl/dataset/episode_00004_05ce3e10-fb7e-4334-a21c-18cc6ec950b2.yaml
[LOG] Episode reset
Step 6
No valid actions in policy for a given state, stopping
Run 7 finished.
Goal achieved: True
Goal percentage: 100.0%
Number of actions: 6
Total task time: 33.1200000000009 sec
Starting run 8/10
connected to simulation
simulation is explicitly stepped
Joint handles retrieved
Step 0
Action: Action(ActionType.PICK, obj=/column0, slot=None,grasp=GraspType.TOP_0)
[EXEC] Picking /column0 with top_0

[INFO] Found 4288 potential configurations.
[INFO] Motion completed successfully with result: success,in execution time: 3.44 seconds
[INFO] Found a reachable configuration for pick action after 1 attempts.
Tip distance after pick: 0.02841533196354147
[INFO] Pick action completed successfully.in execution time: 3.44 seconds
[EXEC] Action ActionType.PICK executed in 13.45 seconds
[SUCCESS] Action ActionType.PICK succeeded for object /column0
[LOG] Transition logged to MongoDB: 05ce3e10-fb7e-4334-a21c-18cc6ec950b2 - Episode 5
Step 1
Action: Action(ActionType.PLACE, obj=/column0, slot=/goal_0,grasp=GraspType.FRONT_270)
[EXEC] Placing at [-0.27499999999999986, 0.8250000000000005, 0.5] with grasp front_270

[INFO] Found 3072 potential configurations.
[INFO] Motion completed successfully with result: success,in execution time: 4.24 seconds
[INFO] Found a reachable configuration for place action after 1 attempts.
[INFO] Place action completed successfully.
realigning placed object /column0 to target position
[EXEC] Action ActionType.PLACE executed in 31.42 seconds
[SUCCESS] Action ActionType.PLACE succeeded for object /column0
[LOG] Transition logged to MongoDB: 05ce3e10-fb7e-4334-a21c-18cc6ec950b2 - Episode 5
Step 2
Action: Action(ActionType.PICK, obj=/column2, slot=None,grasp=GraspType.FRONT_270)
[EXEC] Picking /column2 with front_270

[INFO] Found 4096 potential configurations.
