[LOG] TransitionLogger initialized with ID: 73eb4355-8e7a-4137-ae0a-00279720ed14
[LOG] MongoDB connection established
Executing policy for pick-place-informed with limit 500 and permutation 0 on port 23000
Starting run 1/10
connected to simulation
simulation is explicitly stepped
Joint handles retrieved
Step 0
Action: Action(ActionType.PICK, obj=/column0, slot=None,grasp=GraspType.RIGHT_0)
[EXEC] Picking /column0 with right_0

[INFO] Found 3008 potential configurations.
[WARN] No valid configuration found (all tested configs invalid).
[EXEC] Action ActionType.PICK executed in 3.87 seconds
[ERROR] Action ActionType.PICK failed for object /column0
[LOG] Transition logged to MongoDB: 73eb4355-8e7a-4137-ae0a-00279720ed14 - Episode 0
Action failed, stopping. Time elapsed: 0.001
Run 1 finished.
Goal achieved: False
Goal percentage: 0.0%
Number of actions: 1
Total task time: 0.001 sec
Starting run 2/10
connected to simulation
simulation is explicitly stepped
Joint handles retrieved
Step 0
Action: Action(ActionType.PICK, obj=/column0, slot=None,grasp=GraspType.RIGHT_0)
[EXEC] Picking /column0 with right_0

[INFO] Found 3520 potential configurations.
[WARN] No valid configuration found (all tested configs invalid).
[EXEC] Action ActionType.PICK executed in 3.44 seconds
[ERROR] Action ActionType.PICK failed for object /column0
[LOG] Transition logged to MongoDB: 73eb4355-8e7a-4137-ae0a-00279720ed14 - Episode 0
Action failed, stopping. Time elapsed: 0.001
Run 2 finished.
Goal achieved: False
Goal percentage: 0.0%
Number of actions: 1
Total task time: 0.001 sec
Starting run 3/10
connected to simulation
simulation is explicitly stepped
Joint handles retrieved
Step 0
Action: Action(ActionType.PICK, obj=/column0, slot=None,grasp=GraspType.RIGHT_0)
[EXEC] Picking /column0 with right_0

[INFO] Found 2048 potential configurations.
[WARN] No valid configuration found (all tested configs invalid).
[EXEC] Action ActionType.PICK executed in 3.34 seconds
[ERROR] Action ActionType.PICK failed for object /column0
[LOG] Transition logged to MongoDB: 73eb4355-8e7a-4137-ae0a-00279720ed14 - Episode 0
Action failed, stopping. Time elapsed: 0.001
Run 3 finished.
Goal achieved: False
Goal percentage: 0.0%
Number of actions: 1
Total task time: 0.001 sec
Starting run 4/10
connected to simulation
simulation is explicitly stepped
Joint handles retrieved
Step 0
Action: Action(ActionType.PICK, obj=/column0, slot=None,grasp=GraspType.RIGHT_0)
[EXEC] Picking /column0 with right_0

[INFO] Found 3136 potential configurations.
[WARN] No valid configuration found (all tested configs invalid).
[EXEC] Action ActionType.PICK executed in 4.50 seconds
[ERROR] Action ActionType.PICK failed for object /column0
[LOG] Transition logged to MongoDB: 73eb4355-8e7a-4137-ae0a-00279720ed14 - Episode 0
Action failed, stopping. Time elapsed: 0.001
Run 4 finished.
Goal achieved: False
Goal percentage: 0.0%
Number of actions: 1
Total task time: 0.001 sec
Starting run 5/10
connected to simulation
simulation is explicitly stepped
Joint handles retrieved
Step 0
Action: Action(ActionType.PICK, obj=/column0, slot=None,grasp=GraspType.RIGHT_0)
[EXEC] Picking /column0 with right_0

[INFO] Found 2880 potential configurations.
[WARN] No valid configuration found (all tested configs invalid).
[EXEC] Action ActionType.PICK executed in 4.54 seconds
[ERROR] Action ActionType.PICK failed for object /column0
[LOG] Transition logged to MongoDB: 73eb4355-8e7a-4137-ae0a-00279720ed14 - Episode 0
Action failed, stopping. Time elapsed: 0.001
Run 5 finished.
Goal achieved: False
Goal percentage: 0.0%
Number of actions: 1
Total task time: 0.001 sec
Starting run 6/10
connected to simulation
simulation is explicitly stepped
Joint handles retrieved
Step 0
Action: Action(ActionType.PICK, obj=/column0, slot=None,grasp=GraspType.RIGHT_0)
[EXEC] Picking /column0 with right_0

[INFO] Found 3008 potential configurations.
[WARN] No valid configuration found (all tested configs invalid).
[EXEC] Action ActionType.PICK executed in 3.22 seconds
[ERROR] Action ActionType.PICK failed for object /column0
[LOG] Transition logged to MongoDB: 73eb4355-8e7a-4137-ae0a-00279720ed14 - Episode 0
Action failed, stopping. Time elapsed: 0.001
Run 6 finished.
Goal achieved: False
Goal percentage: 0.0%
Number of actions: 1
Total task time: 0.001 sec
Starting run 7/10
connected to simulation
simulation is explicitly stepped
Joint handles retrieved
Step 0
Action: Action(ActionType.PICK, obj=/column0, slot=None,grasp=GraspType.RIGHT_0)
[EXEC] Picking /column0 with right_0

[INFO] Found 3392 potential configurations.
[WARN] No valid configuration found (all tested configs invalid).
[EXEC] Action ActionType.PICK executed in 4.09 seconds
[ERROR] Action ActionType.PICK failed for object /column0
[LOG] Transition logged to MongoDB: 73eb4355-8e7a-4137-ae0a-00279720ed14 - Episode 0
Action failed, stopping. Time elapsed: 0.001
Run 7 finished.
Goal achieved: False
Goal percentage: 0.0%
Number of actions: 1
Total task time: 0.001 sec
Starting run 8/10
connected to simulation
simulation is explicitly stepped
Joint handles retrieved
Step 0
Action: Action(ActionType.PICK, obj=/column0, slot=None,grasp=GraspType.RIGHT_0)
[EXEC] Picking /column0 with right_0

[INFO] Found 2048 potential configurations.
[WARN] No valid configuration found (all tested configs invalid).
[EXEC] Action ActionType.PICK executed in 4.00 seconds
[ERROR] Action ActionType.PICK failed for object /column0
[LOG] Transition logged to MongoDB: 73eb4355-8e7a-4137-ae0a-00279720ed14 - Episode 0
Action failed, stopping. Time elapsed: 0.001
Run 8 finished.
Goal achieved: False
Goal percentage: 0.0%
Number of actions: 1
Total task time: 0.001 sec
Starting run 9/10
connected to simulation
simulation is explicitly stepped
Joint handles retrieved
Step 0
Action: Action(ActionType.PICK, obj=/column0, slot=None,grasp=GraspType.RIGHT_0)
[EXEC] Picking /column0 with right_0

[INFO] Found 2752 potential configurations.
[WARN] No valid configuration found (all tested configs invalid).
[EXEC] Action ActionType.PICK executed in 4.05 seconds
[ERROR] Action ActionType.PICK failed for object /column0
[LOG] Transition logged to MongoDB: 73eb4355-8e7a-4137-ae0a-00279720ed14 - Episode 0
Action failed, stopping. Time elapsed: 0.001
Run 9 finished.
Goal achieved: False
Goal percentage: 0.0%
Number of actions: 1
Total task time: 0.001 sec
Starting run 10/10
connected to simulation
simulation is explicitly stepped
Joint handles retrieved
Step 0
Action: Action(ActionType.PICK, obj=/column0, slot=None,grasp=GraspType.RIGHT_0)
[EXEC] Picking /column0 with right_0

[INFO] Found 2048 potential configurations.
[WARN] No valid configuration found (all tested configs invalid).
[EXEC] Action ActionType.PICK executed in 2.98 seconds
[ERROR] Action ActionType.PICK failed for object /column0
[LOG] Transition logged to MongoDB: 73eb4355-8e7a-4137-ae0a-00279720ed14 - Episode 0
Action failed, stopping. Time elapsed: 0.001
Run 10 finished.
Goal achieved: False
Goal percentage: 0.0%
Number of actions: 1
Total task time: 0.001 sec
Finished all runs for permutation 0. Results saved to results/pick-place-informed_500_points_perm_0.csv
