Connecting to port 23007
connected to simulation
simulation is explicitly stepped
Joint handles retrieved
[LOG] TransitionLogger initialized with ID: 8feb0005-690a-4d64-997b-db32b141f62c
[LOG] MongoDB connection established
Pilot run 0
Step 0
Selected action: Action(ActionType.PICK, obj=/column1, slot=None,grasp=None) with motion param: left_0
here
Action: Action(ActionType.PICK, obj=/column1, slot=None,grasp=GraspType.LEFT_0)
[EXEC] Picking /column1 with left_0

[INFO] Found 1664 potential configurations.
[WARN] No valid configuration found (all tested configs invalid).
[EXEC] Action ActionType.PICK executed in 1.83 seconds
[ERROR] Action ActionType.PICK failed for object /column1
Action failed ! time elapsed: 0.001
[LOG] Transition logged to MongoDB: 8feb0005-690a-4d64-997b-db32b141f62c - Episode 0
Step 1
Selected action: Action(ActionType.PICK, obj=/column0, slot=None,grasp=None) with motion param: front_270
here
Action: Action(ActionType.PICK, obj=/column0, slot=None,grasp=GraspType.FRONT_270)
[EXEC] Picking /column0 with front_270

[INFO] Found 4992 potential configurations.
[INFO] Motion completed successfully with result: success,in execution time: 4.52 seconds
[INFO] Found a reachable configuration for pick action after 1 attempts.
Tip distance after pick: 0.02123628948682752
[INFO] Pick action completed successfully.in execution time: 4.52 seconds
[EXEC] Action ActionType.PICK executed in 20.01 seconds
[SUCCESS] Action ActionType.PICK succeeded for object /column0
[LOG] Transition logged to MongoDB: 8feb0005-690a-4d64-997b-db32b141f62c - Episode 0
Step 2
Selected action: Action(ActionType.PLACE, obj=/column0, slot=/region_0,grasp=None) with motion param: left_0
here
Action: Action(ActionType.PLACE, obj=/column0, slot=/region_0,grasp=GraspType.LEFT_0)
[EXEC] Placing at [0.35, 0.8, 0.521] with grasp left_0

[INFO] Found 1984 potential configurations.
[INFO] Motion completed successfully with result: success,in execution time: 6.76 seconds
[INFO] Found a reachable configuration for place action after 1 attempts.
[INFO] Place action completed successfully.
realigning placed object /column0 to target position
[EXEC] Action ActionType.PLACE executed in 31.07 seconds
[SUCCESS] Action ActionType.PLACE succeeded for object /column0
[LOG] Transition logged to MongoDB: 8feb0005-690a-4d64-997b-db32b141f62c - Episode 0
Step 3
Selected action: Action(ActionType.PICK, obj=/column2, slot=None,grasp=None) with motion param: front_270
here
Action: Action(ActionType.PICK, obj=/column2, slot=None,grasp=GraspType.FRONT_270)
[EXEC] Picking /column2 with front_270

[INFO] Found 3200 potential configurations.
[INFO] Motion completed successfully with result: success,in execution time: 10.72 seconds
[INFO] Found a reachable configuration for pick action after 1 attempts.
Tip distance after pick: 0.020755274953882706
[INFO] Pick action completed successfully.in execution time: 10.72 seconds
[EXEC] Action ActionType.PICK executed in 23.15 seconds
[SUCCESS] Action ActionType.PICK succeeded for object /column2
[LOG] Transition logged to MongoDB: 8feb0005-690a-4d64-997b-db32b141f62c - Episode 0
Step 4
Selected action: Action(ActionType.PLACE, obj=/column2, slot=/goal_1,grasp=None) with motion param: right_0
here
Action: Action(ActionType.PLACE, obj=/column2, slot=/goal_1,grasp=GraspType.RIGHT_0)
[EXEC] Placing at [-0.2749999999999999, 1.0750000000000006, 0.5] with grasp right_0

[INFO] Found 1536 potential configurations.
[INFO] Motion completed successfully with result: success,in execution time: 9.40 seconds
[INFO] Found a reachable configuration for place action after 1 attempts.
[INFO] Place action completed successfully.
realigning placed object /column2 to target position
[EXEC] Action ActionType.PLACE executed in 27.92 seconds
[SUCCESS] Action ActionType.PLACE succeeded for object /column2
[LOG] Transition logged to MongoDB: 8feb0005-690a-4d64-997b-db32b141f62c - Episode 0
Step 5
Selected action: Action(ActionType.PICK, obj=/column2, slot=None,grasp=GraspType.FRONT_270) with motion param: front_270
here
Action: Action(ActionType.PICK, obj=/column2, slot=None,grasp=GraspType.FRONT_270)
[EXEC] Picking /column2 with front_270

[INFO] Found 3904 potential configurations.
[ERROR] Motion failed (collision or invalid path)
[ERROR] Motion result: no_path
[WARN] Failed to find a path to the selected pick config on attempt 1.
[WARN] No path found to picked config, discarding and trying next valid config...
[INFO] Motion completed successfully with result: success,in execution time: 3.68 seconds
[INFO] Found a reachable configuration for pick action after 2 attempts.
Tip distance after pick: 0.02057293865080795
[INFO] Pick action completed successfully.in execution time: 3.68 seconds
[EXEC] Action ActionType.PICK executed in 17.12 seconds
[SUCCESS] Action ActionType.PICK succeeded for object /column2
[LOG] Transition logged to MongoDB: 8feb0005-690a-4d64-997b-db32b141f62c - Episode 0
Step 6
Selected action: Action(ActionType.PLACE, obj=/column2, slot=/goal_0,grasp=None) with motion param: top_0
here
Action: Action(ActionType.PLACE, obj=/column2, slot=/goal_0,grasp=GraspType.TOP_0)
[EXEC] Placing at [-0.27499999999999986, 0.8250000000000005, 0.5] with grasp top_0

[INFO] Found 4096 potential configurations.
[INFO] Motion completed successfully with result: success,in execution time: 4.52 seconds
[INFO] Found a reachable configuration for place action after 1 attempts.
[INFO] Place action completed successfully.
realigning placed object /column2 to target position
[EXEC] Action ActionType.PLACE executed in 19.01 seconds
[SUCCESS] Action ActionType.PLACE succeeded for object /column2
[LOG] Transition logged to MongoDB: 8feb0005-690a-4d64-997b-db32b141f62c - Episode 0
Step 7
Selected action: Action(ActionType.PICK, obj=/column0, slot=None,grasp=GraspType.FRONT_270) with motion param: top_0
here
Action: Action(ActionType.PICK, obj=/column0, slot=None,grasp=GraspType.TOP_0)
[EXEC] Picking /column0 with top_0

[INFO] Found 4224 potential configurations.
[INFO] Motion completed successfully with result: success,in execution time: 2.12 seconds
[INFO] Found a reachable configuration for pick action after 1 attempts.
Tip distance after pick: 0.028427531477476616
[INFO] Pick action completed successfully.in execution time: 2.12 seconds
[EXEC] Action ActionType.PICK executed in 15.95 seconds
[SUCCESS] Action ActionType.PICK succeeded for object /column0
[LOG] Transition logged to MongoDB: 8feb0005-690a-4d64-997b-db32b141f62c - Episode 0
Step 8
Selected action: Action(ActionType.PLACE, obj=/column0, slot=/goal_2,grasp=None) with motion param: top_0
here
Action: Action(ActionType.PLACE, obj=/column0, slot=/goal_2,grasp=GraspType.TOP_0)
[EXEC] Placing at [-0.6000000000000001, 0.8250000000000003, 0.5] with grasp top_0

[INFO] Found 3264 potential configurations.
[WARN] No valid configuration found (all tested configs invalid).
[EXEC] Action ActionType.PLACE executed in 3.11 seconds
[ERROR] Action ActionType.PLACE failed for object /column0
Action failed ! time elapsed: 0.001
[LOG] Transition logged to MongoDB: 8feb0005-690a-4d64-997b-db32b141f62c - Episode 0
Step 9
Selected action: Action(ActionType.PLACE, obj=/column0, slot=/region_2,grasp=None) with motion param: left_0
here
Action: Action(ActionType.PLACE, obj=/column0, slot=/region_2,grasp=GraspType.LEFT_0)
[EXEC] Placing at [0.6, 0.80001, 0.5] with grasp left_0

[INFO] Found 2496 potential configurations.
[INFO] Motion completed successfully with result: success,in execution time: 3.28 seconds
[INFO] Found a reachable configuration for place action after 1 attempts.
[INFO] Place action completed successfully.
realigning placed object /column0 to target position
[EXEC] Action ActionType.PLACE executed in 29.47 seconds
[SUCCESS] Action ActionType.PLACE succeeded for object /column0
[LOG] Transition logged to MongoDB: 8feb0005-690a-4d64-997b-db32b141f62c - Episode 0
Step 10
Selected action: Action(ActionType.PICK, obj=/column2, slot=None,grasp=GraspType.FRONT_270) with motion param: right_0
here
Action: Action(ActionType.PICK, obj=/column2, slot=None,grasp=GraspType.RIGHT_0)
[EXEC] Picking /column2 with right_0

[INFO] Found 3968 potential configurations.
[INFO] Motion completed successfully with result: success,in execution time: 6.16 seconds
[INFO] Found a reachable configuration for pick action after 1 attempts.
Tip distance after pick: 0.02100489325325815
[INFO] Pick action completed successfully.in execution time: 6.16 seconds
[EXEC] Action ActionType.PICK executed in 20.89 seconds
[SUCCESS] Action ActionType.PICK succeeded for object /column2
[LOG] Transition logged to MongoDB: 8feb0005-690a-4d64-997b-db32b141f62c - Episode 0
Step 11
Selected action: Action(ActionType.PLACE, obj=/column2, slot=/region_0,grasp=None) with motion param: right_0
here
Action: Action(ActionType.PLACE, obj=/column2, slot=/region_0,grasp=GraspType.RIGHT_0)
[EXEC] Placing at [0.35, 0.8, 0.521] with grasp right_0

[INFO] Found 2112 potential configurations.
[INFO] Motion completed successfully with result: success,in execution time: 3.28 seconds
[INFO] Found a reachable configuration for place action after 1 attempts.
[INFO] Place action completed successfully.
realigning placed object /column2 to target position
[EXEC] Action ActionType.PLACE executed in 32.86 seconds
[SUCCESS] Action ActionType.PLACE succeeded for object /column2
[LOG] Transition logged to MongoDB: 8feb0005-690a-4d64-997b-db32b141f62c - Episode 0
Step 12
Selected action: Action(ActionType.PICK, obj=/column0, slot=None,grasp=GraspType.TOP_0) with motion param: front_270
here
Action: Action(ActionType.PICK, obj=/column0, slot=None,grasp=GraspType.FRONT_270)
[EXEC] Picking /column0 with front_270

[INFO] Found 3776 potential configurations.
[INFO] Motion completed successfully with result: success,in execution time: 2.80 seconds
[INFO] Found a reachable configuration for pick action after 1 attempts.
Tip distance after pick: 0.019892521846566882
[INFO] Pick action completed successfully.in execution time: 2.80 seconds
[EXEC] Action ActionType.PICK executed in 13.11 seconds
[SUCCESS] Action ActionType.PICK succeeded for object /column0
[LOG] Transition logged to MongoDB: 8feb0005-690a-4d64-997b-db32b141f62c - Episode 0
Step 13
Selected action: Action(ActionType.PLACE, obj=/column0, slot=/goal_0,grasp=None) with motion param: top_0
here
Action: Action(ActionType.PLACE, obj=/column0, slot=/goal_0,grasp=GraspType.TOP_0)
[EXEC] Placing at [-0.27499999999999986, 0.8250000000000005, 0.5] with grasp top_0

[INFO] Found 5248 potential configurations.
[INFO] Motion completed successfully with result: success,in execution time: 6.92 seconds
[INFO] Found a reachable configuration for place action after 1 attempts.
[INFO] Place action completed successfully.
realigning placed object /column0 to target position
[EXEC] Action ActionType.PLACE executed in 24.32 seconds
[SUCCESS] Action ActionType.PLACE succeeded for object /column0
[LOG] Transition logged to MongoDB: 8feb0005-690a-4d64-997b-db32b141f62c - Episode 0
Step 14
Selected action: Action(ActionType.PICK, obj=/column0, slot=None,grasp=GraspType.FRONT_270) with motion param: top_0
here
Action: Action(ActionType.PICK, obj=/column0, slot=None,grasp=GraspType.TOP_0)
[EXEC] Picking /column0 with top_0

[INFO] Found 5056 potential configurations.
[INFO] Motion completed successfully with result: success,in execution time: 1.76 seconds
[INFO] Found a reachable configuration for pick action after 1 attempts.
Tip distance after pick: 0.029168836975898366
[INFO] Pick action completed successfully.in execution time: 1.76 seconds
[EXEC] Action ActionType.PICK executed in 14.22 seconds
[SUCCESS] Action ActionType.PICK succeeded for object /column0
[LOG] Transition logged to MongoDB: 8feb0005-690a-4d64-997b-db32b141f62c - Episode 0
Step 15
Selected action: Action(ActionType.PLACE, obj=/column0, slot=/goal_2,grasp=GraspType.TOP_0) with motion param: left_0
here
Action: Action(ActionType.PLACE, obj=/column0, slot=/goal_2,grasp=GraspType.LEFT_0)
[EXEC] Placing at [-0.6000000000000001, 0.8250000000000003, 0.5] with grasp left_0

[INFO] Found 2240 potential configurations.
[WARN] No valid configuration found (all tested configs invalid).
[EXEC] Action ActionType.PLACE executed in 2.05 seconds
[ERROR] Action ActionType.PLACE failed for object /column0
Action failed ! time elapsed: 0.001
[LOG] Transition logged to MongoDB: 8feb0005-690a-4d64-997b-db32b141f62c - Episode 0
Step 16
Selected action: Action(ActionType.PLACE, obj=/column0, slot=/goal_0,grasp=GraspType.TOP_0) with motion param: top_0
here
Action: Action(ActionType.PLACE, obj=/column0, slot=/goal_0,grasp=GraspType.TOP_0)
[EXEC] Placing at [-0.27499999999999986, 0.8250000000000005, 0.5] with grasp top_0

[INFO] Found 5056 potential configurations.
[INFO] Motion completed successfully with result: success,in execution time: 0.40 seconds
[INFO] Found a reachable configuration for place action after 1 attempts.
[INFO] Place action completed successfully.
realigning placed object /column0 to target position
[EXEC] Action ActionType.PLACE executed in 15.97 seconds
[SUCCESS] Action ActionType.PLACE succeeded for object /column0
[LOG] Transition logged to MongoDB: 8feb0005-690a-4d64-997b-db32b141f62c - Episode 0
Step 17
Selected action: Action(ActionType.PICK, obj=/column0, slot=None,grasp=GraspType.TOP_0) with motion param: top_0
here
Action: Action(ActionType.PICK, obj=/column0, slot=None,grasp=GraspType.TOP_0)
[EXEC] Picking /column0 with top_0

[INFO] Found 4480 potential configurations.
[INFO] Motion completed successfully with result: success,in execution time: 1.76 seconds
[INFO] Found a reachable configuration for pick action after 1 attempts.
Tip distance after pick: 0.02905293749343006
[INFO] Pick action completed successfully.in execution time: 1.76 seconds
[EXEC] Action ActionType.PICK executed in 14.35 seconds
[SUCCESS] Action ActionType.PICK succeeded for object /column0
[LOG] Transition logged to MongoDB: 8feb0005-690a-4d64-997b-db32b141f62c - Episode 0
Step 18
Selected action: Action(ActionType.PLACE, obj=/column0, slot=/goal_2,grasp=GraspType.LEFT_0) with motion param: left_0
here
Action: Action(ActionType.PLACE, obj=/column0, slot=/goal_2,grasp=GraspType.LEFT_0)
[EXEC] Placing at [-0.6000000000000001, 0.8250000000000003, 0.5] with grasp left_0

[INFO] Found 2752 potential configurations.
[WARN] No valid configuration found (all tested configs invalid).
[EXEC] Action ActionType.PLACE executed in 2.42 seconds
[ERROR] Action ActionType.PLACE failed for object /column0
Action failed ! time elapsed: 0.001
[LOG] Transition logged to MongoDB: 8feb0005-690a-4d64-997b-db32b141f62c - Episode 0
Step 19
Selected action: Action(ActionType.PLACE, obj=/column0, slot=/goal_1,grasp=None) with motion param: right_0
here
Action: Action(ActionType.PLACE, obj=/column0, slot=/goal_1,grasp=GraspType.RIGHT_0)
[EXEC] Placing at [-0.2749999999999999, 1.0750000000000006, 0.5] with grasp right_0

[INFO] Found 1408 potential configurations.
[INFO] Motion completed successfully with result: success,in execution time: 3.68 seconds
[INFO] Found a reachable configuration for place action after 1 attempts.
[INFO] Place action completed successfully.
realigning placed object /column0 to target position
[EXEC] Action ActionType.PLACE executed in 19.76 seconds
[SUCCESS] Action ActionType.PLACE succeeded for object /column0
[LOG] Transition logged to MongoDB: 8feb0005-690a-4d64-997b-db32b141f62c - Episode 0
Step 20
Selected action: Action(ActionType.PICK, obj=/column2, slot=None,grasp=GraspType.RIGHT_0) with motion param: right_0
here
Action: Action(ActionType.PICK, obj=/column2, slot=None,grasp=GraspType.RIGHT_0)
[EXEC] Picking /column2 with right_0

[INFO] Found 4096 potential configurations.
[INFO] Motion completed successfully with result: success,in execution time: 10.28 seconds
[INFO] Found a reachable configuration for pick action after 1 attempts.
Tip distance after pick: 0.02057106067418107
[INFO] Pick action completed successfully.in execution time: 10.28 seconds
[EXEC] Action ActionType.PICK executed in 27.17 seconds
[SUCCESS] Action ActionType.PICK succeeded for object /column2
[LOG] Transition logged to MongoDB: 8feb0005-690a-4d64-997b-db32b141f62c - Episode 0
Step 21
Selected action: Action(ActionType.PLACE, obj=/column2, slot=/region_0,grasp=GraspType.RIGHT_0) with motion param: left_0
here
Action: Action(ActionType.PLACE, obj=/column2, slot=/region_0,grasp=GraspType.LEFT_0)
[EXEC] Placing at [0.35, 0.8, 0.521] with grasp left_0

[INFO] Found 3008 potential configurations.
[INFO] Motion completed successfully with result: success,in execution time: 5.28 seconds
[INFO] Found a reachable configuration for place action after 1 attempts.
[INFO] Place action completed successfully.
realigning placed object /column2 to target position
[EXEC] Action ActionType.PLACE executed in 17.28 seconds
[SUCCESS] Action ActionType.PLACE succeeded for object /column2
[LOG] Transition logged to MongoDB: 8feb0005-690a-4d64-997b-db32b141f62c - Episode 0
Step 22
Selected action: Action(ActionType.PICK, obj=/column2, slot=None,grasp=GraspType.RIGHT_0) with motion param: left_0
here
Action: Action(ActionType.PICK, obj=/column2, slot=None,grasp=GraspType.LEFT_0)
[EXEC] Picking /column2 with left_0

[INFO] Found 2432 potential configurations.
[INFO] Motion completed successfully with result: success,in execution time: 1.92 seconds
[INFO] Found a reachable configuration for pick action after 1 attempts.
Tip distance after pick: 0.020803862056052554
[INFO] Pick action completed successfully.in execution time: 1.92 seconds
[EXEC] Action ActionType.PICK executed in 12.38 seconds
[SUCCESS] Action ActionType.PICK succeeded for object /column2
[LOG] Transition logged to MongoDB: 8feb0005-690a-4d64-997b-db32b141f62c - Episode 0
Step 23
Selected action: Action(ActionType.PLACE, obj=/column2, slot=/region_0,grasp=GraspType.LEFT_0) with motion param: top_0
here
Action: Action(ActionType.PLACE, obj=/column2, slot=/region_0,grasp=GraspType.TOP_0)
[EXEC] Placing at [0.35, 0.8, 0.521] with grasp top_0

[INFO] Found 4352 potential configurations.
[INFO] Motion completed successfully with result: success,in execution time: 3.36 seconds
[INFO] Found a reachable configuration for place action after 1 attempts.
[INFO] Place action completed successfully.
realigning placed object /column2 to target position
[EXEC] Action ActionType.PLACE executed in 20.50 seconds
[SUCCESS] Action ActionType.PLACE succeeded for object /column2
[LOG] Transition logged to MongoDB: 8feb0005-690a-4d64-997b-db32b141f62c - Episode 0
Step 24
Selected action: Action(ActionType.PICK, obj=/column1, slot=None,grasp=GraspType.LEFT_0) with motion param: right_0
here
Action: Action(ActionType.PICK, obj=/column1, slot=None,grasp=GraspType.RIGHT_0)
[EXEC] Picking /column1 with right_0
[ERROR] No IK configurations found for desired pick pose.
[EXEC] Action ActionType.PICK executed in 1.03 seconds
[ERROR] Action ActionType.PICK failed for object /column1
Action failed ! time elapsed: 0.001
[LOG] Transition logged to MongoDB: 8feb0005-690a-4d64-997b-db32b141f62c - Episode 0
Step 25
Selected action: Action(ActionType.PICK, obj=/column0, slot=None,grasp=GraspType.TOP_0) with motion param: front_270
here
Action: Action(ActionType.PICK, obj=/column0, slot=None,grasp=GraspType.FRONT_270)
[EXEC] Picking /column0 with front_270

[INFO] Found 3200 potential configurations.
[INFO] Motion completed successfully with result: success,in execution time: 6.04 seconds
[INFO] Found a reachable configuration for pick action after 1 attempts.
Tip distance after pick: 0.020616996726259173
[INFO] Pick action completed successfully.in execution time: 6.04 seconds
[EXEC] Action ActionType.PICK executed in 17.87 seconds
[SUCCESS] Action ActionType.PICK succeeded for object /column0
[LOG] Transition logged to MongoDB: 8feb0005-690a-4d64-997b-db32b141f62c - Episode 0
Step 26
Selected action: Action(ActionType.PLACE, obj=/column0, slot=/goal_0,grasp=GraspType.TOP_0) with motion param: top_0
here
Action: Action(ActionType.PLACE, obj=/column0, slot=/goal_0,grasp=GraspType.TOP_0)
[EXEC] Placing at [-0.27499999999999986, 0.8250000000000005, 0.5] with grasp top_0

[INFO] Found 5120 potential configurations.
[INFO] Motion completed successfully with result: success,in execution time: 4.52 seconds
[INFO] Found a reachable configuration for place action after 1 attempts.
[INFO] Place action completed successfully.
realigning placed object /column0 to target position
[EXEC] Action ActionType.PLACE executed in 22.67 seconds
[SUCCESS] Action ActionType.PLACE succeeded for object /column0
[LOG] Transition logged to MongoDB: 8feb0005-690a-4d64-997b-db32b141f62c - Episode 0
Step 27
Selected action: Action(ActionType.PICK, obj=/column1, slot=None,grasp=GraspType.RIGHT_0) with motion param: front_270
here
Action: Action(ActionType.PICK, obj=/column1, slot=None,grasp=GraspType.FRONT_270)
[EXEC] Picking /column1 with front_270

[INFO] Found 2176 potential configurations.
[INFO] Motion completed successfully with result: success,in execution time: 9.28 seconds
[INFO] Found a reachable configuration for pick action after 1 attempts.
Tip distance after pick: 0.018823808227006567
[INFO] Pick action completed successfully.in execution time: 9.28 seconds
[EXEC] Action ActionType.PICK executed in 27.33 seconds
[SUCCESS] Action ActionType.PICK succeeded for object /column1
[LOG] Transition contains 'unknown' state, not logging to MongoDB.
Step 28
Selected action: Action(ActionType.PLACE, obj=/column1, slot=/region_1,grasp=None) with motion param: right_0
here
Action: Action(ActionType.PLACE, obj=/column1, slot=/region_1,grasp=GraspType.RIGHT_0)
[EXEC] Placing at [0.6, 1.075, 0.5] with grasp right_0
[ERROR] No IK configurations found for desired place pose.
[EXEC] Action ActionType.PLACE executed in 1.02 seconds
[ERROR] Action ActionType.PLACE failed for object /column1
Action failed ! time elapsed: 0.001
[LOG] Transition contains 'unknown' state, not logging to MongoDB.
Step 29
Selected action: Action(ActionType.PLACE, obj=/column1, slot=/region_2,grasp=None) with motion param: left_0
here
Action: Action(ActionType.PLACE, obj=/column1, slot=/region_2,grasp=GraspType.LEFT_0)
[EXEC] Placing at [0.6, 0.80001, 0.5] with grasp left_0

[INFO] Found 2560 potential configurations.
[INFO] Motion completed successfully with result: success,in execution time: 5.24 seconds
[INFO] Found a reachable configuration for place action after 1 attempts.
[INFO] Place action completed successfully.
realigning placed object /column1 to target position
[EXEC] Action ActionType.PLACE executed in 15.99 seconds
[SUCCESS] Action ActionType.PLACE succeeded for object /column1
[LOG] Transition contains 'unknown' state, not logging to MongoDB.
Pilot run finished, resetting scene
Leaving object if held
Pilot run 1
Step 0
Selected action: Action(ActionType.PICK, obj=/column2, slot=None,grasp=GraspType.LEFT_0) with motion param: left_0
here
Action: Action(ActionType.PICK, obj=/column2, slot=None,grasp=GraspType.LEFT_0)
[EXEC] Picking /column2 with left_0

[INFO] Found 1728 potential configurations.
