Connecting to port 23002
connected to simulation
simulation is explicitly stepped
Joint handles retrieved
[LOG] TransitionLogger initialized with ID: 1ed1db8b-4d6d-4545-ad4a-082842c43520
[LOG] MongoDB connection established
[LOG] TransitionLogger initialized with ID: f27e9f9a-7d7b-4849-88c4-b412a9864146
[LOG] MongoDB connection established
USING STORM: False
Reading data from MongoDB...
Total option moiton param combinations 36
Collected combinations 36
Building state to idx mapping...
Building option ensembles...
pick_column0_top_0: Identifying enabled states...
pick_column0_top_0: Splitting up datasets...
pick_column0_top_0: Learning DBNS...
pick_column0_top_0: Building transition dicts for each DBN
pick_column0_top_0: Starting process for DBN 0
pick_column0_top_0: Starting process for DBN 1
pick_column0_top_0: Starting process for DBN 2
pick_column0_top_0: Starting process for DBN 3
pick_column0_top_0: Starting process for DBN 4
pick_column0_top_0: Starting process for DBN 5
pick_column0_top_0: Starting process for DBN 6
pick_column0_top_0: Starting process for DBN 7
pick_column0_top_0: Received dict for DBN 0
pick_column0_top_0: Received dict for DBN 1
pick_column0_top_0: Received dict for DBN 2
pick_column0_top_0: Received dict for DBN 3
pick_column0_top_0: Received dict for DBN 4
pick_column0_top_0: Received dict for DBN 5
pick_column0_top_0: Received dict for DBN 6
pick_column0_top_0: Received dict for DBN 7
pick_column0_top_0: Sampling transitions and computing reward
pick_column0_top_0: Building transition/reward matrices
pick_column0_left_0: Identifying enabled states...
pick_column0_left_0: Splitting up datasets...
pick_column0_left_0: Learning DBNS...
pick_column0_left_0: Building transition dicts for each DBN
pick_column0_left_0: Starting process for DBN 0
pick_column0_left_0: Starting process for DBN 1
pick_column0_left_0: Starting process for DBN 2
pick_column0_left_0: Starting process for DBN 3
pick_column0_left_0: Starting process for DBN 4
pick_column0_left_0: Starting process for DBN 5
pick_column0_left_0: Starting process for DBN 6
pick_column0_left_0: Starting process for DBN 7
pick_column0_left_0: Received dict for DBN 1
pick_column0_left_0: Received dict for DBN 0
pick_column0_left_0: Received dict for DBN 2
pick_column0_left_0: Received dict for DBN 3
pick_column0_left_0: Received dict for DBN 4
pick_column0_left_0: Received dict for DBN 5
pick_column0_left_0: Received dict for DBN 6
pick_column0_left_0: Received dict for DBN 7
pick_column0_left_0: Sampling transitions and computing reward
pick_column0_left_0: Building transition/reward matrices
pick_column0_right_0: Identifying enabled states...
pick_column0_right_0: Splitting up datasets...
pick_column0_right_0: Learning DBNS...
pick_column0_right_0: Building transition dicts for each DBN
pick_column0_right_0: Starting process for DBN 0
pick_column0_right_0: Starting process for DBN 1
pick_column0_right_0: Starting process for DBN 2
pick_column0_right_0: Starting process for DBN 3
pick_column0_right_0: Starting process for DBN 4
pick_column0_right_0: Starting process for DBN 5
pick_column0_right_0: Starting process for DBN 6
pick_column0_right_0: Starting process for DBN 7
pick_column0_right_0: Received dict for DBN 0
pick_column0_right_0: Received dict for DBN 1
pick_column0_right_0: Received dict for DBN 2
pick_column0_right_0: Received dict for DBN 3
pick_column0_right_0: Received dict for DBN 4
pick_column0_right_0: Received dict for DBN 5
pick_column0_right_0: Received dict for DBN 6
pick_column0_right_0: Received dict for DBN 7
pick_column0_right_0: Sampling transitions and computing reward
pick_column0_right_0: Building transition/reward matrices
pick_column0_front_270: Identifying enabled states...
pick_column0_front_270: Splitting up datasets...
pick_column0_front_270: Learning DBNS...
pick_column0_front_270: Building transition dicts for each DBN
pick_column0_front_270: Starting process for DBN 0
pick_column0_front_270: Starting process for DBN 1
pick_column0_front_270: Starting process for DBN 2
pick_column0_front_270: Starting process for DBN 3
pick_column0_front_270: Starting process for DBN 4
pick_column0_front_270: Starting process for DBN 5
pick_column0_front_270: Starting process for DBN 6
pick_column0_front_270: Starting process for DBN 7
pick_column0_front_270: Received dict for DBN 0
pick_column0_front_270: Received dict for DBN 1
pick_column0_front_270: Received dict for DBN 2
pick_column0_front_270: Received dict for DBN 3
pick_column0_front_270: Received dict for DBN 4
pick_column0_front_270: Received dict for DBN 5
pick_column0_front_270: Received dict for DBN 6
pick_column0_front_270: Received dict for DBN 7
pick_column0_front_270: Sampling transitions and computing reward
pick_column0_front_270: Building transition/reward matrices
pick_column1_top_0: Identifying enabled states...
pick_column1_top_0: Splitting up datasets...
pick_column1_top_0: Learning DBNS...
pick_column1_top_0: Building transition dicts for each DBN
pick_column1_top_0: Starting process for DBN 0
pick_column1_top_0: Starting process for DBN 1
pick_column1_top_0: Starting process for DBN 2
pick_column1_top_0: Starting process for DBN 3
pick_column1_top_0: Starting process for DBN 4
pick_column1_top_0: Starting process for DBN 5
pick_column1_top_0: Starting process for DBN 6
pick_column1_top_0: Starting process for DBN 7
pick_column1_top_0: Received dict for DBN 0
pick_column1_top_0: Received dict for DBN 1
pick_column1_top_0: Received dict for DBN 2
pick_column1_top_0: Received dict for DBN 3
pick_column1_top_0: Received dict for DBN 4
pick_column1_top_0: Received dict for DBN 5
pick_column1_top_0: Received dict for DBN 6
pick_column1_top_0: Received dict for DBN 7
pick_column1_top_0: Sampling transitions and computing reward
pick_column1_top_0: Building transition/reward matrices
pick_column1_left_0: Identifying enabled states...
pick_column1_left_0: Splitting up datasets...
pick_column1_left_0: Learning DBNS...
pick_column1_left_0: Building transition dicts for each DBN
pick_column1_left_0: Starting process for DBN 0
pick_column1_left_0: Starting process for DBN 1
pick_column1_left_0: Starting process for DBN 2
pick_column1_left_0: Starting process for DBN 3
pick_column1_left_0: Starting process for DBN 4
pick_column1_left_0: Starting process for DBN 5
pick_column1_left_0: Starting process for DBN 6
pick_column1_left_0: Starting process for DBN 7
pick_column1_left_0: Received dict for DBN 0
pick_column1_left_0: Received dict for DBN 1
pick_column1_left_0: Received dict for DBN 2
pick_column1_left_0: Received dict for DBN 3
pick_column1_left_0: Received dict for DBN 4
pick_column1_left_0: Received dict for DBN 5
pick_column1_left_0: Received dict for DBN 6
pick_column1_left_0: Received dict for DBN 7
pick_column1_left_0: Sampling transitions and computing reward
pick_column1_left_0: Building transition/reward matrices
pick_column1_right_0: Identifying enabled states...
pick_column1_right_0: Splitting up datasets...
pick_column1_right_0: Learning DBNS...
pick_column1_right_0: Building transition dicts for each DBN
pick_column1_right_0: Starting process for DBN 0
pick_column1_right_0: Starting process for DBN 1
pick_column1_right_0: Starting process for DBN 2
pick_column1_right_0: Starting process for DBN 3
pick_column1_right_0: Starting process for DBN 4
pick_column1_right_0: Starting process for DBN 5
pick_column1_right_0: Starting process for DBN 6
pick_column1_right_0: Starting process for DBN 7
pick_column1_right_0: Received dict for DBN 0
pick_column1_right_0: Received dict for DBN 1
pick_column1_right_0: Received dict for DBN 2
pick_column1_right_0: Received dict for DBN 3
pick_column1_right_0: Received dict for DBN 4
pick_column1_right_0: Received dict for DBN 5
pick_column1_right_0: Received dict for DBN 6
pick_column1_right_0: Received dict for DBN 7
pick_column1_right_0: Sampling transitions and computing reward
pick_column1_right_0: Building transition/reward matrices
pick_column1_front_270: Identifying enabled states...
pick_column1_front_270: Splitting up datasets...
pick_column1_front_270: Learning DBNS...
pick_column1_front_270: Building transition dicts for each DBN
pick_column1_front_270: Starting process for DBN 0
pick_column1_front_270: Starting process for DBN 1
pick_column1_front_270: Starting process for DBN 2
pick_column1_front_270: Starting process for DBN 3
pick_column1_front_270: Starting process for DBN 4
pick_column1_front_270: Starting process for DBN 5
pick_column1_front_270: Starting process for DBN 6
pick_column1_front_270: Starting process for DBN 7
pick_column1_front_270: Received dict for DBN 0
pick_column1_front_270: Received dict for DBN 1
pick_column1_front_270: Received dict for DBN 2
pick_column1_front_270: Received dict for DBN 3
pick_column1_front_270: Received dict for DBN 4
pick_column1_front_270: Received dict for DBN 6
pick_column1_front_270: Received dict for DBN 5
pick_column1_front_270: Received dict for DBN 7
pick_column1_front_270: Sampling transitions and computing reward
pick_column1_front_270: Building transition/reward matrices
pick_column2_top_0: Identifying enabled states...
pick_column2_top_0: Splitting up datasets...
pick_column2_top_0: Learning DBNS...
pick_column2_top_0: Building transition dicts for each DBN
pick_column2_top_0: Starting process for DBN 0
pick_column2_top_0: Starting process for DBN 1
pick_column2_top_0: Starting process for DBN 2
pick_column2_top_0: Starting process for DBN 3
pick_column2_top_0: Starting process for DBN 4
pick_column2_top_0: Starting process for DBN 5
pick_column2_top_0: Starting process for DBN 6
pick_column2_top_0: Starting process for DBN 7
pick_column2_top_0: Received dict for DBN 0
pick_column2_top_0: Received dict for DBN 1
pick_column2_top_0: Received dict for DBN 2
pick_column2_top_0: Received dict for DBN 3
pick_column2_top_0: Received dict for DBN 4
pick_column2_top_0: Received dict for DBN 5
pick_column2_top_0: Received dict for DBN 6
pick_column2_top_0: Received dict for DBN 7
pick_column2_top_0: Sampling transitions and computing reward
pick_column2_top_0: Building transition/reward matrices
pick_column2_left_0: Identifying enabled states...
pick_column2_left_0: Splitting up datasets...
pick_column2_left_0: Learning DBNS...
pick_column2_left_0: Building transition dicts for each DBN
pick_column2_left_0: Starting process for DBN 0
pick_column2_left_0: Starting process for DBN 1
pick_column2_left_0: Starting process for DBN 2
pick_column2_left_0: Starting process for DBN 3
pick_column2_left_0: Starting process for DBN 4
pick_column2_left_0: Starting process for DBN 5
pick_column2_left_0: Starting process for DBN 6
pick_column2_left_0: Starting process for DBN 7
pick_column2_left_0: Received dict for DBN 0
pick_column2_left_0: Received dict for DBN 2
pick_column2_left_0: Received dict for DBN 1
pick_column2_left_0: Received dict for DBN 3
pick_column2_left_0: Received dict for DBN 4
pick_column2_left_0: Received dict for DBN 5
pick_column2_left_0: Received dict for DBN 6
pick_column2_left_0: Received dict for DBN 7
pick_column2_left_0: Sampling transitions and computing reward
pick_column2_left_0: Building transition/reward matrices
pick_column2_right_0: Identifying enabled states...
pick_column2_right_0: Splitting up datasets...
pick_column2_right_0: Learning DBNS...
pick_column2_right_0: Building transition dicts for each DBN
pick_column2_right_0: Starting process for DBN 0
pick_column2_right_0: Starting process for DBN 1
pick_column2_right_0: Starting process for DBN 2
pick_column2_right_0: Starting process for DBN 3
pick_column2_right_0: Starting process for DBN 4
pick_column2_right_0: Starting process for DBN 5
pick_column2_right_0: Starting process for DBN 6
pick_column2_right_0: Starting process for DBN 7
pick_column2_right_0: Received dict for DBN 0
pick_column2_right_0: Received dict for DBN 1
pick_column2_right_0: Received dict for DBN 2
pick_column2_right_0: Received dict for DBN 3
pick_column2_right_0: Received dict for DBN 4
pick_column2_right_0: Received dict for DBN 5
pick_column2_right_0: Received dict for DBN 6
pick_column2_right_0: Received dict for DBN 7
pick_column2_right_0: Sampling transitions and computing reward
pick_column2_right_0: Building transition/reward matrices
pick_column2_front_270: Identifying enabled states...
pick_column2_front_270: Splitting up datasets...
pick_column2_front_270: Learning DBNS...
pick_column2_front_270: Building transition dicts for each DBN
pick_column2_front_270: Starting process for DBN 0
pick_column2_front_270: Starting process for DBN 1
pick_column2_front_270: Starting process for DBN 2
pick_column2_front_270: Starting process for DBN 3
pick_column2_front_270: Starting process for DBN 4
pick_column2_front_270: Starting process for DBN 5
pick_column2_front_270: Starting process for DBN 6
pick_column2_front_270: Starting process for DBN 7
pick_column2_front_270: Received dict for DBN 0
pick_column2_front_270: Received dict for DBN 1
pick_column2_front_270: Received dict for DBN 2
pick_column2_front_270: Received dict for DBN 3
pick_column2_front_270: Received dict for DBN 4
pick_column2_front_270: Received dict for DBN 5
pick_column2_front_270: Received dict for DBN 6
pick_column2_front_270: Received dict for DBN 7
pick_column2_front_270: Sampling transitions and computing reward
pick_column2_front_270: Building transition/reward matrices
place_goal_0_top_0: Identifying enabled states...
place_goal_0_top_0: Splitting up datasets...
place_goal_0_top_0: Learning DBNS...
place_goal_0_top_0: Building transition dicts for each DBN
place_goal_0_top_0: Starting process for DBN 0
place_goal_0_top_0: Starting process for DBN 1
place_goal_0_top_0: Starting process for DBN 2
place_goal_0_top_0: Starting process for DBN 3
place_goal_0_top_0: Starting process for DBN 4
place_goal_0_top_0: Starting process for DBN 5
place_goal_0_top_0: Starting process for DBN 6
place_goal_0_top_0: Starting process for DBN 7
place_goal_0_top_0: Received dict for DBN 0
place_goal_0_top_0: Received dict for DBN 1
place_goal_0_top_0: Received dict for DBN 2
place_goal_0_top_0: Received dict for DBN 3
place_goal_0_top_0: Received dict for DBN 6
place_goal_0_top_0: Received dict for DBN 4
place_goal_0_top_0: Received dict for DBN 7
place_goal_0_top_0: Received dict for DBN 5
place_goal_0_top_0: Sampling transitions and computing reward
place_goal_0_top_0: Building transition/reward matrices
place_goal_0_left_0: Identifying enabled states...
place_goal_0_left_0: Splitting up datasets...
place_goal_0_left_0: Learning DBNS...
place_goal_0_left_0: Building transition dicts for each DBN
place_goal_0_left_0: Starting process for DBN 0
place_goal_0_left_0: Starting process for DBN 1
place_goal_0_left_0: Starting process for DBN 2
place_goal_0_left_0: Starting process for DBN 3
place_goal_0_left_0: Starting process for DBN 4
place_goal_0_left_0: Starting process for DBN 5
place_goal_0_left_0: Starting process for DBN 6
place_goal_0_left_0: Starting process for DBN 7
place_goal_0_left_0: Received dict for DBN 0
place_goal_0_left_0: Received dict for DBN 1
place_goal_0_left_0: Received dict for DBN 2
place_goal_0_left_0: Received dict for DBN 3
place_goal_0_left_0: Received dict for DBN 4
place_goal_0_left_0: Received dict for DBN 5
place_goal_0_left_0: Received dict for DBN 6
place_goal_0_left_0: Received dict for DBN 7
place_goal_0_left_0: Sampling transitions and computing reward
place_goal_0_left_0: Building transition/reward matrices
place_goal_0_right_0: Identifying enabled states...
place_goal_0_right_0: Splitting up datasets...
place_goal_0_right_0: Learning DBNS...
place_goal_0_right_0: Building transition dicts for each DBN
place_goal_0_right_0: Starting process for DBN 0
place_goal_0_right_0: Starting process for DBN 1
place_goal_0_right_0: Starting process for DBN 2
place_goal_0_right_0: Starting process for DBN 3
place_goal_0_right_0: Starting process for DBN 4
place_goal_0_right_0: Starting process for DBN 5
place_goal_0_right_0: Starting process for DBN 6
place_goal_0_right_0: Starting process for DBN 7
place_goal_0_right_0: Received dict for DBN 0
place_goal_0_right_0: Received dict for DBN 1
place_goal_0_right_0: Received dict for DBN 2
place_goal_0_right_0: Received dict for DBN 3
place_goal_0_right_0: Received dict for DBN 4
place_goal_0_right_0: Received dict for DBN 5
place_goal_0_right_0: Received dict for DBN 6
place_goal_0_right_0: Received dict for DBN 7
place_goal_0_right_0: Sampling transitions and computing reward
place_goal_0_right_0: Building transition/reward matrices
place_goal_0_front_270: Identifying enabled states...
place_goal_0_front_270: Splitting up datasets...
place_goal_0_front_270: Learning DBNS...
place_goal_0_front_270: Building transition dicts for each DBN
place_goal_0_front_270: Starting process for DBN 0
place_goal_0_front_270: Starting process for DBN 1
place_goal_0_front_270: Starting process for DBN 2
place_goal_0_front_270: Starting process for DBN 3
place_goal_0_front_270: Starting process for DBN 4
place_goal_0_front_270: Starting process for DBN 5
place_goal_0_front_270: Starting process for DBN 6
place_goal_0_front_270: Starting process for DBN 7
place_goal_0_front_270: Received dict for DBN 0
place_goal_0_front_270: Received dict for DBN 1
place_goal_0_front_270: Received dict for DBN 2
place_goal_0_front_270: Received dict for DBN 3
place_goal_0_front_270: Received dict for DBN 4
place_goal_0_front_270: Received dict for DBN 5
place_goal_0_front_270: Received dict for DBN 6
place_goal_0_front_270: Received dict for DBN 7
place_goal_0_front_270: Sampling transitions and computing reward
place_goal_0_front_270: Building transition/reward matrices
place_goal_1_top_0: Identifying enabled states...
place_goal_1_top_0: Splitting up datasets...
place_goal_1_top_0: Learning DBNS...
place_goal_1_top_0: Building transition dicts for each DBN
place_goal_1_top_0: Starting process for DBN 0
place_goal_1_top_0: Starting process for DBN 1
place_goal_1_top_0: Starting process for DBN 2
place_goal_1_top_0: Starting process for DBN 3
place_goal_1_top_0: Starting process for DBN 4
place_goal_1_top_0: Starting process for DBN 5
place_goal_1_top_0: Starting process for DBN 6
place_goal_1_top_0: Starting process for DBN 7
place_goal_1_top_0: Received dict for DBN 0
place_goal_1_top_0: Received dict for DBN 1
place_goal_1_top_0: Received dict for DBN 2
place_goal_1_top_0: Received dict for DBN 3
place_goal_1_top_0: Received dict for DBN 4
place_goal_1_top_0: Received dict for DBN 5
place_goal_1_top_0: Received dict for DBN 6
place_goal_1_top_0: Received dict for DBN 7
place_goal_1_top_0: Sampling transitions and computing reward
place_goal_1_top_0: Building transition/reward matrices
place_goal_1_left_0: Identifying enabled states...
place_goal_1_left_0: Splitting up datasets...
place_goal_1_left_0: Learning DBNS...
place_goal_1_left_0: Building transition dicts for each DBN
place_goal_1_left_0: Starting process for DBN 0
place_goal_1_left_0: Starting process for DBN 1
place_goal_1_left_0: Starting process for DBN 2
place_goal_1_left_0: Starting process for DBN 3
place_goal_1_left_0: Starting process for DBN 4
place_goal_1_left_0: Starting process for DBN 5
place_goal_1_left_0: Starting process for DBN 6
place_goal_1_left_0: Starting process for DBN 7
place_goal_1_left_0: Received dict for DBN 0
place_goal_1_left_0: Received dict for DBN 1
place_goal_1_left_0: Received dict for DBN 2
place_goal_1_left_0: Received dict for DBN 4
place_goal_1_left_0: Received dict for DBN 3
place_goal_1_left_0: Received dict for DBN 5
place_goal_1_left_0: Received dict for DBN 6
place_goal_1_left_0: Received dict for DBN 7
place_goal_1_left_0: Sampling transitions and computing reward
place_goal_1_left_0: Building transition/reward matrices
place_goal_1_right_0: Identifying enabled states...
place_goal_1_right_0: Splitting up datasets...
place_goal_1_right_0: Learning DBNS...
place_goal_1_right_0: Building transition dicts for each DBN
place_goal_1_right_0: Starting process for DBN 0
place_goal_1_right_0: Starting process for DBN 1
place_goal_1_right_0: Starting process for DBN 2
place_goal_1_right_0: Starting process for DBN 3
place_goal_1_right_0: Starting process for DBN 4
place_goal_1_right_0: Starting process for DBN 5
place_goal_1_right_0: Starting process for DBN 6
place_goal_1_right_0: Starting process for DBN 7
place_goal_1_right_0: Received dict for DBN 0
place_goal_1_right_0: Received dict for DBN 1
place_goal_1_right_0: Received dict for DBN 2
place_goal_1_right_0: Received dict for DBN 3
place_goal_1_right_0: Received dict for DBN 4
place_goal_1_right_0: Received dict for DBN 5
place_goal_1_right_0: Received dict for DBN 6
place_goal_1_right_0: Received dict for DBN 7
place_goal_1_right_0: Sampling transitions and computing reward
place_goal_1_right_0: Building transition/reward matrices
place_goal_1_front_270: Identifying enabled states...
place_goal_1_front_270: Splitting up datasets...
place_goal_1_front_270: Learning DBNS...
place_goal_1_front_270: Building transition dicts for each DBN
place_goal_1_front_270: Starting process for DBN 0
place_goal_1_front_270: Starting process for DBN 1
place_goal_1_front_270: Starting process for DBN 2
place_goal_1_front_270: Starting process for DBN 3
place_goal_1_front_270: Starting process for DBN 4
place_goal_1_front_270: Starting process for DBN 5
place_goal_1_front_270: Starting process for DBN 6
place_goal_1_front_270: Starting process for DBN 7
place_goal_1_front_270: Received dict for DBN 0
place_goal_1_front_270: Received dict for DBN 1
place_goal_1_front_270: Received dict for DBN 2
place_goal_1_front_270: Received dict for DBN 3
place_goal_1_front_270: Received dict for DBN 4
place_goal_1_front_270: Received dict for DBN 6
place_goal_1_front_270: Received dict for DBN 5
place_goal_1_front_270: Received dict for DBN 7
place_goal_1_front_270: Sampling transitions and computing reward
place_goal_1_front_270: Building transition/reward matrices
place_goal_2_top_0: Identifying enabled states...
place_goal_2_top_0: Splitting up datasets...
place_goal_2_top_0: Learning DBNS...
place_goal_2_top_0: Building transition dicts for each DBN
place_goal_2_top_0: Starting process for DBN 0
place_goal_2_top_0: Starting process for DBN 1
place_goal_2_top_0: Starting process for DBN 2
place_goal_2_top_0: Starting process for DBN 3
place_goal_2_top_0: Starting process for DBN 4
place_goal_2_top_0: Starting process for DBN 5
place_goal_2_top_0: Starting process for DBN 6
place_goal_2_top_0: Starting process for DBN 7
place_goal_2_top_0: Received dict for DBN 0
place_goal_2_top_0: Received dict for DBN 1
place_goal_2_top_0: Received dict for DBN 2
place_goal_2_top_0: Received dict for DBN 3
place_goal_2_top_0: Received dict for DBN 4
place_goal_2_top_0: Received dict for DBN 5
place_goal_2_top_0: Received dict for DBN 6
place_goal_2_top_0: Received dict for DBN 7
place_goal_2_top_0: Sampling transitions and computing reward
place_goal_2_top_0: Building transition/reward matrices
place_goal_2_left_0: Identifying enabled states...
place_goal_2_left_0: Splitting up datasets...
place_goal_2_left_0: Learning DBNS...
place_goal_2_left_0: Building transition dicts for each DBN
place_goal_2_left_0: Starting process for DBN 0
place_goal_2_left_0: Starting process for DBN 1
place_goal_2_left_0: Starting process for DBN 2
place_goal_2_left_0: Starting process for DBN 3
place_goal_2_left_0: Starting process for DBN 4
place_goal_2_left_0: Starting process for DBN 5
place_goal_2_left_0: Starting process for DBN 6
place_goal_2_left_0: Starting process for DBN 7
place_goal_2_left_0: Received dict for DBN 0
place_goal_2_left_0: Received dict for DBN 1
place_goal_2_left_0: Received dict for DBN 2
place_goal_2_left_0: Received dict for DBN 3
place_goal_2_left_0: Received dict for DBN 4
place_goal_2_left_0: Received dict for DBN 5
place_goal_2_left_0: Received dict for DBN 6
place_goal_2_left_0: Received dict for DBN 7
place_goal_2_left_0: Sampling transitions and computing reward
place_goal_2_left_0: Building transition/reward matrices
place_goal_2_right_0: Identifying enabled states...
place_goal_2_right_0: Splitting up datasets...
place_goal_2_right_0: Learning DBNS...
place_goal_2_right_0: Building transition dicts for each DBN
place_goal_2_right_0: Starting process for DBN 0
place_goal_2_right_0: Starting process for DBN 1
place_goal_2_right_0: Starting process for DBN 2
place_goal_2_right_0: Starting process for DBN 3
place_goal_2_right_0: Starting process for DBN 4
place_goal_2_right_0: Starting process for DBN 5
place_goal_2_right_0: Starting process for DBN 6
place_goal_2_right_0: Starting process for DBN 7
place_goal_2_right_0: Received dict for DBN 0
place_goal_2_right_0: Received dict for DBN 1
place_goal_2_right_0: Received dict for DBN 2
place_goal_2_right_0: Received dict for DBN 3
place_goal_2_right_0: Received dict for DBN 4
place_goal_2_right_0: Received dict for DBN 5
place_goal_2_right_0: Received dict for DBN 6
place_goal_2_right_0: Received dict for DBN 7
place_goal_2_right_0: Sampling transitions and computing reward
place_goal_2_right_0: Building transition/reward matrices
place_goal_2_front_270: Identifying enabled states...
place_goal_2_front_270: Splitting up datasets...
place_goal_2_front_270: Learning DBNS...
place_goal_2_front_270: Building transition dicts for each DBN
place_goal_2_front_270: Starting process for DBN 0
place_goal_2_front_270: Starting process for DBN 1
place_goal_2_front_270: Starting process for DBN 2
place_goal_2_front_270: Starting process for DBN 3
place_goal_2_front_270: Starting process for DBN 4
place_goal_2_front_270: Starting process for DBN 5
place_goal_2_front_270: Starting process for DBN 6
place_goal_2_front_270: Starting process for DBN 7
place_goal_2_front_270: Received dict for DBN 0
place_goal_2_front_270: Received dict for DBN 1
place_goal_2_front_270: Received dict for DBN 2
place_goal_2_front_270: Received dict for DBN 3
place_goal_2_front_270: Received dict for DBN 4
place_goal_2_front_270: Received dict for DBN 5
place_goal_2_front_270: Received dict for DBN 6
place_goal_2_front_270: Received dict for DBN 7
place_goal_2_front_270: Sampling transitions and computing reward
place_goal_2_front_270: Building transition/reward matrices
place_region_0_top_0: Identifying enabled states...
place_region_0_top_0: Splitting up datasets...
place_region_0_top_0: Learning DBNS...
place_region_0_top_0: Building transition dicts for each DBN
place_region_0_top_0: Starting process for DBN 0
place_region_0_top_0: Starting process for DBN 1
place_region_0_top_0: Starting process for DBN 2
place_region_0_top_0: Starting process for DBN 3
place_region_0_top_0: Starting process for DBN 4
place_region_0_top_0: Starting process for DBN 5
place_region_0_top_0: Starting process for DBN 6
place_region_0_top_0: Starting process for DBN 7
place_region_0_top_0: Received dict for DBN 1
place_region_0_top_0: Received dict for DBN 0
place_region_0_top_0: Received dict for DBN 2
place_region_0_top_0: Received dict for DBN 3
place_region_0_top_0: Received dict for DBN 4
place_region_0_top_0: Received dict for DBN 5
place_region_0_top_0: Received dict for DBN 6
place_region_0_top_0: Received dict for DBN 7
place_region_0_top_0: Sampling transitions and computing reward
place_region_0_top_0: Building transition/reward matrices
place_region_0_left_0: Identifying enabled states...
place_region_0_left_0: Splitting up datasets...
place_region_0_left_0: Learning DBNS...
place_region_0_left_0: Building transition dicts for each DBN
place_region_0_left_0: Starting process for DBN 0
place_region_0_left_0: Starting process for DBN 1
place_region_0_left_0: Starting process for DBN 2
place_region_0_left_0: Starting process for DBN 3
place_region_0_left_0: Starting process for DBN 4
place_region_0_left_0: Starting process for DBN 5
place_region_0_left_0: Starting process for DBN 6
place_region_0_left_0: Starting process for DBN 7
place_region_0_left_0: Received dict for DBN 0
place_region_0_left_0: Received dict for DBN 1
place_region_0_left_0: Received dict for DBN 2
place_region_0_left_0: Received dict for DBN 3
place_region_0_left_0: Received dict for DBN 4
place_region_0_left_0: Received dict for DBN 5
place_region_0_left_0: Received dict for DBN 6
place_region_0_left_0: Received dict for DBN 7
place_region_0_left_0: Sampling transitions and computing reward
place_region_0_left_0: Building transition/reward matrices
place_region_0_right_0: Identifying enabled states...
place_region_0_right_0: Splitting up datasets...
place_region_0_right_0: Learning DBNS...
place_region_0_right_0: Building transition dicts for each DBN
place_region_0_right_0: Starting process for DBN 0
place_region_0_right_0: Starting process for DBN 1
place_region_0_right_0: Starting process for DBN 2
place_region_0_right_0: Starting process for DBN 3
place_region_0_right_0: Starting process for DBN 4
place_region_0_right_0: Starting process for DBN 5
place_region_0_right_0: Starting process for DBN 6
place_region_0_right_0: Starting process for DBN 7
place_region_0_right_0: Received dict for DBN 0
place_region_0_right_0: Received dict for DBN 1
place_region_0_right_0: Received dict for DBN 2
place_region_0_right_0: Received dict for DBN 3
place_region_0_right_0: Received dict for DBN 4
place_region_0_right_0: Received dict for DBN 5
place_region_0_right_0: Received dict for DBN 6
place_region_0_right_0: Received dict for DBN 7
place_region_0_right_0: Sampling transitions and computing reward
place_region_0_right_0: Building transition/reward matrices
place_region_0_front_270: Identifying enabled states...
place_region_0_front_270: Splitting up datasets...
place_region_0_front_270: Learning DBNS...
place_region_0_front_270: Building transition dicts for each DBN
place_region_0_front_270: Starting process for DBN 0
place_region_0_front_270: Starting process for DBN 1
place_region_0_front_270: Starting process for DBN 2
place_region_0_front_270: Starting process for DBN 3
place_region_0_front_270: Starting process for DBN 4
place_region_0_front_270: Starting process for DBN 5
place_region_0_front_270: Starting process for DBN 6
place_region_0_front_270: Starting process for DBN 7
place_region_0_front_270: Received dict for DBN 0
place_region_0_front_270: Received dict for DBN 1
place_region_0_front_270: Received dict for DBN 2
place_region_0_front_270: Received dict for DBN 3
place_region_0_front_270: Received dict for DBN 4
place_region_0_front_270: Received dict for DBN 5
place_region_0_front_270: Received dict for DBN 6
place_region_0_front_270: Received dict for DBN 7
place_region_0_front_270: Sampling transitions and computing reward
place_region_0_front_270: Building transition/reward matrices
place_region_1_top_0: Identifying enabled states...
place_region_1_top_0: Splitting up datasets...
place_region_1_top_0: Learning DBNS...
place_region_1_top_0: Building transition dicts for each DBN
place_region_1_top_0: Starting process for DBN 0
place_region_1_top_0: Starting process for DBN 1
place_region_1_top_0: Starting process for DBN 2
place_region_1_top_0: Starting process for DBN 3
place_region_1_top_0: Starting process for DBN 4
place_region_1_top_0: Starting process for DBN 5
place_region_1_top_0: Starting process for DBN 6
place_region_1_top_0: Starting process for DBN 7
place_region_1_top_0: Received dict for DBN 0
place_region_1_top_0: Received dict for DBN 1
place_region_1_top_0: Received dict for DBN 2
place_region_1_top_0: Received dict for DBN 3
place_region_1_top_0: Received dict for DBN 4
place_region_1_top_0: Received dict for DBN 5
place_region_1_top_0: Received dict for DBN 7
place_region_1_top_0: Received dict for DBN 6
place_region_1_top_0: Sampling transitions and computing reward
place_region_1_top_0: Building transition/reward matrices
place_region_1_left_0: Identifying enabled states...
place_region_1_left_0: Splitting up datasets...
place_region_1_left_0: Learning DBNS...
place_region_1_left_0: Building transition dicts for each DBN
place_region_1_left_0: Starting process for DBN 0
place_region_1_left_0: Starting process for DBN 1
place_region_1_left_0: Starting process for DBN 2
place_region_1_left_0: Starting process for DBN 3
place_region_1_left_0: Starting process for DBN 4
place_region_1_left_0: Starting process for DBN 5
place_region_1_left_0: Starting process for DBN 6
place_region_1_left_0: Starting process for DBN 7
place_region_1_left_0: Received dict for DBN 0
place_region_1_left_0: Received dict for DBN 1
place_region_1_left_0: Received dict for DBN 2
place_region_1_left_0: Received dict for DBN 3
place_region_1_left_0: Received dict for DBN 4
place_region_1_left_0: Received dict for DBN 5
place_region_1_left_0: Received dict for DBN 7
place_region_1_left_0: Received dict for DBN 6
place_region_1_left_0: Sampling transitions and computing reward
place_region_1_left_0: Building transition/reward matrices
place_region_1_right_0: Identifying enabled states...
place_region_1_right_0: Splitting up datasets...
place_region_1_right_0: Learning DBNS...
place_region_1_right_0: Building transition dicts for each DBN
place_region_1_right_0: Starting process for DBN 0
place_region_1_right_0: Starting process for DBN 1
place_region_1_right_0: Starting process for DBN 2
place_region_1_right_0: Starting process for DBN 3
place_region_1_right_0: Starting process for DBN 4
place_region_1_right_0: Starting process for DBN 5
place_region_1_right_0: Starting process for DBN 6
place_region_1_right_0: Starting process for DBN 7
place_region_1_right_0: Received dict for DBN 0
place_region_1_right_0: Received dict for DBN 1
place_region_1_right_0: Received dict for DBN 2
place_region_1_right_0: Received dict for DBN 3
place_region_1_right_0: Received dict for DBN 4
place_region_1_right_0: Received dict for DBN 5
place_region_1_right_0: Received dict for DBN 6
place_region_1_right_0: Received dict for DBN 7
place_region_1_right_0: Sampling transitions and computing reward
place_region_1_right_0: Building transition/reward matrices
place_region_1_front_270: Identifying enabled states...
place_region_1_front_270: Splitting up datasets...
place_region_1_front_270: Learning DBNS...
place_region_1_front_270: Building transition dicts for each DBN
place_region_1_front_270: Starting process for DBN 0
place_region_1_front_270: Starting process for DBN 1
place_region_1_front_270: Starting process for DBN 2
place_region_1_front_270: Starting process for DBN 3
place_region_1_front_270: Starting process for DBN 4
place_region_1_front_270: Starting process for DBN 5
place_region_1_front_270: Starting process for DBN 6
place_region_1_front_270: Starting process for DBN 7
place_region_1_front_270: Received dict for DBN 0
place_region_1_front_270: Received dict for DBN 1
place_region_1_front_270: Received dict for DBN 2
place_region_1_front_270: Received dict for DBN 3
place_region_1_front_270: Received dict for DBN 4
place_region_1_front_270: Received dict for DBN 5
place_region_1_front_270: Received dict for DBN 6
place_region_1_front_270: Received dict for DBN 7
place_region_1_front_270: Sampling transitions and computing reward
place_region_1_front_270: Building transition/reward matrices
place_region_2_top_0: Identifying enabled states...
place_region_2_top_0: Splitting up datasets...
place_region_2_top_0: Learning DBNS...
place_region_2_top_0: Building transition dicts for each DBN
place_region_2_top_0: Starting process for DBN 0
place_region_2_top_0: Starting process for DBN 1
place_region_2_top_0: Starting process for DBN 2
place_region_2_top_0: Starting process for DBN 3
place_region_2_top_0: Starting process for DBN 4
place_region_2_top_0: Starting process for DBN 5
place_region_2_top_0: Starting process for DBN 6
place_region_2_top_0: Starting process for DBN 7
place_region_2_top_0: Received dict for DBN 0
place_region_2_top_0: Received dict for DBN 1
place_region_2_top_0: Received dict for DBN 2
place_region_2_top_0: Received dict for DBN 3
place_region_2_top_0: Received dict for DBN 4
place_region_2_top_0: Received dict for DBN 5
place_region_2_top_0: Received dict for DBN 6
place_region_2_top_0: Received dict for DBN 7
place_region_2_top_0: Sampling transitions and computing reward
place_region_2_top_0: Building transition/reward matrices
place_region_2_left_0: Identifying enabled states...
place_region_2_left_0: Splitting up datasets...
place_region_2_left_0: Learning DBNS...
place_region_2_left_0: Building transition dicts for each DBN
place_region_2_left_0: Starting process for DBN 0
place_region_2_left_0: Starting process for DBN 1
place_region_2_left_0: Starting process for DBN 2
place_region_2_left_0: Starting process for DBN 3
place_region_2_left_0: Starting process for DBN 4
place_region_2_left_0: Starting process for DBN 5
place_region_2_left_0: Starting process for DBN 6
place_region_2_left_0: Starting process for DBN 7
place_region_2_left_0: Received dict for DBN 0
place_region_2_left_0: Received dict for DBN 1
place_region_2_left_0: Received dict for DBN 2
place_region_2_left_0: Received dict for DBN 3
place_region_2_left_0: Received dict for DBN 4
place_region_2_left_0: Received dict for DBN 5
place_region_2_left_0: Received dict for DBN 6
place_region_2_left_0: Received dict for DBN 7
place_region_2_left_0: Sampling transitions and computing reward
place_region_2_left_0: Building transition/reward matrices
place_region_2_right_0: Identifying enabled states...
place_region_2_right_0: Splitting up datasets...
place_region_2_right_0: Learning DBNS...
place_region_2_right_0: Building transition dicts for each DBN
place_region_2_right_0: Starting process for DBN 0
place_region_2_right_0: Starting process for DBN 1
place_region_2_right_0: Starting process for DBN 2
place_region_2_right_0: Starting process for DBN 3
place_region_2_right_0: Starting process for DBN 4
place_region_2_right_0: Starting process for DBN 5
place_region_2_right_0: Starting process for DBN 6
place_region_2_right_0: Starting process for DBN 7
place_region_2_right_0: Received dict for DBN 0
place_region_2_right_0: Received dict for DBN 1
place_region_2_right_0: Received dict for DBN 2
place_region_2_right_0: Received dict for DBN 3
place_region_2_right_0: Received dict for DBN 4
place_region_2_right_0: Received dict for DBN 5
place_region_2_right_0: Received dict for DBN 6
place_region_2_right_0: Received dict for DBN 7
place_region_2_right_0: Sampling transitions and computing reward
place_region_2_right_0: Building transition/reward matrices
place_region_2_front_270: Identifying enabled states...
place_region_2_front_270: Splitting up datasets...
place_region_2_front_270: Learning DBNS...
place_region_2_front_270: Building transition dicts for each DBN
place_region_2_front_270: Starting process for DBN 0
place_region_2_front_270: Starting process for DBN 1
place_region_2_front_270: Starting process for DBN 2
place_region_2_front_270: Starting process for DBN 3
place_region_2_front_270: Starting process for DBN 4
place_region_2_front_270: Starting process for DBN 5
place_region_2_front_270: Starting process for DBN 6
place_region_2_front_270: Starting process for DBN 7
place_region_2_front_270: Received dict for DBN 0
place_region_2_front_270: Received dict for DBN 1
place_region_2_front_270: Received dict for DBN 2
place_region_2_front_270: Received dict for DBN 3
place_region_2_front_270: Received dict for DBN 4
place_region_2_front_270: Received dict for DBN 5
place_region_2_front_270: Received dict for DBN 6
place_region_2_front_270: Received dict for DBN 7
place_region_2_front_270: Sampling transitions and computing reward
place_region_2_front_270: Building transition/reward matrices
Building MDP...
Synthesising Policy...
Solving MDP for timestep: 49
Solving MDP for timestep: 48
Solving MDP for timestep: 47
Solving MDP for timestep: 46
Solving MDP for timestep: 45
Solving MDP for timestep: 44
Solving MDP for timestep: 43
Solving MDP for timestep: 42
Solving MDP for timestep: 41
Solving MDP for timestep: 40
Solving MDP for timestep: 39
Solving MDP for timestep: 38
Solving MDP for timestep: 37
Solving MDP for timestep: 36
Solving MDP for timestep: 35
Solving MDP for timestep: 34
Solving MDP for timestep: 33
Solving MDP for timestep: 32
Solving MDP for timestep: 31
Solving MDP for timestep: 30
Solving MDP for timestep: 29
Solving MDP for timestep: 28
Solving MDP for timestep: 27
Solving MDP for timestep: 26
Solving MDP for timestep: 25
Solving MDP for timestep: 24
Solving MDP for timestep: 23
Solving MDP for timestep: 22
Solving MDP for timestep: 21
Solving MDP for timestep: 20
Solving MDP for timestep: 19
Solving MDP for timestep: 18
Solving MDP for timestep: 17
Solving MDP for timestep: 16
Solving MDP for timestep: 15
Solving MDP for timestep: 14
Solving MDP for timestep: 13
Solving MDP for timestep: 12
Solving MDP for timestep: 11
Solving MDP for timestep: 10
Solving MDP for timestep: 9
Solving MDP for timestep: 8
Solving MDP for timestep: 7
Solving MDP for timestep: 6
Solving MDP for timestep: 5
Solving MDP for timestep: 4
Solving MDP for timestep: 3
Solving MDP for timestep: 2
Solving MDP for timestep: 1
Solving MDP for timestep: 0
MAX Exploration Cycle Finished, exploration time 3.0994415283203125e-06
