Warning: Ignoring XDG_SESSION_TYPE=wayland on Gnome. Use QT_QPA_PLATFORM=wayland to run on Wayland anyway.
Warning: Ignoring XDG_SESSION_TYPE=wayland on Gnome. Use QT_QPA_PLATFORM=wayland to run on Wayland anyway.
[CoppeliaSimClient]   loading the CoppeliaSim library...
[CoppeliaSimClient:loadinfo]   done.
[CoppeliaSimClient:loadinfo]   launching CoppeliaSim...
[CoppeliaSim:loadinfo]   Application directory is /home/kolletms/CoppeliaSim_Edu_V4_10_0_rev0_Ubuntu22_04
[CoppeliaSim:loadinfo]   user settings file is /home/kolletms/.CoppeliaSim/usrset.txt
[CoppeliaSim:loadinfo]   CoppeliaSim v4.10.0 (rev. 0), flavor: 1, linux
[CoppeliaSim:loadinfo]   ds:   0
[CoppeliaSim:loadinfo]   msnd: 3877218058
[CoppeliaSim:loadinfo]   ms:   3877218058
[CoppeliaSim:loadinfo]   midx: BC13-4AFB-53DE-8CCA-F764-4A0D
[CoppeliaSim:loadinfo]   did:  
[CoppeliaSim:loadinfo]   mid0: FC97-7379-1C16-0023-1C17-0101
[CoppeliaSim:loadinfo]   mid1: FC9773791C1600231C17
[CoppeliaSim:loadinfo]   mid2: 7AB7966CC9EF9BB7FD7FEC7D769DC7BA
[CoppeliaSim:loadinfo]   mid3: 04E3981EA27E99B4CE66
[CoppeliaSim:loadinfo]   k:    687FFE88B3DF088E5DDD414A
[CoppeliaSim:loadinfo]   plugin simIK0: loading...
[CoppeliaSim:loadinfo]   plugin simIK0: done.
[CoppeliaSim:loadinfo]   primary screen physical dots per inch: 165
[CoppeliaSim:loadinfo]   display scaling (guessed): 100
[CoppeliaSim:loadinfo]   simulator launched.
[CoppeliaSim:loadinfo]   plugin 'BWF': loading...
[CoppeliaSim:loadinfo]   plugin 'BWF': load succeeded.
[CoppeliaSim:loadinfo]   plugin 'RemoteApi': loading...
[CoppeliaSim:loadinfo]   plugin 'RemoteApi': load succeeded.
[CoppeliaSim:loadinfo]   SK:   687FFE88B3DF088E5DDD414A
[CoppeliaSim:loadinfo]   initializing the sandbox script...
[sandboxScript:loadinfo]   plugin simZMQ: loading...
[sandboxScript:loadinfo]   plugin simZMQ: done.
[sandboxScript:loadinfo]   plugin simSubprocess: loading...
[sandboxScript:loadinfo]   plugin simSubprocess: done.
[sandboxScript:info]   Simulator launched, welcome! 
[CoppeliaSim:loadinfo]   sandbox script initialized.
[CoppeliaSim:loadinfo]   add-on '3D text generator.lua' was loaded.
[CoppeliaSim:loadinfo]   add-on 'Add-on edit.lua' was loaded.
[CoppeliaSim:loadinfo]   add-on 'Alias change.lua' was loaded.
[CoppeliaSim:loadinfo]   add-on 'Animation capture.lua' was loaded.
[CoppeliaSim:loadinfo]   add-on 'B0 remote Api server.lua' was loaded.
[CoppeliaSim:loadinfo]   add-on 'Button action.lua' was loaded.
[CoppeliaSim:loadinfo]   add-on 'Collision check.lua' was loaded.
[CoppeliaSim:loadinfo]   add-on 'Color changer.lua' was loaded.
[CoppeliaSim:loadinfo]   add-on 'Commander.lua' was loaded.
[CoppeliaSim:loadinfo]   add-on 'Contact display.lua' was loaded.
[CoppeliaSim:loadinfo]   add-on 'Convex decomposition hacd.lua' was loaded.
[CoppeliaSim:loadinfo]   add-on 'Convex decomposition vhacd.lua' was loaded.
[CoppeliaSim:loadinfo]   add-on 'Convex hull.lua' was loaded.
[CoppeliaSim:loadinfo]   add-on 'Create dummies on mesh surface.lua' was loaded.
[CoppeliaSim:loadinfo]   add-on 'Define joint group.lua' was loaded.
[CoppeliaSim:loadinfo]   add-on 'Denavit Hartenberg creator.lua' was loaded.
[CoppeliaSim:loadinfo]   add-on 'Denavit Hartenberg extractor.lua' was loaded.
[CoppeliaSim:loadinfo]   add-on 'Distance check.lua' was loaded.
[CoppeliaSim:loadinfo]   add-on 'Distribute objects uniformly.lua' was loaded.
[CoppeliaSim:loadinfo]   add-on 'Event viewer.lua' was loaded.
[CoppeliaSim:loadinfo]   add-on 'Events capture.lua' was loaded.
[CoppeliaSim:loadinfo]   add-on 'Events dump exporter.lua' was loaded.
[CoppeliaSim:loadinfo]   add-on 'External model auto reload.lua' was loaded.
[CoppeliaSim:loadinfo]   add-on 'External model auto save.lua' was loaded.
[CoppeliaSim:loadinfo]   add-on 'External model load.lua' was loaded.
[CoppeliaSim:loadinfo]   add-on 'External model reload selected.lua' was loaded.
[CoppeliaSim:loadinfo]   add-on 'External model save.lua' was loaded.
[CoppeliaSim:loadinfo]   add-on 'Find in scripts.lua' was loaded.
[CoppeliaSim:loadinfo]   add-on 'Find midpoint.lua' was loaded.
[CoppeliaSim:loadinfo]   add-on 'Floor plan importer.lua' was loaded.
[CoppeliaSim:loadinfo]   add-on 'GLTF animation exporter.lua' was loaded.
[CoppeliaSim:loadinfo]   add-on 'GLTF exporter.lua' was loaded.
[CoppeliaSim:loadinfo]   add-on 'I> nverse Kinematics generator.lua' was loaded.
[CoppeliaSim:loadinfo]   add-on 'Isometric scaling.lua' was loaded.
[CoppeliaSim:loadinfo]   add-on 'Joint tool.lua' was loaded.
[CoppeliaSim:loadinfo]   add-on 'LDraw importer.lua' was loaded.
[CoppeliaSim:loadinfo]   add-on 'Make objects same appearance.lua' was loaded.
[CoppeliaSim:loadinfo]   add-on 'Measure distance and direction.lua' was loaded.
[CoppeliaSim:loadinfo]   add-on 'Mesh decimation.lua' was loaded.
[CoppeliaSim:loadinfo]   add-on 'Mesh difference.lua' was loaded.
[CoppeliaSim:loadinfo]   add-on 'Mesh intersection.lua' was loaded.
[CoppeliaSim:loadinfo]   add-on 'Mesh subdivision.lua' was loaded.
[CoppeliaSim:loadinfo]   add-on 'Mesh symmetric difference.lua' was loaded.
[CoppeliaSim:loadinfo]   add-on 'Mesh union.lua' was loaded.
[CoppeliaSim:loadinfo]   add-on 'Message viewer.lua' was loaded.
[CoppeliaSim:loadinfo]   add-on 'Minimalistic exporter.lua' was loaded.
[CoppeliaSim:loadinfo]   add-on 'Minimalistic importer.lua' was loaded.
[CoppeliaSim:loadinfo]   add-on 'Motion Planning generator.lua' was loaded.
[CoppeliaSim:loadinfo]   add-on 'Notepad++ autocompletion.lua' was loaded.
[CoppeliaSim:loadinfo]   add-on 'Pause Stop Simulation on Condition.lua' was loaded.
[CoppeliaSim:loadinfo]   add-on 'Plugin enumerator.lua' was loaded.
[CoppeliaSim:loadinfo]   add-on 'Point cloud importer.lua' was loaded.
[CoppeliaSim:loadinfo]   add-on 'Point sampler interactive.lua' was loaded.
[CoppeliaSim:loadinfo]   add-on 'Point sampler service.lua' was loaded.
[CoppeliaSim:loadinfo]   add-on 'Property explorer.lua' was loaded.
[CoppeliaSim:loadinfo]   add-on 'PyRep.lua' was loaded.
[CoppeliaSim:loadinfo]   add-on 'Referenced handles explorer.lua' was loaded.
[CoppeliaSim:loadinfo]   add-on 'Referenced handles highlight.lua' was loaded.
[CoppeliaSim:loadinfo]   add-on 'Screenshot tool.lua' was loaded.
[CoppeliaSim:loadinfo]   add-on 'Script capture.lua' was loaded.
[CoppeliaSim:loadinfo]   add-on 'SDF importer.lua' was loaded.
[CoppeliaSim:loadinfo]   add-on 'Simulation stepper.lua' was loaded.
[CoppeliaSim:loadinfo]   add-on 'Subdivide large triangles.lua' was loaded.
[CoppeliaSim:loadinfo]   add-on 'Surface reconstruction.lua' was loaded.
[CoppeliaSim:loadinfo]   add-on 'Translate to align vertex.lua' was loaded.
[CoppeliaSim:loadinfo]   add-on 'URDF exporter.lua' was loaded.
[CoppeliaSim:loadinfo]   add-on 'URDF importer.lua' was loaded.
[CoppeliaSim:loadinfo]   add-on 'URL drop service.lua' was loaded.
[CoppeliaSim:loadinfo]   add-on 'Video recorder.lua' was loaded.
[CoppeliaSim:loadinfo]   add-on 'Visualization stream.lua' was loaded.
[CoppeliaSim:loadinfo]   add-on 'WS remote API server.lua' was loaded.
[CoppeliaSim:loadinfo]   add-on 'ZMQ remote API server.lua' was loaded.
[CoppeliaSim:loadinfo]   add-on 'Convex decomposition coacd.py' was loaded.
[Developer tools >> Commander >> Commander@addOnScript:loadinfo]   plugin simCmd: loading...
[simCmd:warning]   Selected script: Sandbox (Python)
[Developer tools >> Commander >> Commander@addOnScript:loadinfo]   plugin simCmd: done.
[Connectivity >> WebSocket remote API server@addOnScript:loadinfo]   plugin simWS: loading...
[Connectivity >> WebSocket remote API server@addOnScript:loadinfo]   plugin simWS: done.
[Connectivity >> WebSocket remote API server@addOnScript:info]   WebSocket Remote API server starting (port=23050)...
[Connectivity >> ZMQ remote API server@addOnScript:info]   ZeroMQ Remote API server starting (rpcPort=23001)...
[/UR10/followPath:loadinfo]   plugin simIK: loading...
[/UR10/followPath:loadinfo]   plugin simIK: done.
[/UR10/followPath:loadinfo]   plugin simOMPL: loading...
[/UR10/followPath:loadinfo]   plugin simOMPL: done.
/Floor, 13
/MPO_700, 86
/assembly_table, 88
/obs1, 133
/obs2, 135
/obs0, 137
/column0, 139
/column1, 143
/column2, 141
[/UR10/followPath:warning]   sim.switchThread is deprecated. please use sim.step instead. (control verbosity via notifyDeprecated in usrset.txt)
[/moveToPose:warning]   sim.setThreadSwitchTiming is deprecated. please use sim.setAutoYieldDelay instead. (control verbosity via notifyDeprecated in usrset.txt)
[/moveToPose:warning]   sim.switchThread is deprecated. please use sim.step instead. (control verbosity via notifyDeprecated in usrset.txt)
[sandboxScript:info]   Simulation started.
[CoppeliaSim:loadinfo]   plugin simGeom: loading...
[CoppeliaSim:loadinfo]   plugin simGeom: done.
[CoppeliaSim:loadinfo]   plugin simBullet-2-83: loading...
[CoppeliaSim:loadinfo]   plugin simBullet-2-83: done.
[CoppeliaSim:warning]   Detected non-default settings (time steps and/or dyn. engine global settings).
[sandboxScript:info]   Simulation stopping...
[sandboxScript:info]   Simulation stopped.
[sandboxScript:info]   Simulation started.
[CoppeliaSim:warning]   Detected non-default settings (time steps and/or dyn. engine global settings).
[sandboxScript:info]   Simulation stopping...
[sandboxScript:info]   Simulation stopped.
[sandboxScript:info]   Simulation started.
[CoppeliaSim:warning]   Detected non-default settings (time steps and/or dyn. engine global settings).
Target signal recieved..
IK solutions found:, 15
Planning ...
Collision pairs set
goal state set
task setup complete
solving task...
OMPL states:, 200.
path found
Validating path...
valid path found, generating trajectory...
[/UR10/followPath:warning]   module 'matrix' was implicitly loaded.
[/UR10/followPath:warning]   "matrix" module is deprecated. please use simEigen
Trajectory points:, 1000.
Duration:, 3.574849
excecuting path...
current error: , 0.100078
current error: , 0.100078
current error: , 0.017089
Final error:, 0.000257
[CoppeliaSim:loadinfo]   plugin simRuckig: loading...
[CoppeliaSim:loadinfo]   plugin simRuckig: done.
Target signal recieved..
IK solutions found:, 15
Planning ...
Collision pairs set
goal state set
task setup complete
solving task...
OMPL states:, 200.
path found
Validating path...
valid path found, generating trajectory...
Trajectory points:, 1000.
Duration:, 9.263875
excecuting path...
current error: , 1.284573
current error: , 1.284573
current error: , 1.200861
current error: , 1.117134
current error: , 1.033418
current error: , 0.949743
current error: , 0.866052
current error: , 0.782331
current error: , 0.698627
current error: , 0.614921
current error: , 0.531235
current error: , 0.447557
current error: , 0.3639
current error: , 0.280199
current error: , 0.196468
current error: , 0.11274
current error: , 0.02929
current error: , 0.002823
Final error:, 0.001002
Target signal recieved..
IK solutions found:, 15
Planning ...
Collision pairs set
goal state set
task setup complete
solving task...
OMPL states:, 200.
path found
Validating path...
valid path found, generating trajectory...
Trajectory points:, 1000.
Duration:, 8.525814
excecuting path...
current error: , 0.04224
current error: , 0.04224
current error: , 0.004444
Final error:, 0.001691
Target signal recieved..
IK solutions found:, 15
Planning ...
Collision pairs set
goal state set
task setup complete
solving task...
OMPL states:, 200.
path found
Validating path...
Collision detected at state:, 111
Collision pairs:, column2, obs1
path invalid
Target signal recieved..
IK solutions found:, 15
Planning ...
Collision pairs set
goal state set
task setup complete
solving task...
Target signal recieved..
IK solutions found:, 15
Planning ...
Collision pairs set
goal state set
task setup complete
solving task...
Target signal recieved..
IK solutions found:, 15
Planning ...
Collision pairs set
goal state set
task setup complete
solving task...
OMPL states:, 200.
path found
Validating path...
Collision detected at state:, 141
Collision pairs:, column2, obs1
path invalid
Target signal recieved..
IK solutions found:, 15
Planning ...
Collision pairs set
goal state set
task setup complete
solving task...
Target signal recieved..
IK solutions found:, 15
Planning ...
Collision pairs set
goal state set
task setup complete
solving task...
OMPL states:, 200.
path found
Validating path...
Collision detected at state:, 126
Collision pairs:, column2, obs1
path invalid
[sandboxScript:info]   Simulation stopping...
[sandboxScript:info]   Simulation stopped.
[sandboxScript:info]   Simulation started.
[CoppeliaSim:warning]   Detected non-default settings (time steps and/or dyn. engine global settings).
Target signal recieved..
IK solutions found:, 15
Planning ...
Collision pairs set
goal state set
task setup complete
solving task...
OMPL states:, 200.
path found
Validating path...
valid path found, generating trajectory...
Trajectory points:, 1000.
Duration:, 3.620784
excecuting path...
current error: , 0.13138
current error: , 0.13138
current error: , 0.044997
current error: , 0.002448
Final error:, 0.000853
Target signal recieved..
IK solutions found:, 15
Planning ...
Collision pairs set
goal state set
task setup complete
solving task...
OMPL states:, 200.
path found
Validating path...
Collision detected at state:, 121
Collision pairs:, column0, table
path invalid
Target signal recieved..
IK solutions found:, 15
Planning ...
Collision pairs set
goal state set
task setup complete
solving task...
Target signal recieved..
IK solutions found:, 15
Planning ...
Collision pairs set
goal state set
task setup complete
solving task...
OMPL states:, 200.
path found
Validating path...
Collision detected at state:, 101
Collision pairs:, column0, table
path invalid
Target signal recieved..
IK solutions found:, 15
Planning ...
Collision pairs set
goal state set
task setup complete
solving task...
OMPL states:, 200.
path found
Validating path...
Collision detected at state:, 136
Collision pairs:, leftLink0_visible, obs0_collisiondummy
path invalid
Target signal recieved..
IK solutions found:, 15
Planning ...
Collision pairs set
goal state set
task setup complete
solving task...
OMPL states:, 200.
path found
Validating path...
Collision detected at state:, 91
Collision pairs:, column0, top
path invalid
Target signal recieved..
IK solutions found:, 15
Planning ...
Collision pairs set
goal state set
task setup complete
solving task...
OMPL states:, 200.
path found
Validating path...
Collision detected at state:, 126
Collision pairs:, leftLink0_visible, obs0_collisiondummy
path invalid
[sandboxScript:info]   Simulation stopping...
[sandboxScript:info]   Simulation stopped.
[sandboxScript:info]   Simulation started.
[CoppeliaSim:warning]   Detected non-default settings (time steps and/or dyn. engine global settings).
Target signal recieved..
IK solutions found:, 15
Planning ...
Collision pairs set
goal state set
task setup complete
solving task...
OMPL states:, 200.
path found
Validating path...
valid path found, generating trajectory...
Trajectory points:, 1000.
Duration:, 3.600909
excecuting path...
current error: , 0.106084
current error: , 0.106084
current error: , 0.023301
current error: , 0.001661
Final error:, 0.000844
Target signal recieved..
IK solutions found:, 15
Planning ...
Collision pairs set
goal state set
task setup complete
solving task...
OMPL states:, 200.
path found
Validating path...
valid path found, generating trajectory...
Trajectory points:, 1000.
Duration:, 9.327959
excecuting path...
current error: , 0.463557
current error: , 0.463557
current error: , 0.353978
current error: , 0.252602
current error: , 0.166732
current error: , 0.082968
current error: , 0.012513
Final error:, 0.002592
Target signal recieved..
IK solutions found:, 15
Planning ...
Collision pairs set
goal state set
task setup complete
solving task...
Target signal recieved..
IK solutions found:, 15
Planning ...
Collision pairs set
goal state set
task setup complete
solving task...
OMPL states:, 200.
path found
Validating path...
valid path found, generating trajectory...
Trajectory points:, 1000.
Duration:, 10.850505
excecuting path...
current error: , 0.27998
current error: , 0.27998
current error: , 0.196177
current error: , 0.112458
current error: , 0.029147
current error: , 0.003834
Final error:, 0.002973
Target signal recieved..
IK solutions found:, 15
Planning ...
Collision pairs set
goal state set
task setup complete
[simOMPL:warning]   OMPL: /home/marc/Documents/coppeliaRobotics/programming/simExtOMPL/build/ompl-1.5.0-prefix/src/ompl-1.5.0/src/ompl/base/src/Planner.cpp:257: RRTConnect: Skipping invalid start state (invalid state)
[simOMPL:error]   OMPL: /home/marc/Documents/coppeliaRobotics/programming/simExtOMPL/build/ompl-1.5.0-prefix/src/ompl-1.5.0/src/ompl/geometric/planners/rrt/src/RRTConnect.cpp:207: RRTConnect: Motion planning start tree could not be initialized!
solving task...
Target signal recieved..
IK solutions found:, 15
Planning ...
Collision pairs set
goal state set
task setup complete
[simOMPL:warning]   OMPL: /home/marc/Documents/coppeliaRobotics/programming/simExtOMPL/build/ompl-1.5.0-prefix/src/ompl-1.5.0/src/ompl/base/src/Planner.cpp:257: RRTConnect: Skipping invalid start state (invalid state)
[simOMPL:error]   OMPL: /home/marc/Documents/coppeliaRobotics/programming/simExtOMPL/build/ompl-1.5.0-prefix/src/ompl-1.5.0/src/ompl/geometric/planners/rrt/src/RRTConnect.cpp:207: RRTConnect: Motion planning start tree could not be initialized!
solving task...
Target signal recieved..
IK solutions found:, 15
Planning ...
Collision pairs set
goal state set
task setup complete
[simOMPL:warning]   OMPL: /home/marc/Documents/coppeliaRobotics/programming/simExtOMPL/build/ompl-1.5.0-prefix/src/ompl-1.5.0/src/ompl/base/src/Planner.cpp:257: RRTConnect: Skipping invalid start state (invalid state)
[simOMPL:error]   OMPL: /home/marc/Documents/coppeliaRobotics/programming/simExtOMPL/build/ompl-1.5.0-prefix/src/ompl-1.5.0/src/ompl/geometric/planners/rrt/src/RRTConnect.cpp:207: RRTConnect: Motion planning start tree could not be initialized!
solving task...
Target signal recieved..
IK solutions found:, 15
Planning ...
Collision pairs set
goal state set
task setup complete
[simOMPL:warning]   OMPL: /home/marc/Documents/coppeliaRobotics/programming/simExtOMPL/build/ompl-1.5.0-prefix/src/ompl-1.5.0/src/ompl/base/src/Planner.cpp:257: RRTConnect: Skipping invalid start state (invalid state)
[simOMPL:error]   OMPL: /home/marc/Documents/coppeliaRobotics/programming/simExtOMPL/build/ompl-1.5.0-prefix/src/ompl-1.5.0/src/ompl/geometric/planners/rrt/src/RRTConnect.cpp:207: RRTConnect: Motion planning start tree could not be initialized!
solving task...
Target signal recieved..
IK solutions found:, 15
Planning ...
Collision pairs set
goal state set
task setup complete
[simOMPL:warning]   OMPL: /home/marc/Documents/coppeliaRobotics/programming/simExtOMPL/build/ompl-1.5.0-prefix/src/ompl-1.5.0/src/ompl/base/src/Planner.cpp:257: RRTConnect: Skipping invalid start state (invalid state)
[simOMPL:error]   OMPL: /home/marc/Documents/coppeliaRobotics/programming/simExtOMPL/build/ompl-1.5.0-prefix/src/ompl-1.5.0/src/ompl/geometric/planners/rrt/src/RRTConnect.cpp:207: RRTConnect: Motion planning start tree could not be initialized!
solving task...
Target signal recieved..
IK solutions found:, 15
Planning ...
Collision pairs set
goal state set
task setup complete
[simOMPL:warning]   OMPL: /home/marc/Documents/coppeliaRobotics/programming/simExtOMPL/build/ompl-1.5.0-prefix/src/ompl-1.5.0/src/ompl/base/src/Planner.cpp:257: RRTConnect: Skipping invalid start state (invalid state)
[simOMPL:error]   OMPL: /home/marc/Documents/coppeliaRobotics/programming/simExtOMPL/build/ompl-1.5.0-prefix/src/ompl-1.5.0/src/ompl/geometric/planners/rrt/src/RRTConnect.cpp:207: RRTConnect: Motion planning start tree could not be initialized!
solving task...
[sandboxScript:info]   Simulation stopping...
[sandboxScript:info]   Simulation stopped.
[sandboxScript:info]   Simulation started.
[CoppeliaSim:warning]   Detected non-default settings (time steps and/or dyn. engine global settings).
Target signal recieved..
IK solutions found:, 15
Planning ...
Collision pairs set
goal state set
task setup complete
solving task...
OMPL states:, 200.
path found
Validating path...
valid path found, generating trajectory...
Trajectory points:, 1000.
Duration:, 3.564345
excecuting path...
current error: , 0.086735
current error: , 0.086735
current error: , 0.010346
Final error:, 0.000861
Target signal recieved..
IK solutions found:, 15
Planning ...
Collision pairs set
goal state set
task setup complete
solving task...
OMPL states:, 200.
path found
Validating path...
Collision detected at state:, 191
Collision pairs:, column0, obs0_collisiondummy
path invalid
Target signal recieved..
IK solutions found:, 15
Planning ...
Collision pairs set
goal state set
task setup complete
solving task...
Target signal recieved..
IK solutions found:, 15
Planning ...
Collision pairs set
goal state set
task setup complete
solving task...
OMPL states:, 200.
path found
Validating path...
Collision detected at state:, 56
Collision pairs:, column0, column2
path invalid
Target signal recieved..
IK solutions found:, 15
Planning ...
Collision pairs set
goal state set
task setup complete
solving task...
OMPL states:, 200.
path found
Validating path...
valid path found, generating trajectory...
Trajectory points:, 1000.
Duration:, 7.005495
excecuting path...
current error: , 0.335357
current error: , 0.335357
current error: , 0.25161
current error: , 0.167915
current error: , 0.084231
current error: , 0.012478
Final error:, 0.002229
Target signal recieved..
IK solutions found:, 15
Planning ...
Collision pairs set
goal state set
task setup complete
solving task...
OMPL states:, 200.
path found
Validating path...
Collision detected at state:, 76
Collision pairs:, leftLink0_visible, obs0_collisiondummy
path invalid
Target signal recieved..
IK solutions found:, 15
Planning ...
Collision pairs set
goal state set
task setup complete
solving task...
OMPL states:, 200.
path found
Validating path...
Collision detected at state:, 116
Collision pairs:, leftLink0_visible, assembly_table
path invalid
Target signal recieved..
IK solutions found:, 15
Planning ...
Collision pairs set
goal state set
task setup complete
solving task...
OMPL states:, 200.
path found
Validating path...
Collision detected at state:, 101
Collision pairs:, rightLink0_visible, obs0_collisiondummy
path invalid
Target signal recieved..
IK solutions found:, 15
Planning ...
Collision pairs set
goal state set
task setup complete
solving task...
OMPL states:, 200.
path found
Validating path...
valid path found, generating trajectory...
Trajectory points:, 1000.
Duration:, 8.365569
excecuting path...
current error: , 0.730424
current error: , 0.730424
current error: , 0.646661
current error: , 0.562919
current error: , 0.47917
current error: , 0.395413
current error: , 0.311688
current error: , 0.227901
current error: , 0.144177
current error: , 0.060469
current error: , 0.006669
Final error:, 0.001699
Target signal recieved..
IK solutions found:, 15
Planning ...
Collision pairs set
goal state set
task setup complete
solving task...
OMPL states:, 200.
path found
Validating path...
valid path found, generating trajectory...
Trajectory points:, 1000.
Duration:, 1.416543
excecuting path...
current error: , 0.003781
Final error:, 0.003781
Target signal recieved..
IK solutions found:, 15
Planning ...
Collision pairs set
goal state set
task setup complete
solving task...
OMPL states:, 200.
path found
Validating path...
valid path found, generating trajectory...
Trajectory points:, 1000.
Duration:, 1.169785
excecuting path...
current error: , 0.001971
Final error:, 0.001971
Target signal recieved..
IK solutions found:, 15
Planning ...
Collision pairs set
goal state set
task setup complete
solving task...
OMPL states:, 200.
path found
Validating path...
valid path found, generating trajectory...
Trajectory points:, 1000.
Duration:, 0.233677
excecuting path...
current error: , 0.003903
Final error:, 0.003903
Target signal recieved..
IK solutions found:, 15
Planning ...
Collision pairs set
goal state set
task setup complete
solving task...
OMPL states:, 200.
path found
Validating path...
valid path found, generating trajectory...
Trajectory points:, 1000.
Duration:, 1.166761
excecuting path...
current error: , 0.002165
Final error:, 0.002165
Target signal recieved..
IK solutions found:, 15
Planning ...
Collision pairs set
goal state set
task setup complete
solving task...
OMPL states:, 200.
path found
Validating path...
valid path found, generating trajectory...
Trajectory points:, 1000.
Duration:, 0.227664
excecuting path...
current error: , 0.003488
Final error:, 0.003488
Target signal recieved..
IK solutions found:, 15
Planning ...
Collision pairs set
goal state set
task setup complete
solving task...
OMPL states:, 200.
path found
Validating path...
valid path found, generating trajectory...
Trajectory points:, 1000.
Duration:, 1.166597
excecuting path...
current error: , 0.001769
Final error:, 0.001769
Target signal recieved..
IK solutions found:, 15
Planning ...
Collision pairs set
goal state set
task setup complete
solving task...
OMPL states:, 200.
path found
Validating path...
valid path found, generating trajectory...
Trajectory points:, 1000.
Duration:, 0.225269
excecuting path...
current error: , 0.003409
Final error:, 0.003409
Target signal recieved..
IK solutions found:, 15
Planning ...
Collision pairs set
goal state set
task setup complete
solving task...
OMPL states:, 200.
path found
Validating path...
valid path found, generating trajectory...
Trajectory points:, 1000.
Duration:, 1.165029
excecuting path...
current error: , 0.001705
Final error:, 0.001705
Target signal recieved..
IK solutions found:, 15
Planning ...
Collision pairs set
goal state set
task setup complete
solving task...
OMPL states:, 200.
path found
Validating path...
valid path found, generating trajectory...
Trajectory points:, 1000.
Duration:, 0.226252
excecuting path...
current error: , 0.004431
Final error:, 0.004431
Target signal recieved..
IK solutions found:, 15
Planning ...
Collision pairs set
goal state set
task setup complete
solving task...
OMPL states:, 200.
path found
Validating path...
valid path found, generating trajectory...
Trajectory points:, 1000.
Duration:, 1.166068
excecuting path...
current error: , 0.002721
Final error:, 0.002721
Target signal recieved..
IK solutions found:, 15
Planning ...
Collision pairs set
goal state set
task setup complete
solving task...
OMPL states:, 200.
path found
Validating path...
valid path found, generating trajectory...
Trajectory points:, 1000.
Duration:, 0.235124
excecuting path...
current error: , 0.005526
Final error:, 0.005526
Target signal recieved..
IK solutions found:, 15
Planning ...
Collision pairs set
goal state set
task setup complete
solving task...
OMPL states:, 200.
path found
Validating path...
valid path found, generating trajectory...
Trajectory points:, 1000.
Duration:, 1.162584
excecuting path...
current error: , 0.002323
Final error:, 0.002323
Target signal recieved..
IK solutions found:, 15
Planning ...
Collision pairs set
goal state set
task setup complete
solving task...
OMPL states:, 200.
path found
Validating path...
valid path found, generating trajectory...
Trajectory points:, 1000.
Duration:, 0.231031
excecuting path...
current error: , 0.005226
Final error:, 0.005226
Target signal recieved..
IK solutions found:, 15
Planning ...
Collision pairs set
goal state set
task setup complete
solving task...
OMPL states:, 200.
path found
Validating path...
valid path found, generating trajectory...
Trajectory points:, 1000.
Duration:, 1.16558
excecuting path...
current error: , 0.002817
Final error:, 0.002817
Target signal recieved..
IK solutions found:, 15
Planning ...
Collision pairs set
goal state set
task setup complete
solving task...
OMPL states:, 200.
path found
Validating path...
valid path found, generating trajectory...
Trajectory points:, 1000.
Duration:, 0.230258
excecuting path...
current error: , 0.005067
Final error:, 0.005067
Target signal recieved..
IK solutions found:, 15
Planning ...
Collision pairs set
goal state set
task setup complete
solving task...
OMPL states:, 200.
path found
Validating path...
valid path found, generating trajectory...
Trajectory points:, 1000.
Duration:, 1.165826
excecuting path...
current error: , 0.00251
Final error:, 0.00251
Target signal recieved..
IK solutions found:, 15
Planning ...
Collision pairs set
goal state set
task setup complete
solving task...
OMPL states:, 200.
path found
Validating path...
valid path found, generating trajectory...
Trajectory points:, 1000.
Duration:, 0.21976
excecuting path...
current error: , 0.004335
Final error:, 0.004335
Target signal recieved..
IK solutions found:, 15
Planning ...
Collision pairs set
goal state set
task setup complete
solving task...
OMPL states:, 200.
path found
Validating path...
valid path found, generating trajectory...
Trajectory points:, 1000.
Duration:, 1.1637
excecuting path...
current error: , 0.002438
Final error:, 0.002438
Target signal recieved..
IK solutions found:, 15
Planning ...
Collision pairs set
goal state set
task setup complete
solving task...
OMPL states:, 200.
path found
Validating path...
valid path found, generating trajectory...
Trajectory points:, 1000.
Duration:, 0.22012
excecuting path...
current error: , 0.004655
Final error:, 0.004655
Target signal recieved..
IK solutions found:, 15
Planning ...
Collision pairs set
goal state set
task setup complete
solving task...
OMPL states:, 200.
path found
Validating path...
valid path found, generating trajectory...
Trajectory points:, 1000.
Duration:, 1.165495
excecuting path...
current error: , 0.002657
Final error:, 0.002657
Target signal recieved..
IK solutions found:, 15
Planning ...
Collision pairs set
goal state set
task setup complete
solving task...
OMPL states:, 200.
path found
Validating path...
valid path found, generating trajectory...
Trajectory points:, 1000.
Duration:, 0.224737
excecuting path...
current error: , 0.004595
Final error:, 0.004595
[sandboxScript:info]   Simulation stopping...
[sandboxScript:info]   Simulation stopped.
[sandboxScript:info]   Simulation started.
[CoppeliaSim:warning]   Detected non-default settings (time steps and/or dyn. engine global settings).
Target signal recieved..
IK solutions found:, 0
No valid IK solutions
Target signal recieved..
IK solutions found:, 0
No valid IK solutions
Target signal recieved..
IK solutions found:, 0
No valid IK solutions
Target signal recieved..
IK solutions found:, 0
No valid IK solutions
Target signal recieved..
IK solutions found:, 0
No valid IK solutions
Target signal recieved..
IK solutions found:, 0
No valid IK solutions
[sandboxScript:info]   Simulation stopping...
[sandboxScript:info]   Simulation stopped.
[sandboxScript:info]   Simulation started.
[CoppeliaSim:warning]   Detected non-default settings (time steps and/or dyn. engine global settings).
Target signal recieved..
IK solutions found:, 15
Planning ...
Collision pairs set
goal state set
task setup complete
solving task...
OMPL states:, 200.
path found
Validating path...
valid path found, generating trajectory...
Trajectory points:, 1000.
Duration:, 3.574761
excecuting path...
current error: , 0.099801
current error: , 0.099801
current error: , 0.017798
Final error:, 0.000326
Target signal recieved..
IK solutions found:, 15
Planning ...
Collision pairs set
goal state set
task setup complete
solving task...
OMPL states:, 200.
path found
Validating path...
valid path found, generating trajectory...
Trajectory points:, 1000.
Duration:, 8.175992
excecuting path...
current error: , 0.665398
current error: , 0.665398
current error: , 0.582286
current error: , 0.499159
current error: , 0.415986
current error: , 0.332735
current error: , 0.249656
current error: , 0.166493
current error: , 0.083155
current error: , 0.012926
Final error:, 0.002366
Target signal recieved..
IK solutions found:, 15
Planning ...
Collision pairs set
goal state set
task setup complete
solving task...
OMPL states:, 200.
path found
Validating path...
valid path found, generating trajectory...
Trajectory points:, 1000.
Duration:, 2.86807
excecuting path...
current error: , 0.004974
Final error:, 0.004974
Target signal recieved..
IK solutions found:, 15
Planning ...
Collision pairs set
goal state set
task setup complete
solving task...
OMPL states:, 200.
path found
Validating path...
Collision detected at state:, 181
Collision pairs:, column1, table
path invalid
Target signal recieved..
IK solutions found:, 15
Planning ...
Collision pairs set
goal state set
task setup complete
solving task...
OMPL states:, 200.
path found
Validating path...
Collision detected at state:, 116
Collision pairs:, column1, table
path invalid
Target signal recieved..
IK solutions found:, 15
Planning ...
Collision pairs set
goal state set
task setup complete
solving task...
OMPL states:, 200.
path found
Validating path...
Collision detected at state:, 141
Collision pairs:, column1, table
path invalid
Target signal recieved..
IK solutions found:, 15
Planning ...
Collision pairs set
goal state set
task setup complete
solving task...
OMPL states:, 200.
path found
Validating path...
Collision detected at state:, 116
Collision pairs:, column1, table
path invalid
Target signal recieved..
IK solutions found:, 15
Planning ...
Collision pairs set
goal state set
task setup complete
solving task...
OMPL states:, 200.
path found
Validating path...
Collision detected at state:, 136
Collision pairs:, column1, table
path invalid
Target signal recieved..
IK solutions found:, 15
Planning ...
Collision pairs set
goal state set
task setup complete
solving task...
OMPL states:, 200.
path found
Validating path...
Collision detected at state:, 106
Collision pairs:, column1, table
path invalid
[sandboxScript:info]   Simulation stopping...
[sandboxScript:info]   Simulation stopped.
[sandboxScript:info]   Simulation started.
[CoppeliaSim:warning]   Detected non-default settings (time steps and/or dyn. engine global settings).
Target signal recieved..
IK solutions found:, 15
Planning ...
Collision pairs set
goal state set
task setup complete
solving task...
OMPL states:, 200.
path found
Validating path...
valid path found, generating trajectory...
Trajectory points:, 1000.
Duration:, 3.600482
excecuting path...
current error: , 0.106331
current error: , 0.106331
current error: , 0.022431
current error: , 0.0008
Final error:, 0.000737
Target signal recieved..
IK solutions found:, 15
Planning ...
Collision pairs set
goal state set
task setup complete
solving task...
OMPL states:, 200.
path found
Validating path...
valid path found, generating trajectory...
Trajectory points:, 1000.
Duration:, 1.937184
excecuting path...
current error: , 0.002017
Final error:, 0.002017
Target signal recieved..
IK solutions found:, 15
Planning ...
Collision pairs set
goal state set
task setup complete
solving task...
OMPL states:, 200.
path found
Validating path...
Collision detected at state:, 141
Collision pairs:, link6_visible, obs1_collisiondummy
path invalid
Target signal recieved..
IK solutions found:, 15
Planning ...
Collision pairs set
goal state set
task setup complete
solving task...
OMPL states:, 200.
path found
Validating path...
Collision detected at state:, 76
Collision pairs:, link6_visible, obs1
path invalid
Target signal recieved..
IK solutions found:, 15
Planning ...
Collision pairs set
goal state set
task setup complete
solving task...
OMPL states:, 200.
path found
Validating path...
valid path found, generating trajectory...
Trajectory points:, 1000.
Duration:, 6.849534
excecuting path...
current error: , 0.003577
Final error:, 0.003577
Target signal recieved..
IK solutions found:, 15
Planning ...
Collision pairs set
goal state set
task setup complete
solving task...
OMPL states:, 200.
path found
Validating path...
Collision detected at state:, 71
Collision pairs:, column2, table
path invalid
Target signal recieved..
IK solutions found:, 15
Planning ...
Collision pairs set
goal state set
task setup complete
solving task...
OMPL states:, 200.
path found
Validating path...
Collision detected at state:, 61
Collision pairs:, link6_visible, obs0
path invalid
Target signal recieved..
IK solutions found:, 15
Planning ...
Collision pairs set
goal state set
task setup complete
solving task...
OMPL states:, 200.
path found
Validating path...
Collision detected at state:, 61
Collision pairs:, link4_visible, obs0_collisiondummy
path invalid
Target signal recieved..
IK solutions found:, 15
Planning ...
Collision pairs set
goal state set
task setup complete
solving task...
OMPL states:, 200.
path found
Validating path...
Collision detected at state:, 41
Collision pairs:, column2, obs0_collisiondummy
path invalid
Target signal recieved..
IK solutions found:, 15
Planning ...
Collision pairs set
goal state set
task setup complete
solving task...
OMPL states:, 200.
path found
Validating path...
Collision detected at state:, 91
Collision pairs:, link4_visible, table
path invalid
Target signal recieved..
IK solutions found:, 15
Planning ...
Collision pairs set
goal state set
task setup complete
solving task...
OMPL states:, 200.
path found
Validating path...
Collision detected at state:, 46
Collision pairs:, link6_visible, obs0
path invalid
[sandboxScript:info]   Simulation stopping...
[sandboxScript:info]   Simulation stopped.
[sandboxScript:info]   Simulation started.
[CoppeliaSim:warning]   Detected non-default settings (time steps and/or dyn. engine global settings).
Target signal recieved..
IK solutions found:, 15
Planning ...
Collision pairs set
goal state set
task setup complete
solving task...
OMPL states:, 200.
path found
Validating path...
valid path found, generating trajectory...
Trajectory points:, 1000.
Duration:, 3.621229
excecuting path...
current error: , 0.132467
current error: , 0.132467
current error: , 0.046703
current error: , 0.002991
Final error:, 0.000501
Target signal recieved..
IK solutions found:, 15
Planning ...
Collision pairs set
goal state set
task setup complete
solving task...
OMPL states:, 200.
path found
Validating path...
Collision detected at state:, 141
Collision pairs:, column1, assembly_table
path invalid
Target signal recieved..
IK solutions found:, 15
Planning ...
Collision pairs set
goal state set
task setup complete
solving task...
OMPL states:, 200.
path found
Validating path...
Collision detected at state:, 71
Collision pairs:, column1, obs0_collisiondummy
path invalid
Target signal recieved..
IK solutions found:, 15
Planning ...
Collision pairs set
goal state set
task setup complete
solving task...
OMPL states:, 200.
path found
Validating path...
Collision detected at state:, 51
Collision pairs:, column1, obs0
path invalid
Target signal recieved..
IK solutions found:, 15
Planning ...
Collision pairs set
goal state set
task setup complete
solving task...
OMPL states:, 200.
path found
Validating path...
Collision detected at state:, 46
Collision pairs:, column1, obs0
path invalid
Target signal recieved..
IK solutions found:, 15
Planning ...
Collision pairs set
goal state set
task setup complete
solving task...
OMPL states:, 200.
path found
Validating path...
Collision detected at state:, 76
Collision pairs:, column1, obs0
path invalid
Target signal recieved..
IK solutions found:, 15
Planning ...
Collision pairs set
goal state set
task setup complete
solving task...
OMPL states:, 200.
path found
Validating path...
valid path found, generating trajectory...
Trajectory points:, 1000.
Duration:, 10.944924
excecuting path...
current error: , 0.858296
current error: , 0.858296
current error: , 0.74966
current error: , 0.644243
current error: , 0.544074
current error: , 0.452671
current error: , 0.368653
current error: , 0.284923
current error: , 0.201224
current error: , 0.117527
current error: , 0.033847
current error: , 0.004306
Final error:, 0.002271
Target signal recieved..
IK solutions found:, 15
Planning ...
Collision pairs set
goal state set
task setup complete
solving task...
OMPL states:, 200.
path found
Validating path...
valid path found, generating trajectory...
Trajectory points:, 1000.
Duration:, 3.093997
excecuting path...
current error: , 0.004273
Final error:, 0.004273
Target signal recieved..
IK solutions found:, 15
Planning ...
Collision pairs set
goal state set
task setup complete
solving task...
OMPL states:, 200.
path found
Validating path...
Collision detected at state:, 191
Collision pairs:, column0, obs0
path invalid
Target signal recieved..
IK solutions found:, 15
Planning ...
Collision pairs set
goal state set
task setup complete
solving task...
OMPL states:, 200.
path found
Validating path...
Collision detected at state:, 131
Collision pairs:, column0, obs0_collisiondummy
path invalid
Target signal recieved..
IK solutions found:, 15
Planning ...
Collision pairs set
goal state set
task setup complete
solving task...
OMPL states:, 200.
path found
Validating path...
Collision detected at state:, 191
Collision pairs:, link6_visible, table
path invalid
Target signal recieved..
IK solutions found:, 15
Planning ...
Collision pairs set
goal state set
task setup complete
solving task...
OMPL states:, 200.
path found
Validating path...
Collision detected at state:, 131
Collision pairs:, column0, obs0_collisiondummy
path invalid
Target signal recieved..
IK solutions found:, 15
Planning ...
Collision pairs set
goal state set
task setup complete
solving task...
OMPL states:, 200.
path found
Validating path...
Collision detected at state:, 191
Collision pairs:, column0, obs0
path invalid
Target signal recieved..
IK solutions found:, 15
Planning ...
Collision pairs set
goal state set
task setup complete
solving task...
OMPL states:, 200.
path found
Validating path...
Collision detected at state:, 181
Collision pairs:, column0, obs0
path invalid
[sandboxScript:info]   Simulation stopping...
[sandboxScript:info]   Simulation stopped.
[sandboxScript:info]   Simulation started.
[CoppeliaSim:warning]   Detected non-default settings (time steps and/or dyn. engine global settings).
Target signal recieved..
IK solutions found:, 15
Planning ...
Collision pairs set
goal state set
task setup complete
solving task...
OMPL states:, 200.
path found
Validating path...
valid path found, generating trajectory...
Trajectory points:, 1000.
Duration:, 3.564308
excecuting path...
current error: , 0.086932
current error: , 0.086932
current error: , 0.011156
Final error:, 0.000798
Target signal recieved..
IK solutions found:, 15
Planning ...
Collision pairs set
goal state set
task setup complete
solving task...
OMPL states:, 200.
path found
Validating path...
Collision detected at state:, 161
Collision pairs:, column2, obs0_collisiondummy
path invalid
Target signal recieved..
IK solutions found:, 15
Planning ...
Collision pairs set
goal state set
task setup complete
solving task...
OMPL states:, 200.
path found
Validating path...
Collision detected at state:, 176
Collision pairs:, column2, obs0_collisiondummy
path invalid
Target signal recieved..
IK solutions found:, 15
Planning ...
Collision pairs set
goal state set
task setup complete
solving task...
OMPL states:, 200.
path found
Validating path...
valid path found, generating trajectory...
Trajectory points:, 1000.
Duration:, 9.348262
excecuting path...
current error: , 1.304024
current error: , 1.304024
current error: , 1.220315
current error: , 1.136611
current error: , 1.052911
current error: , 0.969214
current error: , 0.885473
current error: , 0.801793
current error: , 0.718097
current error: , 0.634425
current error: , 0.55073
current error: , 0.467055
current error: , 0.383401
current error: , 0.299674
current error: , 0.215981
current error: , 0.132277
current error: , 0.048576
current error: , 0.005827
Final error:, 0.002339
Target signal recieved..
IK solutions found:, 15
Planning ...
Collision pairs set
goal state set
task setup complete
solving task...
OMPL states:, 200.
path found
Validating path...
Collision detected at state:, 126
Collision pairs:, link6_visible, table
path invalid
Target signal recieved..
IK solutions found:, 15
Planning ...
Collision pairs set
goal state set
task setup complete
solving task...
OMPL states:, 200.
path found
Validating path...
Collision detected at state:, 181
Collision pairs:, leftLink0_visible, obs0
path invalid
Target signal recieved..
IK solutions found:, 15
Planning ...
Collision pairs set
goal state set
task setup complete
solving task...
OMPL states:, 200.
path found
Validating path...
Collision detected at state:, 111
Collision pairs:, link6_visible, table
path invalid
Target signal recieved..
IK solutions found:, 15
Planning ...
Collision pairs set
goal state set
task setup complete
solving task...
OMPL states:, 200.
path found
Validating path...
Collision detected at state:, 136
Collision pairs:, link6_visible, assembly_table
path invalid
Target signal recieved..
IK solutions found:, 15
Planning ...
Collision pairs set
goal state set
task setup complete
solving task...
OMPL states:, 200.
path found
Validating path...
Collision detected at state:, 156
Collision pairs:, baseVisible, obs0_collisiondummy
path invalid
Target signal recieved..
IK solutions found:, 15
Planning ...
Collision pairs set
goal state set
task setup complete
solving task...
OMPL states:, 200.
path found
Validating path...
Collision detected at state:, 146
Collision pairs:, link6_visible, assembly_table
path invalid
[sandboxScript:info]   Simulation stopping...
[sandboxScript:info]   Simulation stopped.
[sandboxScript:info]   Simulation started.
[CoppeliaSim:warning]   Detected non-default settings (time steps and/or dyn. engine global settings).
Target signal recieved..
IK solutions found:, 15
Planning ...
Collision pairs set
goal state set
task setup complete
solving task...
OMPL states:, 200.
path found
Validating path...
valid path found, generating trajectory...
Trajectory points:, 1000.
Duration:, 3.564138
excecuting path...
current error: , 0.086655
current error: , 0.086655
current error: , 0.011522
Final error:, 0.000425
Target signal recieved..
IK solutions found:, 15
Planning ...
Collision pairs set
goal state set
task setup complete
solving task...
OMPL states:, 200.
path found
Validating path...
valid path found, generating trajectory...
Trajectory points:, 1000.
Duration:, 3.754292
excecuting path...
current error: , 0.262452
current error: , 0.262452
current error: , 0.178728
current error: , 0.095042
current error: , 0.018206
Final error:, 0.003633
Target signal recieved..
IK solutions found:, 15
Planning ...
Collision pairs set
goal state set
task setup complete
solving task...
OMPL states:, 200.
path found
Validating path...
valid path found, generating trajectory...
Trajectory points:, 1000.
Duration:, 4.241303
excecuting path...
current error: , 0.568525
current error: , 0.568525
current error: , 0.485577
current error: , 0.40255
current error: , 0.319472
current error: , 0.23644
current error: , 0.15344
current error: , 0.07052
current error: , 0.008461
Final error:, 0.001665
Target signal recieved..
IK solutions found:, 15
Planning ...
Collision pairs set
goal state set
task setup complete
solving task...
OMPL states:, 200.
path found
Validating path...
Collision detected at state:, 121
Collision pairs:, link4_visible, assembly_table
path invalid
Target signal recieved..
IK solutions found:, 15
Planning ...
Collision pairs set
goal state set
task setup complete
solving task...
OMPL states:, 200.
path found
Validating path...
Collision detected at state:, 56
Collision pairs:, link6_visible, assembly_table
path invalid
Target signal recieved..
IK solutions found:, 15
Planning ...
Collision pairs set
goal state set
task setup complete
solving task...
OMPL states:, 200.
path found
Validating path...
Collision detected at state:, 91
Collision pairs:, link6_visible, assembly_table
path invalid
Target signal recieved..
IK solutions found:, 15
Planning ...
Collision pairs set
goal state set
task setup complete
solving task...
OMPL states:, 200.
path found
Validating path...
Collision detected at state:, 46
Collision pairs:, column0, top
path invalid
Target signal recieved..
IK solutions found:, 15
Planning ...
Collision pairs set
goal state set
task setup complete
solving task...
OMPL states:, 200.
path found
Validating path...
Collision detected at state:, 51
Collision pairs:, link6_visible, assembly_table
path invalid
Target signal recieved..
IK solutions found:, 15
Planning ...
Collision pairs set
goal state set
task setup complete
solving task...
OMPL states:, 200.
path found
Validating path...
Collision detected at state:, 86
Collision pairs:, link6_visible, assembly_table
path invalid
[sandboxScript:info]   Simulation stopping...
[sandboxScript:info]   Simulation stopped.
[sandboxScript:info]   Simulation started.
[CoppeliaSim:warning]   Detected non-default settings (time steps and/or dyn. engine global settings).
Target signal recieved..
IK solutions found:, 15
Planning ...
Collision pairs set
goal state set
task setup complete
solving task...
Target signal recieved..
IK solutions found:, 15
Planning ...
Collision pairs set
goal state set
task setup complete
solving task...
OMPL states:, 200.
path found
Validating path...
valid path found, generating trajectory...
Trajectory points:, 1000.
Duration:, 6.805612
excecuting path...
current error: , 0.002051
Final error:, 0.002051
Target signal recieved..
IK solutions found:, 15
Planning ...
Collision pairs set
goal state set
task setup complete
[simOMPL:warning]   OMPL: /home/marc/Documents/coppeliaRobotics/programming/simExtOMPL/build/ompl-1.5.0-prefix/src/ompl-1.5.0/src/ompl/base/src/Planner.cpp:257: RRTConnect: Skipping invalid start state (invalid state)
[simOMPL:error]   OMPL: /home/marc/Documents/coppeliaRobotics/programming/simExtOMPL/build/ompl-1.5.0-prefix/src/ompl-1.5.0/src/ompl/geometric/planners/rrt/src/RRTConnect.cpp:207: RRTConnect: Motion planning start tree could not be initialized!
solving task...
Target signal recieved..
IK solutions found:, 15
Planning ...
Collision pairs set
goal state set
task setup complete
[simOMPL:warning]   OMPL: /home/marc/Documents/coppeliaRobotics/programming/simExtOMPL/build/ompl-1.5.0-prefix/src/ompl-1.5.0/src/ompl/base/src/Planner.cpp:257: RRTConnect: Skipping invalid start state (invalid state)
[simOMPL:error]   OMPL: /home/marc/Documents/coppeliaRobotics/programming/simExtOMPL/build/ompl-1.5.0-prefix/src/ompl-1.5.0/src/ompl/geometric/planners/rrt/src/RRTConnect.cpp:207: RRTConnect: Motion planning start tree could not be initialized!
solving task...
Target signal recieved..
IK solutions found:, 15
Planning ...
Collision pairs set
goal state set
task setup complete
[simOMPL:warning]   OMPL: /home/marc/Documents/coppeliaRobotics/programming/simExtOMPL/build/ompl-1.5.0-prefix/src/ompl-1.5.0/src/ompl/base/src/Planner.cpp:257: RRTConnect: Skipping invalid start state (invalid state)
[simOMPL:error]   OMPL: /home/marc/Documents/coppeliaRobotics/programming/simExtOMPL/build/ompl-1.5.0-prefix/src/ompl-1.5.0/src/ompl/geometric/planners/rrt/src/RRTConnect.cpp:207: RRTConnect: Motion planning start tree could not be initialized!
solving task...
Target signal recieved..
IK solutions found:, 15
Planning ...
Collision pairs set
goal state set
task setup complete
[simOMPL:warning]   OMPL: /home/marc/Documents/coppeliaRobotics/programming/simExtOMPL/build/ompl-1.5.0-prefix/src/ompl-1.5.0/src/ompl/base/src/Planner.cpp:257: RRTConnect: Skipping invalid start state (invalid state)
[simOMPL:error]   OMPL: /home/marc/Documents/coppeliaRobotics/programming/simExtOMPL/build/ompl-1.5.0-prefix/src/ompl-1.5.0/src/ompl/geometric/planners/rrt/src/RRTConnect.cpp:207: RRTConnect: Motion planning start tree could not be initialized!
solving task...
Target signal recieved..
IK solutions found:, 15
Planning ...
Collision pairs set
goal state set
task setup complete
[simOMPL:warning]   OMPL: /home/marc/Documents/coppeliaRobotics/programming/simExtOMPL/build/ompl-1.5.0-prefix/src/ompl-1.5.0/src/ompl/base/src/Planner.cpp:257: RRTConnect: Skipping invalid start state (invalid state)
[simOMPL:error]   OMPL: /home/marc/Documents/coppeliaRobotics/programming/simExtOMPL/build/ompl-1.5.0-prefix/src/ompl-1.5.0/src/ompl/geometric/planners/rrt/src/RRTConnect.cpp:207: RRTConnect: Motion planning start tree could not be initialized!
solving task...
Target signal recieved..
IK solutions found:, 15
Planning ...
Collision pairs set
goal state set
task setup complete
[simOMPL:warning]   OMPL: /home/marc/Documents/coppeliaRobotics/programming/simExtOMPL/build/ompl-1.5.0-prefix/src/ompl-1.5.0/src/ompl/base/src/Planner.cpp:257: RRTConnect: Skipping invalid start state (invalid state)
[simOMPL:error]   OMPL: /home/marc/Documents/coppeliaRobotics/programming/simExtOMPL/build/ompl-1.5.0-prefix/src/ompl-1.5.0/src/ompl/geometric/planners/rrt/src/RRTConnect.cpp:207: RRTConnect: Motion planning start tree could not be initialized!
solving task...
[sandboxScript:info]   Simulation stopping...
[sandboxScript:info]   Simulation stopped.
[sandboxScript:info]   Simulation started.
[CoppeliaSim:warning]   Detected non-default settings (time steps and/or dyn. engine global settings).
Target signal recieved..
IK solutions found:, 15
Planning ...
Collision pairs set
goal state set
task setup complete
solving task...
OMPL states:, 200.
path found
Validating path...
valid path found, generating trajectory...
Trajectory points:, 1000.
Duration:, 3.564162
excecuting path...
current error: , 0.086611
current error: , 0.086611
current error: , 0.011392
Final error:, 0.000856
Target signal recieved..
IK solutions found:, 15
Planning ...
Collision pairs set
goal state set
task setup complete
solving task...
OMPL states:, 200.
path found
Validating path...
valid path found, generating trajectory...
Trajectory points:, 1000.
Duration:, 6.797034
excecuting path...
current error: , 0.358706
current error: , 0.358706
current error: , 0.274987
current error: , 0.191304
current error: , 0.107597
current error: , 0.025225
current error: , 0.002615
Final error:, 0.001352
Target signal recieved..
IK solutions found:, 15
Planning ...
Collision pairs set
goal state set
task setup complete
solving task...
OMPL states:, 200.
path found
Validating path...
valid path found, generating trajectory...
Trajectory points:, 1000.
Duration:, 4.468864
excecuting path...
current error: , 0.924536
current error: , 0.924536
current error: , 0.810016
current error: , 0.696741
current error: , 0.585251
current error: , 0.477013
current error: , 0.374182
current error: , 0.283649
current error: , 0.19984
current error: , 0.116136
current error: , 0.032527
current error: , 0.004551
Final error:, 0.00276
Target signal recieved..
IK solutions found:, 15
Planning ...
Collision pairs set
goal state set
task setup complete
solving task...
OMPL states:, 200.
path found
Validating path...
Collision detected at state:, 91
Collision pairs:, column2, obs0
path invalid
Target signal recieved..
IK solutions found:, 15
Planning ...
Collision pairs set
goal state set
task setup complete
solving task...
OMPL states:, 200.
path found
Validating path...
Collision detected at state:, 161
Collision pairs:, column2, obs0
path invalid
Target signal recieved..
IK solutions found:, 15
Planning ...
Collision pairs set
goal state set
task setup complete
solving task...
OMPL states:, 200.
path found
Validating path...
Collision detected at state:, 176
Collision pairs:, column2, obs0_collisiondummy
path invalid
Target signal recieved..
IK solutions found:, 15
Planning ...
Collision pairs set
goal state set
task setup complete
solving task...
OMPL states:, 200.
path found
Validating path...
Collision detected at state:, 31
Collision pairs:, leftLink0_visible, obs0_collisiondummy
path invalid
Target signal recieved..
IK solutions found:, 15
Planning ...
Collision pairs set
goal state set
task setup complete
solving task...
OMPL states:, 200.
path found
Validating path...
Collision detected at state:, 146
Collision pairs:, column2, obs0
path invalid
Target signal recieved..
IK solutions found:, 15
Planning ...
Collision pairs set
goal state set
task setup complete
solving task...
OMPL states:, 200.
path found
Validating path...
Collision detected at state:, 36
Collision pairs:, column2, obs0
path invalid
[sandboxScript:info]   Simulation stopping...
[sandboxScript:info]   Simulation stopped.
[sandboxScript:info]   Simulation started.
[CoppeliaSim:warning]   Detected non-default settings (time steps and/or dyn. engine global settings).
Target signal recieved..
IK solutions found:, 15
Planning ...
Collision pairs set
goal state set
task setup complete
solving task...
OMPL states:, 200.
path found
Validating path...
valid path found, generating trajectory...
Trajectory points:, 1000.
Duration:, 3.402372
excecuting path...
current error: , 0.014723
Final error:, 0.014723
Target signal recieved..
IK solutions found:, 15
Planning ...
Collision pairs set
goal state set
task setup complete
solving task...
OMPL states:, 200.
path found
Validating path...
valid path found, generating trajectory...
Trajectory points:, 1000.
Duration:, 3.091804
excecuting path...
current error: , 0.003913
Final error:, 0.003913
Target signal recieved..
IK solutions found:, 15
Planning ...
Collision pairs set
goal state set
task setup complete
solving task...
OMPL states:, 200.
path found
Validating path...
valid path found, generating trajectory...
Trajectory points:, 1000.
Duration:, 3.089617
excecuting path...
current error: , 0.003892
Final error:, 0.003892
Target signal recieved..
IK solutions found:, 15
Planning ...
Collision pairs set
goal state set
task setup complete
solving task...
OMPL states:, 200.
path found
Validating path...
valid path found, generating trajectory...
Trajectory points:, 1000.
Duration:, 6.599723
excecuting path...
current error: , 0.002041
Final error:, 0.002041
Target signal recieved..
IK solutions found:, 15
Planning ...
Collision pairs set
goal state set
task setup complete
solving task...
Target signal recieved..
IK solutions found:, 15
Planning ...
Collision pairs set
goal state set
task setup complete
solving task...
OMPL states:, 200.
path found
Validating path...
valid path found, generating trajectory...
Trajectory points:, 1000.
Duration:, 8.560732
excecuting path...
current error: , 0.002325
Final error:, 0.002325
Target signal recieved..
IK solutions found:, 15
Planning ...
Collision pairs set
goal state set
task setup complete
solving task...
Target signal recieved..
IK solutions found:, 15
Planning ...
Collision pairs set
goal state set
task setup complete
solving task...
OMPL states:, 200.
path found
Validating path...
Collision detected at state:, 126
Collision pairs:, column0, obs2_collisiondummy
path invalid
Target signal recieved..
IK solutions found:, 15
Planning ...
Collision pairs set
goal state set
task setup complete
solving task...
Target signal recieved..
IK solutions found:, 15
Planning ...
Collision pairs set
goal state set
task setup complete
solving task...
OMPL states:, 200.
path found
Validating path...
Collision detected at state:, 46
Collision pairs:, column0, obs2_collisiondummy
path invalid
Target signal recieved..
IK solutions found:, 15
Planning ...
Collision pairs set
goal state set
task setup complete
solving task...
OMPL states:, 200.
path found
Validating path...
Collision detected at state:, 181
Collision pairs:, link6_visible, assembly_table
path invalid
Target signal recieved..
IK solutions found:, 15
Planning ...
Collision pairs set
goal state set
task setup complete
solving task...
[sandboxScript:info]   Simulation stopping...
[sandboxScript:info]   Simulation stopped.
[sandboxScript:info]   Simulation started.
[CoppeliaSim:warning]   Detected non-default settings (time steps and/or dyn. engine global settings).
Target signal recieved..
IK solutions found:, 15
Planning ...
Collision pairs set
goal state set
task setup complete
solving task...
OMPL states:, 200.
path found
Validating path...
valid path found, generating trajectory...
Trajectory points:, 1000.
Duration:, 3.402467
excecuting path...
current error: , 0.014213
Final error:, 0.014213
Target signal recieved..
IK solutions found:, 15
Planning ...
Collision pairs set
goal state set
task setup complete
solving task...
OMPL states:, 200.
path found
Validating path...
valid path found, generating trajectory...
Trajectory points:, 1000.
Duration:, 3.25777
excecuting path...
current error: , 0.011387
Final error:, 0.011387
Target signal recieved..
IK solutions found:, 15
Planning ...
Collision pairs set
goal state set
task setup complete
solving task...
OMPL states:, 200.
path found
Validating path...
valid path found, generating trajectory...
Trajectory points:, 1000.
Duration:, 3.4551
excecuting path...
current error: , 0.057429
current error: , 0.057429
current error: , 0.005713
Final error:, 0.001297
Target signal recieved..
IK solutions found:, 15
Planning ...
Collision pairs set
goal state set
task setup complete
solving task...
OMPL states:, 200.
path found
Validating path...
valid path found, generating trajectory...
Trajectory points:, 1000.
Duration:, 6.500948
excecuting path...
current error: , 0.123405
current error: , 0.123405
current error: , 0.040432
current error: , 0.003774
Final error:, 0.001322
Target signal recieved..
IK solutions found:, 15
Planning ...
Collision pairs set
goal state set
task setup complete
solving task...
OMPL states:, 200.
path found
Validating path...
Collision detected at state:, 166
Collision pairs:, baseVisible, column1
path invalid
Target signal recieved..
IK solutions found:, 15
Planning ...
Collision pairs set
goal state set
task setup complete
solving task...
Target signal recieved..
IK solutions found:, 15
Planning ...
Collision pairs set
goal state set
task setup complete
solving task...
Target signal recieved..
IK solutions found:, 15
Planning ...
Collision pairs set
goal state set
task setup complete
solving task...
OMPL states:, 200.
path found
Validating path...
Collision detected at state:, 171
Collision pairs:, rightLink0_visible, column1
path invalid
Target signal recieved..
IK solutions found:, 15
Planning ...
Collision pairs set
goal state set
task setup complete
solving task...
Target signal recieved..
IK solutions found:, 15
Planning ...
Collision pairs set
goal state set
task setup complete
solving task...
OMPL states:, 200.
path found
Validating path...
valid path found, generating trajectory...
Trajectory points:, 1000.
Duration:, 1.921143
excecuting path...
current error: , 0.001821
Final error:, 0.001821
Target signal recieved..
IK solutions found:, 15
Planning ...
Collision pairs set
goal state set
task setup complete
solving task...
OMPL states:, 200.
path found
Validating path...
Collision detected at state:, 91
Collision pairs:, column2, top
path invalid
Target signal recieved..
IK solutions found:, 15
Planning ...
Collision pairs set
goal state set
task setup complete
solving task...
OMPL states:, 200.
path found
Validating path...
Collision detected at state:, 176
Collision pairs:, column2, table
path invalid
Target signal recieved..
IK solutions found:, 15
Planning ...
Collision pairs set
goal state set
task setup complete
solving task...
OMPL states:, 200.
path found
Validating path...
valid path found, generating trajectory...
Trajectory points:, 1000.
Duration:, 3.527847
excecuting path...
current error: , 0.094796
current error: , 0.094796
current error: , 0.01745
Final error:, 0.001882
Target signal recieved..
IK solutions found:, 15
Planning ...
Collision pairs set
goal state set
task setup complete
solving task...
OMPL states:, 200.
path found
Validating path...
valid path found, generating trajectory...
Trajectory points:, 1000.
Duration:, 6.307816
excecuting path...
current error: , 0.002694
Final error:, 0.002694
Target signal recieved..
IK solutions found:, 15
Planning ...
Collision pairs set
goal state set
task setup complete
solving task...
OMPL states:, 200.
path found
Validating path...
valid path found, generating trajectory...
Trajectory points:, 1000.
Duration:, 2.941429
excecuting path...
current error: , 0.002745
Final error:, 0.002745
Target signal recieved..
IK solutions found:, 15
Planning ...
Collision pairs set
goal state set
task setup complete
solving task...
OMPL states:, 200.
path found
Validating path...
valid path found, generating trajectory...
Trajectory points:, 1000.
Duration:, 11.701902
excecuting path...
current error: , 0.002315
Final error:, 0.002315
Target signal recieved..
IK solutions found:, 15
Planning ...
Collision pairs set
goal state set
task setup complete
[simOMPL:warning]   OMPL: /home/marc/Documents/coppeliaRobotics/programming/simExtOMPL/build/ompl-1.5.0-prefix/src/ompl-1.5.0/src/ompl/base/src/Planner.cpp:257: RRTConnect: Skipping invalid start state (invalid state)
[simOMPL:error]   OMPL: /home/marc/Documents/coppeliaRobotics/programming/simExtOMPL/build/ompl-1.5.0-prefix/src/ompl-1.5.0/src/ompl/geometric/planners/rrt/src/RRTConnect.cpp:207: RRTConnect: Motion planning start tree could not be initialized!
solving task...
Target signal recieved..
IK solutions found:, 15
Planning ...
Collision pairs set
goal state set
task setup complete
[simOMPL:warning]   OMPL: /home/marc/Documents/coppeliaRobotics/programming/simExtOMPL/build/ompl-1.5.0-prefix/src/ompl-1.5.0/src/ompl/base/src/Planner.cpp:257: RRTConnect: Skipping invalid start state (invalid state)
[simOMPL:error]   OMPL: /home/marc/Documents/coppeliaRobotics/programming/simExtOMPL/build/ompl-1.5.0-prefix/src/ompl-1.5.0/src/ompl/geometric/planners/rrt/src/RRTConnect.cpp:207: RRTConnect: Motion planning start tree could not be initialized!
solving task...
Target signal recieved..
IK solutions found:, 15
Planning ...
Collision pairs set
goal state set
task setup complete
[simOMPL:warning]   OMPL: /home/marc/Documents/coppeliaRobotics/programming/simExtOMPL/build/ompl-1.5.0-prefix/src/ompl-1.5.0/src/ompl/base/src/Planner.cpp:257: RRTConnect: Skipping invalid start state (invalid state)
[simOMPL:error]   OMPL: /home/marc/Documents/coppeliaRobotics/programming/simExtOMPL/build/ompl-1.5.0-prefix/src/ompl-1.5.0/src/ompl/geometric/planners/rrt/src/RRTConnect.cpp:207: RRTConnect: Motion planning start tree could not be initialized!
solving task...
Target signal recieved..
IK solutions found:, 15
Planning ...
Collision pairs set
goal state set
task setup complete
[simOMPL:warning]   OMPL: /home/marc/Documents/coppeliaRobotics/programming/simExtOMPL/build/ompl-1.5.0-prefix/src/ompl-1.5.0/src/ompl/base/src/Planner.cpp:257: RRTConnect: Skipping invalid start state (invalid state)
[simOMPL:error]   OMPL: /home/marc/Documents/coppeliaRobotics/programming/simExtOMPL/build/ompl-1.5.0-prefix/src/ompl-1.5.0/src/ompl/geometric/planners/rrt/src/RRTConnect.cpp:207: RRTConnect: Motion planning start tree could not be initialized!
solving task...
Target signal recieved..
IK solutions found:, 15
Planning ...
Collision pairs set
goal state set
task setup complete
[simOMPL:warning]   OMPL: /home/marc/Documents/coppeliaRobotics/programming/simExtOMPL/build/ompl-1.5.0-prefix/src/ompl-1.5.0/src/ompl/base/src/Planner.cpp:257: RRTConnect: Skipping invalid start state (invalid state)
[simOMPL:error]   OMPL: /home/marc/Documents/coppeliaRobotics/programming/simExtOMPL/build/ompl-1.5.0-prefix/src/ompl-1.5.0/src/ompl/geometric/planners/rrt/src/RRTConnect.cpp:207: RRTConnect: Motion planning start tree could not be initialized!
solving task...
Target signal recieved..
IK solutions found:, 15
Planning ...
Collision pairs set
goal state set
task setup complete
[simOMPL:warning]   OMPL: /home/marc/Documents/coppeliaRobotics/programming/simExtOMPL/build/ompl-1.5.0-prefix/src/ompl-1.5.0/src/ompl/base/src/Planner.cpp:257: RRTConnect: Skipping invalid start state (invalid state)
[simOMPL:error]   OMPL: /home/marc/Documents/coppeliaRobotics/programming/simExtOMPL/build/ompl-1.5.0-prefix/src/ompl-1.5.0/src/ompl/geometric/planners/rrt/src/RRTConnect.cpp:207: RRTConnect: Motion planning start tree could not be initialized!
solving task...
[sandboxScript:info]   Simulation stopping...
[sandboxScript:info]   Simulation stopped.
[sandboxScript:info]   Simulation started.
[CoppeliaSim:warning]   Detected non-default settings (time steps and/or dyn. engine global settings).
Target signal recieved..
IK solutions found:, 15
Planning ...
Collision pairs set
goal state set
task setup complete
solving task...
OMPL states:, 200.
path found
Validating path...
valid path found, generating trajectory...
Trajectory points:, 1000.
Duration:, 3.601287
excecuting path...
current error: , 0.109095
current error: , 0.109095
current error: , 0.02425
current error: , 0.001675
Final error:, 0.000885
Target signal recieved..
IK solutions found:, 15
Planning ...
Collision pairs set
goal state set
task setup complete
solving task...
OMPL states:, 200.
path found
Validating path...
valid path found, generating trajectory...
Trajectory points:, 1000.
Duration:, 0.494353
excecuting path...
current error: , 0.001621
Final error:, 0.001621
Target signal recieved..
IK solutions found:, 15
Planning ...
Collision pairs set
goal state set
task setup complete
solving task...
OMPL states:, 200.
path found
Validating path...
valid path found, generating trajectory...
Trajectory points:, 1000.
Duration:, 1.390083
excecuting path...
current error: , 0.001539
Final error:, 0.001539
Target signal recieved..
IK solutions found:, 15
Planning ...
Collision pairs set
goal state set
task setup complete
solving task...
OMPL states:, 200.
path found
Validating path...
valid path found, generating trajectory...
Trajectory points:, 1000.
Duration:, 0.510627
excecuting path...
current error: , 0.002796
Final error:, 0.002796
Target signal recieved..
IK solutions found:, 15
Planning ...
Collision pairs set
goal state set
task setup complete
solving task...
OMPL states:, 200.
path found
Validating path...
valid path found, generating trajectory...
Trajectory points:, 1000.
Duration:, 1.393363
excecuting path...
current error: , 0.001654
Final error:, 0.001654
Target signal recieved..
IK solutions found:, 15
Planning ...
Collision pairs set
goal state set
task setup complete
solving task...
OMPL states:, 200.
path found
Validating path...
valid path found, generating trajectory...
Trajectory points:, 1000.
Duration:, 0.510403
excecuting path...
current error: , 0.002899
Final error:, 0.002899
Target signal recieved..
IK solutions found:, 15
Planning ...
Collision pairs set
goal state set
task setup complete
solving task...
OMPL states:, 200.
path found
Validating path...
valid path found, generating trajectory...
Trajectory points:, 1000.
Duration:, 1.39811
excecuting path...
current error: , 0.002581
Final error:, 0.002581
Target signal recieved..
IK solutions found:, 15
Planning ...
Collision pairs set
goal state set
task setup complete
solving task...
OMPL states:, 200.
path found
Validating path...
valid path found, generating trajectory...
Trajectory points:, 1000.
Duration:, 0.513245
excecuting path...
current error: , 0.003608
Final error:, 0.003608
Target signal recieved..
IK solutions found:, 15
Planning ...
Collision pairs set
goal state set
task setup complete
solving task...
OMPL states:, 200.
path found
Validating path...
valid path found, generating trajectory...
Trajectory points:, 1000.
Duration:, 1.364987
excecuting path...
current error: , 0.001272
Final error:, 0.001272
Target signal recieved..
IK solutions found:, 15
Planning ...
Collision pairs set
goal state set
task setup complete
solving task...
OMPL states:, 200.
path found
Validating path...
valid path found, generating trajectory...
Trajectory points:, 1000.
Duration:, 0.554553
excecuting path...
current error: , 0.003357
Final error:, 0.003357
Target signal recieved..
IK solutions found:, 15
Planning ...
Collision pairs set
goal state set
task setup complete
solving task...
OMPL states:, 200.
path found
Validating path...
valid path found, generating trajectory...
Trajectory points:, 1000.
Duration:, 1.413769
excecuting path...
current error: , 0.001594
Final error:, 0.001594
Target signal recieved..
IK solutions found:, 15
Planning ...
Collision pairs set
goal state set
task setup complete
solving task...
OMPL states:, 200.
path found
Validating path...
valid path found, generating trajectory...
Trajectory points:, 1000.
Duration:, 0.520639
excecuting path...
current error: , 0.002379
Final error:, 0.002379
Target signal recieved..
IK solutions found:, 15
Planning ...
Collision pairs set
goal state set
task setup complete
solving task...
OMPL states:, 200.
path found
Validating path...
valid path found, generating trajectory...
Trajectory points:, 1000.
Duration:, 1.409934
excecuting path...
current error: , 0.001414
Final error:, 0.001414
Target signal recieved..
IK solutions found:, 15
Planning ...
Collision pairs set
goal state set
task setup complete
solving task...
OMPL states:, 200.
path found
Validating path...
valid path found, generating trajectory...
Trajectory points:, 1000.
Duration:, 0.516918
excecuting path...
current error: , 0.002557
Final error:, 0.002557
Target signal recieved..
IK solutions found:, 15
Planning ...
Collision pairs set
goal state set
task setup complete
solving task...
OMPL states:, 200.
path found
Validating path...
valid path found, generating trajectory...
Trajectory points:, 1000.
Duration:, 1.401496
excecuting path...
current error: , 0.002023
Final error:, 0.002023
Target signal recieved..
IK solutions found:, 15
Planning ...
Collision pairs set
goal state set
task setup complete
solving task...
OMPL states:, 200.
path found
Validating path...
valid path found, generating trajectory...
Trajectory points:, 1000.
Duration:, 0.509565
excecuting path...
current error: , 0.003006
Final error:, 0.003006
Target signal recieved..
IK solutions found:, 15
Planning ...
Collision pairs set
goal state set
task setup complete
solving task...
OMPL states:, 200.
path found
Validating path...
valid path found, generating trajectory...
Trajectory points:, 1000.
Duration:, 1.392778
excecuting path...
current error: , 0.004108
Final error:, 0.004108
Target signal recieved..
IK solutions found:, 15
Planning ...
Collision pairs set
goal state set
task setup complete
solving task...
OMPL states:, 200.
path found
Validating path...
valid path found, generating trajectory...
Trajectory points:, 1000.
Duration:, 0.505272
excecuting path...
current error: , 0.002484
Final error:, 0.002484
Target signal recieved..
IK solutions found:, 15
Planning ...
Collision pairs set
goal state set
task setup complete
solving task...
OMPL states:, 200.
path found
Validating path...
valid path found, generating trajectory...
Trajectory points:, 1000.
Duration:, 1.397054
excecuting path...
current error: , 0.001845
Final error:, 0.001845
Target signal recieved..
IK solutions found:, 15
Planning ...
Collision pairs set
goal state set
task setup complete
solving task...
OMPL states:, 200.
path found
Validating path...
valid path found, generating trajectory...
Trajectory points:, 1000.
Duration:, 0.524527
excecuting path...
current error: , 0.003211
Final error:, 0.003211
Target signal recieved..
IK solutions found:, 15
Planning ...
Collision pairs set
goal state set
task setup complete
solving task...
OMPL states:, 200.
path found
Validating path...
valid path found, generating trajectory...
Trajectory points:, 1000.
Duration:, 1.395649
excecuting path...
current error: , 0.001748
Final error:, 0.001748
Target signal recieved..
IK solutions found:, 15
Planning ...
Collision pairs set
goal state set
task setup complete
solving task...
OMPL states:, 200.
path found
Validating path...
valid path found, generating trajectory...
Trajectory points:, 1000.
Duration:, 0.511436
excecuting path...
current error: , 0.002751
Final error:, 0.002751
Target signal recieved..
IK solutions found:, 15
Planning ...
Collision pairs set
goal state set
task setup complete
solving task...
OMPL states:, 200.
path found
Validating path...
valid path found, generating trajectory...
Trajectory points:, 1000.
Duration:, 1.404368
excecuting path...
current error: , 0.00221
Final error:, 0.00221
Target signal recieved..
IK solutions found:, 15
Planning ...
Collision pairs set
goal state set
task setup complete
solving task...
OMPL states:, 200.
path found
Validating path...
valid path found, generating trajectory...
Trajectory points:, 1000.
Duration:, 0.513845
excecuting path...
current error: , 0.00269
Final error:, 0.00269
Target signal recieved..
IK solutions found:, 15
Planning ...
Collision pairs set
goal state set
task setup complete
solving task...
OMPL states:, 200.
path found
Validating path...
valid path found, generating trajectory...
Trajectory points:, 1000.
Duration:, 1.406464
excecuting path...
current error: , 0.00226
Final error:, 0.00226
Target signal recieved..
IK solutions found:, 15
Planning ...
Collision pairs set
goal state set
task setup complete
solving task...
OMPL states:, 200.
path found
Validating path...
valid path found, generating trajectory...
Trajectory points:, 1000.
Duration:, 0.518298
excecuting path...
current error: , 0.002962
Final error:, 0.002962
Target signal recieved..
IK solutions found:, 15
Planning ...
Collision pairs set
goal state set
task setup complete
solving task...
OMPL states:, 200.
path found
Validating path...
valid path found, generating trajectory...
Trajectory points:, 1000.
Duration:, 1.394683
excecuting path...
current error: , 0.002465
Final error:, 0.002465
Target signal recieved..
IK solutions found:, 15
Planning ...
Collision pairs set
goal state set
task setup complete
solving task...
OMPL states:, 200.
path found
Validating path...
valid path found, generating trajectory...
Trajectory points:, 1000.
Duration:, 0.519396
excecuting path...
current error: , 0.003511
Final error:, 0.003511
Target signal recieved..
IK solutions found:, 15
Planning ...
Collision pairs set
goal state set
task setup complete
solving task...
OMPL states:, 200.
path found
Validating path...
valid path found, generating trajectory...
Trajectory points:, 1000.
Duration:, 1.388641
excecuting path...
current error: , 0.002137
Final error:, 0.002137
Target signal recieved..
IK solutions found:, 15
Planning ...
Collision pairs set
goal state set
task setup complete
solving task...
OMPL states:, 200.
path found
Validating path...
valid path found, generating trajectory...
Trajectory points:, 1000.
Duration:, 0.515456
excecuting path...
current error: , 0.003654
Final error:, 0.003654
[sandboxScript:info]   Simulation stopping...
[sandboxScript:info]   Simulation stopped.
[sandboxScript:info]   Simulation started.
[CoppeliaSim:warning]   Detected non-default settings (time steps and/or dyn. engine global settings).
Target signal recieved..
IK solutions found:, 15
Planning ...
Collision pairs set
goal state set
task setup complete
solving task...
OMPL states:, 200.
path found
Validating path...
valid path found, generating trajectory...
Trajectory points:, 1000.
Duration:, 3.574795
excecuting path...
current error: , 0.099708
current error: , 0.099708
current error: , 0.017671
Final error:, 0.001149
Target signal recieved..
IK solutions found:, 15
Planning ...
Collision pairs set
goal state set
task setup complete
solving task...
Target signal recieved..
IK solutions found:, 15
Planning ...
Collision pairs set
goal state set
task setup complete
solving task...
OMPL states:, 200.
path found
Validating path...
Collision detected at state:, 166
Collision pairs:, column2, obs0
path invalid
Target signal recieved..
IK solutions found:, 15
Planning ...
Collision pairs set
goal state set
task setup complete
solving task...
OMPL states:, 200.
path found
Validating path...
valid path found, generating trajectory...
Trajectory points:, 1000.
Duration:, 7.569251
excecuting path...
current error: , 0.677811
current error: , 0.677811
current error: , 0.559952
current error: , 0.442133
current error: , 0.32456
current error: , 0.207511
current error: , 0.092183
current error: , 0.013014
Final error:, 0.002767
Target signal recieved..
IK solutions found:, 15
Planning ...
Collision pairs set
goal state set
task setup complete
solving task...
OMPL states:, 200.
path found
Validating path...
Collision detected at state:, 136
Collision pairs:, link6_visible, assembly_table
path invalid
Target signal recieved..
IK solutions found:, 15
Planning ...
Collision pairs set
goal state set
task setup complete
solving task...
OMPL states:, 200.
path found
Validating path...
Collision detected at state:, 121
Collision pairs:, link6_visible, table
path invalid
Target signal recieved..
IK solutions found:, 15
Planning ...
Collision pairs set
goal state set
task setup complete
solving task...
OMPL states:, 200.
path found
Validating path...
Collision detected at state:, 101
Collision pairs:, link6_visible, table
path invalid
Target signal recieved..
IK solutions found:, 15
Planning ...
Collision pairs set
goal state set
task setup complete
solving task...
OMPL states:, 200.
path found
Validating path...
Collision detected at state:, 126
Collision pairs:, link6_visible, table
path invalid
Target signal recieved..
IK solutions found:, 15
Planning ...
Collision pairs set
goal state set
task setup complete
solving task...
OMPL states:, 200.
path found
Validating path...
Collision detected at state:, 141
Collision pairs:, baseVisible, obs0_collisiondummy
path invalid
Target signal recieved..
IK solutions found:, 15
Planning ...
Collision pairs set
goal state set
task setup complete
solving task...
OMPL states:, 200.
path found
Validating path...
valid path found, generating trajectory...
Trajectory points:, 1000.
Duration:, 4.233877
excecuting path...
current error: , 0.826291
current error: , 0.826291
current error: , 0.708745
current error: , 0.591079
current error: , 0.473863
current error: , 0.356799
current error: , 0.240579
current error: , 0.126946
current error: , 0.033496
current error: , 0.005181
Final error:, 0.003338
Target signal recieved..
IK solutions found:, 15
Planning ...
Collision pairs set
goal state set
task setup complete
solving task...
OMPL states:, 200.
path found
Validating path...
valid path found, generating trajectory...
Trajectory points:, 1000.
Duration:, 1.350419
excecuting path...
current error: , 0.002401
Final error:, 0.002401
Target signal recieved..
IK solutions found:, 15
Planning ...
Collision pairs set
goal state set
task setup complete
solving task...
OMPL states:, 200.
path found
Validating path...
Collision detected at state:, 71
Collision pairs:, link4_visible, obs0_collisiondummy
path invalid
Target signal recieved..
IK solutions found:, 15
Planning ...
Collision pairs set
goal state set
task setup complete
solving task...
OMPL states:, 200.
path found
Validating path...
Collision detected at state:, 181
Collision pairs:, link4_visible, obs0
path invalid
Target signal recieved..
IK solutions found:, 15
Planning ...
Collision pairs set
goal state set
task setup complete
solving task...
OMPL states:, 200.
path found
Validating path...
Collision detected at state:, 111
Collision pairs:, link4_visible, obs0
path invalid
Target signal recieved..
IK solutions found:, 15
Planning ...
Collision pairs set
goal state set
task setup complete
solving task...
OMPL states:, 200.
path found
Validating path...
valid path found, generating trajectory...
Trajectory points:, 1000.
Duration:, 3.37295
excecuting path...
current error: , 0.021849
current error: , 0.021849
current error: , 0.002625
Final error:, 0.002064
Target signal recieved..
IK solutions found:, 15
Planning ...
Collision pairs set
goal state set
task setup complete
solving task...
Target signal recieved..
IK solutions found:, 15
Planning ...
Collision pairs set
goal state set
task setup complete
solving task...
Target signal recieved..
IK solutions found:, 15
Planning ...
Collision pairs set
goal state set
task setup complete
solving task...
Target signal recieved..
IK solutions found:, 15
Planning ...
Collision pairs set
goal state set
task setup complete
solving task...
Target signal recieved..
IK solutions found:, 15
Planning ...
Collision pairs set
goal state set
task setup complete
solving task...
OMPL states:, 200.
path found
Validating path...
Collision detected at state:, 91
Collision pairs:, baseVisible, column0
path invalid
Target signal recieved..
IK solutions found:, 15
Planning ...
Collision pairs set
goal state set
task setup complete
solving task...
[sandboxScript:info]   Simulation stopping...
[sandboxScript:info]   Simulation stopped.
[sandboxScript:info]   Simulation started.
[CoppeliaSim:warning]   Detected non-default settings (time steps and/or dyn. engine global settings).
Target signal recieved..
IK solutions found:, 15
Planning ...
Collision pairs set
goal state set
task setup complete
solving task...
OMPL states:, 200.
path found
Validating path...
valid path found, generating trajectory...
Trajectory points:, 1000.
Duration:, 3.57454
excecuting path...
current error: , 0.071315
current error: , 0.071315
current error: , 0.006736
Final error:, 0.000748
Target signal recieved..
IK solutions found:, 15
Planning ...
Collision pairs set
goal state set
task setup complete
solving task...
OMPL states:, 200.
path found
Validating path...
valid path found, generating trajectory...
Trajectory points:, 1000.
Duration:, 11.92981
excecuting path...
current error: , 0.43368
current error: , 0.43368
current error: , 0.35031
current error: , 0.267136
current error: , 0.184001
current error: , 0.100969
current error: , 0.02088
current error: , 0.002404
Final error:, 0.001636
Target signal recieved..
IK solutions found:, 15
Planning ...
Collision pairs set
goal state set
task setup complete
solving task...
OMPL states:, 200.
path found
Validating path...
valid path found, generating trajectory...
Trajectory points:, 1000.
Duration:, 3.880895
excecuting path...
current error: , 0.319511
current error: , 0.319511
current error: , 0.235844
current error: , 0.152135
current error: , 0.068488
current error: , 0.008203
Final error:, 0.001551
Target signal recieved..
IK solutions found:, 15
Planning ...
Collision pairs set
goal state set
task setup complete
solving task...
OMPL states:, 200.
path found
Validating path...
valid path found, generating trajectory...
Trajectory points:, 1000.
Duration:, 3.903548
excecuting path...
current error: , 0.346637
current error: , 0.346637
current error: , 0.262794
current error: , 0.179007
current error: , 0.095141
current error: , 0.01795
Final error:, 0.003261
Target signal recieved..
IK solutions found:, 15
Planning ...
Collision pairs set
goal state set
task setup complete
solving task...
OMPL states:, 200.
path found
Validating path...
valid path found, generating trajectory...
Trajectory points:, 1000.
Duration:, 3.895853
excecuting path...
current error: , 0.340071
current error: , 0.340071
current error: , 0.25636
current error: , 0.172653
current error: , 0.088894
current error: , 0.014331
Final error:, 0.001503
Target signal recieved..
IK solutions found:, 15
Planning ...
Collision pairs set
goal state set
task setup complete
solving task...
OMPL states:, 200.
path found
Validating path...
Collision detected at state:, 156
Collision pairs:, column2, assembly_table
path invalid
Target signal recieved..
IK solutions found:, 15
Planning ...
Collision pairs set
goal state set
task setup complete
solving task...
OMPL states:, 200.
path found
Validating path...
valid path found, generating trajectory...
Trajectory points:, 1000.
Duration:, 3.919957
excecuting path...
current error: , 0.345621
current error: , 0.345621
current error: , 0.261787
current error: , 0.178017
current error: , 0.094287
current error: , 0.017019
Final error:, 0.002455
Target signal recieved..
IK solutions found:, 15
Planning ...
Collision pairs set
goal state set
task setup complete
solving task...
OMPL states:, 200.
path found
Validating path...
valid path found, generating trajectory...
Trajectory points:, 1000.
Duration:, 3.895878
excecuting path...
current error: , 0.317049
current error: , 0.317049
current error: , 0.233384
current error: , 0.149669
current error: , 0.065977
current error: , 0.007243
Final error:, 0.001299
Target signal recieved..
IK solutions found:, 15
Planning ...
Collision pairs set
goal state set
task setup complete
solving task...
OMPL states:, 200.
path found
Validating path...
Collision detected at state:, 141
Collision pairs:, column2, assembly_table
path invalid
Target signal recieved..
IK solutions found:, 15
Planning ...
Collision pairs set
goal state set
task setup complete
solving task...
OMPL states:, 200.
path found
Validating path...
Collision detected at state:, 136
Collision pairs:, column2, top
path invalid
Target signal recieved..
IK solutions found:, 15
Planning ...
Collision pairs set
goal state set
task setup complete
solving task...
OMPL states:, 200.
path found
Validating path...
valid path found, generating trajectory...
Trajectory points:, 1000.
Duration:, 3.918916
excecuting path...
current error: , 0.343842
current error: , 0.343842
current error: , 0.260073
current error: , 0.176249
current error: , 0.092495
current error: , 0.016238
Final error:, 0.002154
Target signal recieved..
IK solutions found:, 15
Planning ...
Collision pairs set
goal state set
task setup complete
solving task...
OMPL states:, 200.
path found
Validating path...
valid path found, generating trajectory...
Trajectory points:, 1000.
Duration:, 3.895672
excecuting path...
current error: , 0.317054
current error: , 0.317054
current error: , 0.233333
current error: , 0.149626
current error: , 0.065986
current error: , 0.007331
Final error:, 0.00108
Target signal recieved..
IK solutions found:, 15
Planning ...
Collision pairs set
goal state set
task setup complete
solving task...
OMPL states:, 200.
path found
Validating path...
valid path found, generating trajectory...
Trajectory points:, 1000.
Duration:, 3.919216
excecuting path...
current error: , 0.367717
current error: , 0.367717
current error: , 0.283873
current error: , 0.200084
current error: , 0.11633
current error: , 0.032799
current error: , 0.005233
Final error:, 0.003281
Target signal recieved..
IK solutions found:, 15
Planning ...
Collision pairs set
goal state set
task setup complete
solving task...
OMPL states:, 200.
path found
Validating path...
valid path found, generating trajectory...
Trajectory points:, 1000.
Duration:, 3.895639
excecuting path...
current error: , 0.33992
current error: , 0.33992
current error: , 0.256233
current error: , 0.172498
current error: , 0.088808
current error: , 0.014879
Final error:, 0.002459
Target signal recieved..
IK solutions found:, 15
Planning ...
Collision pairs set
goal state set
task setup complete
solving task...
OMPL states:, 200.
path found
Validating path...

> 
> 
> 
> 
> 
> 
> 
> 
> 
> 
> 
> 
> 
> 
> 
> 
> 
> 
> 
> 
> 
> 
> 
> 
> 
> 
> 
> 
> 
> 
> 
> 
> 
> 
> 
> 
> 
> 
> 
> 
> 
> 
> 
> 
> 
> 
> 
> 
> 
> 
> 
> 
> 
> 
> 
> 
> 
> 
> 
> 
> 
> 
> 
> 
> 
> 
> 
> 
> 
> 
> 
> 
