Warning: Ignoring XDG_SESSION_TYPE=wayland on Gnome. Use QT_QPA_PLATFORM=wayland to run on Wayland anyway.
Warning: Ignoring XDG_SESSION_TYPE=wayland on Gnome. Use QT_QPA_PLATFORM=wayland to run on Wayland anyway.
[CoppeliaSimClient]   loading the CoppeliaSim library...
[CoppeliaSimClient:loadinfo]   done.
[CoppeliaSimClient:loadinfo]   launching CoppeliaSim...
[CoppeliaSim:loadinfo]   Application directory is /home/kolletms/CoppeliaSim_Edu_V4_10_0_rev0_Ubuntu22_04
[CoppeliaSim:loadinfo]   user settings file is /home/kolletms/.CoppeliaSim/usrset.txt
[CoppeliaSim:loadinfo]   CoppeliaSim v4.10.0 (rev. 0), flavor: 1, linux
[CoppeliaSim:loadinfo]   ds:   0
[CoppeliaSim:loadinfo]   msnd: 1
[CoppeliaSim:loadinfo]   ms:   1
[CoppeliaSim:loadinfo]   midx: 5000-91EB-FFC4-9CCA-F764-C71D
[CoppeliaSim:loadinfo]   did:  
[CoppeliaSim:loadinfo]   mid0: FC97-7379-1C16-0023-1C17-0101
[CoppeliaSim:loadinfo]   mid1: FC9773791C1600231C17
[CoppeliaSim:loadinfo]   mid2: 7AB7966CC9EF9BB7FD7FEC7D769DC7BA
[CoppeliaSim:loadinfo]   mid3: 04E3981EA27E99B4CE66
[CoppeliaSim:loadinfo]   k:    687FFE88B3DF088E5DDD414A
[CoppeliaSim:loadinfo]   plugin simIK0: loading...
[CoppeliaSim:loadinfo]   plugin simIK0: done.
[CoppeliaSim:loadinfo]   primary screen physical dots per inch: 165
[CoppeliaSim:loadinfo]   display scaling (guessed): 100
[CoppeliaSim:loadinfo]   simulator launched.
[CoppeliaSim:loadinfo]   plugin 'BWF': loading...
[CoppeliaSim:loadinfo]   plugin 'BWF': load succeeded.
[CoppeliaSim:loadinfo]   plugin 'RemoteApi': loading...
[CoppeliaSim:loadinfo]   plugin 'RemoteApi': load succeeded.
[CoppeliaSim:loadinfo]   SK:   687FFE88B3DF088E5DDD414A
[CoppeliaSim:loadinfo]   initializing the sandbox script...
[sandboxScript:loadinfo]   plugin simZMQ: loading...
[sandboxScript:loadinfo]   plugin simZMQ: done.
[sandboxScript:loadinfo]   plugin simSubprocess: loading...
[sandboxScript:loadinfo]   plugin simSubprocess: done.
[sandboxScript:info]   Simulator launched, welcome! 
[CoppeliaSim:loadinfo]   sandbox script initialized.
[CoppeliaSim:loadinfo]   add-on '3D text generator.lua' was loaded.
[CoppeliaSim:loadinfo]   add-on 'Add-on edit.lua' was loaded.
[CoppeliaSim:loadinfo]   add-on 'Alias change.lua' was loaded.
[CoppeliaSim:loadinfo]   add-on 'Animation capture.lua' was loaded.
[CoppeliaSim:loadinfo]   add-on 'B0 remote Api server.lua' was loaded.
[CoppeliaSim:loadinfo]   add-on 'Button action.lua' was loaded.
[CoppeliaSim:loadinfo]   add-on 'Collision check.lua' was loaded.
[CoppeliaSim:loadinfo]   add-on 'Color changer.lua' was loaded.
[CoppeliaSim:loadinfo]   add-on 'Commander.lua' was loaded.
[CoppeliaSim:loadinfo]   add-on 'Contact display.lua' was loaded.
[CoppeliaSim:loadinfo]   add-on 'Convex decomposition hacd.lua' was loaded.
[CoppeliaSim:loadinfo]   add-on 'Convex decomposition vhacd.lua' was loaded.
[CoppeliaSim:loadinfo]   add-on 'Convex hull.lua' was loaded.
[CoppeliaSim:loadinfo]   add-on 'Create dummies on mesh surface.lua' was loaded.
[CoppeliaSim:loadinfo]   add-on 'Define joint group.lua' was loaded.
[CoppeliaSim:loadinfo]   add-on 'Denavit Hartenberg creator.lua' was loaded.
[CoppeliaSim:loadinfo]   add-on 'Denavit Hartenberg extractor.lua' was loaded.
[CoppeliaSim:loadinfo]   add-on 'Distance check.lua' was loaded.
[CoppeliaSim:loadinfo]   add-on 'Distribute objects uniformly.lua' was loaded.
[CoppeliaSim:loadinfo]   add-on 'Event viewer.lua' was loaded.
[CoppeliaSim:loadinfo]   add-on 'Events capture.lua' was loaded.
[CoppeliaSim:loadinfo]   add-on 'Events dump exporter.lua' was loaded.
[CoppeliaSim:loadinfo]   add-on 'External model auto reload.lua' was loaded.
[CoppeliaSim:loadinfo]   add-on 'External model auto save.lua' was loaded.
[CoppeliaSim:loadinfo]   add-on 'External model load.lua' was loaded.
[CoppeliaSim:loadinfo]   add-on 'External model reload selected.lua' was loaded.
[CoppeliaSim:loadinfo]   add-on 'External model save.lua' was loaded.
[CoppeliaSim:loadinfo]   add-on 'Find in scripts.lua' was loaded.
[CoppeliaSim:loadinfo]   add-on 'Find midpoint.lua' was loaded.
[CoppeliaSim:loadinfo]   add-on 'Floor plan importer.lua' was loaded.
[CoppeliaSim:loadinfo]   add-on 'GLTF animation exporter.lua' was loaded.
[CoppeliaSim:loadinfo]   add-on 'GLTF exporter.lua' was loaded.
[CoppeliaSim:loadinfo]   add-on 'Inverse Kinematics > generator.lua' was loaded.
[CoppeliaSim:loadinfo]   add-on 'Isometric scaling.lua' was loaded.
[CoppeliaSim:loadinfo]   add-on 'Joint tool.lua' was loaded.
[CoppeliaSim:loadinfo]   add-on 'LDraw importer.lua' was loaded.
[CoppeliaSim:loadinfo]   add-on 'Make objects same appearance.lua' was loaded.
[CoppeliaSim:loadinfo]   add-on 'Measure distance and direction.lua' was loaded.
[CoppeliaSim:loadinfo]   add-on 'Mesh decimation.lua' was loaded.
[CoppeliaSim:loadinfo]   add-on 'Mesh difference.lua' was loaded.
[CoppeliaSim:loadinfo]   add-on 'Mesh intersection.lua' was loaded.
[CoppeliaSim:loadinfo]   add-on 'Mesh subdivision.lua' was loaded.
[CoppeliaSim:loadinfo]   add-on 'Mesh symmetric difference.lua' was loaded.
[CoppeliaSim:loadinfo]   add-on 'Mesh union.lua' was loaded.
[CoppeliaSim:loadinfo]   add-on 'Message viewer.lua' was loaded.
[CoppeliaSim:loadinfo]   add-on 'Minimalistic exporter.lua' was loaded.
[CoppeliaSim:loadinfo]   add-on 'Minimalistic importer.lua' was loaded.
[CoppeliaSim:loadinfo]   add-on 'Motion Planning generator.lua' was loaded.
[CoppeliaSim:loadinfo]   add-on 'Notepad++ autocompletion.lua' was loaded.
[CoppeliaSim:loadinfo]   add-on 'Pause Stop Simulation on Condition.lua' was loaded.
[CoppeliaSim:loadinfo]   add-on 'Plugin enumerator.lua' was loaded.
[CoppeliaSim:loadinfo]   add-on 'Point cloud importer.lua' was loaded.
[CoppeliaSim:loadinfo]   add-on 'Point sampler interactive.lua' was loaded.
[CoppeliaSim:loadinfo]   add-on 'Point sampler service.lua' was loaded.
[CoppeliaSim:loadinfo]   add-on 'Property explorer.lua' was loaded.
[CoppeliaSim:loadinfo]   add-on 'PyRep.lua' was loaded.
[CoppeliaSim:loadinfo]   add-on 'Referenced handles explorer.lua' was loaded.
[CoppeliaSim:loadinfo]   add-on 'Referenced handles highlight.lua' was loaded.
[CoppeliaSim:loadinfo]   add-on 'Screenshot tool.lua' was loaded.
[CoppeliaSim:loadinfo]   add-on 'Script capture.lua' was loaded.
[CoppeliaSim:loadinfo]   add-on 'SDF importer.lua' was loaded.
[CoppeliaSim:loadinfo]   add-on 'Simulation stepper.lua' was loaded.
[CoppeliaSim:loadinfo]   add-on 'Subdivide large triangles.lua' was loaded.
[CoppeliaSim:loadinfo]   add-on 'Surface reconstruction.lua' was loaded.
[CoppeliaSim:loadinfo]   add-on 'Translate to align vertex.lua' was loaded.
[CoppeliaSim:loadinfo]   add-on 'URDF exporter.lua' was loaded.
[CoppeliaSim:loadinfo]   add-on 'URDF importer.lua' was loaded.
[CoppeliaSim:loadinfo]   add-on 'URL drop service.lua' was loaded.
[CoppeliaSim:loadinfo]   add-on 'Video recorder.lua' was loaded.
[CoppeliaSim:loadinfo]   add-on 'Visualization stream.lua' was loaded.
[CoppeliaSim:loadinfo]   add-on 'WS remote API server.lua' was loaded.
[CoppeliaSim:loadinfo]   add-on 'ZMQ remote API server.lua' was loaded.
[CoppeliaSim:loadinfo]   add-on 'Convex decomposition coacd.py' was loaded.
[Developer tools >> Commander >> Commander@addOnScript:loadinfo]   plugin simCmd: loading...
[simCmd:warning]   Selected script: Sandbox (Python)
[Developer tools >> Commander >> Commander@addOnScript:loadinfo]   plugin simCmd: done.
[Connectivity >> WebSocket remote API server@addOnScript:loadinfo]   plugin simWS: loading...
[Connectivity >> WebSocket remote API server@addOnScript:loadinfo]   plugin simWS: done.
[Connectivity >> WebSocket remote API server@addOnScript:info]   WebSocket Remote API server starting (port=23050)...
[Connectivity >> ZMQ remote API server@addOnScript:info]   ZeroMQ Remote API server starting (rpcPort=23009)...
[CoppeliaSim:warning]   If CoppeliaSim crashed in previous session, you can find auto-saved scenes in /home/kolletms/.CoppeliaSim/autoSavedScenes
[/UR10/followPath:loadinfo]   plugin simIK: loading...
[/UR10/followPath:loadinfo]   plugin simIK: done.
[/UR10/followPath:loadinfo]   plugin simOMPL: loading...
[/UR10/followPath:loadinfo]   plugin simOMPL: done.
/Floor, 13
/MPO_700, 86
/assembly_table, 88
/obs1, 133
/obs2, 135
/obs0, 137
/column0, 139
/column1, 143
/column2, 141
[/UR10/followPath:warning]   sim.switchThread is deprecated. please use sim.step instead. (control verbosity via notifyDeprecated in usrset.txt)
[/moveToPose:warning]   sim.setThreadSwitchTiming is deprecated. please use sim.setAutoYieldDelay instead. (control verbosity via notifyDeprecated in usrset.txt)
[/moveToPose:warning]   sim.switchThread is deprecated. please use sim.step instead. (control verbosity via notifyDeprecated in usrset.txt)
[sandboxScript:info]   Simulation started.
[CoppeliaSim:loadinfo]   plugin simGeom: loading...
[CoppeliaSim:loadinfo]   plugin simGeom: done.
[CoppeliaSim:loadinfo]   plugin simBullet-2-83: loading...
[CoppeliaSim:loadinfo]   plugin simBullet-2-83: done.
[CoppeliaSim:warning]   Detected non-default settings (time steps and/or dyn. engine global settings).
[sandboxScript:info]   Simulation stopping...
[sandboxScript:info]   Simulation stopped.
[sandboxScript:info]   Simulation started.
[CoppeliaSim:warning]   Detected non-default settings (time steps and/or dyn. engine global settings).
[sandboxScript:info]   Simulation stopping...
[sandboxScript:info]   Simulation stopped.
[sandboxScript:info]   Simulation started.
[CoppeliaSim:warning]   Detected non-default settings (time steps and/or dyn. engine global settings).
Goal signal recieved..
Planning ...
Collision pairs set
goal state set
Using RRT Connect
task setup complete
solving task...
OMPL states:, 200.
path found
Validating path...
valid path found, generating trajectory...
[/UR10/followPath:warning]   module 'matrix' was implicitly loaded.
[/UR10/followPath:warning]   "matrix" module is deprecated. please use simEigen
Trajectory points:, 1000.
Duration:, 3.676352
excecuting path...
current error: , 0.187478
current error: , 0.187478
current error: , 0.082892
current error: , 0.011917
Final error:, 0.001573
Execution successful
[CoppeliaSim:loadinfo]   plugin simRuckig: loading...
[CoppeliaSim:loadinfo]   plugin simRuckig: done.
Goal signal recieved..
Planning ...
Collision pairs set
goal state set
Using RRT Connect
task setup complete
solving task...
OMPL states:, 200.
path found
Validating path...
valid path found, generating trajectory...
Trajectory points:, 1000.
Duration:, 7.486972
excecuting path...
current error: , 0.002932
Final error:, 0.002932
Execution successful
Goal signal recieved..
Planning ...
Collision pairs set
goal state set
Using RRT Connect
task setup complete
solving task...
OMPL states:, 200.
path found
Validating path...
valid path found, generating trajectory...
Trajectory points:, 1000.
Duration:, 7.784054
excecuting path...
current error: , 0.811954
current error: , 0.811954
current error: , 0.728266
current error: , 0.644594
current error: , 0.560875
current error: , 0.477189
current error: , 0.393493
current error: , 0.309809
current error: , 0.226123
current error: , 0.14244
current error: , 0.058749
current error: , 0.006071
Final error:, 0.00148
Execution successful
Goal signal recieved..
Planning ...
Collision pairs set
goal state set
Using RRT Connect
task setup complete
solving task...
OMPL states:, 200.
path found
Validating path...
Collision detected at state:, 46
Collision pairs:, column1, table
path invalid
Goal signal recieved..
Planning ...
Collision pairs set
goal state set
Using RRT Connect
task setup complete
solving task...
OMPL states:, 200.
path found
Validating path...
Collision detected at state:, 71
Collision pairs:, column1, obs0_collisiondummy
path invalid
Goal signal recieved..
Planning ...
Collision pairs set
goal state set
Using RRT Connect
task setup complete
solving task...
OMPL states:, 200.
path found
Validating path...
Collision detected at state:, 96
Collision pairs:, column1, obs0
path invalid
Goal signal recieved..
Planning ...
Collision pairs set
goal state set
Using RRT Connect
task setup complete
solving task...
Goal signal recieved..
Planning ...
Collision pairs set
goal state set
Using RRT Connect
task setup complete
solving task...
OMPL states:, 200.
path found
Validating path...
Collision detected at state:, 56
Collision pairs:, leftLink0_visible, table
path invalid
Goal signal recieved..
Planning ...
Collision pairs set
goal state set
Using RRT Connect
task setup complete
solving task...
OMPL states:, 200.
path found
Validating path...
Collision detected at state:, 41
Collision pairs:, column1, column2
path invalid
Goal signal recieved..
Planning ...
Collision pairs set
goal state set
Using RRT Connect
task setup complete
solving task...
OMPL states:, 200.
path found
Validating path...
Collision detected at state:, 131
Collision pairs:, column1, column2
path invalid
Goal signal recieved..
Planning ...
Collision pairs set
goal state set
Using RRT Connect
task setup complete
solving task...
OMPL states:, 200.
path found
Validating path...
Collision detected at state:, 136
Collision pairs:, column1, column2
path invalid
Goal signal recieved..
Planning ...
Collision pairs set
goal state set
Using RRT Connect
task setup complete
solving task...
OMPL states:, 200.
path found
Validating path...
Collision detected at state:, 26
Collision pairs:, column1, obs0_collisiondummy
path invalid
Goal signal recieved..
Planning ...
Collision pairs set
goal state set
Using RRT Connect
task setup complete
solving task...
OMPL states:, 200.
path found
Validating path...
Collision detected at state:, 51
Collision pairs:, column1, table
path invalid
Goal signal recieved..
Planning ...
Collision pairs set
goal state set
Using RRT Connect
task setup complete
solving task...
OMPL states:, 200.
path found
Validating path...
Collision detected at state:, 61
Collision pairs:, link6_visible, table
path invalid
Goal signal recieved..
Planning ...
Collision pairs set
goal state set
Using RRT Connect
task setup complete
solving task...
Goal signal recieved..
Planning ...
Collision pairs set
goal state set
Using RRT Connect
task setup complete
solving task...
OMPL states:, 200.
path found
Validating path...
Collision detected at state:, 81
Collision pairs:, column1, column2
path invalid
Goal signal recieved..
Planning ...
Collision pairs set
goal state set
Using RRT Connect
task setup complete
solving task...
OMPL states:, 200.
path found
Validating path...
Collision detected at state:, 131
Collision pairs:, column1, column2
path invalid
Goal signal recieved..
Planning ...
Collision pairs set
goal state set
Using RRT Connect
task setup complete
solving task...
OMPL states:, 200.
path found
Validating path...
Collision detected at state:, 41
Collision pairs:, link5_visible, table
path invalid
Goal signal recieved..
Planning ...
Collision pairs set
goal state set
Using RRT Connect
task setup complete
solving task...
OMPL states:, 200.
path found
Validating path...
Collision detected at state:, 181
Collision pairs:, column1, table
path invalid
Goal signal recieved..
Planning ...
Collision pairs set
goal state set
Using RRT Connect
task setup complete
solving task...
OMPL states:, 200.
path found
Validating path...
Collision detected at state:, 21
Collision pairs:, column1, obs0
path invalid
Goal signal recieved..
Planning ...
Collision pairs set
goal state set
Using RRT Connect
task setup complete
solving task...
OMPL states:, 200.
path found
Validating path...
Collision detected at state:, 81
Collision pairs:, link4_visible, table
path invalid
[sandboxScript:info]   Simulation stopping...
[sandboxScript:info]   Simulation stopped.
[sandboxScript:info]   Simulation started.
[CoppeliaSim:warning]   Detected non-default settings (time steps and/or dyn. engine global settings).
Goal signal recieved..
Planning ...
Collision pairs set
goal state set
Using RRT Connect
task setup complete
solving task...
OMPL states:, 200.
path found
Validating path...
valid path found, generating trajectory...
Trajectory points:, 1000.
Duration:, 3.402462
excecuting path...
current error: , 0.013961
Final error:, 0.013961
Execution successful
Goal signal recieved..
Planning ...
Collision pairs set
goal state set
Using RRT Connect
task setup complete
solving task...
OMPL states:, 200.
path found
Validating path...
Collision detected at state:, 196
Collision pairs:, leftLink0_visible, obs0_collisiondummy
path invalid
Goal signal recieved..
Planning ...
Collision pairs set
goal state set
Using RRT Connect
task setup complete
solving task...
OMPL states:, 200.
path found
Validating path...
valid path found, generating trajectory...
Trajectory points:, 1000.
Duration:, 3.427822
excecuting path...
current error: , 0.076099
current error: , 0.076099
current error: , 0.01097
Final error:, 0.003068
Execution successful
[sandboxScript:info]   Simulation stopping...
[sandboxScript:info]   Simulation stopped.
[sandboxScript:info]   Simulation started.
[CoppeliaSim:warning]   Detected non-default settings (time steps and/or dyn. engine global settings).
Goal signal recieved..
Planning ...
Collision pairs set
goal state set
Using RRT Connect
task setup complete
solving task...
OMPL states:, 200.
path found
Validating path...
valid path found, generating trajectory...
Trajectory points:, 1000.
Duration:, 3.388925
excecuting path...
current error: , 0.008199
Final error:, 0.008199
Execution successful
Goal signal recieved..
Planning ...
Collision pairs set
goal state set
Using RRT Connect
task setup complete
solving task...
OMPL states:, 200.
path found
Validating path...
valid path found, generating trajectory...
Trajectory points:, 1000.
Duration:, 3.427807
excecuting path...
current error: , 0.076533
current error: , 0.076533
current error: , 0.011137
Final error:, 0.0029
Execution successful
Goal signal recieved..
Planning ...
Collision pairs set
goal state set
Using RRT Connect
task setup complete
solving task...
Goal signal recieved..
Planning ...
Collision pairs set
goal state set
Using RRT Connect
task setup complete
solving task...
OMPL states:, 200.
path found
Validating path...
valid path found, generating trajectory...
Trajectory points:, 1000.
Duration:, 1.771273
excecuting path...
current error: , 0.001285
Final error:, 0.001285
Execution successful
Goal signal recieved..
Planning ...
Collision pairs set
goal state set
Using RRT Connect
task setup complete
solving task...
OMPL states:, 200.
path found
Validating path...
valid path found, generating trajectory...
Trajectory points:, 1000.
Duration:, 0.399023
excecuting path...
current error: , 0.005715
Final error:, 0.005715
Execution successful
Goal signal recieved..
Planning ...
Collision pairs set
goal state set
Using RRT Connect
task setup complete
solving task...
OMPL states:, 200.
path found
Validating path...
valid path found, generating trajectory...
Trajectory points:, 1000.
Duration:, 1.762046
excecuting path...
current error: , 0.000856
Final error:, 0.000856
Execution successful
Goal signal recieved..
Planning ...
Collision pairs set
goal state set
Using RRT Connect
task setup complete
solving task...
OMPL states:, 200.
path found
Validating path...
valid path found, generating trajectory...
Trajectory points:, 1000.
Duration:, 0.368291
excecuting path...
current error: , 0.003868
Final error:, 0.003868
Execution successful
Goal signal recieved..
Planning ...
Collision pairs set
goal state set
Using RRT Connect
task setup complete
solving task...
OMPL states:, 200.
path found
Validating path...
valid path found, generating trajectory...
Trajectory points:, 1000.
Duration:, 1.763635
excecuting path...
current error: , 0.001404
Final error:, 0.001404
Execution successful
Goal signal recieved..
Planning ...
Collision pairs set
goal state set
Using RRT Connect
task setup complete
solving task...
OMPL states:, 200.
path found
Validating path...
valid path found, generating trajectory...
Trajectory points:, 1000.
Duration:, 0.398641
excecuting path...
current error: , 0.004011
Final error:, 0.004011
Execution successful
Goal signal recieved..
Planning ...
Collision pairs set
goal state set
Using RRT Connect
task setup complete
solving task...
OMPL states:, 200.
path found
Validating path...
valid path found, generating trajectory...
Trajectory points:, 1000.
Duration:, 1.768519
excecuting path...
current error: , 0.001525
Final error:, 0.001525
Execution successful
Goal signal recieved..
Planning ...
Collision pairs set
goal state set
Using RRT Connect
task setup complete
solving task...
OMPL states:, 200.
path found
Validating path...
valid path found, generating trajectory...
Trajectory points:, 1000.
Duration:, 0.388505
excecuting path...
current error: , 0.003372
Final error:, 0.003372
Execution successful
Goal signal recieved..
Planning ...
Collision pairs set
goal state set
Using RRT Connect
task setup complete
solving task...
OMPL states:, 200.
path found
Validating path...
valid path found, generating trajectory...
Trajectory points:, 1000.
Duration:, 1.763035
excecuting path...
current error: , 0.001247
Final error:, 0.001247
Execution successful
Goal signal recieved..
Planning ...
Collision pairs set
goal state set
Using RRT Connect
task setup complete
solving task...
OMPL states:, 200.
path found
Validating path...
valid path found, generating trajectory...
Trajectory points:, 1000.
Duration:, 0.384722
excecuting path...
current error: , 0.002823
Final error:, 0.002823
Execution successful
Goal signal recieved..
Planning ...
Collision pairs set
goal state set
Using RRT Connect
task setup complete
solving task...
OMPL states:, 200.
path found
Validating path...
valid path found, generating trajectory...
Trajectory points:, 1000.
Duration:, 1.767967
excecuting path...
current error: , 0.001435
Final error:, 0.001435
Execution successful
Goal signal recieved..
Planning ...
Collision pairs set
goal state set
Using RRT Connect
task setup complete
solving task...
OMPL states:, 200.
path found
Validating path...
valid path found, generating trajectory...
Trajectory points:, 1000.
Duration:, 0.385991
excecuting path...
current error: , 0.004801
Final error:, 0.004801
Execution successful
Goal signal recieved..
Planning ...
Collision pairs set
goal state set
Using RRT Connect
task setup complete
solving task...
OMPL states:, 200.
path found
Validating path...
valid path found, generating trajectory...
Trajectory points:, 1000.
Duration:, 1.765887
excecuting path...
current error: , 0.001103
Final error:, 0.001103
Execution successful
Goal signal recieved..
Planning ...
Collision pairs set
goal state set
Using RRT Connect
task setup complete
solving task...
OMPL states:, 200.
path found
Validating path...
valid path found, generating trajectory...
Trajectory points:, 1000.
Duration:, 0.399668
excecuting path...
current error: , 0.005825
Final error:, 0.005825
Execution successful
Goal signal recieved..
Planning ...
Collision pairs set
goal state set
Using RRT Connect
task setup complete
solving task...
OMPL states:, 200.
path found
Validating path...
valid path found, generating trajectory...
Trajectory points:, 1000.
Duration:, 1.764906
excecuting path...
current error: , 0.001357
Final error:, 0.001357
Execution successful
Goal signal recieved..
Planning ...
Collision pairs set
goal state set
Using RRT Connect
task setup complete
solving task...
OMPL states:, 200.
path found
Validating path...
valid path found, generating trajectory...
Trajectory points:, 1000.
Duration:, 0.39386
excecuting path...
current error: , 0.005239
Final error:, 0.005239
Execution successful
Goal signal recieved..
Planning ...
Collision pairs set
goal state set
Using RRT Connect
task setup complete
solving task...
OMPL states:, 200.
path found
Validating path...
valid path found, generating trajectory...
Trajectory points:, 1000.
Duration:, 1.765424
excecuting path...
current error: , 0.001277
Final error:, 0.001277
Execution successful
Goal signal recieved..
Planning ...
Collision pairs set
goal state set
Using RRT Connect
task setup complete
solving task...
OMPL states:, 200.
path found
Validating path...
valid path found, generating trajectory...
Trajectory points:, 1000.
Duration:, 0.405171
excecuting path...
current error: , 0.002025
Final error:, 0.002025
Execution successful
Goal signal recieved..
Planning ...
Collision pairs set
goal state set
Using RRT Connect
task setup complete
solving task...
OMPL states:, 200.
path found
Validating path...
valid path found, generating trajectory...
Trajectory points:, 1000.
Duration:, 1.768575
excecuting path...
current error: , 0.001442
Final error:, 0.001442
Execution successful
Goal signal recieved..
Planning ...
Collision pairs set
goal state set
Using RRT Connect
task setup complete
solving task...
OMPL states:, 200.
path found
Validating path...
valid path found, generating trajectory...
Trajectory points:, 1000.
Duration:, 0.390653
excecuting path...
current error: , 0.005182
Final error:, 0.005182
Execution successful
Goal signal recieved..
Planning ...
Collision pairs set
goal state set
Using RRT Connect
task setup complete
solving task...
OMPL states:, 200.
path found
Validating path...
valid path found, generating trajectory...
Trajectory points:, 1000.
Duration:, 1.764598
excecuting path...
current error: , 0.00122
Final error:, 0.00122
Execution successful
Goal signal recieved..
Planning ...
Collision pairs set
goal state set
Using RRT Connect
task setup complete
solving task...
OMPL states:, 200.
path found
Validating path...
valid path found, generating trajectory...
Trajectory points:, 1000.
Duration:, 0.393779
excecuting path...
current error: , 0.005467
Final error:, 0.005467
Execution successful
Goal signal recieved..
Planning ...
Collision pairs set
goal state set
Using RRT Connect
task setup complete
solving task...
OMPL states:, 200.
path found
Validating path...
valid path found, generating trajectory...
Trajectory points:, 1000.
Duration:, 1.76211
excecuting path...
current error: , 0.001403
Final error:, 0.001403
Execution successful
Goal signal recieved..
Planning ...
Collision pairs set
goal state set
Using RRT Connect
task setup complete
solving task...
OMPL states:, 200.
path found
Validating path...
valid path found, generating trajectory...
Trajectory points:, 1000.
Duration:, 0.388032
excecuting path...
current error: , 0.005364
Final error:, 0.005364
Execution successful
Goal signal recieved..
Planning ...
Collision pairs set
goal state set
Using RRT Connect
task setup complete
solving task...
OMPL states:, 200.
path found
Validating path...
valid path found, generating trajectory...
Trajectory points:, 1000.
Duration:, 1.76319
excecuting path...
current error: , 0.001286
Final error:, 0.001286
Execution successful
Goal signal recieved..
Planning ...
Collision pairs set
goal state set
Using RRT Connect
task setup complete
solving task...
OMPL states:, 200.
path found
Validating path...
valid path found, generating trajectory...
Trajectory points:, 1000.
Duration:, 0.388796
excecuting path...
current error: , 0.003122
Final error:, 0.003122
Execution successful
Goal signal recieved..
Planning ...
Collision pairs set
goal state set
Using RRT Connect
task setup complete
solving task...
OMPL states:, 200.
path found
Validating path...
valid path found, generating trajectory...
Trajectory points:, 1000.
Duration:, 1.769455
excecuting path...
current error: , 0.00155
Final error:, 0.00155
Execution successful
Goal signal recieved..
Planning ...
Collision pairs set
goal state set
Using RRT Connect
task setup complete
solving task...
OMPL states:, 200.
path found
Validating path...
valid path found, generating trajectory...
Trajectory points:, 1000.
Duration:, 0.397228
excecuting path...
current error: , 0.003928
Final error:, 0.003928
Execution successful
[sandboxScript:info]   Simulation stopping...
[sandboxScript:info]   Simulation stopped.
[sandboxScript:info]   Simulation started.
[CoppeliaSim:warning]   Detected non-default settings (time steps and/or dyn. engine global settings).
Goal signal recieved..
Planning ...
Collision pairs set
goal state set
Using RRT Connect
task setup complete
solving task...
OMPL states:, 200.
path found
Validating path...
valid path found, generating trajectory...
Trajectory points:, 1000.
Duration:, 3.575276
excecuting path...
current error: , 0.073301
current error: , 0.073301
current error: , 0.006268
Final error:, 0.000668
Execution successful
Goal signal recieved..
Planning ...
Collision pairs set
goal state set
Using RRT Connect
task setup complete
solving task...
OMPL states:, 200.
path found
Validating path...
valid path found, generating trajectory...
Trajectory points:, 1000.
Duration:, 5.467008
excecuting path...
current error: , 0.424005
current error: , 0.424005
current error: , 0.306415
current error: , 0.190024
current error: , 0.080816
current error: , 0.010741
Final error:, 0.001577
Execution successful
Goal signal recieved..
Planning ...
Collision pairs set
goal state set
Using RRT Connect
task setup complete
solving task...
OMPL states:, 200.
path found
Validating path...
valid path found, generating trajectory...
Trajectory points:, 1000.
Duration:, 7.92432
excecuting path...
current error: , 0.588652
current error: , 0.588652
current error: , 0.480249
current error: , 0.377832
current error: , 0.287711
current error: , 0.2039
current error: , 0.120205
current error: , 0.036482
current error: , 0.00325
Final error:, 0.001161
Execution successful
[sandboxScript:info]   Simulation stopping...
[sandboxScript:info]   Simulation stopped.
[sandboxScript:info]   Simulation started.
[CoppeliaSim:warning]   Detected non-default settings (time steps and/or dyn. engine global settings).
Goal signal recieved..
Planning ...
Collision pairs set
goal state set
Using RRT Connect
task setup complete
solving task...
OMPL states:, 200.
path found
Validating path...
valid path found, generating trajectory...
Trajectory points:, 1000.
Duration:, 3.574668
excecuting path...
current error: , 0.1002
current error: , 0.1002
current error: , 0.018211
Final error:, 0.001192
Execution successful
Goal signal recieved..
Planning ...
Collision pairs set
goal state set
Using RRT Connect
task setup complete
solving task...
OMPL states:, 200.
path found
Validating path...
Collision detected at state:, 191
Collision pairs:, column1, obs0_collisiondummy
path invalid
Goal signal recieved..
Planning ...
Collision pairs set
goal state set
Using RRT Connect
task setup complete
solving task...
OMPL states:, 200.
path found
Validating path...
Collision detected at state:, 176
Collision pairs:, column1, obs0_collisiondummy
path invalid
Goal signal recieved..
Planning ...
Collision pairs set
goal state set
Using RRT Connect
task setup complete
solving task...
OMPL states:, 200.
path found
Validating path...
Collision detected at state:, 76
Collision pairs:, column1, table
path invalid
Goal signal recieved..
Planning ...
Collision pairs set
goal state set
Using RRT Connect
task setup complete
solving task...
OMPL states:, 200.
path found
Validating path...
Collision detected at state:, 196
Collision pairs:, column1, obs0_collisiondummy
path invalid
Goal signal recieved..
Planning ...
Collision pairs set
goal state set
Using RRT Connect
task setup complete
solving task...
OMPL states:, 200.
path found
Validating path...
valid path found, generating trajectory...
Trajectory points:, 1000.
Duration:, 16.978863
excecuting path...
current error: , 0.957416
current error: , 0.957416
current error: , 0.839108
current error: , 0.72085
current error: , 0.602602
current error: , 0.484384
current error: , 0.366305
current error: , 0.248648
current error: , 0.132339
current error: , 0.031416
current error: , 0.002441
Final error:, 0.001202
Execution successful
Goal signal recieved..
Planning ...
Collision pairs set
goal state set
Using RRT Connect
task setup complete
solving task...
OMPL states:, 200.
path found
Validating path...
valid path found, generating trajectory...
Trajectory points:, 1000.
Duration:, 3.427882
excecuting path...
current error: , 0.074459
current error: , 0.074459
current error: , 0.010624
Final error:, 0.003158
Execution successful
Goal signal recieved..
Planning ...
Collision pairs set
goal state set
Using RRT Connect
task setup complete
solving task...
OMPL states:, 200.
path found
Validating path...
valid path found, generating trajectory...
Trajectory points:, 1000.
Duration:, 1.376
excecuting path...
current error: , 0.001775
Final error:, 0.001775
Execution successful
Goal signal recieved..
Planning ...
Collision pairs set
goal state set
Using RRT Connect
task setup complete
solving task...
OMPL states:, 200.
path found
Validating path...
valid path found, generating trajectory...
Trajectory points:, 1000.
Duration:, 9.004263
excecuting path...
current error: , 0.735332
current error: , 0.735332
current error: , 0.656369
current error: , 0.582984
current error: , 0.51696
current error: , 0.416274
current error: , 0.318366
current error: , 0.23324
current error: , 0.149071
current error: , 0.065055
current error: , 0.006837
Final error:, 0.001359
Execution successful
Goal signal recieved..
Planning ...
Collision pairs set
goal state set
Using RRT Connect
task setup complete
solving task...
OMPL states:, 200.
path found
Validating path...
Collision detected at state:, 71
Collision pairs:, column1, assembly_table
path invalid
Goal signal recieved..
Planning ...
Collision pairs set
goal state set
Using RRT Connect
task setup complete
solving task...
OMPL states:, 200.
path found
Validating path...
Collision detected at state:, 101
Collision pairs:, column1, assembly_table
path invalid
Goal signal recieved..
Planning ...
Collision pairs set
goal state set
Using RRT Connect
task setup complete
solving task...
OMPL states:, 200.
path found
Validating path...
Collision detected at state:, 71
Collision pairs:, column1, assembly_table
path invalid
Goal signal recieved..
Planning ...
Collision pairs set
goal state set
Using RRT Connect
task setup complete
solving task...
OMPL states:, 200.
path found
Validating path...
valid path found, generating trajectory...
Trajectory points:, 1000.
Duration:, 7.888723
excecuting path...
current error: , 0.02847
current error: , 0.02847
current error: , 0.002814
Final error:, 0.001497
Execution successful
[sandboxScript:info]   Simulation stopping...
[sandboxScript:info]   Simulation stopped.
[sandboxScript:info]   Simulation started.
[CoppeliaSim:warning]   Detected non-default settings (time steps and/or dyn. engine global settings).
Goal signal recieved..
Planning ...
Collision pairs set
goal state set
Using RRT Connect
task setup complete
solving task...
OMPL states:, 200.
path found
Validating path...
valid path found, generating trajectory...
Trajectory points:, 1000.
Duration:, 3.575276
excecuting path...
current error: , 0.1007
current error: , 0.1007
current error: , 0.017886
Final error:, 0.001335
Execution successful
Goal signal recieved..
Planning ...
Collision pairs set
goal state set
Using RRT Connect
task setup complete
solving task...
OMPL states:, 200.
path found
Validating path...
Collision detected at state:, 176
Collision pairs:, rightLink0_visible, table
path invalid
Goal signal recieved..
Planning ...
Collision pairs set
goal state set
Using RRT Connect
task setup complete
solving task...
OMPL states:, 200.
path found
Validating path...
valid path found, generating trajectory...
Trajectory points:, 1000.
Duration:, 3.754968
excecuting path...
current error: , 0.263412
current error: , 0.263412
current error: , 0.179713
current error: , 0.096032
current error: , 0.018701
Final error:, 0.003742
Execution successful
Goal signal recieved..
Planning ...
Collision pairs set
goal state set
Using RRT Connect
task setup complete
solving task...
OMPL states:, 200.
path found
Validating path...
valid path found, generating trajectory...
Trajectory points:, 1000.
Duration:, 8.925495
excecuting path...
current error: , 0.218241
current error: , 0.218241
current error: , 0.133295
current error: , 0.049159
current error: , 0.004378
Final error:, 0.001597
Execution successful
Goal signal recieved..
Planning ...
Collision pairs set
goal state set
Using RRT Connect
task setup complete
solving task...
OMPL states:, 200.
path found
Validating path...
Collision detected at state:, 61
Collision pairs:, link6_visible, assembly_table
path invalid
Goal signal recieved..
Planning ...
Collision pairs set
goal state set
Using RRT Connect
task setup complete
solving task...
OMPL states:, 200.
path found
Validating path...
Collision detected at state:, 61
Collision pairs:, link6_visible, assembly_table
path invalid
Goal signal recieved..
Planning ...
Collision pairs set
goal state set
Using RRT Connect
task setup complete
solving task...
OMPL states:, 200.
path found
Validating path...
Collision detected at state:, 56
Collision pairs:, link6_visible, assembly_table
path invalid
Goal signal recieved..
Planning ...
Collision pairs set
goal state set
Using RRT Connect
task setup complete
solving task...
OMPL states:, 200.
path found
Validating path...
Collision detected at state:, 66
Collision pairs:, link6_visible, assembly_table
path invalid
Goal signal recieved..
Planning ...
Collision pairs set
goal state set
Using RRT Connect
task setup complete
solving task...
OMPL states:, 200.
path found
Validating path...
Collision detected at state:, 51
Collision pairs:, column1, assembly_table
path invalid
Goal signal recieved..
Planning ...
Collision pairs set
goal state set
Using RRT Connect
task setup complete
solving task...
OMPL states:, 200.
path found
Validating path...
Collision detected at state:, 46
Collision pairs:, column1, assembly_table
path invalid
Goal signal recieved..
Planning ...
Collision pairs set
goal state set
Using RRT Connect
task setup complete
solving task...
OMPL states:, 200.
path found
Validating path...
Collision detected at state:, 76
Collision pairs:, link6_visible, assembly_table
path invalid
Goal signal recieved..
Planning ...
Collision pairs set
goal state set
Using RRT Connect
task setup complete
solving task...
Goal signal recieved..
Planning ...
Collision pairs set
goal state set
Using RRT Connect
task setup complete
solving task...
OMPL states:, 200.
path found
Validating path...
Collision detected at state:, 56
Collision pairs:, link6_visible, assembly_table
path invalid
Goal signal recieved..
Planning ...
Collision pairs set
goal state set
Using RRT Connect
task setup complete
solving task...
OMPL states:, 200.
path found
Validating path...
Collision detected at state:, 96
Collision pairs:, link6_visible, assembly_table
path invalid
Goal signal recieved..
Planning ...
Collision pairs set
goal state set
Using RRT Connect
task setup complete
solving task...
OMPL states:, 200.
path found
Validating path...
Collision detected at state:, 181
Collision pairs:, column1, obs1
path invalid
Goal signal recieved..
Planning ...
Collision pairs set
goal state set
Using RRT Connect
task setup complete
solving task...
OMPL states:, 200.
path found
Validating path...
Collision detected at state:, 96
Collision pairs:, link6_visible, assembly_table
path invalid
Goal signal recieved..
Planning ...
Collision pairs set
goal state set
Using RRT Connect
task setup complete
solving task...
OMPL states:, 200.
path found
Validating path...
Collision detected at state:, 121
Collision pairs:, link5_visible, assembly_table
path invalid
Goal signal recieved..
Planning ...
Collision pairs set
goal state set
Using RRT Connect
task setup complete
solving task...
OMPL states:, 200.
path found
Validating path...
Collision detected at state:, 86
Collision pairs:, link6_visible, assembly_table
path invalid
Goal signal recieved..
Planning ...
Collision pairs set
goal state set
Using RRT Connect
task setup complete
solving task...
OMPL states:, 200.
path found
Validating path...
Collision detected at state:, 46
Collision pairs:, column1, assembly_table
path invalid
Goal signal recieved..
Planning ...
Collision pairs set
goal state set
Using RRT Connect
task setup complete
solving task...
OMPL states:, 200.
path found
Validating path...
Collision detected at state:, 76
Collision pairs:, link6_visible, assembly_table
path invalid
Goal signal recieved..
Planning ...
Collision pairs set
goal state set
Using RRT Connect
task setup complete
solving task...
OMPL states:, 200.
path found
Validating path...
Collision detected at state:, 81
Collision pairs:, link6_visible, assembly_table
path invalid
Goal signal recieved..
Planning ...
Collision pairs set
goal state set
Using RRT Connect
task setup complete
solving task...
OMPL states:, 200.
path found
Validating path...
Collision detected at state:, 111
Collision pairs:, link5_visible, assembly_table
path invalid
[sandboxScript:info]   Simulation stopping...
[sandboxScript:info]   Simulation stopped.
[sandboxScript:info]   Simulation started.
[CoppeliaSim:warning]   Detected non-default settings (time steps and/or dyn. engine global settings).
[sandboxScript:info]   Simulation stopping...
[sandboxScript:info]   Simulation stopped.
[sandboxScript:info]   Simulation started.
[CoppeliaSim:warning]   Detected non-default settings (time steps and/or dyn. engine global settings).
Goal signal recieved..
Planning ...
Collision pairs set
goal state set
Using RRT Connect
task setup complete
solving task...
OMPL states:, 200.
path found
Validating path...
valid path found, generating trajectory...
Trajectory points:, 1000.
Duration:, 3.575078
excecuting path...
current error: , 0.070066
current error: , 0.070066
current error: , 0.006717
Final error:, 0.00096
Execution successful
Goal signal recieved..
Planning ...
Collision pairs set
goal state set
Using RRT Connect
task setup complete
solving task...
OMPL states:, 200.
path found
Validating path...
valid path found, generating trajectory...
Trajectory points:, 1000.
Duration:, 7.265286
excecuting path...
current error: , 0.374058
current error: , 0.374058
current error: , 0.263178
current error: , 0.164005
current error: , 0.079515
current error: , 0.011828
Final error:, 0.002732
Execution successful
Goal signal recieved..
Planning ...
Collision pairs set
goal state set
Using RRT Connect
task setup complete
solving task...
OMPL states:, 200.
path found
Validating path...
Collision detected at state:, 111
Collision pairs:, rightLink0_visible, assembly_table
path invalid
Goal signal recieved..
Planning ...
Collision pairs set
goal state set
Using RRT Connect
task setup complete
solving task...
OMPL states:, 200.
path found
Validating path...
valid path found, generating trajectory...
Trajectory points:, 1000.
Duration:, 8.958747
excecuting path...
current error: , 1.160733
current error: , 1.160733
current error: , 1.082425
current error: , 1.004437
current error: , 0.927065
current error: , 0.85096
current error: , 0.774305
current error: , 0.699443
current error: , 0.627587
current error: , 0.559577
current error: , 0.496005
current error: , 0.436175
current error: , 0.390101
current error: , 0.353056
current error: , 0.338636
current error: , 0.343191
current error: , 0.35531
current error: , 0.353588
current error: , 0.357751
current error: , 0.358888
current error: , 0.355952
current error: , 0.359323
current error: , 0.358423
current error: , 0.354459
current error: , 0.35932
current error: , 0.358513
current error: , 0.353392
current error: , 0.357003
current error: , 0.358906
current error: , 0.35233
current error: , 0.35539
current error: , 0.35704
current error: , 0.356873
current error: , 0.353916
current error: , 0.35749
current error: , 0.355514
current error: , 0.357651
current error: , 0.353918
current error: , 0.352909
current error: , 0.358312
current error: , 0.353764
current error: , 0.35451
current error: , 0.355458
current error: , 0.355655
current error: , 0.355583
current error: , 0.355803
current error: , 0.355195
current error: , 0.356448
current error: , 0.354364
current error: , 0.359103
current error: , 0.357419
current error: , 0.357815
current error: , 0.355812
current error: , 0.354955
current error: , 0.358202
current error: , 0.355688
current error: , 0.354368
current error: , 0.359027
current error: , 0.356335
current error: , 0.357973
current error: , 0.356013
current error: , 0.355038
current error: , 0.356378
current error: , 0.353685
current error: , 0.358021
current error: , 0.35877
current error: , 0.358239
current error: , 0.355367
current error: , 0.358741
current error: , 0.36003
current error: , 0.358841
current error: , 0.354891
current error: , 0.35537
current error: , 0.357523
current error: , 0.357686
current error: , 0.358644
current error: , 0.359151
current error: , 0.356347
current error: , 0.353965
current error: , 0.355871
current error: , 0.355831
current error: , 0.355678
current error: , 0.354936
current error: , 0.357267
current error: , 0.358851
current error: , 0.355951
current error: , 0.354696
current error: , 0.352713
current error: , 0.354947
current error: , 0.35382
current error: , 0.357113
current error: , 0.353155
current error: , 0.354929
current error: , 0.353984
current error: , 0.359088
current error: , 0.355632
current error: , 0.354484
current error: , 0.356448
current error: , 0.35707
current error: , 0.354048
current error: , 0.356538
current error: , 0.352278
current error: , 0.355125
current error: , 0.353778
current error: , 0.352855
current error: , 0.354807
current error: , 0.352347
current error: , 0.354438
current error: , 0.356112
current error: , 0.35596
current error: , 0.353314
current error: , 0.355808
current error: , 0.352636
current error: , 0.355904
current error: , 0.354495
current error: , 0.355052
current error: , 0.35362
current error: , 0.353418
current error: , 0.358161
current error: , 0.354321
current error: , 0.354091
current error: , 0.359142
current error: , 0.351976
current error: , 0.358135
current error: , 0.355123
current error: , 0.354744
current error: , 0.353904
current error: , 0.353906
current error: , 0.355718
current error: , 0.354018
current error: , 0.353663
current error: , 0.355523
current error: , 0.354847
current error: , 0.35619
current error: , 0.354693
current error: , 0.355029
current error: , 0.355139
current error: , 0.353065
current error: , 0.356384
current error: , 0.358416
current error: , 0.354211
current error: , 0.358098
current error: , 0.356408
current error: , 0.351784
current error: , 0.356305
current error: , 0.356834
current error: , 0.355651
current error: , 0.353615
current error: , 0.356847
current error: , 0.353929
current error: , 0.353677
current error: , 0.355945
current error: , 0.356545
current error: , 0.356291
current error: , 0.353684
current error: , 0.354857
current error: , 0.356193
current error: , 0.352671
current error: , 0.353233
current error: , 0.353898
current error: , 0.354795
current error: , 0.354103
current error: , 0.354328
current error: , 0.354464
current error: , 0.357639
current error: , 0.355693
current error: , 0.355997
current error: , 0.35436
current error: , 0.351859
current error: , 0.352073
current error: , 0.353062
current error: , 0.357513
current error: , 0.353698
current error: , 0.354199
current error: , 0.355435
current error: , 0.357207
current error: , 0.355859
current error: , 0.352119
current error: , 0.355599
current error: , 0.355668
current error: , 0.354018
current error: , 0.353904
current error: , 0.35522
current error: , 0.357335
current error: , 0.357058
current error: , 0.35461
current error: , 0.355301
current error: , 0.355037
current error: , 0.357865
current error: , 0.353899
current error: , 0.354307
current error: , 0.354871
current error: , 0.355566
current error: , 0.35419
current error: , 0.353411
current error: , 0.354156
current error: , 0.357273
current error: , 0.354126
current error: , 0.357089
current error: , 0.356284
current error: , 0.354344
current error: , 0.355519
current error: , 0.355546
current error: , 0.355938
current error: , 0.355837
current error: , 0.35602
current error: , 0.358917
current error: , 0.355151
current error: , 0.357237
current error: , 0.354942
current error: , 0.356592
current error: , 0.356388
current error: , 0.358934
current error: , 0.356577
current error: , 0.355132
current error: , 0.354503
current error: , 0.357914
current error: , 0.355461
current error: , 0.35651
current error: , 0.354428
current error: , 0.353824
current error: , 0.35578
current error: , 0.356086
current error: , 0.35378
current error: , 0.355264
current error: , 0.356302
current error: , 0.355092
current error: , 0.354472
current error: , 0.354111
current error: , 0.354376
current error: , 0.356742
current error: , 0.353497
current error: , 0.35608
current error: , 0.353885
current error: , 0.355712
current error: , 0.355566
current error: , 0.356111
current error: , 0.354121
current error: , 0.355548
current error: , 0.358003
current error: , 0.354435
current error: , 0.35371
current error: , 0.35762
current error: , 0.361297
current error: , 0.354827
current error: , 0.357756
current error: , 0.35608
current error: , 0.355776
current error: , 0.356857
current error: , 0.353164
current error: , 0.353199
current error: , 0.354491
current error: , 0.353122
current error: , 0.35596
current error: , 0.360964
current error: , 0.35501
current error: , 0.357613
current error: , 0.355517
current error: , 0.356606
current error: , 0.353626
current error: , 0.353916
current error: , 0.355041
current error: , 0.356094
current error: , 0.355933
current error: , 0.356883
current error: , 0.35427
current error: , 0.354346
current error: , 0.357473
current error: , 0.355532
current error: , 0.356527
current error: , 0.356563
current error: , 0.356236
current error: , 0.356569
current error: , 0.353045
current error: , 0.355472
current error: , 0.355665
current error: , 0.356194
current error: , 0.354936
current error: , 0.35506
current error: , 0.354642
current error: , 0.355819
current error: , 0.353149
current error: , 0.354984
current error: , 0.358118
current error: , 0.35669
current error: , 0.354131
current error: , 0.353741
current error: , 0.355384
current error: , 0.354914
current error: , 0.356366
current error: , 0.354756
current error: , 0.35303
current error: , 0.357631
current error: , 0.357119
current error: , 0.355924
current error: , 0.355269
current error: , 0.354532
current error: , 0.35525
current error: , 0.352603
current error: , 0.355502
current error: , 0.356522
current error: , 0.355789
current error: , 0.355112
current error: , 0.357451
current error: , 0.356475
current error: , 0.356819
current error: , 0.3539
current error: , 0.353959
current error: , 0.356931
current error: , 0.355812
current error: , 0.357062
current error: , 0.355308
current error: , 0.355024
current error: , 0.356824
current error: , 0.356812
current error: , 0.355167
current error: , 0.356358
current error: , 0.355902
current error: , 0.355455
current error: , 0.355359
current error: , 0.354889
current error: , 0.355915
current error: , 0.356573
current error: , 0.354728
current error: , 0.354295
current error: , 0.356225
current error: , 0.354929
current error: , 0.354756
current error: , 0.357973
current error: , 0.355763
current error: , 0.35457
current error: , 0.356143
current error: , 0.35722
current error: , 0.356468
current error: , 0.35509
current error: , 0.358999
current error: , 0.356813
current error: , 0.35633
current error: , 0.357351
current error: , 0.35345
current error: , 0.357937
current error: , 0.357963
current error: , 0.356382
current error: , 0.357528
current error: , 0.356323
current error: , 0.356207
current error: , 0.356254
current error: , 0.355287
current error: , 0.35629
current error: , 0.357338
current error: , 0.355874
current error: , 0.357034
current error: , 0.355992
current error: , 0.356153
current error: , 0.356052
current error: , 0.354959
current error: , 0.354766
current error: , 0.355874
current error: , 0.356653
current error: , 0.356481
current error: , 0.356257
current error: , 0.353365
current error: , 0.355165
current error: , 0.353946
current error: , 0.355544
current error: , 0.354966
current error: , 0.358008
current error: , 0.35724
current error: , 0.356423
current error: , 0.356679
current error: , 0.354612
current error: , 0.357641
current error: , 0.355822
current error: , 0.357508
current error: , 0.358173
current error: , 0.357069
current error: , 0.359291
current error: , 0.356103
current error: , 0.359037
current error: , 0.355359
current error: , 0.356777
current error: , 0.357363
current error: , 0.356179
current error: , 0.35866
current error: , 0.356133
current error: , 0.356838
current error: , 0.356379
current error: , 0.356403
current error: , 0.353806
current error: , 0.359272
current error: , 0.353555
current error: , 0.357577
current error: , 0.355626
current error: , 0.357052
current error: , 0.353923
current error: , 0.357273
current error: , 0.35594
current error: , 0.357033
current error: , 0.356415
current error: , 0.357166
current error: , 0.355142
current error: , 0.355123
current error: , 0.356392
current error: , 0.357536
current error: , 0.356353
current error: , 0.356071
current error: , 0.357312
current error: , 0.357625
current error: , 0.354616
current error: , 0.353599
current error: , 0.356581
current error: , 0.356418
current error: , 0.360228
current error: , 0.357797
current error: , 0.361179
current error: , 0.356219
current error: , 0.357564
current error: , 0.353412
current error: , 0.354611
current error: , 0.355969
current error: , 0.358789
current error: , 0.356129
current error: , 0.356136
current error: , 0.356416
current error: , 0.355621
current error: , 0.355362
current error: , 0.355468
current error: , 0.356374
current error: , 0.355138
current error: , 0.353483
current error: , 0.358472
current error: , 0.359068
current error: , 0.357236
current error: , 0.35905
current error: , 0.355868
current error: , 0.35657
current error: , 0.358262
current error: , 0.355961
current error: , 0.359059
current error: , 0.357419
current error: , 0.356485
current error: , 0.356965
current error: , 0.355772
current error: , 0.357804
current error: , 0.35413
current error: , 0.356512
current error: , 0.354875
current error: , 0.355888
current error: , 0.358047
current error: , 0.354659
current error: , 0.353856
current error: , 0.359374
current error: , 0.356446
current error: , 0.35542
current error: , 0.356794
current error: , 0.357753
current error: , 0.357648
current error: , 0.355011
current error: , 0.35704
current error: , 0.357071
current error: , 0.359426
current error: , 0.357334
current error: , 0.358281
current error: , 0.358101
current error: , 0.355419
current error: , 0.359437
current error: , 0.354491
current error: , 0.356845
current error: , 0.354979
current error: , 0.355868
current error: , 0.355319
current error: , 0.356957
current error: , 0.356959
current error: , 0.357605
current error: , 0.355739
current error: , 0.357818
current error: , 0.357278
current error: , 0.358377
current error: , 0.356224
current error: , 0.356851
current error: , 0.358946
current error: , 0.358753
current error: , 0.357208
current error: , 0.357242
current error: , 0.356105
current error: , 0.359356
current error: , 0.358046
current error: , 0.360674
current error: , 0.356955
current error: , 0.355584
current error: , 0.357339
current error: , 0.358588
current error: , 0.357723
current error: , 0.354914
current error: , 0.358653
current error: , 0.354052
current error: , 0.356094
current error: , 0.354423
current error: , 0.358404
current error: , 0.357973
current error: , 0.359593
current error: , 0.359694
current error: , 0.353528
current error: , 0.357816
current error: , 0.358752
current error: , 0.358663
current error: , 0.35729
current error: , 0.358007
current error: , 0.358133
current error: , 0.356254
current error: , 0.357103
current error: , 0.354547
current error: , 0.356503
current error: , 0.3592
current error: , 0.358991
current error: , 0.358203
current error: , 0.360583
current error: , 0.358966
current error: , 0.356234
current error: , 0.355904
current error: , 0.357593
current error: , 0.355714
current error: , 0.357645
current error: , 0.357344
current error: , 0.356536
current error: , 0.355812
current error: , 0.359061
current error: , 0.354645
current error: , 0.354706
current error: , 0.356105
current error: , 0.357103
current error: , 0.360511
current error: , 0.356438
current error: , 0.357032
current error: , 0.358483
current error: , 0.356362
current error: , 0.356124
current error: , 0.358729
current error: , 0.35861
current error: , 0.358009
current error: , 0.357171
current error: , 0.356738
current error: , 0.35912
current error: , 0.355177
current error: , 0.356056
current error: , 0.355841
current error: , 0.356047
current error: , 0.357439
current error: , 0.355077
current error: , 0.359804
current error: , 0.356219
current error: , 0.357196
current error: , 0.355931
current error: , 0.358562
current error: , 0.360337
current error: , 0.357967
current error: , 0.357624
current error: , 0.355605
current error: , 0.359177
current error: , 0.356358
current error: , 0.356635
current error: , 0.358663
current error: , 0.355618
current error: , 0.360061
current error: , 0.356827
current error: , 0.358727
current error: , 0.357814
current error: , 0.357202
current error: , 0.356754
current error: , 0.355906
current error: , 0.358729
current error: , 0.359094
current error: , 0.35824
current error: , 0.35701
current error: , 0.358428
current error: , 0.356736
current error: , 0.357167
current error: , 0.357025
current error: , 0.357615
current error: , 0.357303
current error: , 0.354601
current error: , 0.355442
current error: , 0.357046
current error: , 0.359544
current error: , 0.3573
current error: , 0.358919
current error: , 0.358146
current error: , 0.35592
current error: , 0.354795
current error: , 0.356312
current error: , 0.355024
current error: , 0.359056
current error: , 0.357113
current error: , 0.356403
current error: , 0.357226
current error: , 0.357687
current error: , 0.35674
current error: , 0.35797
current error: , 0.35854
current error: , 0.355142
current error: , 0.359386
current error: , 0.357906
current error: , 0.357537
current error: , 0.356952
current error: , 0.358628
current error: , 0.360321
current error: , 0.353949
current error: , 0.359909
current error: , 0.358434
current error: , 0.356927
current error: , 0.356825
current error: , 0.356203
current error: , 0.357357
current error: , 0.356676
current error: , 0.357981
current error: , 0.358678
current error: , 0.358018
current error: , 0.358678
current error: , 0.356571
current error: , 0.357184
current error: , 0.357272
current error: , 0.358278
current error: , 0.359357
current error: , 0.358
current error: , 0.357974
current error: , 0.358664
current error: , 0.359313
current error: , 0.358215
current error: , 0.359157
current error: , 0.357813
current error: , 0.357162
current error: , 0.354547
current error: , 0.357246
current error: , 0.357337
current error: , 0.356133
current error: , 0.356945
current error: , 0.359117
current error: , 0.35633
current error: , 0.356651
current error: , 0.35689
current error: , 0.356125
current error: , 0.35566
current error: , 0.358772
current error: , 0.358639
current error: , 0.357306
current error: , 0.356684
current error: , 0.357879
current error: , 0.358445
current error: , 0.357341
current error: , 0.355532
current error: , 0.356669
current error: , 0.357433
current error: , 0.357829
current error: , 0.358783
current error: , 0.357121
current error: , 0.359147
current error: , 0.356752
current error: , 0.357546
current error: , 0.357401
current error: , 0.359995
current error: , 0.358691
current error: , 0.358673
current error: , 0.361775
current error: , 0.356166
current error: , 0.361957
current error: , 0.357678
current error: , 0.35513
current error: , 0.357757
current error: , 0.358713
current error: , 0.356799
current error: , 0.36101
current error: , 0.355336
current error: , 0.359828
current error: , 0.36163
current error: , 0.355435
current error: , 0.357052
current error: , 0.358287
current error: , 0.359239
current error: , 0.358818
current error: , 0.356991
current error: , 0.358555
current error: , 0.354763
current error: , 0.356712
current error: , 0.357933
current error: , 0.358918
current error: , 0.357056
current error: , 0.360316
current error: , 0.356988
current error: , 0.357622
current error: , 0.357529
current error: , 0.359412
current error: , 0.357769
current error: , 0.35852
current error: , 0.357208
current error: , 0.357053
current error: , 0.35677
current error: , 0.356006
current error: , 0.359525
current error: , 0.359519
current error: , 0.358795
current error: , 0.358588
current error: , 0.357916
current error: , 0.356781
current error: , 0.357069
current error: , 0.357577
current error: , 0.359221
current error: , 0.357479
current error: , 0.36094
current error: , 0.357832
current error: , 0.359106
current error: , 0.359866
current error: , 0.359668
current error: , 0.358551
current error: , 0.355144
current error: , 0.358278
current error: , 0.356679
current error: , 0.358983
current error: , 0.357402
current error: , 0.360684
current error: , 0.358294
current error: , 0.358543
current error: , 0.362475
current error: , 0.359027
current error: , 0.355444
current error: , 0.360618
current error: , 0.356402
current error: , 0.359568
current error: , 0.360348
current error: , 0.359
current error: , 0.359854
current error: , 0.357262
current error: , 0.360038
current error: , 0.359798
current error: , 0.360535
current error: , 0.360714
current error: , 0.358175
current error: , 0.357138
current error: , 0.360291
current error: , 0.360199
current error: , 0.359467
current error: , 0.360624
current error: , 0.359649
current error: , 0.359598
current error: , 0.356495
current error: , 0.35784
current error: , 0.359442
current error: , 0.357931
current error: , 0.358361
current error: , 0.360441
current error: , 0.357237
current error: , 0.359999
current error: , 0.360022
current error: , 0.357805
current error: , 0.35762
current error: , 0.360832
current error: , 0.359903
current error: , 0.35908
current error: , 0.358583
current error: , 0.358675
current error: , 0.358921
current error: , 0.359355
current error: , 0.35963
current error: , 0.358126
current error: , 0.360075
current error: , 0.36013
current error: , 0.357974
current error: , 0.358162
current error: , 0.35704
current error: , 0.360037
current error: , 0.35818
current error: , 0.36034
current error: , 0.361776
current error: , 0.358894
current error: , 0.359367
current error: , 0.358729
current error: , 0.357994
current error: , 0.359112
current error: , 0.357231
current error: , 0.359475
current error: , 0.359226
current error: , 0.359621
current error: , 0.359775
current error: , 0.360498
current error: , 0.359653
current error: , 0.360312
current error: , 0.359763
current error: , 0.357796
current error: , 0.357594
current error: , 0.362207
current error: , 0.358996
current error: , 0.360123
current error: , 0.359179
current error: , 0.35941
current error: , 0.358736
current error: , 0.359177
current error: , 0.357508
current error: , 0.356187
current error: , 0.356588
current error: , 0.35962
current error: , 0.357447
current error: , 0.359913
current error: , 0.358692
current error: , 0.357936
current error: , 0.359518
current error: , 0.360336
current error: , 0.3572
current error: , 0.358594
current error: , 0.357355
current error: , 0.358174
current error: , 0.359022
current error: , 0.357447
current error: , 0.356303
current error: , 0.358271
current error: , 0.357413
current error: , 0.359488
current error: , 0.35778
current error: , 0.358993
current error: , 0.358977
current error: , 0.358078
current error: , 0.360082
current error: , 0.358871
current error: , 0.357861
current error: , 0.362318
current error: , 0.35825
current error: , 0.360284
current error: , 0.35922
current error: , 0.358206
current error: , 0.358514
current error: , 0.358818
current error: , 0.358945
current error: , 0.358441
current error: , 0.35853
current error: , 0.359016
current error: , 0.359212
current error: , 0.360301
current error: , 0.359159
current error: , 0.358992
current error: , 0.358641
current error: , 0.358998
current error: , 0.358387
current error: , 0.360717
current error: , 0.358756
current error: , 0.360421
current error: , 0.355766
current error: , 0.358103
current error: , 0.358862
current error: , 0.359584
current error: , 0.358998
current error: , 0.359942
current error: , 0.358328
current error: , 0.359325
current error: , 0.358754
current error: , 0.360172
current error: , 0.361113
current error: , 0.35951
current error: , 0.358411
current error: , 0.35665
current error: , 0.35897
current error: , 0.359219
current error: , 0.35755
current error: , 0.359654
current error: , 0.360284
current error: , 0.359268
current error: , 0.358782
current error: , 0.359506
current error: , 0.361545
current error: , 0.360654
current error: , 0.358067
current error: , 0.359486
current error: , 0.358683
current error: , 0.359767
current error: , 0.361525
current error: , 0.359568
current error: , 0.359146
current error: , 0.356399
current error: , 0.359971
current error: , 0.360607
current error: , 0.359366
current error: , 0.359891
current error: , 0.360685
current error: , 0.360042
current error: , 0.358452
current error: , 0.356581
current error: , 0.359816
current error: , 0.359441
current error: , 0.358045
current error: , 0.361138
current error: , 0.36003
current error: , 0.359975
current error: , 0.359885
current error: , 0.360679
current error: , 0.360269
current error: , 0.360922
current error: , 0.357502
current error: , 0.358069
current error: , 0.360873
current error: , 0.360565
current error: , 0.357428
current error: , 0.360421
current error: , 0.359447
current error: , 0.359864
current error: , 0.360774
current error: , 0.357873
current error: , 0.358682
current error: , 0.360385
current error: , 0.357803
current error: , 0.360324
current error: , 0.359318
current error: , 0.358361
current error: , 0.359658
current error: , 0.358753
current error: , 0.359876
current error: , 0.358441
current error: , 0.358722
current error: , 0.359823
current error: , 0.358072
current error: , 0.36126
current error: , 0.357694
current error: , 0.358489
current error: , 0.357795
current error: , 0.359192
current error: , 0.361349
current error: , 0.359312
current error: , 0.361643
current error: , 0.358764
current error: , 0.361234
current error: , 0.362388
current error: , 0.361195
current error: , 0.36023
current error: , 0.357789
current error: , 0.362247
current error: , 0.360583
current error: , 0.358216
current error: , 0.359418
current error: , 0.357584
current error: , 0.358673
current error: , 0.358046
current error: , 0.362067
current error: , 0.359025
current error: , 0.36055
current error: , 0.359272
current error: , 0.358022
current error: , 0.359872
current error: , 0.359756
current error: , 0.360977
current error: , 0.358942
current error: , 0.359721
current error: , 0.359066
current error: , 0.36096
current error: , 0.360825
current error: , 0.358446
current error: , 0.359312
current error: , 0.36
current error: , 0.361437
current error: , 0.35922
current error: , 0.35955
current error: , 0.360243
current error: , 0.357264
current error: , 0.361578
current error: , 0.358692
current error: , 0.360126
current error: , 0.360586
current error: , 0.360808
current error: , 0.362807
current error: , 0.361273
current error: , 0.359052
current error: , 0.360803
current error: , 0.361908
current error: , 0.361939
current error: , 0.360454
current error: , 0.359104
current error: , 0.357924
current error: , 0.358693
current error: , 0.361784
current error: , 0.362388
current error: , 0.361103
current error: , 0.360046
current error: , 0.358978
current error: , 0.363904
current error: , 0.359876
current error: , 0.360315
current error: , 0.361185
current error: , 0.358207
current error: , 0.359835
current error: , 0.358151
current error: , 0.360377
current error: , 0.35878
current error: , 0.357152
current error: , 0.358279
current error: , 0.357135
current error: , 0.360138
current error: , 0.360812
current error: , 0.359016
current error: , 0.361168
current error: , 0.359161
current error: , 0.362749
current error: , 0.360671
current error: , 0.359307
current error: , 0.359312
current error: , 0.358843
current error: , 0.360804
current error: , 0.359455
current error: , 0.360048
current error: , 0.359156
current error: , 0.359003
current error: , 0.360338
current error: , 0.360764
current error: , 0.359106
current error: , 0.361141
current error: , 0.358495
current error: , 0.360509
current error: , 0.361555
current error: , 0.360262
current error: , 0.360799
current error: , 0.360578
current error: , 0.361922
current error: , 0.359551
current error: , 0.361207
current error: , 0.361469
current error: , 0.36108
current error: , 0.358835
current error: , 0.360002
current error: , 0.358846
current error: , 0.361911
current error: , 0.360968
current error: , 0.362116
current error: , 0.358834
current error: , 0.359577
current error: , 0.360755
current error: , 0.362252
current error: , 0.357833
current error: , 0.3618
current error: , 0.361166
current error: , 0.360859
current error: , 0.360714
current error: , 0.362537
current error: , 0.360097
current error: , 0.358634
current error: , 0.358915
current error: , 0.358054
current error: , 0.360517
current error: , 0.35917
current error: , 0.360472
current error: , 0.360376
current error: , 0.361474
current error: , 0.358215
current error: , 0.36227
current error: , 0.361111
current error: , 0.357665
current error: , 0.357445
current error: , 0.364402
current error: , 0.358565
current error: , 0.359507
current error: , 0.361017
current error: , 0.359426
current error: , 0.362075
current error: , 0.360565
current error: , 0.362773
current error: , 0.361143
current error: , 0.359499
current error: , 0.358861
current error: , 0.359282
current error: , 0.365241
current error: , 0.361658
current error: , 0.361654
current error: , 0.359966
current error: , 0.361302
current error: , 0.360211
current error: , 0.358387
current error: , 0.360376
current error: , 0.35908
current error: , 0.359127
current error: , 0.362455
current error: , 0.358911
current error: , 0.358164
current error: , 0.361394
current error: , 0.360081
current error: , 0.36154
current error: , 0.358937
current error: , 0.361152
current error: , 0.36008
current error: , 0.36086
current error: , 0.36072
current error: , 0.359699
current error: , 0.362934
current error: , 0.36132
current error: , 0.360422
current error: , 0.359783
current error: , 0.361444
current error: , 0.360401
current error: , 0.361832
current error: , 0.358841
current error: , 0.358669
current error: , 0.36072
current error: , 0.362453
current error: , 0.3593
current error: , 0.358134
current error: , 0.358599
current error: , 0.360157
current error: , 0.359332
current error: , 0.364278
current error: , 0.361014
current error: , 0.360724
current error: , 0.361578
current error: , 0.360517
current error: , 0.360876
current error: , 0.360402
current error: , 0.35947
current error: , 0.362434
current error: , 0.359981
current error: , 0.362031
current error: , 0.358253
current error: , 0.361706
current error: , 0.359084
current error: , 0.359729
current error: , 0.360281
current error: , 0.359819
current error: , 0.360377
current error: , 0.360976
current error: , 0.359879
current error: , 0.361865
current error: , 0.360829
current error: , 0.36071
current error: , 0.360785
current error: , 0.361332
current error: , 0.361733
current error: , 0.360598
current error: , 0.357851
current error: , 0.362326
current error: , 0.36054
current error: , 0.360237
current error: , 0.361574
current error: , 0.36381
current error: , 0.359421
current error: , 0.362281
current error: , 0.361636
current error: , 0.361064
current error: , 0.360555
current error: , 0.362219
current error: , 0.363149
current error: , 0.363431
current error: , 0.358228
current error: , 0.359014
current error: , 0.361519
current error: , 0.359317
current error: , 0.360054
current error: , 0.359044
current error: , 0.361764
current error: , 0.360652
current error: , 0.359791
current error: , 0.361009
current error: , 0.358203
current error: , 0.36007
current error: , 0.3606
current error: , 0.3639
current error: , 0.357325
current error: , 0.359449
current error: , 0.359705
current error: , 0.360181
current error: , 0.3584
current error: , 0.362204
current error: , 0.361583
current error: , 0.359323
current error: , 0.362337
current error: , 0.361583
current error: , 0.359647
current error: , 0.360374
current error: , 0.360768
current error: , 0.362337
current error: , 0.359301
current error: , 0.361056
current error: , 0.359838
current error: , 0.362909
current error: , 0.360455
current error: , 0.36063
current error: , 0.358733
current error: , 0.361249
current error: , 0.362026
current error: , 0.360129
current error: , 0.358637
current error: , 0.359734
current error: , 0.36109
current error: , 0.358383
current error: , 0.359114
current error: , 0.363423
current error: , 0.360052
current error: , 0.359599
current error: , 0.360235
current error: , 0.361861
current error: , 0.361805
current error: , 0.359205
current error: , 0.361167
current error: , 0.360827
current error: , 0.357972
current error: , 0.359287
current error: , 0.360425
current error: , 0.360337
current error: , 0.360003
current error: , 0.360167
current error: , 0.360725
current error: , 0.364043
current error: , 0.361696
current error: , 0.357829
current error: , 0.360798
current error: , 0.362197
current error: , 0.360091
current error: , 0.359058
current error: , 0.358909
current error: , 0.363255
current error: , 0.361644
current error: , 0.359452
current error: , 0.359059
current error: , 0.361301
current error: , 0.361644
current error: , 0.362311
current error: , 0.35939
current error: , 0.362118
current error: , 0.361831
current error: , 0.361986
current error: , 0.362105
current error: , 0.360393
current error: , 0.35763
current error: , 0.361149
current error: , 0.361725
current error: , 0.361717
current error: , 0.362175
current error: , 0.359551
current error: , 0.360815
current error: , 0.359799
current error: , 0.362159
current error: , 0.358938
current error: , 0.360147
current error: , 0.361801
current error: , 0.360342
current error: , 0.359096
current error: , 0.359664
current error: , 0.364405
current error: , 0.36155
current error: , 0.362551
current error: , 0.360841
current error: , 0.362675
current error: , 0.362835
current error: , 0.362601
current error: , 0.358744
current error: , 0.361781
current error: , 0.361201
current error: , 0.359524
current error: , 0.359943
current error: , 0.359709
current error: , 0.362181
current error: , 0.362557
current error: , 0.359547
current error: , 0.361127
current error: , 0.358425
current error: , 0.359047
current error: , 0.361141
current error: , 0.360102
current error: , 0.360655
current error: , 0.361019
current error: , 0.360245
current error: , 0.359638
current error: , 0.360429
current error: , 0.359256
current error: , 0.362452
current error: , 0.360122
current error: , 0.362069
current error: , 0.360006
current error: , 0.360324
current error: , 0.358854
current error: , 0.360348
current error: , 0.360734
current error: , 0.361418
current error: , 0.359072
current error: , 0.360545
current error: , 0.358135
current error: , 0.359684
current error: , 0.361038
current error: , 0.362016
current error: , 0.362035
current error: , 0.360856
current error: , 0.359953
current error: , 0.359304
current error: , 0.361427
current error: , 0.360467
current error: , 0.361494
current error: , 0.362929
current error: , 0.364263
current error: , 0.361861
current error: , 0.362458
current error: , 0.36038
current error: , 0.360196
current error: , 0.360746
current error: , 0.36155
current error: , 0.358347
current error: , 0.35778
current error: , 0.363053
current error: , 0.362072
current error: , 0.362612
current error: , 0.35828
current error: , 0.361135
current error: , 0.363609
current error: , 0.363532
current error: , 0.361239
current error: , 0.359747
current error: , 0.358764
current error: , 0.361408
current error: , 0.362163
current error: , 0.360664
current error: , 0.362393
current error: , 0.361453
current error: , 0.359682
current error: , 0.361947
current error: , 0.361771
current error: , 0.361563
current error: , 0.36075
current error: , 0.361245
current error: , 0.359333
current error: , 0.360173
current error: , 0.362012
current error: , 0.359925
current error: , 0.362005
current error: , 0.361588
current error: , 0.361532
current error: , 0.361972
current error: , 0.360811
current error: , 0.360871
current error: , 0.362149
current error: , 0.359376
current error: , 0.359642
current error: , 0.362361
current error: , 0.359933
current error: , 0.361696
current error: , 0.362584
current error: , 0.362454
current error: , 0.360732
current error: , 0.361247
current error: , 0.36274
current error: , 0.359484
current error: , 0.361691
current error: , 0.360639
current error: , 0.361825
current error: , 0.360063
current error: , 0.361712
current error: , 0.360517
current error: , 0.361212
current error: , 0.359551
current error: , 0.361178
current error: , 0.361098
current error: , 0.360171
current error: , 0.362284
current error: , 0.3602
current error: , 0.365396
current error: , 0.36271
current error: , 0.363517
current error: , 0.362387
current error: , 0.361474
current error: , 0.36179
current error: , 0.35938
current error: , 0.358536
current error: , 0.361422
current error: , 0.359047
current error: , 0.360529
current error: , 0.362743
current error: , 0.361094
current error: , 0.359796
current error: , 0.360454
current error: , 0.361894
current error: , 0.361495
current error: , 0.36104
current error: , 0.359116
current error: , 0.359585
current error: , 0.36041
current error: , 0.363151
current error: , 0.360747
current error: , 0.360902
current error: , 0.359571
current error: , 0.364692
current error: , 0.358887
current error: , 0.36006
current error: , 0.361172
current error: , 0.361982
current error: , 0.359524
current error: , 0.360875
current error: , 0.361602
current error: , 0.361905
current error: , 0.361432
current error: , 0.361781
current error: , 0.362271
current error: , 0.361597
current error: , 0.361416
current error: , 0.361776
current error: , 0.363094
current error: , 0.360126
current error: , 0.36096
current error: , 0.361731
current error: , 0.360842
current error: , 0.361873
current error: , 0.360201
current error: , 0.36065
current error: , 0.360191
current error: , 0.362161
current error: , 0.361784
current error: , 0.359509
current error: , 0.361507
current error: , 0.360307
current error: , 0.361248
current error: , 0.361213
current error: , 0.360667
current error: , 0.361748
current error: , 0.360263
current error: , 0.357887
current error: , 0.360848
current error: , 0.361396
current error: , 0.363649
current error: , 0.36412
current error: , 0.362749
current error: , 0.361467
current error: , 0.36164
current error: , 0.36015
current error: , 0.362102
current error: , 0.362059
current error: , 0.362535
current error: , 0.361545
current error: , 0.361644
current error: , 0.36296
current error: , 0.360693
current error: , 0.36132
current error: , 0.362735
current error: , 0.360062
current error: , 0.361518
current error: , 0.360947
current error: , 0.360866
current error: , 0.36212
current error: , 0.361116
current error: , 0.362935
current error: , 0.363346
current error: , 0.3611
current error: , 0.360575
current error: , 0.361841
current error: , 0.362384
current error: , 0.361698
current error: , 0.361572
current error: , 0.362361
current error: , 0.36362
current error: , 0.359644
current error: , 0.360657
current error: , 0.362704
current error: , 0.362305
current error: , 0.362274
current error: , 0.361102
current error: , 0.361871
current error: , 0.362862
current error: , 0.36372
current error: , 0.360622
current error: , 0.360872
current error: , 0.360101
current error: , 0.363412
current error: , 0.362844
current error: , 0.359867
current error: , 0.360414
current error: , 0.361196
current error: , 0.361883
current error: , 0.358329
current error: , 0.362366
current error: , 0.361689
current error: , 0.360394
current error: , 0.362574
current error: , 0.359226
current error: , 0.361483
current error: , 0.365294
current error: , 0.365155
current error: , 0.363414
current error: , 0.361455
current error: , 0.36299
current error: , 0.362476
current error: , 0.360115
current error: , 0.361061
current error: , 0.361603
current error: , 0.36108
current error: , 0.361032
current error: , 0.361334
current error: , 0.360477
current error: , 0.362096
current error: , 0.358704
current error: , 0.363834
current error: , 0.361462
current error: , 0.361526
current error: , 0.364425
current error: , 0.360557
current error: , 0.358942
current error: , 0.36038
current error: , 0.361243
current error: , 0.361738
current error: , 0.362235
current error: , 0.36133
current error: , 0.360523
current error: , 0.361
current error: , 0.363626
current error: , 0.360871
current error: , 0.361444
current error: , 0.364034
current error: , 0.361656
current error: , 0.362028
current error: , 0.363014
current error: , 0.361803
current error: , 0.363675
current error: , 0.359733
current error: , 0.363263
current error: , 0.359546
current error: , 0.361198
current error: , 0.360221
current error: , 0.361597
current error: , 0.36072
current error: , 0.361956
current error: , 0.360976
current error: , 0.360316
current error: , 0.359001
current error: , 0.360862
current error: , 0.360268
current error: , 0.362324
current error: , 0.362222
current error: , 0.363582
current error: , 0.36172
current error: , 0.360677
current error: , 0.361297
current error: , 0.361508
current error: , 0.360527
current error: , 0.360118
current error: , 0.361971
current error: , 0.360096
current error: , 0.361644
current error: , 0.362967
current error: , 0.35949
current error: , 0.361665
current error: , 0.361483
current error: , 0.361287
current error: , 0.360496
current error: , 0.361458
current error: , 0.362674
current error: , 0.365072
current error: , 0.359047
current error: , 0.360673
current error: , 0.363258
current error: , 0.362983
current error: , 0.361612
current error: , 0.363794
current error: , 0.361315
current error: , 0.35987
current error: , 0.363883
current error: , 0.360147
current error: , 0.360623
current error: , 0.360844
current error: , 0.361471
current error: , 0.361311
current error: , 0.360009
current error: , 0.361729
current error: , 0.362337
current error: , 0.363485
current error: , 0.362059
current error: , 0.362274
current error: , 0.361401
current error: , 0.360293
current error: , 0.362939
current error: , 0.361304
current error: , 0.36061
current error: , 0.360887
current error: , 0.364235
current error: , 0.360707
current error: , 0.362292
current error: , 0.36241
current error: , 0.365326
current error: , 0.362588
current error: , 0.360248
current error: , 0.365062
current error: , 0.362563
current error: , 0.362853
current error: , 0.362842
current error: , 0.362579
current error: , 0.358922
current error: , 0.362878
current error: , 0.36135
current error: , 0.36102
current error: , 0.361571
current error: , 0.361307
current error: , 0.362759
current error: , 0.359877
current error: , 0.362869
current error: , 0.363846
current error: , 0.362706
current error: , 0.362738
current error: , 0.361478
current error: , 0.362682
current error: , 0.362821
current error: , 0.360778
current error: , 0.364627
current error: , 0.365581
current error: , 0.362374
current error: , 0.363221
current error: , 0.360136
current error: , 0.362667
current error: , 0.360992
current error: , 0.36146
current error: , 0.362065
current error: , 0.362616
current error: , 0.361172
current error: , 0.364692
current error: , 0.361501
current error: , 0.36251
current error: , 0.36262
current error: , 0.360909
current error: , 0.36084
current error: , 0.36332
current error: , 0.360352
current error: , 0.362766
current error: , 0.360404
current error: , 0.359918
current error: , 0.359115
current error: , 0.361853
current error: , 0.361733
current error: , 0.362624
current error: , 0.360128
current error: , 0.361123
current error: , 0.362612
current error: , 0.360138
current error: , 0.362718
current error: , 0.359876
current error: , 0.36104
current error: , 0.3623
current error: , 0.362604
current error: , 0.361301
current error: , 0.361062
current error: , 0.362645
current error: , 0.363099
current error: , 0.362786
current error: , 0.360657
current error: , 0.364102
current error: , 0.361105
current error: , 0.359791
current error: , 0.361788
current error: , 0.362406
current error: , 0.360147
current error: , 0.3643
current error: , 0.364191
current error: , 0.363119
current error: , 0.361339
current error: , 0.360125
current error: , 0.361434
current error: , 0.363453
current error: , 0.362978
current error: , 0.362806
current error: , 0.36114
current error: , 0.362233
current error: , 0.359528
current error: , 0.363386
current error: , 0.358128
current error: , 0.362745
current error: , 0.359745
current error: , 0.363571
current error: , 0.364083
current error: , 0.360488
current error: , 0.364052
current error: , 0.36237
current error: , 0.359457
current error: , 0.359451
current error: , 0.361976
current error: , 0.361206
current error: , 0.364256
current error: , 0.363483
current error: , 0.362326
current error: , 0.362991
current error: , 0.363262
current error: , 0.362565
current error: , 0.362106
current error: , 0.361571
current error: , 0.361091
current error: , 0.361309
current error: , 0.36219
current error: , 0.363072
current error: , 0.36136
current error: , 0.361165
current error: , 0.36217
current error: , 0.362878
current error: , 0.358924
current error: , 0.364505
current error: , 0.36115
current error: , 0.362147
current error: , 0.3622
current error: , 0.360187
current error: , 0.362118
current error: , 0.360867
current error: , 0.362448
current error: , 0.364109
current error: , 0.364166
current error: , 0.363476
current error: , 0.363995
current error: , 0.362073
current error: , 0.362244
current error: , 0.363963
current error: , 0.361952
current error: , 0.364763
current error: , 0.363196
current error: , 0.36329
current error: , 0.361523
current error: , 0.36125
current error: , 0.361342
current error: , 0.363594
current error: , 0.360277
current error: , 0.363369
current error: , 0.362132
current error: , 0.361227
current error: , 0.363707
current error: , 0.361311
current error: , 0.364526
current error: , 0.362153
current error: , 0.361087
current error: , 0.364141
current error: , 0.361974
current error: , 0.361433
current error: , 0.363645
current error: , 0.36033
current error: , 0.363941
current error: , 0.362822
current error: , 0.362777
current error: , 0.358572
current error: , 0.360584
current error: , 0.360636
current error: , 0.362261
current error: , 0.362517
current error: , 0.364045
current error: , 0.362697
current error: , 0.361083
current error: , 0.361923
current error: , 0.361888
current error: , 0.363921
current error: , 0.361509
current error: , 0.359725
current error: , 0.363233
current error: , 0.365626
current error: , 0.362451
current error: , 0.359802
current error: , 0.360521
current error: , 0.363669
current error: , 0.362972
current error: , 0.359688
current error: , 0.362455
current error: , 0.36168
current error: , 0.359006
current error: , 0.362509
current error: , 0.362114
current error: , 0.36067
current error: , 0.361003
current error: , 0.361047
current error: , 0.357402
current error: , 0.364496
current error: , 0.360271
current error: , 0.362134
current error: , 0.362414
current error: , 0.364529
current error: , 0.364771
current error: , 0.362025
current error: , 0.361792
current error: , 0.36117
current error: , 0.362812
current error: , 0.360462
current error: , 0.364399
current error: , 0.365051
current error: , 0.363782
current error: , 0.363494
current error: , 0.365064
current error: , 0.363399
current error: , 0.362732
current error: , 0.362642
current error: , 0.362604
current error: , 0.362757
current error: , 0.363221
current error: , 0.363919
current error: , 0.36648
current error: , 0.36264
current error: , 0.360595
current error: , 0.361232
current error: , 0.36052
current error: , 0.361707
current error: , 0.361336
current error: , 0.363198
current error: , 0.362011
current error: , 0.362592
current error: , 0.36014
current error: , 0.363147
current error: , 0.362126
current error: , 0.365276
current error: , 0.362397
current error: , 0.364753
current error: , 0.364938
current error: , 0.362748
current error: , 0.361647
current error: , 0.362689
current error: , 0.360181
current error: , 0.361896
current error: , 0.36113
current error: , 0.366368
current error: , 0.361709
current error: , 0.364098
current error: , 0.36235
current error: , 0.365903
current error: , 0.362881
current error: , 0.365332
current error: , 0.361989
current error: , 0.360622
current error: , 0.36402
current error: , 0.362061
current error: , 0.363317
current error: , 0.358899
current error: , 0.361072
current error: , 0.361434
current error: , 0.364265
current error: , 0.361264
current error: , 0.364132
current error: , 0.361046
current error: , 0.363142
current error: , 0.363073
current error: , 0.362199
current error: , 0.361099
current error: , 0.362231
current error: , 0.361393
current error: , 0.36377
current error: , 0.362537
current error: , 0.363862
current error: , 0.36253
current error: , 0.366258
current error: , 0.36474
current error: , 0.360899
current error: , 0.360449
current error: , 0.360536
[sandboxScript:info]   Simulation stopping...
[sandboxScript:info]   Simulation stopped.
[CoppeliaSim:loadinfo]   external exit request: 4
[Developer tools >> Commander >> Commander@addOnScript:loadinfo]   plugin simCmd: cleanup...
[Developer tools >> Commander >> Commander@addOnScript:loadinfo]   plugin simCmd: done.
[sandboxScript:info]   Leaving...
[CoppeliaSim:loadinfo]   plugin simRuckig: cleanup...
[CoppeliaSim:loadinfo]   plugin simRuckig: done.
[CoppeliaSim:loadinfo]   plugin simBullet-2-83: cleanup...
[CoppeliaSim:loadinfo]   plugin simBullet-2-83: done.
[CoppeliaSim:loadinfo]   plugin simGeom: cleanup...
[CoppeliaSim:loadinfo]   plugin simGeom: done.
[CoppeliaSim:loadinfo]   plugin simOMPL: cleanup...
[CoppeliaSim:loadinfo]   plugin simOMPL: done.
[CoppeliaSim:loadinfo]   plugin simIK: cleanup...
[CoppeliaSim:loadinfo]   plugin simIK: done.
[CoppeliaSim:loadinfo]   plugin simWS: cleanup...
[CoppeliaSim:loadinfo]   plugin simWS: done.
[CoppeliaSim:loadinfo]   plugin simSubprocess: cleanup...
[CoppeliaSim:loadinfo]   plugin simSubprocess: done.
[CoppeliaSim:loadinfo]   plugin simZMQ: cleanup...
[CoppeliaSim:loadinfo]   plugin simZMQ: done.
[CoppeliaSim:loadinfo]   plugin simIK0: cleanup...
[CoppeliaSim:loadinfo]   plugin simIK0: done.
[CoppeliaSim:loadinfo]   plugin 'RemoteApi': unloading...
[CoppeliaSim:loadinfo]   plugin 'RemoteApi': done.
[CoppeliaSim:loadinfo]   plugin 'BWF': unloading...
[CoppeliaSim:loadinfo]   plugin 'BWF': done.
[CoppeliaSim:loadinfo]   CoppeliaSim ended.
[CoppeliaSimClient:loadinfo]   unloading the CoppeliaSim library...
[CoppeliaSimClient]   done.
