[1.359s] Invoking command in '/home/user/refine_plan_v2/src/simulation': PYTHONPATH=/home/user/refine_plan_v2/build/simulation/prefix_override:/usr/lib/python3/dist-packages/colcon_core/task/python/colcon_distutils_commands:/home/user/refine_plan_v2/install/simulation/lib/python3.10/site-packages:${PYTHONPATH} /usr/bin/python3 -W ignore:setup.py install is deprecated -W ignore:easy_install command is deprecated setup.py egg_info --egg-base ../../build/simulation build --build-base /home/user/refine_plan_v2/build/simulation/build install --record /home/user/refine_plan_v2/build/simulation/install.log --single-version-externally-managed install_data
[1.685s] running egg_info
[1.686s] writing ../../build/simulation/simulation.egg-info/PKG-INFO
[1.686s] writing dependency_links to ../../build/simulation/simulation.egg-info/dependency_links.txt
[1.686s] writing entry points to ../../build/simulation/simulation.egg-info/entry_points.txt
[1.687s] writing requirements to ../../build/simulation/simulation.egg-info/requires.txt
[1.687s] writing top-level names to ../../build/simulation/simulation.egg-info/top_level.txt
[1.689s] reading manifest file '../../build/simulation/simulation.egg-info/SOURCES.txt'
[1.689s] adding license file 'LICENSE'
[1.690s] writing manifest file '../../build/simulation/simulation.egg-info/SOURCES.txt'
[1.690s] running build
[1.690s] running build_py
[1.691s] running install
[1.691s] running install_lib
[1.692s] running install_data
[1.692s] running install_egg_info
[1.694s] removing '/home/user/refine_plan_v2/install/simulation/lib/python3.10/site-packages/simulation-0.0.0-py3.10.egg-info' (and everything under it)
[1.695s] Copying ../../build/simulation/simulation.egg-info to /home/user/refine_plan_v2/install/simulation/lib/python3.10/site-packages/simulation-0.0.0-py3.10.egg-info
[1.696s] running install_scripts
[1.722s] Installing observer script to /home/user/refine_plan_v2/install/simulation/lib/simulation
[1.722s] writing list of installed files to '/home/user/refine_plan_v2/build/simulation/install.log'
[1.765s] Invoked command in '/home/user/refine_plan_v2/src/simulation' returned '0': PYTHONPATH=/home/user/refine_plan_v2/build/simulation/prefix_override:/usr/lib/python3/dist-packages/colcon_core/task/python/colcon_distutils_commands:/home/user/refine_plan_v2/install/simulation/lib/python3.10/site-packages:${PYTHONPATH} /usr/bin/python3 -W ignore:setup.py install is deprecated -W ignore:easy_install command is deprecated setup.py egg_info --egg-base ../../build/simulation build --build-base /home/user/refine_plan_v2/build/simulation/build install --record /home/user/refine_plan_v2/build/simulation/install.log --single-version-externally-managed install_data
