Warning: Ignoring XDG_SESSION_TYPE=wayland on Gnome. Use QT_QPA_PLATFORM=wayland to run on Wayland anyway.
Warning: Ignoring XDG_SESSION_TYPE=wayland on Gnome. Use QT_QPA_PLATFORM=wayland to run on Wayland anyway.
[CoppeliaSimClient]   loading the CoppeliaSim library...
[CoppeliaSimClient:loadinfo]   done.
[CoppeliaSimClient:loadinfo]   launching CoppeliaSim...
[CoppeliaSim:loadinfo]   Application directory is /home/kolletms/CoppeliaSim_Edu_V4_10_0_rev0_Ubuntu22_04
[CoppeliaSim:loadinfo]   user settings file is /home/kolletms/.CoppeliaSim/usrset.txt
[CoppeliaSim:loadinfo]   CoppeliaSim v4.10.0 (rev. 0), flavor: 1, linux
[CoppeliaSim:loadinfo]   ds:   0
[CoppeliaSim:loadinfo]   msnd: 3877218058
[CoppeliaSim:loadinfo]   ms:   3877218058
[CoppeliaSim:loadinfo]   midx: BC13-4AFB-53DE-8CCA-F764-4A0D
[CoppeliaSim:loadinfo]   did:  
[CoppeliaSim:loadinfo]   mid0: FC97-7379-1C16-0023-1C17-0101
[CoppeliaSim:loadinfo]   mid1: FC9773791C1600231C17
[CoppeliaSim:loadinfo]   mid2: 7AB7966CC9EF9BB7FD7FEC7D769DC7BA
[CoppeliaSim:loadinfo]   mid3: 04E3981EA27E99B4CE66
[CoppeliaSim:loadinfo]   k:    687FFE88B3DF088E5DDD414A
[CoppeliaSim:loadinfo]   plugin simIK0: loading...
[CoppeliaSim:loadinfo]   plugin simIK0: done.
[CoppeliaSim:loadinfo]   primary screen physical dots per inch: 165
[CoppeliaSim:loadinfo]   display scaling (guessed): 100
[CoppeliaSim:loadinfo]   simulator launched.
[CoppeliaSim:loadinfo]   plugin 'BWF': loading...
[CoppeliaSim:loadinfo]   plugin 'BWF': load succeeded.
[CoppeliaSim:loadinfo]   plugin 'RemoteApi': loading...
[CoppeliaSim:loadinfo]   plugin 'RemoteApi': load succeeded.
[CoppeliaSim:loadinfo]   SK:   687FFE88B3DF088E5DDD414A
[CoppeliaSim:loadinfo]   initializing the sandbox script...
[sandboxScript:loadinfo]   plugin simZMQ: loading...
[sandboxScript:loadinfo]   plugin simZMQ: done.
[sandboxScript:loadinfo]   plugin simSubprocess: loading...
[sandboxScript:loadinfo]   plugin simSubprocess: done.
[sandboxScript:info]   Simulator launched, welcome! 
[CoppeliaSim:loadinfo]   sandbox script initialized.
[CoppeliaSim:loadinfo]   add-on '3D text generator.lua' was loaded.
[CoppeliaSim:loadinfo]   add-on 'Add-on edit.lua' was loaded.
[CoppeliaSim:loadinfo]   add-on 'Alias change.lua' was loaded.
[CoppeliaSim:loadinfo]   add-on 'Animation capture.lua' was loaded.
[CoppeliaSim:loadinfo]   add-on 'B0 remote Api server.lua' was loaded.
[CoppeliaSim:loadinfo]   add-on 'Button action.lua' was loaded.
[CoppeliaSim:loadinfo]   add-on 'Collision check.lua' was loaded.
[CoppeliaSim:loadinfo]   add-on 'Color changer.lua' was loaded.
[CoppeliaSim:loadinfo]   add-on 'Commander.lua' was loaded.
[CoppeliaSim:loadinfo]   add-on 'Contact display.lua' was loaded.
[CoppeliaSim:loadinfo]   add-on 'Convex decomposition hacd.lua' was loaded.
[CoppeliaSim:loadinfo]   add-on 'Convex decomposition vhacd.lua' was loaded.
[CoppeliaSim:loadinfo]   add-on 'Convex hull.lua' was loaded.
[CoppeliaSim:loadinfo]   add-on 'Create dummies on mesh surface.lua' was loaded.
[CoppeliaSim:loadinfo]   add-on 'Define joint group.lua' was loaded.
[CoppeliaSim:loadinfo]   add-on 'Denavit Hartenberg creator.lua' was loaded.
[CoppeliaSim:loadinfo]   add-on 'Denavit Hartenberg extractor.lua' was loaded.
[CoppeliaSim:loadinfo]   add-on 'Distance check.lua' was loaded.
[CoppeliaSim:loadinfo]   add-on 'Distribute objects uniformly.lua' was loaded.
[CoppeliaSim:loadinfo]   add-on 'Event viewer.lua' was loaded.
[CoppeliaSim:loadinfo]   add-on 'Events capture.lua' was loaded.
[CoppeliaSim:loadinfo]   add-on 'Events dump exporter.lua' was loaded.
[CoppeliaSim:loadinfo]   add-on 'External model auto reload.lua' was loaded.
[CoppeliaSim:loadinfo]   add-on 'External model auto save.lua' was loaded.
[CoppeliaSim:loadinfo]   add-on 'External model load.lua' was loaded.
[CoppeliaSim:loadinfo]   add-on 'External model reload selected.lua' was loaded.
[CoppeliaSim:loadinfo]   add-on 'External model save.lua' was loaded.
[CoppeliaSim:loadinfo]   add-on 'Find in scripts.lua' was loaded.
[CoppeliaSim:loadinfo]   add-on 'Find midpoint.lua' was loaded.
[CoppeliaSim:loadinfo]   add-on 'Floor plan importer.lua' was loaded.
[CoppeliaSim:loadinfo]   add-on 'GLTF animation exporter.lua' was loaded.
[CoppeliaSim:loadinfo]   add-on 'GLTF exporter.lua' was loaded.
[CoppeliaSim:loadinfo]   add-on 'I> nverse Kinematics generator.lua' was loaded.
[CoppeliaSim:loadinfo]   add-on 'Isometric scaling.lua' was loaded.
[CoppeliaSim:loadinfo]   add-on 'Joint tool.lua' was loaded.
[CoppeliaSim:loadinfo]   add-on 'LDraw importer.lua' was loaded.
[CoppeliaSim:loadinfo]   add-on 'Make objects same appearance.lua' was loaded.
[CoppeliaSim:loadinfo]   add-on 'Measure distance and direction.lua' was loaded.
[CoppeliaSim:loadinfo]   add-on 'Mesh decimation.lua' was loaded.
[CoppeliaSim:loadinfo]   add-on 'Mesh difference.lua' was loaded.
[CoppeliaSim:loadinfo]   add-on 'Mesh intersection.lua' was loaded.
[CoppeliaSim:loadinfo]   add-on 'Mesh subdivision.lua' was loaded.
[CoppeliaSim:loadinfo]   add-on 'Mesh symmetric difference.lua' was loaded.
[CoppeliaSim:loadinfo]   add-on 'Mesh union.lua' was loaded.
[CoppeliaSim:loadinfo]   add-on 'Message viewer.lua' was loaded.
[CoppeliaSim:loadinfo]   add-on 'Minimalistic exporter.lua' was loaded.
[CoppeliaSim:loadinfo]   add-on 'Minimalistic importer.lua' was loaded.
[CoppeliaSim:loadinfo]   add-on 'Motion Planning generator.lua' was loaded.
[CoppeliaSim:loadinfo]   add-on 'Notepad++ autocompletion.lua' was loaded.
[CoppeliaSim:loadinfo]   add-on 'Pause Stop Simulation on Condition.lua' was loaded.
[CoppeliaSim:loadinfo]   add-on 'Plugin enumerator.lua' was loaded.
[CoppeliaSim:loadinfo]   add-on 'Point cloud importer.lua' was loaded.
[CoppeliaSim:loadinfo]   add-on 'Point sampler interactive.lua' was loaded.
[CoppeliaSim:loadinfo]   add-on 'Point sampler service.lua' was loaded.
[CoppeliaSim:loadinfo]   add-on 'Property explorer.lua' was loaded.
[CoppeliaSim:loadinfo]   add-on 'PyRep.lua' was loaded.
[CoppeliaSim:loadinfo]   add-on 'Referenced handles explorer.lua' was loaded.
[CoppeliaSim:loadinfo]   add-on 'Referenced handles highlight.lua' was loaded.
[CoppeliaSim:loadinfo]   add-on 'Screenshot tool.lua' was loaded.
[CoppeliaSim:loadinfo]   add-on 'Script capture.lua' was loaded.
[CoppeliaSim:loadinfo]   add-on 'SDF importer.lua' was loaded.
[CoppeliaSim:loadinfo]   add-on 'Simulation stepper.lua' was loaded.
[CoppeliaSim:loadinfo]   add-on 'Subdivide large triangles.lua' was loaded.
[CoppeliaSim:loadinfo]   add-on 'Surface reconstruction.lua' was loaded.
[CoppeliaSim:loadinfo]   add-on 'Translate to align vertex.lua' was loaded.
[CoppeliaSim:loadinfo]   add-on 'URDF exporter.lua' was loaded.
[CoppeliaSim:loadinfo]   add-on 'URDF importer.lua' was loaded.
[CoppeliaSim:loadinfo]   add-on 'URL drop service.lua' was loaded.
[CoppeliaSim:loadinfo]   add-on 'Video recorder.lua' was loaded.
[CoppeliaSim:loadinfo]   add-on 'Visualization stream.lua' was loaded.
[CoppeliaSim:loadinfo]   add-on 'WS remote API server.lua' was loaded.
[CoppeliaSim:loadinfo]   add-on 'ZMQ remote API server.lua' was loaded.
[CoppeliaSim:loadinfo]   add-on 'Convex decomposition coacd.py' was loaded.
[Developer tools >> Commander >> Commander@addOnScript:loadinfo]   plugin simCmd: loading...
[simCmd:warning]   Selected script: Sandbox (Python)
[Developer tools >> Commander >> Commander@addOnScript:loadinfo]   plugin simCmd: done.
[Connectivity >> WebSocket remote API server@addOnScript:loadinfo]   plugin simWS: loading...
[Connectivity >> WebSocket remote API server@addOnScript:loadinfo]   plugin simWS: done.
[Connectivity >> WebSocket remote API server@addOnScript:info]   WebSocket Remote API server starting (port=23051)...
[Connectivity >> ZMQ remote API server@addOnScript:info]   ZeroMQ Remote API server starting (rpcPort=23010)...
[/UR10/followPath:loadinfo]   plugin simIK: loading...
[/UR10/followPath:loadinfo]   plugin simIK: done.
[/UR10/followPath:loadinfo]   plugin simOMPL: loading...
[/UR10/followPath:loadinfo]   plugin simOMPL: done.
/Floor, 13
/MPO_700, 86
/assembly_table, 88
/obs1, 133
/obs2, 135
/obs0, 137
/column0, 141
/column1, 143
/column2, 139
[/UR10/followPath:warning]   sim.switchThread is deprecated. please use sim.step instead. (control verbosity via notifyDeprecated in usrset.txt)
[/moveToPose:warning]   sim.setThreadSwitchTiming is deprecated. please use sim.setAutoYieldDelay instead. (control verbosity via notifyDeprecated in usrset.txt)
[/moveToPose:warning]   sim.switchThread is deprecated. please use sim.step instead. (control verbosity via notifyDeprecated in usrset.txt)
[sandboxScript:info]   Simulation started.
[CoppeliaSim:loadinfo]   plugin simGeom: loading...
[CoppeliaSim:loadinfo]   plugin simGeom: done.
[CoppeliaSim:loadinfo]   plugin simBullet-2-83: loading...
[CoppeliaSim:loadinfo]   plugin simBullet-2-83: done.
[CoppeliaSim:warning]   Detected non-default settings (time steps and/or dyn. engine global settings).
[sandboxScript:info]   Simulation stopping...
[sandboxScript:info]   Simulation stopped.
[sandboxScript:info]   Simulation started.
[CoppeliaSim:warning]   Detected non-default settings (time steps and/or dyn. engine global settings).
Goal signal recieved..
Planning ...
Collision pairs set
goal state set
Using RRT Connect
task setup complete
solving task...
OMPL states:, 200.
path found
valid path found, generating trajectory...
[/UR10/followPath:warning]   module 'matrix' was implicitly loaded.
[/UR10/followPath:warning]   "matrix" module is deprecated. please use simEigen
Trajectory points:, 1000.
Duration:, 3.574908
excecuting path...
current error: , 0.103698
current error: , 0.103698
current error: , 0.019303
Final error:, 0.000316
Execution successful
[CoppeliaSim:loadinfo]   plugin simRuckig: loading...
[CoppeliaSim:loadinfo]   plugin simRuckig: done.
Goal signal recieved..
Planning ...
Collision pairs set
goal state set
Using RRT Connect
task setup complete
solving task...
OMPL states:, 200.
path found
valid path found, generating trajectory...
Trajectory points:, 1000.
Duration:, 14.41768
excecuting path...
current error: , 1.742008
current error: , 1.742008
current error: , 1.658343
current error: , 1.574654
current error: , 1.490911
current error: , 1.407194
current error: , 1.323472
current error: , 1.239765
current error: , 1.156092
current error: , 1.072389
current error: , 0.988699
current error: , 0.905034
current error: , 0.82133
current error: , 0.737625
current error: , 0.653933
current error: , 0.570204
current error: , 0.486489
current error: , 0.402811
current error: , 0.319115
current error: , 0.23542
current error: , 0.151714
current error: , 0.068018
current error: , 0.008597
Final error:, 0.002136
Execution successful
Goal signal recieved..
Planning ...
Collision pairs set
goal state set
Using RRT Connect
task setup complete
solving task...
OMPL states:, 200.
path found
valid path found, generating trajectory...
Trajectory points:, 1000.
Duration:, 6.833506
excecuting path...
current error: , 0.1159
current error: , 0.1159
current error: , 0.032261
current error: , 0.003423
Final error:, 0.001411
Execution successful
Goal signal recieved..
Planning ...
Collision pairs set
goal state set
Using RRT Connect
task setup complete
solving task...
OMPL states:, 200.
path found
valid path found, generating trajectory...
Trajectory points:, 1000.
Duration:, 11.964621
excecuting path...
current error: , 0.223227
current error: , 0.223227
current error: , 0.139508
current error: , 0.055794
current error: , 0.00543
Final error:, 0.000759
Execution successful
[sandboxScript:info]   Simulation stopping...
[sandboxScript:info]   Simulation stopped.
[sandboxScript:info]   Simulation started.
[CoppeliaSim:warning]   Detected non-default settings (time steps and/or dyn. engine global settings).
[sandboxScript:info]   Simulation stopping...
[sandboxScript:info]   Simulation stopped.
[sandboxScript:info]   Simulation started.
[CoppeliaSim:warning]   Detected non-default settings (time steps and/or dyn. engine global settings).
Goal signal recieved..
Planning ...
Collision pairs set
goal state set
Using RRT Connect
task setup complete
solving task...
OMPL states:, 200.
path found
valid path found, generating trajectory...
Trajectory points:, 1000.
Duration:, 3.574948
excecuting path...
current error: , 0.103173
current error: , 0.103173
current error: , 0.019576
Final error:, 0.000327
Execution successful
Goal signal recieved..
Planning ...
Collision pairs set
goal state set
Using RRT Connect
task setup complete
solving task...
Goal signal recieved..
Planning ...
Collision pairs set
goal state set
Using RRT Connect
task setup complete
solving task...
OMPL states:, 200.
path found
valid path found, generating trajectory...
Trajectory points:, 1000.
Duration:, 8.156515
excecuting path...
current error: , 0.670613
current error: , 0.670613
current error: , 0.579111
current error: , 0.494961
current error: , 0.411258
current error: , 0.327546
current error: , 0.243818
current error: , 0.160159
current error: , 0.076486
current error: , 0.010219
Final error:, 0.001662
Execution successful
Goal signal recieved..
Planning ...
Collision pairs set
goal state set
Using RRT Connect
task setup complete
solving task...
OMPL states:, 200.
path found
valid path found, generating trajectory...
Trajectory points:, 1000.
Duration:, 8.164861
excecuting path...
current error: , 0.414653
current error: , 0.414653
current error: , 0.331729
current error: , 0.248853
current error: , 0.165989
current error: , 0.082888
current error: , 0.012736
Final error:, 0.002269
Execution successful
Goal signal recieved..
Planning ...
Collision pairs set
goal state set
Using RRT Connect
task setup complete
solving task...
OMPL states:, 200.
path found
valid path found, generating trajectory...
Trajectory points:, 1000.
Duration:, 7.532591
excecuting path...
current error: , 0.314575
current error: , 0.314575
current error: , 0.230824
current error: , 0.147077
current error: , 0.063336
current error: , 0.006796
Final error:, 0.001631
Execution successful
[sandboxScript:info]   Simulation stopping...
[sandboxScript:info]   Simulation stopped.
[sandboxScript:info]   Simulation started.
[CoppeliaSim:warning]   Detected non-default settings (time steps and/or dyn. engine global settings).
[sandboxScript:info]   Simulation stopping...
[sandboxScript:info]   Simulation stopped.
[sandboxScript:info]   Simulation started.
[CoppeliaSim:warning]   Detected non-default settings (time steps and/or dyn. engine global settings).
Goal signal recieved..
Planning ...
Collision pairs set
goal state set
Using RRT Connect
task setup complete
solving task...
OMPL states:, 200.
path found
valid path found, generating trajectory...
Trajectory points:, 1000.
Duration:, 3.574774
excecuting path...
current error: , 0.07234
current error: , 0.07234
current error: , 0.007425
Final error:, 0.000487
Execution successful
Goal signal recieved..
Planning ...
Collision pairs set
goal state set
Using RRT Connect
task setup complete
solving task...
OMPL states:, 200.
path found
valid path found, generating trajectory...
Trajectory points:, 1000.
Duration:, 6.717049
excecuting path...
current error: , 0.291409
current error: , 0.291409
current error: , 0.207602
current error: , 0.12379
current error: , 0.040032
current error: , 0.00555
Final error:, 0.003217
Execution successful
Goal signal recieved..
Planning ...
Collision pairs set
goal state set
Using RRT Connect
task setup complete
solving task...
OMPL states:, 200.
path found
valid path found, generating trajectory...
Trajectory points:, 1000.
Duration:, 10.233921
excecuting path...
current error: , 0.753391
current error: , 0.753391
current error: , 0.669695
current error: , 0.586054
current error: , 0.50236
current error: , 0.41868
current error: , 0.335004
current error: , 0.251299
current error: , 0.167636
current error: , 0.083948
current error: , 0.013654
Final error:, 0.003494
Execution successful
Goal signal recieved..
Planning ...
Collision pairs set
goal state set
Using RRT Connect
task setup complete
solving task...
OMPL states:, 200.
path found
valid path found, generating trajectory...
Trajectory points:, 1000.
Duration:, 8.978261
excecuting path...
current error: , 0.002449
Final error:, 0.002449
Execution successful
[sandboxScript:info]   Simulation stopping...
[sandboxScript:info]   Simulation stopped.
[sandboxScript:info]   Simulation started.
[CoppeliaSim:warning]   Detected non-default settings (time steps and/or dyn. engine global settings).
[sandboxScript:info]   Simulation stopping...
[sandboxScript:info]   Simulation stopped.
[sandboxScript:info]   Simulation started.
[CoppeliaSim:warning]   Detected non-default settings (time steps and/or dyn. engine global settings).
Goal signal recieved..
Planning ...
Collision pairs set
goal state set
Using RRT Connect
task setup complete
solving task...
OMPL states:, 200.
path found
valid path found, generating trajectory...
Trajectory points:, 1000.
Duration:, 3.57476
excecuting path...
current error: , 0.104646
current error: , 0.104646
current error: , 0.020436
current error: , 0.000372
Final error:, 0.001302
Execution successful
Goal signal recieved..
Planning ...
Collision pairs set
goal state set
Using RRT Connect
task setup complete
solving task...
OMPL states:, 200.
path found
valid path found, generating trajectory...
Trajectory points:, 1000.
Duration:, 6.004636
excecuting path...
current error: , 0.285043
current error: , 0.285043
current error: , 0.201343
current error: , 0.117632
current error: , 0.033925
current error: , 0.003614
Final error:, 0.001611
Execution successful
Goal signal recieved..
Planning ...
Collision pairs set
goal state set
Using RRT Connect
task setup complete
solving task...
OMPL states:, 200.
path found
valid path found, generating trajectory...
Trajectory points:, 1000.
Duration:, 7.397089
excecuting path...
current error: , 0.239955
current error: , 0.239955
current error: , 0.156275
current error: , 0.072624
current error: , 0.009137
Final error:, 0.001832
Execution successful
Goal signal recieved..
Planning ...
Collision pairs set
goal state set
Using RRT Connect
task setup complete
solving task...
OMPL states:, 200.
path found
valid path found, generating trajectory...
Trajectory points:, 1000.
Duration:, 8.351095
excecuting path...
current error: , 0.006068
Final error:, 0.006068
Execution successful
[sandboxScript:info]   Simulation stopping...
[sandboxScript:info]   Simulation stopped.
[sandboxScript:info]   Simulation started.
[CoppeliaSim:warning]   Detected non-default settings (time steps and/or dyn. engine global settings).
[sandboxScript:info]   Simulation stopping...
[sandboxScript:info]   Simulation stopped.
[sandboxScript:info]   Simulation started.
[CoppeliaSim:warning]   Detected non-default settings (time steps and/or dyn. engine global settings).
Goal signal recieved..
Planning ...
Collision pairs set
goal state set
Using RRT Connect
task setup complete
solving task...
OMPL states:, 200.
path found
valid path found, generating trajectory...
Trajectory points:, 1000.
Duration:, 3.574988
excecuting path...
current error: , 0.103849
current error: , 0.103849
current error: , 0.020024
current error: , 0.000492
Final error:, 0.000854
Execution successful
Goal signal recieved..
Planning ...
Collision pairs set
goal state set
Using RRT Connect
task setup complete
solving task...
Goal signal recieved..
Planning ...
Collision pairs set
goal state set
Using RRT Connect
task setup complete
solving task...
OMPL states:, 200.
path found
valid path found, generating trajectory...
Trajectory points:, 1000.
Duration:, 8.778702
excecuting path...
current error: , 0.554973
current error: , 0.554973
current error: , 0.471268
current error: , 0.387531
current error: , 0.303829
current error: , 0.220098
current error: , 0.136398
current error: , 0.052672
current error: , 0.005919
Final error:, 0.001867
Execution successful
Goal signal recieved..
Planning ...
Collision pairs set
goal state set
Using RRT Connect
task setup complete
solving task...
OMPL states:, 200.
path found
valid path found, generating trajectory...
Trajectory points:, 1000.
Duration:, 7.004766
excecuting path...
current error: , 0.141351
current error: , 0.141351
current error: , 0.057655
current error: , 0.005699
Final error:, 0.001749
Execution successful
Goal signal recieved..
Planning ...
Collision pairs set
goal state set
Using RRT Connect
task setup complete
solving task...
OMPL states:, 200.
path found
valid path found, generating trajectory...
Trajectory points:, 1000.
Duration:, 13.07842
excecuting path...
current error: , 0.00219
Final error:, 0.00219
Execution successful
