[2.294s] Invoking command in '/home/user/refine_plan_v2/src/behaviour_trees': PYTHONPATH=/home/user/refine_plan_v2/build/behaviour_trees/prefix_override:/usr/lib/python3/dist-packages/colcon_core/task/python/colcon_distutils_commands:/home/user/refine_plan_v2/install/behaviour_trees/lib/python3.10/site-packages:${PYTHONPATH} /usr/bin/python3 -W ignore:setup.py install is deprecated -W ignore:easy_install command is deprecated setup.py egg_info --egg-base ../../build/behaviour_trees build --build-base /home/user/refine_plan_v2/build/behaviour_trees/build install --record /home/user/refine_plan_v2/build/behaviour_trees/install.log --single-version-externally-managed install_data
[3.159s] running egg_info
[3.163s] writing ../../build/behaviour_trees/behaviour_trees.egg-info/PKG-INFO
[3.164s] writing dependency_links to ../../build/behaviour_trees/behaviour_trees.egg-info/dependency_links.txt
[3.165s] writing entry points to ../../build/behaviour_trees/behaviour_trees.egg-info/entry_points.txt
[3.165s] writing requirements to ../../build/behaviour_trees/behaviour_trees.egg-info/requires.txt
[3.166s] writing top-level names to ../../build/behaviour_trees/behaviour_trees.egg-info/top_level.txt
[3.171s] reading manifest file '../../build/behaviour_trees/behaviour_trees.egg-info/SOURCES.txt'
[3.172s] adding license file 'LICENSE'
[3.174s] writing manifest file '../../build/behaviour_trees/behaviour_trees.egg-info/SOURCES.txt'
[3.176s] running build
[3.176s] running build_py
[3.177s] running install
[3.177s] running install_lib
[3.181s] running install_data
[3.181s] running install_egg_info
[3.185s] removing '/home/user/refine_plan_v2/install/behaviour_trees/lib/python3.10/site-packages/behaviour_trees-0.0.0-py3.10.egg-info' (and everything under it)
[3.185s] Copying ../../build/behaviour_trees/behaviour_trees.egg-info to /home/user/refine_plan_v2/install/behaviour_trees/lib/python3.10/site-packages/behaviour_trees-0.0.0-py3.10.egg-info
[3.187s] running install_scripts
[3.274s] Installing main_planner script to /home/user/refine_plan_v2/install/behaviour_trees/lib/behaviour_trees
[3.278s] writing list of installed files to '/home/user/refine_plan_v2/build/behaviour_trees/install.log'
[3.376s] Invoked command in '/home/user/refine_plan_v2/src/behaviour_trees' returned '0': PYTHONPATH=/home/user/refine_plan_v2/build/behaviour_trees/prefix_override:/usr/lib/python3/dist-packages/colcon_core/task/python/colcon_distutils_commands:/home/user/refine_plan_v2/install/behaviour_trees/lib/python3.10/site-packages:${PYTHONPATH} /usr/bin/python3 -W ignore:setup.py install is deprecated -W ignore:easy_install command is deprecated setup.py egg_info --egg-base ../../build/behaviour_trees build --build-base /home/user/refine_plan_v2/build/behaviour_trees/build install --record /home/user/refine_plan_v2/build/behaviour_trees/install.log --single-version-externally-managed install_data
