[0.024s] Invoking command in '/home/user/refine_plan_v2/build/action_interfaces': CMAKE_PREFIX_PATH=${CMAKE_PREFIX_PATH}:/home/user/refine_plan_v2/install/simulation:/home/user/refine_plan_v2/install/behaviour_trees:/opt/ros/humble /usr/bin/cmake --build /home/user/refine_plan_v2/build/action_interfaces -- -j8 -l8
[0.625s] [35m[1mConsolidate compiler generated dependencies of target action_interfaces__rosidl_generator_c[0m
[0.627s] [  1%] Built target action_interfaces__cpp
[0.627s] [ 12%] Built target action_interfaces__rosidl_generator_c
[0.627s] [ 12%] Built target ament_cmake_python_copy_action_interfaces
[0.627s] [35m[1mConsolidate compiler generated dependencies of target action_interfaces__rosidl_typesupport_fastrtps_cpp[0m
[0.628s] [35m[1mConsolidate compiler generated dependencies of target action_interfaces__rosidl_typesupport_introspection_cpp[0m
[0.628s] [35m[1mConsolidate compiler generated dependencies of target action_interfaces__rosidl_typesupport_fastrtps_c[0m
[0.628s] [35m[1mConsolidate compiler generated dependencies of target action_interfaces__rosidl_typesupport_introspection_c[0m
[0.629s] [35m[1mConsolidate compiler generated dependencies of target action_interfaces__rosidl_typesupport_cpp[0m
[0.629s] [35m[1mConsolidate compiler generated dependencies of target action_interfaces__rosidl_typesupport_c[0m
[0.629s] [ 23%] Built target action_interfaces__rosidl_typesupport_introspection_cpp
[0.629s] [ 35%] Built target action_interfaces__rosidl_typesupport_fastrtps_cpp
[0.629s] [ 46%] Built target action_interfaces__rosidl_typesupport_introspection_c
[0.629s] [ 57%] Built target action_interfaces__rosidl_typesupport_c
[0.629s] [ 69%] Built target action_interfaces__rosidl_typesupport_fastrtps_c
[0.630s] [ 80%] Built target action_interfaces__rosidl_typesupport_cpp
[0.630s] [ 80%] Built target action_interfaces
[0.630s] [ 81%] Built target action_interfaces__py
[0.630s] [35m[1mConsolidate compiler generated dependencies of target action_interfaces__rosidl_generator_py[0m
[0.630s] [ 91%] Built target action_interfaces__rosidl_generator_py
[0.630s] [35m[1mConsolidate compiler generated dependencies of target action_interfaces__rosidl_typesupport_fastrtps_c__pyext[0m
[0.630s] [35m[1mConsolidate compiler generated dependencies of target action_interfaces__rosidl_typesupport_introspection_c__pyext[0m
[0.630s] [35m[1mConsolidate compiler generated dependencies of target action_interfaces__rosidl_typesupport_c__pyext[0m
[0.631s] [ 94%] Built target action_interfaces__rosidl_typesupport_fastrtps_c__pyext
[0.631s] [ 97%] Built target action_interfaces__rosidl_typesupport_introspection_c__pyext
[0.631s] [100%] Built target action_interfaces__rosidl_typesupport_c__pyext
[0.694s] running egg_info
[0.696s] writing action_interfaces.egg-info/PKG-INFO
[0.696s] writing dependency_links to action_interfaces.egg-info/dependency_links.txt
[0.697s] writing top-level names to action_interfaces.egg-info/top_level.txt
[0.703s] reading manifest file 'action_interfaces.egg-info/SOURCES.txt'
[0.705s] writing manifest file 'action_interfaces.egg-info/SOURCES.txt'
[0.756s] [100%] Built target ament_cmake_python_build_action_interfaces_egg
[1.113s] Invoked command in '/home/user/refine_plan_v2/build/action_interfaces' returned '0': CMAKE_PREFIX_PATH=${CMAKE_PREFIX_PATH}:/home/user/refine_plan_v2/install/simulation:/home/user/refine_plan_v2/install/behaviour_trees:/opt/ros/humble /usr/bin/cmake --build /home/user/refine_plan_v2/build/action_interfaces -- -j8 -l8
[1.128s] Invoking command in '/home/user/refine_plan_v2/build/action_interfaces': CMAKE_PREFIX_PATH=${CMAKE_PREFIX_PATH}:/home/user/refine_plan_v2/install/simulation:/home/user/refine_plan_v2/install/behaviour_trees:/opt/ros/humble /usr/bin/cmake --install /home/user/refine_plan_v2/build/action_interfaces
[1.142s] -- Install configuration: ""
[1.143s] -- Up-to-date: /home/user/refine_plan_v2/install/action_interfaces/share/ament_index/resource_index/rosidl_interfaces/action_interfaces
[1.143s] -- Up-to-date: /home/user/refine_plan_v2/install/action_interfaces/include/action_interfaces/action_interfaces
[1.143s] -- Up-to-date: /home/user/refine_plan_v2/install/action_interfaces/include/action_interfaces/action_interfaces/msg
[1.143s] -- Up-to-date: /home/user/refine_plan_v2/install/action_interfaces/include/action_interfaces/action_interfaces/msg/rosidl_generator_c__visibility_control.h
[1.143s] -- Up-to-date: /home/user/refine_plan_v2/install/action_interfaces/include/action_interfaces/action_interfaces/action
[1.143s] -- Up-to-date: /home/user/refine_plan_v2/install/action_interfaces/include/action_interfaces/action_interfaces/action/pick_object.h
[1.144s] -- Up-to-date: /home/user/refine_plan_v2/install/action_interfaces/include/action_interfaces/action_interfaces/action/goal_check.h
[1.144s] -- Up-to-date: /home/user/refine_plan_v2/install/action_interfaces/include/action_interfaces/action_interfaces/action/detail
[1.144s] -- Up-to-date: /home/user/refine_plan_v2/install/action_interfaces/include/action_interfaces/action_interfaces/action/detail/place_object__struct.h
[1.144s] -- Up-to-date: /home/user/refine_plan_v2/install/action_interfaces/include/action_interfaces/action_interfaces/action/detail/go_back_home__struct.h
[1.144s] -- Up-to-date: /home/user/refine_plan_v2/install/action_interfaces/include/action_interfaces/action_interfaces/action/detail/place_object__functions.h
[1.144s] -- Up-to-date: /home/user/refine_plan_v2/install/action_interfaces/include/action_interfaces/action_interfaces/action/detail/pick_object__struct.h
[1.144s] -- Up-to-date: /home/user/refine_plan_v2/install/action_interfaces/include/action_interfaces/action_interfaces/action/detail/go_back_home__functions.c
[1.144s] -- Up-to-date: /home/user/refine_plan_v2/install/action_interfaces/include/action_interfaces/action_interfaces/action/detail/go_to_pose__functions.c
[1.144s] -- Up-to-date: /home/user/refine_plan_v2/install/action_interfaces/include/action_interfaces/action_interfaces/action/detail/pick_object__type_support.h
[1.145s] -- Up-to-date: /home/user/refine_plan_v2/install/action_interfaces/include/action_interfaces/action_interfaces/action/detail/goal_check__functions.h
[1.145s] -- Up-to-date: /home/user/refine_plan_v2/install/action_interfaces/include/action_interfaces/action_interfaces/action/detail/pick_object__functions.h
[1.145s] -- Up-to-date: /home/user/refine_plan_v2/install/action_interfaces/include/action_interfaces/action_interfaces/action/detail/goal_check__functions.c
[1.145s] -- Up-to-date: /home/user/refine_plan_v2/install/action_interfaces/include/action_interfaces/action_interfaces/action/detail/pick_object__functions.c
[1.145s] -- Up-to-date: /home/user/refine_plan_v2/install/action_interfaces/include/action_interfaces/action_interfaces/action/detail/get_scene_graph__functions.c
[1.145s] -- Up-to-date: /home/user/refine_plan_v2/install/action_interfaces/include/action_interfaces/action_interfaces/action/detail/place_object__type_support.h
[1.145s] -- Up-to-date: /home/user/refine_plan_v2/install/action_interfaces/include/action_interfaces/action_interfaces/action/detail/get_scene_graph__functions.h
[1.146s] -- Up-to-date: /home/user/refine_plan_v2/install/action_interfaces/include/action_interfaces/action_interfaces/action/detail/go_to_pose__struct.h
[1.146s] -- Up-to-date: /home/user/refine_plan_v2/install/action_interfaces/include/action_interfaces/action_interfaces/action/detail/go_back_home__functions.h
[1.146s] -- Up-to-date: /home/user/refine_plan_v2/install/action_interfaces/include/action_interfaces/action_interfaces/action/detail/goal_check__type_support.h
[1.146s] -- Up-to-date: /home/user/refine_plan_v2/install/action_interfaces/include/action_interfaces/action_interfaces/action/detail/get_scene_graph__struct.h
[1.146s] -- Up-to-date: /home/user/refine_plan_v2/install/action_interfaces/include/action_interfaces/action_interfaces/action/detail/place_object__functions.c
[1.146s] -- Up-to-date: /home/user/refine_plan_v2/install/action_interfaces/include/action_interfaces/action_interfaces/action/detail/go_to_pose__functions.h
[1.147s] -- Up-to-date: /home/user/refine_plan_v2/install/action_interfaces/include/action_interfaces/action_interfaces/action/detail/go_back_home__type_support.h
[1.147s] -- Up-to-date: /home/user/refine_plan_v2/install/action_interfaces/include/action_interfaces/action_interfaces/action/detail/go_to_pose__type_support.h
[1.147s] -- Up-to-date: /home/user/refine_plan_v2/install/action_interfaces/include/action_interfaces/action_interfaces/action/detail/get_scene_graph__type_support.h
[1.147s] -- Up-to-date: /home/user/refine_plan_v2/install/action_interfaces/include/action_interfaces/action_interfaces/action/detail/goal_check__struct.h
[1.147s] -- Up-to-date: /home/user/refine_plan_v2/install/action_interfaces/include/action_interfaces/action_interfaces/action/go_back_home.h
[1.148s] -- Up-to-date: /home/user/refine_plan_v2/install/action_interfaces/include/action_interfaces/action_interfaces/action/get_scene_graph.h
[1.148s] -- Up-to-date: /home/user/refine_plan_v2/install/action_interfaces/include/action_interfaces/action_interfaces/action/place_object.h
[1.148s] -- Up-to-date: /home/user/refine_plan_v2/install/action_interfaces/include/action_interfaces/action_interfaces/action/go_to_pose.h
[1.149s] -- Up-to-date: /home/user/refine_plan_v2/install/action_interfaces/share/action_interfaces/environment/library_path.sh
[1.149s] -- Up-to-date: /home/user/refine_plan_v2/install/action_interfaces/share/action_interfaces/environment/library_path.dsv
[1.149s] -- Up-to-date: /home/user/refine_plan_v2/install/action_interfaces/lib/libaction_interfaces__rosidl_generator_c.so
[1.149s] -- Up-to-date: /home/user/refine_plan_v2/install/action_interfaces/include/action_interfaces/action_interfaces
[1.150s] -- Up-to-date: /home/user/refine_plan_v2/install/action_interfaces/include/action_interfaces/action_interfaces/msg
[1.150s] -- Up-to-date: /home/user/refine_plan_v2/install/action_interfaces/include/action_interfaces/action_interfaces/msg/rosidl_typesupport_fastrtps_c__visibility_control.h
[1.150s] -- Up-to-date: /home/user/refine_plan_v2/install/action_interfaces/include/action_interfaces/action_interfaces/action
[1.150s] -- Up-to-date: /home/user/refine_plan_v2/install/action_interfaces/include/action_interfaces/action_interfaces/action/detail
[1.150s] -- Up-to-date: /home/user/refine_plan_v2/install/action_interfaces/include/action_interfaces/action_interfaces/action/detail/place_object__rosidl_typesupport_fastrtps_c.h
[1.151s] -- Up-to-date: /home/user/refine_plan_v2/install/action_interfaces/include/action_interfaces/action_interfaces/action/detail/go_back_home__rosidl_typesupport_fastrtps_c.h
[1.151s] -- Up-to-date: /home/user/refine_plan_v2/install/action_interfaces/include/action_interfaces/action_interfaces/action/detail/pick_object__rosidl_typesupport_fastrtps_c.h
[1.151s] -- Up-to-date: /home/user/refine_plan_v2/install/action_interfaces/include/action_interfaces/action_interfaces/action/detail/goal_check__rosidl_typesupport_fastrtps_c.h
[1.151s] -- Up-to-date: /home/user/refine_plan_v2/install/action_interfaces/include/action_interfaces/action_interfaces/action/detail/go_to_pose__rosidl_typesupport_fastrtps_c.h
[1.151s] -- Up-to-date: /home/user/refine_plan_v2/install/action_interfaces/include/action_interfaces/action_interfaces/action/detail/get_scene_graph__rosidl_typesupport_fastrtps_c.h
[1.151s] -- Up-to-date: /home/user/refine_plan_v2/install/action_interfaces/lib/libaction_interfaces__rosidl_typesupport_fastrtps_c.so
[1.152s] -- Up-to-date: /home/user/refine_plan_v2/install/action_interfaces/include/action_interfaces/action_interfaces
[1.152s] -- Up-to-date: /home/user/refine_plan_v2/install/action_interfaces/include/action_interfaces/action_interfaces/msg
[1.152s] -- Up-to-date: /home/user/refine_plan_v2/install/action_interfaces/include/action_interfaces/action_interfaces/msg/rosidl_typesupport_introspection_c__visibility_control.h
[1.152s] -- Up-to-date: /home/user/refine_plan_v2/install/action_interfaces/include/action_interfaces/action_interfaces/action
[1.152s] -- Up-to-date: /home/user/refine_plan_v2/install/action_interfaces/include/action_interfaces/action_interfaces/action/detail
[1.152s] -- Up-to-date: /home/user/refine_plan_v2/install/action_interfaces/include/action_interfaces/action_interfaces/action/detail/go_back_home__type_support.c
[1.152s] -- Up-to-date: /home/user/refine_plan_v2/install/action_interfaces/include/action_interfaces/action_interfaces/action/detail/pick_object__rosidl_typesupport_introspection_c.h
[1.153s] -- Up-to-date: /home/user/refine_plan_v2/install/action_interfaces/include/action_interfaces/action_interfaces/action/detail/place_object__rosidl_typesupport_introspection_c.h
[1.153s] -- Up-to-date: /home/user/refine_plan_v2/install/action_interfaces/include/action_interfaces/action_interfaces/action/detail/go_to_pose__type_support.c
[1.153s] -- Up-to-date: /home/user/refine_plan_v2/install/action_interfaces/include/action_interfaces/action_interfaces/action/detail/goal_check__rosidl_typesupport_introspection_c.h
[1.153s] -- Up-to-date: /home/user/refine_plan_v2/install/action_interfaces/include/action_interfaces/action_interfaces/action/detail/place_object__type_support.c
[1.153s] -- Up-to-date: /home/user/refine_plan_v2/install/action_interfaces/include/action_interfaces/action_interfaces/action/detail/go_to_pose__rosidl_typesupport_introspection_c.h
[1.153s] -- Up-to-date: /home/user/refine_plan_v2/install/action_interfaces/include/action_interfaces/action_interfaces/action/detail/get_scene_graph__type_support.c
[1.154s] -- Up-to-date: /home/user/refine_plan_v2/install/action_interfaces/include/action_interfaces/action_interfaces/action/detail/get_scene_graph__rosidl_typesupport_introspection_c.h
[1.154s] -- Up-to-date: /home/user/refine_plan_v2/install/action_interfaces/include/action_interfaces/action_interfaces/action/detail/go_back_home__rosidl_typesupport_introspection_c.h
[1.154s] -- Up-to-date: /home/user/refine_plan_v2/install/action_interfaces/include/action_interfaces/action_interfaces/action/detail/goal_check__type_support.c
[1.155s] -- Up-to-date: /home/user/refine_plan_v2/install/action_interfaces/include/action_interfaces/action_interfaces/action/detail/pick_object__type_support.c
[1.155s] -- Up-to-date: /home/user/refine_plan_v2/install/action_interfaces/lib/libaction_interfaces__rosidl_typesupport_introspection_c.so
[1.155s] -- Up-to-date: /home/user/refine_plan_v2/install/action_interfaces/lib/libaction_interfaces__rosidl_typesupport_c.so
[1.155s] -- Up-to-date: /home/user/refine_plan_v2/install/action_interfaces/include/action_interfaces/action_interfaces
[1.155s] -- Up-to-date: /home/user/refine_plan_v2/install/action_interfaces/include/action_interfaces/action_interfaces/msg
[1.155s] -- Up-to-date: /home/user/refine_plan_v2/install/action_interfaces/include/action_interfaces/action_interfaces/msg/rosidl_generator_cpp__visibility_control.hpp
[1.155s] -- Up-to-date: /home/user/refine_plan_v2/install/action_interfaces/include/action_interfaces/action_interfaces/action
[1.155s] -- Up-to-date: /home/user/refine_plan_v2/install/action_interfaces/include/action_interfaces/action_interfaces/action/pick_object.hpp
[1.156s] -- Up-to-date: /home/user/refine_plan_v2/install/action_interfaces/include/action_interfaces/action_interfaces/action/go_back_home.hpp
[1.156s] -- Up-to-date: /home/user/refine_plan_v2/install/action_interfaces/include/action_interfaces/action_interfaces/action/place_object.hpp
[1.156s] -- Up-to-date: /home/user/refine_plan_v2/install/action_interfaces/include/action_interfaces/action_interfaces/action/detail
[1.156s] -- Up-to-date: /home/user/refine_plan_v2/install/action_interfaces/include/action_interfaces/action_interfaces/action/detail/place_object__struct.hpp
[1.156s] -- Up-to-date: /home/user/refine_plan_v2/install/action_interfaces/include/action_interfaces/action_interfaces/action/detail/go_back_home__type_support.hpp
[1.156s] -- Up-to-date: /home/user/refine_plan_v2/install/action_interfaces/include/action_interfaces/action_interfaces/action/detail/goal_check__traits.hpp
[1.156s] -- Up-to-date: /home/user/refine_plan_v2/install/action_interfaces/include/action_interfaces/action_interfaces/action/detail/goal_check__struct.hpp
[1.157s] -- Up-to-date: /home/user/refine_plan_v2/install/action_interfaces/include/action_interfaces/action_interfaces/action/detail/goal_check__type_support.hpp
[1.157s] -- Up-to-date: /home/user/refine_plan_v2/install/action_interfaces/include/action_interfaces/action_interfaces/action/detail/go_to_pose__type_support.hpp
[1.157s] -- Up-to-date: /home/user/refine_plan_v2/install/action_interfaces/include/action_interfaces/action_interfaces/action/detail/pick_object__type_support.hpp
[1.157s] -- Up-to-date: /home/user/refine_plan_v2/install/action_interfaces/include/action_interfaces/action_interfaces/action/detail/go_to_pose__builder.hpp
[1.157s] -- Up-to-date: /home/user/refine_plan_v2/install/action_interfaces/include/action_interfaces/action_interfaces/action/detail/place_object__traits.hpp
[1.157s] -- Up-to-date: /home/user/refine_plan_v2/install/action_interfaces/include/action_interfaces/action_interfaces/action/detail/pick_object__builder.hpp
[1.157s] -- Up-to-date: /home/user/refine_plan_v2/install/action_interfaces/include/action_interfaces/action_interfaces/action/detail/get_scene_graph__builder.hpp
[1.157s] -- Up-to-date: /home/user/refine_plan_v2/install/action_interfaces/include/action_interfaces/action_interfaces/action/detail/go_back_home__traits.hpp
[1.157s] -- Up-to-date: /home/user/refine_plan_v2/install/action_interfaces/include/action_interfaces/action_interfaces/action/detail/goal_check__builder.hpp
[1.158s] -- Up-to-date: /home/user/refine_plan_v2/install/action_interfaces/include/action_interfaces/action_interfaces/action/detail/get_scene_graph__struct.hpp
[1.158s] -- Up-to-date: /home/user/refine_plan_v2/install/action_interfaces/include/action_interfaces/action_interfaces/action/detail/pick_object__traits.hpp
[1.158s] -- Up-to-date: /home/user/refine_plan_v2/install/action_interfaces/include/action_interfaces/action_interfaces/action/detail/pick_object__struct.hpp
[1.158s] -- Up-to-date: /home/user/refine_plan_v2/install/action_interfaces/include/action_interfaces/action_interfaces/action/detail/go_to_pose__struct.hpp
[1.158s] -- Up-to-date: /home/user/refine_plan_v2/install/action_interfaces/include/action_interfaces/action_interfaces/action/detail/go_back_home__builder.hpp
[1.158s] -- Up-to-date: /home/user/refine_plan_v2/install/action_interfaces/include/action_interfaces/action_interfaces/action/detail/place_object__builder.hpp
[1.158s] -- Up-to-date: /home/user/refine_plan_v2/install/action_interfaces/include/action_interfaces/action_interfaces/action/detail/get_scene_graph__type_support.hpp
[1.158s] -- Up-to-date: /home/user/refine_plan_v2/install/action_interfaces/include/action_interfaces/action_interfaces/action/detail/go_to_pose__traits.hpp
[1.159s] -- Up-to-date: /home/user/refine_plan_v2/install/action_interfaces/include/action_interfaces/action_interfaces/action/detail/place_object__type_support.hpp
[1.159s] -- Up-to-date: /home/user/refine_plan_v2/install/action_interfaces/include/action_interfaces/action_interfaces/action/detail/go_back_home__struct.hpp
[1.159s] -- Up-to-date: /home/user/refine_plan_v2/install/action_interfaces/include/action_interfaces/action_interfaces/action/detail/get_scene_graph__traits.hpp
[1.159s] -- Up-to-date: /home/user/refine_plan_v2/install/action_interfaces/include/action_interfaces/action_interfaces/action/get_scene_graph.hpp
[1.159s] -- Up-to-date: /home/user/refine_plan_v2/install/action_interfaces/include/action_interfaces/action_interfaces/action/go_to_pose.hpp
[1.159s] -- Up-to-date: /home/user/refine_plan_v2/install/action_interfaces/include/action_interfaces/action_interfaces/action/goal_check.hpp
[1.159s] -- Up-to-date: /home/user/refine_plan_v2/install/action_interfaces/include/action_interfaces/action_interfaces
[1.159s] -- Up-to-date: /home/user/refine_plan_v2/install/action_interfaces/include/action_interfaces/action_interfaces/msg
[1.160s] -- Up-to-date: /home/user/refine_plan_v2/install/action_interfaces/include/action_interfaces/action_interfaces/msg/rosidl_typesupport_fastrtps_cpp__visibility_control.h
[1.160s] -- Up-to-date: /home/user/refine_plan_v2/install/action_interfaces/include/action_interfaces/action_interfaces/action
[1.160s] -- Up-to-date: /home/user/refine_plan_v2/install/action_interfaces/include/action_interfaces/action_interfaces/action/detail
[1.160s] -- Up-to-date: /home/user/refine_plan_v2/install/action_interfaces/include/action_interfaces/action_interfaces/action/detail/place_object__rosidl_typesupport_fastrtps_cpp.hpp
[1.160s] -- Up-to-date: /home/user/refine_plan_v2/install/action_interfaces/include/action_interfaces/action_interfaces/action/detail/get_scene_graph__rosidl_typesupport_fastrtps_cpp.hpp
[1.160s] -- Up-to-date: /home/user/refine_plan_v2/install/action_interfaces/include/action_interfaces/action_interfaces/action/detail/go_to_pose__rosidl_typesupport_fastrtps_cpp.hpp
[1.160s] -- Up-to-date: /home/user/refine_plan_v2/install/action_interfaces/include/action_interfaces/action_interfaces/action/detail/pick_object__rosidl_typesupport_fastrtps_cpp.hpp
[1.160s] -- Up-to-date: /home/user/refine_plan_v2/install/action_interfaces/include/action_interfaces/action_interfaces/action/detail/go_back_home__rosidl_typesupport_fastrtps_cpp.hpp
[1.161s] -- Up-to-date: /home/user/refine_plan_v2/install/action_interfaces/include/action_interfaces/action_interfaces/action/detail/goal_check__rosidl_typesupport_fastrtps_cpp.hpp
[1.161s] -- Up-to-date: /home/user/refine_plan_v2/install/action_interfaces/include/action_interfaces/action_interfaces/action/detail/dds_fastrtps
[1.161s] -- Up-to-date: /home/user/refine_plan_v2/install/action_interfaces/lib/libaction_interfaces__rosidl_typesupport_fastrtps_cpp.so
[1.161s] -- Up-to-date: /home/user/refine_plan_v2/install/action_interfaces/include/action_interfaces/action_interfaces
[1.161s] -- Up-to-date: /home/user/refine_plan_v2/install/action_interfaces/include/action_interfaces/action_interfaces/action
[1.161s] -- Up-to-date: /home/user/refine_plan_v2/install/action_interfaces/include/action_interfaces/action_interfaces/action/detail
[1.161s] -- Up-to-date: /home/user/refine_plan_v2/install/action_interfaces/include/action_interfaces/action_interfaces/action/detail/go_back_home__type_support.cpp
[1.161s] -- Up-to-date: /home/user/refine_plan_v2/install/action_interfaces/include/action_interfaces/action_interfaces/action/detail/pick_object__rosidl_typesupport_introspection_cpp.hpp
[1.161s] -- Up-to-date: /home/user/refine_plan_v2/install/action_interfaces/include/action_interfaces/action_interfaces/action/detail/go_to_pose__type_support.cpp
[1.162s] -- Up-to-date: /home/user/refine_plan_v2/install/action_interfaces/include/action_interfaces/action_interfaces/action/detail/get_scene_graph__rosidl_typesupport_introspection_cpp.hpp
[1.162s] -- Up-to-date: /home/user/refine_plan_v2/install/action_interfaces/include/action_interfaces/action_interfaces/action/detail/pick_object__type_support.cpp
[1.162s] -- Up-to-date: /home/user/refine_plan_v2/install/action_interfaces/include/action_interfaces/action_interfaces/action/detail/goal_check__type_support.cpp
[1.162s] -- Up-to-date: /home/user/refine_plan_v2/install/action_interfaces/include/action_interfaces/action_interfaces/action/detail/place_object__rosidl_typesupport_introspection_cpp.hpp
[1.162s] -- Up-to-date: /home/user/refine_plan_v2/install/action_interfaces/include/action_interfaces/action_interfaces/action/detail/go_back_home__rosidl_typesupport_introspection_cpp.hpp
[1.162s] -- Up-to-date: /home/user/refine_plan_v2/install/action_interfaces/include/action_interfaces/action_interfaces/action/detail/goal_check__rosidl_typesupport_introspection_cpp.hpp
[1.162s] -- Up-to-date: /home/user/refine_plan_v2/install/action_interfaces/include/action_interfaces/action_interfaces/action/detail/place_object__type_support.cpp
[1.162s] -- Up-to-date: /home/user/refine_plan_v2/install/action_interfaces/include/action_interfaces/action_interfaces/action/detail/get_scene_graph__type_support.cpp
[1.163s] -- Up-to-date: /home/user/refine_plan_v2/install/action_interfaces/include/action_interfaces/action_interfaces/action/detail/go_to_pose__rosidl_typesupport_introspection_cpp.hpp
[1.163s] -- Up-to-date: /home/user/refine_plan_v2/install/action_interfaces/lib/libaction_interfaces__rosidl_typesupport_introspection_cpp.so
[1.163s] -- Up-to-date: /home/user/refine_plan_v2/install/action_interfaces/lib/libaction_interfaces__rosidl_typesupport_cpp.so
[1.163s] -- Up-to-date: /home/user/refine_plan_v2/install/action_interfaces/share/action_interfaces/environment/pythonpath.sh
[1.163s] -- Up-to-date: /home/user/refine_plan_v2/install/action_interfaces/share/action_interfaces/environment/pythonpath.dsv
[1.163s] -- Up-to-date: /home/user/refine_plan_v2/install/action_interfaces/local/lib/python3.10/dist-packages/action_interfaces-0.0.0-py3.10.egg-info
[1.163s] -- Installing: /home/user/refine_plan_v2/install/action_interfaces/local/lib/python3.10/dist-packages/action_interfaces-0.0.0-py3.10.egg-info/top_level.txt
[1.163s] -- Installing: /home/user/refine_plan_v2/install/action_interfaces/local/lib/python3.10/dist-packages/action_interfaces-0.0.0-py3.10.egg-info/SOURCES.txt
[1.164s] -- Installing: /home/user/refine_plan_v2/install/action_interfaces/local/lib/python3.10/dist-packages/action_interfaces-0.0.0-py3.10.egg-info/dependency_links.txt
[1.164s] -- Installing: /home/user/refine_plan_v2/install/action_interfaces/local/lib/python3.10/dist-packages/action_interfaces-0.0.0-py3.10.egg-info/PKG-INFO
[1.164s] -- Up-to-date: /home/user/refine_plan_v2/install/action_interfaces/local/lib/python3.10/dist-packages/action_interfaces
[1.164s] -- Up-to-date: /home/user/refine_plan_v2/install/action_interfaces/local/lib/python3.10/dist-packages/action_interfaces/_action_interfaces_s.ep.rosidl_typesupport_c.c
[1.164s] -- Up-to-date: /home/user/refine_plan_v2/install/action_interfaces/local/lib/python3.10/dist-packages/action_interfaces/_action_interfaces_s.ep.rosidl_typesupport_introspection_c.c
[1.164s] -- Up-to-date: /home/user/refine_plan_v2/install/action_interfaces/local/lib/python3.10/dist-packages/action_interfaces/action_interfaces_s__rosidl_typesupport_introspection_c.cpython-310-x86_64-linux-gnu.so
[1.164s] -- Up-to-date: /home/user/refine_plan_v2/install/action_interfaces/local/lib/python3.10/dist-packages/action_interfaces/action_interfaces_s__rosidl_typesupport_c.cpython-310-x86_64-linux-gnu.so
[1.164s] -- Up-to-date: /home/user/refine_plan_v2/install/action_interfaces/local/lib/python3.10/dist-packages/action_interfaces/_action_interfaces_s.ep.rosidl_typesupport_fastrtps_c.c
[1.165s] -- Up-to-date: /home/user/refine_plan_v2/install/action_interfaces/local/lib/python3.10/dist-packages/action_interfaces/action_interfaces_s__rosidl_typesupport_fastrtps_c.cpython-310-x86_64-linux-gnu.so
[1.165s] -- Up-to-date: /home/user/refine_plan_v2/install/action_interfaces/local/lib/python3.10/dist-packages/action_interfaces/libaction_interfaces__rosidl_generator_py.so
[1.165s] -- Up-to-date: /home/user/refine_plan_v2/install/action_interfaces/local/lib/python3.10/dist-packages/action_interfaces/action
[1.165s] -- Up-to-date: /home/user/refine_plan_v2/install/action_interfaces/local/lib/python3.10/dist-packages/action_interfaces/action/_go_back_home_s.c
[1.165s] -- Up-to-date: /home/user/refine_plan_v2/install/action_interfaces/local/lib/python3.10/dist-packages/action_interfaces/action/_goal_check_s.c
[1.165s] -- Up-to-date: /home/user/refine_plan_v2/install/action_interfaces/local/lib/python3.10/dist-packages/action_interfaces/action/_go_to_pose.py
[1.165s] -- Up-to-date: /home/user/refine_plan_v2/install/action_interfaces/local/lib/python3.10/dist-packages/action_interfaces/action/_go_to_pose_s.c
[1.165s] -- Up-to-date: /home/user/refine_plan_v2/install/action_interfaces/local/lib/python3.10/dist-packages/action_interfaces/action/_goal_check.py
[1.166s] -- Up-to-date: /home/user/refine_plan_v2/install/action_interfaces/local/lib/python3.10/dist-packages/action_interfaces/action/_place_object_s.c
[1.166s] -- Up-to-date: /home/user/refine_plan_v2/install/action_interfaces/local/lib/python3.10/dist-packages/action_interfaces/action/_go_back_home.py
[1.166s] -- Up-to-date: /home/user/refine_plan_v2/install/action_interfaces/local/lib/python3.10/dist-packages/action_interfaces/action/_get_scene_graph_s.c
[1.166s] -- Up-to-date: /home/user/refine_plan_v2/install/action_interfaces/local/lib/python3.10/dist-packages/action_interfaces/action/_place_object.py
[1.166s] -- Up-to-date: /home/user/refine_plan_v2/install/action_interfaces/local/lib/python3.10/dist-packages/action_interfaces/action/_get_scene_graph.py
[1.166s] -- Up-to-date: /home/user/refine_plan_v2/install/action_interfaces/local/lib/python3.10/dist-packages/action_interfaces/action/_pick_object_s.c
[1.166s] -- Up-to-date: /home/user/refine_plan_v2/install/action_interfaces/local/lib/python3.10/dist-packages/action_interfaces/action/_pick_object.py
[1.166s] -- Up-to-date: /home/user/refine_plan_v2/install/action_interfaces/local/lib/python3.10/dist-packages/action_interfaces/action/__init__.py
[1.166s] -- Up-to-date: /home/user/refine_plan_v2/install/action_interfaces/local/lib/python3.10/dist-packages/action_interfaces/__init__.py
[1.223s] Listing '/home/user/refine_plan_v2/install/action_interfaces/local/lib/python3.10/dist-packages/action_interfaces'...
[1.223s] Listing '/home/user/refine_plan_v2/install/action_interfaces/local/lib/python3.10/dist-packages/action_interfaces/action'...
[1.235s] -- Up-to-date: /home/user/refine_plan_v2/install/action_interfaces/local/lib/python3.10/dist-packages/action_interfaces/action_interfaces_s__rosidl_typesupport_fastrtps_c.cpython-310-x86_64-linux-gnu.so
[1.235s] -- Up-to-date: /home/user/refine_plan_v2/install/action_interfaces/local/lib/python3.10/dist-packages/action_interfaces/action_interfaces_s__rosidl_typesupport_introspection_c.cpython-310-x86_64-linux-gnu.so
[1.235s] -- Up-to-date: /home/user/refine_plan_v2/install/action_interfaces/local/lib/python3.10/dist-packages/action_interfaces/action_interfaces_s__rosidl_typesupport_c.cpython-310-x86_64-linux-gnu.so
[1.237s] -- Up-to-date: /home/user/refine_plan_v2/install/action_interfaces/lib/libaction_interfaces__rosidl_generator_py.so
[1.238s] -- Up-to-date: /home/user/refine_plan_v2/install/action_interfaces/share/action_interfaces/action/GoBackHome.idl
[1.238s] -- Up-to-date: /home/user/refine_plan_v2/install/action_interfaces/share/action_interfaces/action/GoToPose.idl
[1.238s] -- Up-to-date: /home/user/refine_plan_v2/install/action_interfaces/share/action_interfaces/action/PickObject.idl
[1.238s] -- Up-to-date: /home/user/refine_plan_v2/install/action_interfaces/share/action_interfaces/action/PlaceObject.idl
[1.238s] -- Up-to-date: /home/user/refine_plan_v2/install/action_interfaces/share/action_interfaces/action/GoalCheck.idl
[1.238s] -- Up-to-date: /home/user/refine_plan_v2/install/action_interfaces/share/action_interfaces/action/GetSceneGraph.idl
[1.238s] -- Up-to-date: /home/user/refine_plan_v2/install/action_interfaces/share/action_interfaces/action/GoBackHome.action
[1.239s] -- Up-to-date: /home/user/refine_plan_v2/install/action_interfaces/share/action_interfaces/action/GoToPose.action
[1.239s] -- Up-to-date: /home/user/refine_plan_v2/install/action_interfaces/share/action_interfaces/action/PickObject.action
[1.239s] -- Up-to-date: /home/user/refine_plan_v2/install/action_interfaces/share/action_interfaces/action/PlaceObject.action
[1.239s] -- Up-to-date: /home/user/refine_plan_v2/install/action_interfaces/share/action_interfaces/action/GoalCheck.action
[1.239s] -- Up-to-date: /home/user/refine_plan_v2/install/action_interfaces/share/action_interfaces/action/GetSceneGraph.action
[1.239s] -- Up-to-date: /home/user/refine_plan_v2/install/action_interfaces/share/ament_index/resource_index/package_run_dependencies/action_interfaces
[1.239s] -- Up-to-date: /home/user/refine_plan_v2/install/action_interfaces/share/ament_index/resource_index/parent_prefix_path/action_interfaces
[1.240s] -- Up-to-date: /home/user/refine_plan_v2/install/action_interfaces/share/action_interfaces/environment/ament_prefix_path.sh
[1.240s] -- Up-to-date: /home/user/refine_plan_v2/install/action_interfaces/share/action_interfaces/environment/ament_prefix_path.dsv
[1.240s] -- Up-to-date: /home/user/refine_plan_v2/install/action_interfaces/share/action_interfaces/environment/path.sh
[1.241s] -- Up-to-date: /home/user/refine_plan_v2/install/action_interfaces/share/action_interfaces/environment/path.dsv
[1.241s] -- Up-to-date: /home/user/refine_plan_v2/install/action_interfaces/share/action_interfaces/local_setup.bash
[1.242s] -- Up-to-date: /home/user/refine_plan_v2/install/action_interfaces/share/action_interfaces/local_setup.sh
[1.242s] -- Up-to-date: /home/user/refine_plan_v2/install/action_interfaces/share/action_interfaces/local_setup.zsh
[1.242s] -- Up-to-date: /home/user/refine_plan_v2/install/action_interfaces/share/action_interfaces/local_setup.dsv
[1.242s] -- Installing: /home/user/refine_plan_v2/install/action_interfaces/share/action_interfaces/package.dsv
[1.242s] -- Up-to-date: /home/user/refine_plan_v2/install/action_interfaces/share/ament_index/resource_index/packages/action_interfaces
[1.242s] -- Up-to-date: /home/user/refine_plan_v2/install/action_interfaces/share/action_interfaces/cmake/export_action_interfaces__rosidl_generator_cExport.cmake
[1.243s] -- Up-to-date: /home/user/refine_plan_v2/install/action_interfaces/share/action_interfaces/cmake/export_action_interfaces__rosidl_generator_cExport-noconfig.cmake
[1.243s] -- Up-to-date: /home/user/refine_plan_v2/install/action_interfaces/share/action_interfaces/cmake/export_action_interfaces__rosidl_typesupport_fastrtps_cExport.cmake
[1.243s] -- Up-to-date: /home/user/refine_plan_v2/install/action_interfaces/share/action_interfaces/cmake/export_action_interfaces__rosidl_typesupport_fastrtps_cExport-noconfig.cmake
[1.243s] -- Up-to-date: /home/user/refine_plan_v2/install/action_interfaces/share/action_interfaces/cmake/action_interfaces__rosidl_typesupport_introspection_cExport.cmake
[1.243s] -- Up-to-date: /home/user/refine_plan_v2/install/action_interfaces/share/action_interfaces/cmake/action_interfaces__rosidl_typesupport_introspection_cExport-noconfig.cmake
[1.243s] -- Up-to-date: /home/user/refine_plan_v2/install/action_interfaces/share/action_interfaces/cmake/action_interfaces__rosidl_typesupport_cExport.cmake
[1.243s] -- Up-to-date: /home/user/refine_plan_v2/install/action_interfaces/share/action_interfaces/cmake/action_interfaces__rosidl_typesupport_cExport-noconfig.cmake
[1.244s] -- Up-to-date: /home/user/refine_plan_v2/install/action_interfaces/share/action_interfaces/cmake/export_action_interfaces__rosidl_generator_cppExport.cmake
[1.244s] -- Up-to-date: /home/user/refine_plan_v2/install/action_interfaces/share/action_interfaces/cmake/export_action_interfaces__rosidl_typesupport_fastrtps_cppExport.cmake
[1.244s] -- Up-to-date: /home/user/refine_plan_v2/install/action_interfaces/share/action_interfaces/cmake/export_action_interfaces__rosidl_typesupport_fastrtps_cppExport-noconfig.cmake
[1.244s] -- Up-to-date: /home/user/refine_plan_v2/install/action_interfaces/share/action_interfaces/cmake/action_interfaces__rosidl_typesupport_introspection_cppExport.cmake
[1.244s] -- Up-to-date: /home/user/refine_plan_v2/install/action_interfaces/share/action_interfaces/cmake/action_interfaces__rosidl_typesupport_introspection_cppExport-noconfig.cmake
[1.244s] -- Up-to-date: /home/user/refine_plan_v2/install/action_interfaces/share/action_interfaces/cmake/action_interfaces__rosidl_typesupport_cppExport.cmake
[1.246s] -- Up-to-date: /home/user/refine_plan_v2/install/action_interfaces/share/action_interfaces/cmake/action_interfaces__rosidl_typesupport_cppExport-noconfig.cmake
[1.254s] -- Up-to-date: /home/user/refine_plan_v2/install/action_interfaces/share/action_interfaces/cmake/export_action_interfaces__rosidl_generator_pyExport.cmake
[1.254s] -- Up-to-date: /home/user/refine_plan_v2/install/action_interfaces/share/action_interfaces/cmake/export_action_interfaces__rosidl_generator_pyExport-noconfig.cmake
[1.254s] -- Up-to-date: /home/user/refine_plan_v2/install/action_interfaces/share/action_interfaces/cmake/rosidl_cmake-extras.cmake
[1.254s] -- Up-to-date: /home/user/refine_plan_v2/install/action_interfaces/share/action_interfaces/cmake/ament_cmake_export_dependencies-extras.cmake
[1.255s] -- Up-to-date: /home/user/refine_plan_v2/install/action_interfaces/share/action_interfaces/cmake/ament_cmake_export_include_directories-extras.cmake
[1.255s] -- Up-to-date: /home/user/refine_plan_v2/install/action_interfaces/share/action_interfaces/cmake/ament_cmake_export_libraries-extras.cmake
[1.255s] -- Up-to-date: /home/user/refine_plan_v2/install/action_interfaces/share/action_interfaces/cmake/ament_cmake_export_targets-extras.cmake
[1.255s] -- Up-to-date: /home/user/refine_plan_v2/install/action_interfaces/share/action_interfaces/cmake/rosidl_cmake_export_typesupport_targets-extras.cmake
[1.255s] -- Up-to-date: /home/user/refine_plan_v2/install/action_interfaces/share/action_interfaces/cmake/rosidl_cmake_export_typesupport_libraries-extras.cmake
[1.256s] -- Up-to-date: /home/user/refine_plan_v2/install/action_interfaces/share/action_interfaces/cmake/action_interfacesConfig.cmake
[1.256s] -- Up-to-date: /home/user/refine_plan_v2/install/action_interfaces/share/action_interfaces/cmake/action_interfacesConfig-version.cmake
[1.256s] -- Up-to-date: /home/user/refine_plan_v2/install/action_interfaces/share/action_interfaces/package.xml
[1.260s] Invoked command in '/home/user/refine_plan_v2/build/action_interfaces' returned '0': CMAKE_PREFIX_PATH=${CMAKE_PREFIX_PATH}:/home/user/refine_plan_v2/install/simulation:/home/user/refine_plan_v2/install/behaviour_trees:/opt/ros/humble /usr/bin/cmake --install /home/user/refine_plan_v2/build/action_interfaces
