[LOG] TransitionLogger initialized with ID: f43c42e3-10a8-4918-b194-8c167d6c8e16
[LOG] MongoDB connection established
Executing policy for pick-place-informed with limit 500 and permutation 1 on port 23000
Starting run 1/10
connected to simulation
simulation is explicitly stepped
Joint handles retrieved
Step 0
Action: Action(ActionType.PICK, obj=/column2, slot=None,grasp=GraspType.TOP_0)
[EXEC] Picking /column2 with top_0

[INFO] Found 1472 potential configurations.
[INFO] Motion completed successfully with result: success,in execution time: 3.84 seconds
[INFO] Found a reachable configuration for pick action after 1 attempts.
Tip distance after pick: 0.02656922874450235
[INFO] Pick action completed successfully.in execution time: 3.84 seconds
[EXEC] Action ActionType.PICK executed in 18.42 seconds
[SUCCESS] Action ActionType.PICK succeeded for object /column2
[LOG] Transition logged to MongoDB: f43c42e3-10a8-4918-b194-8c167d6c8e16 - Episode 0
Step 1
Action: Action(ActionType.PLACE, obj=/column2, slot=/goal_1,grasp=GraspType.TOP_0)
[EXEC] Placing at [-0.2749999999999999, 1.0750000000000006, 0.5] with grasp top_0

[INFO] Found 1472 potential configurations.
[INFO] Motion completed successfully with result: success,in execution time: 13.28 seconds
[INFO] Found a reachable configuration for place action after 1 attempts.
[INFO] Place action completed successfully.
realigning placed object /column2 to target position
[EXEC] Action ActionType.PLACE executed in 51.26 seconds
[SUCCESS] Action ActionType.PLACE succeeded for object /column2
[LOG] Transition logged to MongoDB: f43c42e3-10a8-4918-b194-8c167d6c8e16 - Episode 0
Step 2
Action: Action(ActionType.PICK, obj=/column0, slot=None,grasp=GraspType.RIGHT_0)
[EXEC] Picking /column0 with right_0

[INFO] Found 2816 potential configurations.
[INFO] Motion completed successfully with result: success,in execution time: 6.96 seconds
[INFO] Found a reachable configuration for pick action after 1 attempts.
Tip distance after pick: 0.019494170142737636
[INFO] Pick action completed successfully.in execution time: 6.96 seconds
[EXEC] Action ActionType.PICK executed in 27.78 seconds
[SUCCESS] Action ActionType.PICK succeeded for object /column0
[LOG] Transition logged to MongoDB: f43c42e3-10a8-4918-b194-8c167d6c8e16 - Episode 0
Step 3
Action: Action(ActionType.PLACE, obj=/column0, slot=/region_2,grasp=GraspType.FRONT_270)
[EXEC] Placing at [0.6, 0.80001, 0.5] with grasp front_270

[INFO] Found 1600 potential configurations.
[INFO] Motion completed successfully with result: success,in execution time: 2.92 seconds
[INFO] Found a reachable configuration for place action after 1 attempts.
[INFO] Place action completed successfully.
realigning placed object /column0 to target position
[EXEC] Action ActionType.PLACE executed in 14.85 seconds
[SUCCESS] Action ActionType.PLACE succeeded for object /column0
[LOG] Transition logged to MongoDB: f43c42e3-10a8-4918-b194-8c167d6c8e16 - Episode 0
Step 4
Action: Action(ActionType.PICK, obj=/column2, slot=None,grasp=GraspType.RIGHT_0)
[EXEC] Picking /column2 with right_0

[INFO] Found 1536 potential configurations.
[WARN] No valid configuration found (all tested configs invalid).
[EXEC] Action ActionType.PICK executed in 1.88 seconds
[ERROR] Action ActionType.PICK failed for object /column2
[LOG] Transition logged to MongoDB: f43c42e3-10a8-4918-b194-8c167d6c8e16 - Episode 0
Action failed, stopping. Time elapsed: 0.001
Run 1 finished.
Goal achieved: False
Goal percentage: 33.333333333333336%
Number of actions: 5
Total task time: 27.0009999999998 sec
Starting run 2/10
connected to simulation
simulation is explicitly stepped
Joint handles retrieved
Step 0
Action: Action(ActionType.PICK, obj=/column2, slot=None,grasp=GraspType.TOP_0)
[EXEC] Picking /column2 with top_0

[INFO] Found 1728 potential configurations.
[INFO] Motion completed successfully with result: success,in execution time: 3.88 seconds
[INFO] Found a reachable configuration for pick action after 1 attempts.
Tip distance after pick: 0.02584929764701976
[INFO] Pick action completed successfully.in execution time: 3.88 seconds
[EXEC] Action ActionType.PICK executed in 22.60 seconds
[SUCCESS] Action ActionType.PICK succeeded for object /column2
[LOG] Transition logged to MongoDB: f43c42e3-10a8-4918-b194-8c167d6c8e16 - Episode 0
Step 1
Action: Action(ActionType.PLACE, obj=/column2, slot=/goal_1,grasp=GraspType.TOP_0)
[EXEC] Placing at [-0.2749999999999999, 1.0750000000000006, 0.5] with grasp top_0

[INFO] Found 1536 potential configurations.
[INFO] Motion completed successfully with result: success,in execution time: 5.84 seconds
[INFO] Found a reachable configuration for place action after 1 attempts.
[INFO] Place action completed successfully.
realigning placed object /column2 to target position
[EXEC] Action ActionType.PLACE executed in 28.01 seconds
[SUCCESS] Action ActionType.PLACE succeeded for object /column2
[LOG] Transition logged to MongoDB: f43c42e3-10a8-4918-b194-8c167d6c8e16 - Episode 0
Step 2
Action: Action(ActionType.PICK, obj=/column0, slot=None,grasp=GraspType.RIGHT_0)
[EXEC] Picking /column0 with right_0

[INFO] Found 3456 potential configurations.
[INFO] Motion completed successfully with result: success,in execution time: 8.96 seconds
[INFO] Found a reachable configuration for pick action after 1 attempts.
Tip distance after pick: 0.02005529487218226
[INFO] Pick action completed successfully.in execution time: 8.96 seconds
[EXEC] Action ActionType.PICK executed in 24.43 seconds
[SUCCESS] Action ActionType.PICK succeeded for object /column0
[LOG] Transition logged to MongoDB: f43c42e3-10a8-4918-b194-8c167d6c8e16 - Episode 0
Step 3
Action: Action(ActionType.PLACE, obj=/column0, slot=/region_2,grasp=GraspType.FRONT_270)
[EXEC] Placing at [0.6, 0.80001, 0.5] with grasp front_270

[INFO] Found 3840 potential configurations.
[INFO] Motion completed successfully with result: success,in execution time: 2.88 seconds
[INFO] Found a reachable configuration for place action after 1 attempts.
[INFO] Place action completed successfully.
realigning placed object /column0 to target position
[EXEC] Action ActionType.PLACE executed in 18.33 seconds
[SUCCESS] Action ActionType.PLACE succeeded for object /column0
[LOG] Transition logged to MongoDB: f43c42e3-10a8-4918-b194-8c167d6c8e16 - Episode 0
Step 4
Action: Action(ActionType.PICK, obj=/column2, slot=None,grasp=GraspType.RIGHT_0)
[EXEC] Picking /column2 with right_0

[INFO] Found 1408 potential configurations.
[INFO] Motion completed successfully with result: success,in execution time: 5.80 seconds
[INFO] Found a reachable configuration for pick action after 1 attempts.
Tip distance after pick: 0.019013819547208904
[INFO] Pick action completed successfully.in execution time: 5.80 seconds
[EXEC] Action ActionType.PICK executed in 23.44 seconds
[SUCCESS] Action ActionType.PICK succeeded for object /column2
[LOG] Transition logged to MongoDB: f43c42e3-10a8-4918-b194-8c167d6c8e16 - Episode 0
Step 5
Action: Action(ActionType.PLACE, obj=/column2, slot=/goal_2,grasp=GraspType.RIGHT_0)
[EXEC] Placing at [-0.6000000000000001, 0.8250000000000003, 0.5] with grasp right_0

[INFO] Found 1152 potential configurations.
[ERROR] Motion failed (collision or invalid path)
[ERROR] Motion result: no_path
[WARN] Failed to find a path to the selected place config on attempt 1.
[WARN] No path found to selected place config, discarding and trying next valid config...
[INFO] Motion completed successfully with result: success,in execution time: 9.76 seconds
[INFO] Found a reachable configuration for place action after 2 attempts.
[INFO] Place action completed successfully.
realigning placed object /column2 to target position
[EXEC] Action ActionType.PLACE executed in 34.81 seconds
[SUCCESS] Action ActionType.PLACE succeeded for object /column2
[LOG] Transition logged to MongoDB: f43c42e3-10a8-4918-b194-8c167d6c8e16 - Episode 0
Step 6
Action: Action(ActionType.PICK, obj=/column0, slot=None,grasp=GraspType.FRONT_270)
[EXEC] Picking /column0 with front_270

[INFO] Found 2880 potential configurations.
[INFO] Motion completed successfully with result: success,in execution time: 9.24 seconds
[INFO] Found a reachable configuration for pick action after 1 attempts.
Tip distance after pick: 0.020912297969898953
[INFO] Pick action completed successfully.in execution time: 9.24 seconds
[EXEC] Action ActionType.PICK executed in 25.55 seconds
[SUCCESS] Action ActionType.PICK succeeded for object /column0
[LOG] Transition logged to MongoDB: f43c42e3-10a8-4918-b194-8c167d6c8e16 - Episode 0
Step 7
Action: Action(ActionType.PLACE, obj=/column0, slot=/goal_0,grasp=GraspType.RIGHT_0)
[EXEC] Placing at [-0.27499999999999986, 0.8250000000000005, 0.5] with grasp right_0

[INFO] Found 2560 potential configurations.
[INFO] Motion completed successfully with result: success,in execution time: 10.08 seconds
[INFO] Found a reachable configuration for place action after 1 attempts.
[INFO] Place action completed successfully.
realigning placed object /column0 to target position
[EXEC] Action ActionType.PLACE executed in 23.73 seconds
[SUCCESS] Action ActionType.PLACE succeeded for object /column0
[LOG] Transition logged to MongoDB: f43c42e3-10a8-4918-b194-8c167d6c8e16 - Episode 0
Step 8
Action: Action(ActionType.PICK, obj=/column1, slot=None,grasp=GraspType.FRONT_270)
[EXEC] Picking /column1 with front_270

[INFO] Found 2752 potential configurations.
[INFO] Motion completed successfully with result: success,in execution time: 10.12 seconds
[INFO] Found a reachable configuration for pick action after 1 attempts.
Tip distance after pick: 0.018891066949264523
[INFO] Pick action completed successfully.in execution time: 10.12 seconds
[EXEC] Action ActionType.PICK executed in 25.08 seconds
[SUCCESS] Action ActionType.PICK succeeded for object /column1
[LOG] Transition logged to MongoDB: f43c42e3-10a8-4918-b194-8c167d6c8e16 - Episode 0
Step 9
Action: Action(ActionType.PLACE, obj=/column1, slot=/goal_1,grasp=GraspType.FRONT_270)
[EXEC] Placing at [-0.2749999999999999, 1.0750000000000006, 0.5] with grasp front_270

[INFO] Found 2944 potential configurations.
[INFO] Motion completed successfully with result: success,in execution time: 8.52 seconds
[INFO] Found a reachable configuration for place action after 1 attempts.
[INFO] Place action completed successfully.
realigning placed object /column1 to target position
[EXEC] Action ActionType.PLACE executed in 36.92 seconds
[SUCCESS] Action ActionType.PLACE succeeded for object /column1
[LOG] Transition logged to MongoDB: f43c42e3-10a8-4918-b194-8c167d6c8e16 - Episode 0
[LOG] Saving episode 0 to episode_00000_f43c42e3-10a8-4918-b194-8c167d6c8e16.yaml
[LOG] Episode saved: rl/dataset/episode_00000_f43c42e3-10a8-4918-b194-8c167d6c8e16.yaml
[LOG] Episode reset
Step 10
No valid actions in policy for a given state, stopping
Run 2 finished.
Goal achieved: True
Goal percentage: 100.0%
Number of actions: 10
Total task time: 75.0800000000018 sec
Starting run 3/10
connected to simulation
simulation is explicitly stepped
Joint handles retrieved
Step 0
Action: Action(ActionType.PICK, obj=/column2, slot=None,grasp=GraspType.TOP_0)
[EXEC] Picking /column2 with top_0

[INFO] Found 1536 potential configurations.
[INFO] Motion completed successfully with result: success,in execution time: 3.88 seconds
[INFO] Found a reachable configuration for pick action after 1 attempts.
Tip distance after pick: 0.02559117879490341
[INFO] Pick action completed successfully.in execution time: 3.88 seconds
[EXEC] Action ActionType.PICK executed in 26.35 seconds
[SUCCESS] Action ActionType.PICK succeeded for object /column2
[LOG] Transition logged to MongoDB: f43c42e3-10a8-4918-b194-8c167d6c8e16 - Episode 1
Step 1
Action: Action(ActionType.PLACE, obj=/column2, slot=/goal_1,grasp=GraspType.TOP_0)
[EXEC] Placing at [-0.2749999999999999, 1.0750000000000006, 0.5] with grasp top_0

[INFO] Found 1408 potential configurations.
[INFO] Motion completed successfully with result: success,in execution time: 13.28 seconds
[INFO] Found a reachable configuration for place action after 1 attempts.
[INFO] Place action completed successfully.
realigning placed object /column2 to target position
[EXEC] Action ActionType.PLACE executed in 58.87 seconds
[SUCCESS] Action ActionType.PLACE succeeded for object /column2
[LOG] Transition logged to MongoDB: f43c42e3-10a8-4918-b194-8c167d6c8e16 - Episode 1
Step 2
Action: Action(ActionType.PICK, obj=/column0, slot=None,grasp=GraspType.RIGHT_0)
[EXEC] Picking /column0 with right_0

[INFO] Found 1728 potential configurations.
[INFO] Motion completed successfully with result: success,in execution time: 4.32 seconds
[INFO] Found a reachable configuration for pick action after 1 attempts.
Tip distance after pick: 0.01908831420066158
[INFO] Pick action completed successfully.in execution time: 4.32 seconds
[EXEC] Action ActionType.PICK executed in 18.22 seconds
[SUCCESS] Action ActionType.PICK succeeded for object /column0
[LOG] Transition logged to MongoDB: f43c42e3-10a8-4918-b194-8c167d6c8e16 - Episode 1
Step 3
Action: Action(ActionType.PLACE, obj=/column0, slot=/region_2,grasp=GraspType.FRONT_270)
[EXEC] Placing at [0.6, 0.80001, 0.5] with grasp front_270

[INFO] Found 2432 potential configurations.
[INFO] Motion completed successfully with result: success,in execution time: 2.80 seconds
[INFO] Found a reachable configuration for place action after 1 attempts.
[INFO] Place action completed successfully.
realigning placed object /column0 to target position
[EXEC] Action ActionType.PLACE executed in 19.42 seconds
[SUCCESS] Action ActionType.PLACE succeeded for object /column0
[LOG] Transition logged to MongoDB: f43c42e3-10a8-4918-b194-8c167d6c8e16 - Episode 1
Step 4
Action: Action(ActionType.PICK, obj=/column2, slot=None,grasp=GraspType.RIGHT_0)
[EXEC] Picking /column2 with right_0

[INFO] Found 1728 potential configurations.
[INFO] Motion completed successfully with result: success,in execution time: 8.84 seconds
[INFO] Found a reachable configuration for pick action after 1 attempts.
Tip distance after pick: 0.01799394784036006
[INFO] Pick action completed successfully.in execution time: 8.84 seconds
[EXEC] Action ActionType.PICK executed in 47.09 seconds
[SUCCESS] Action ActionType.PICK succeeded for object /column2
[LOG] Transition logged to MongoDB: f43c42e3-10a8-4918-b194-8c167d6c8e16 - Episode 1
Step 5
Action: Action(ActionType.PLACE, obj=/column2, slot=/goal_2,grasp=GraspType.RIGHT_0)
[EXEC] Placing at [-0.6000000000000001, 0.8250000000000003, 0.5] with grasp right_0

[INFO] Found 2112 potential configurations.
[INFO] Motion completed successfully with result: success,in execution time: 1.92 seconds
[INFO] Found a reachable configuration for place action after 1 attempts.
[INFO] Place action completed successfully.
realigning placed object /column2 to target position
[EXEC] Action ActionType.PLACE executed in 40.65 seconds
[SUCCESS] Action ActionType.PLACE succeeded for object /column2
[LOG] Transition logged to MongoDB: f43c42e3-10a8-4918-b194-8c167d6c8e16 - Episode 1
Step 6
Action: Action(ActionType.PICK, obj=/column0, slot=None,grasp=GraspType.FRONT_270)
[EXEC] Picking /column0 with front_270

[INFO] Found 3008 potential configurations.
[INFO] Motion completed successfully with result: success,in execution time: 5.00 seconds
[INFO] Found a reachable configuration for pick action after 1 attempts.
Tip distance after pick: 0.02090165043204281
[INFO] Pick action completed successfully.in execution time: 5.00 seconds
[EXEC] Action ActionType.PICK executed in 27.93 seconds
[SUCCESS] Action ActionType.PICK succeeded for object /column0
[LOG] Transition logged to MongoDB: f43c42e3-10a8-4918-b194-8c167d6c8e16 - Episode 1
Step 7
Action: Action(ActionType.PLACE, obj=/column0, slot=/goal_0,grasp=GraspType.RIGHT_0)
[EXEC] Placing at [-0.27499999999999986, 0.8250000000000005, 0.5] with grasp right_0

[INFO] Found 2048 potential configurations.
[INFO] Motion completed successfully with result: success,in execution time: 7.16 seconds
[INFO] Found a reachable configuration for place action after 1 attempts.
[INFO] Place action completed successfully.
realigning placed object /column0 to target position
[EXEC] Action ActionType.PLACE executed in 44.16 seconds
[SUCCESS] Action ActionType.PLACE succeeded for object /column0
[LOG] Transition logged to MongoDB: f43c42e3-10a8-4918-b194-8c167d6c8e16 - Episode 1
Step 8
Action: Action(ActionType.PICK, obj=/column1, slot=None,grasp=GraspType.FRONT_270)
[EXEC] Picking /column1 with front_270

[INFO] Found 1792 potential configurations.
[INFO] Motion completed successfully with result: success,in execution time: 12.28 seconds
[INFO] Found a reachable configuration for pick action after 1 attempts.
Tip distance after pick: 0.018763368099582466
[INFO] Pick action completed successfully.in execution time: 12.28 seconds
[EXEC] Action ActionType.PICK executed in 30.12 seconds
[SUCCESS] Action ActionType.PICK succeeded for object /column1
[LOG] Transition logged to MongoDB: f43c42e3-10a8-4918-b194-8c167d6c8e16 - Episode 1
Step 9
Action: Action(ActionType.PLACE, obj=/column1, slot=/goal_1,grasp=GraspType.FRONT_270)
[EXEC] Placing at [-0.2749999999999999, 1.0750000000000006, 0.5] with grasp front_270

[INFO] Found 2496 potential configurations.
[INFO] Motion completed successfully with result: success,in execution time: 8.16 seconds
[INFO] Found a reachable configuration for place action after 1 attempts.
[INFO] Place action completed successfully.
realigning placed object /column1 to target position
[EXEC] Action ActionType.PLACE executed in 42.23 seconds
[SUCCESS] Action ActionType.PLACE succeeded for object /column1
[LOG] Transition logged to MongoDB: f43c42e3-10a8-4918-b194-8c167d6c8e16 - Episode 1
[LOG] Saving episode 1 to episode_00001_f43c42e3-10a8-4918-b194-8c167d6c8e16.yaml
[LOG] Episode saved: rl/dataset/episode_00001_f43c42e3-10a8-4918-b194-8c167d6c8e16.yaml
[LOG] Episode reset
Step 10
No valid actions in policy for a given state, stopping
Run 3 finished.
Goal achieved: True
Goal percentage: 100.0%
Number of actions: 10
Total task time: 67.6400000000033 sec
Starting run 4/10
connected to simulation
simulation is explicitly stepped
Joint handles retrieved
Step 0
Action: Action(ActionType.PICK, obj=/column2, slot=None,grasp=GraspType.TOP_0)
[EXEC] Picking /column2 with top_0

[INFO] Found 2112 potential configurations.
[INFO] Motion completed successfully with result: success,in execution time: 3.84 seconds
[INFO] Found a reachable configuration for pick action after 1 attempts.
Tip distance after pick: 0.025602305829227817
[INFO] Pick action completed successfully.in execution time: 3.84 seconds
[EXEC] Action ActionType.PICK executed in 17.75 seconds
[SUCCESS] Action ActionType.PICK succeeded for object /column2
[LOG] Transition logged to MongoDB: f43c42e3-10a8-4918-b194-8c167d6c8e16 - Episode 2
Step 1
Action: Action(ActionType.PLACE, obj=/column2, slot=/goal_1,grasp=GraspType.TOP_0)
[EXEC] Placing at [-0.2749999999999999, 1.0750000000000006, 0.5] with grasp top_0

[INFO] Found 1216 potential configurations.
[INFO] Motion completed successfully with result: success,in execution time: 9.44 seconds
[INFO] Found a reachable configuration for place action after 1 attempts.
[INFO] Place action completed successfully.
realigning placed object /column2 to target position
[EXEC] Action ActionType.PLACE executed in 25.23 seconds
[SUCCESS] Action ActionType.PLACE succeeded for object /column2
[LOG] Transition logged to MongoDB: f43c42e3-10a8-4918-b194-8c167d6c8e16 - Episode 2
Step 2
Action: Action(ActionType.PICK, obj=/column0, slot=None,grasp=GraspType.RIGHT_0)
[EXEC] Picking /column0 with right_0

[INFO] Found 2624 potential configurations.
[INFO] Motion completed successfully with result: success,in execution time: 8.60 seconds
[INFO] Found a reachable configuration for pick action after 1 attempts.
Tip distance after pick: 0.01975652460378372
[INFO] Pick action completed successfully.in execution time: 8.60 seconds
[EXEC] Action ActionType.PICK executed in 22.90 seconds
[SUCCESS] Action ActionType.PICK succeeded for object /column0
[LOG] Transition logged to MongoDB: f43c42e3-10a8-4918-b194-8c167d6c8e16 - Episode 2
Step 3
Action: Action(ActionType.PLACE, obj=/column0, slot=/region_2,grasp=GraspType.FRONT_270)
[EXEC] Placing at [0.6, 0.80001, 0.5] with grasp front_270

[INFO] Found 2368 potential configurations.
[INFO] Motion completed successfully with result: success,in execution time: 2.88 seconds
[INFO] Found a reachable configuration for place action after 1 attempts.
[INFO] Place action completed successfully.
realigning placed object /column0 to target position
[EXEC] Action ActionType.PLACE executed in 19.91 seconds
[SUCCESS] Action ActionType.PLACE succeeded for object /column0
[LOG] Transition logged to MongoDB: f43c42e3-10a8-4918-b194-8c167d6c8e16 - Episode 2
Step 4
Action: Action(ActionType.PICK, obj=/column2, slot=None,grasp=GraspType.RIGHT_0)
[EXEC] Picking /column2 with right_0

[INFO] Found 1216 potential configurations.
[INFO] Motion completed successfully with result: success,in execution time: 10.48 seconds
[INFO] Found a reachable configuration for pick action after 1 attempts.
Tip distance after pick: 0.018646899939212053
[INFO] Pick action completed successfully.in execution time: 10.48 seconds
[EXEC] Action ActionType.PICK executed in 41.90 seconds
[SUCCESS] Action ActionType.PICK succeeded for object /column2
[LOG] Transition logged to MongoDB: f43c42e3-10a8-4918-b194-8c167d6c8e16 - Episode 2
Step 5
Action: Action(ActionType.PLACE, obj=/column2, slot=/goal_2,grasp=GraspType.RIGHT_0)
[EXEC] Placing at [-0.6000000000000001, 0.8250000000000003, 0.5] with grasp right_0

[INFO] Found 1600 potential configurations.
[INFO] Motion completed successfully with result: success,in execution time: 1.96 seconds
[INFO] Found a reachable configuration for place action after 1 attempts.
[INFO] Place action completed successfully.
realigning placed object /column2 to target position
[EXEC] Action ActionType.PLACE executed in 24.21 seconds
[SUCCESS] Action ActionType.PLACE succeeded for object /column2
[LOG] Transition logged to MongoDB: f43c42e3-10a8-4918-b194-8c167d6c8e16 - Episode 2
Step 6
Action: Action(ActionType.PICK, obj=/column0, slot=None,grasp=GraspType.FRONT_270)
[EXEC] Picking /column0 with front_270

[INFO] Found 1792 potential configurations.
[INFO] Motion completed successfully with result: success,in execution time: 7.84 seconds
[INFO] Found a reachable configuration for pick action after 1 attempts.
Tip distance after pick: 0.019800364656757975
[INFO] Pick action completed successfully.in execution time: 7.84 seconds
[EXEC] Action ActionType.PICK executed in 29.67 seconds
[SUCCESS] Action ActionType.PICK succeeded for object /column0
[LOG] Transition logged to MongoDB: f43c42e3-10a8-4918-b194-8c167d6c8e16 - Episode 2
Step 7
Action: Action(ActionType.PLACE, obj=/column0, slot=/goal_0,grasp=GraspType.RIGHT_0)
[EXEC] Placing at [-0.27499999999999986, 0.8250000000000005, 0.5] with grasp right_0

[INFO] Found 3776 potential configurations.
[INFO] Motion completed successfully with result: success,in execution time: 3.92 seconds
[INFO] Found a reachable configuration for place action after 1 attempts.
[INFO] Place action completed successfully.
realigning placed object /column0 to target position
[EXEC] Action ActionType.PLACE executed in 18.84 seconds
[SUCCESS] Action ActionType.PLACE succeeded for object /column0
[LOG] Transition logged to MongoDB: f43c42e3-10a8-4918-b194-8c167d6c8e16 - Episode 2
Step 8
Action: Action(ActionType.PICK, obj=/column1, slot=None,grasp=GraspType.FRONT_270)
[EXEC] Picking /column1 with front_270

[INFO] Found 2368 potential configurations.
[INFO] Motion completed successfully with result: success,in execution time: 5.04 seconds
[INFO] Found a reachable configuration for pick action after 1 attempts.
Tip distance after pick: 0.019198743927881644
[INFO] Pick action completed successfully.in execution time: 5.04 seconds
[EXEC] Action ActionType.PICK executed in 18.99 seconds
[SUCCESS] Action ActionType.PICK succeeded for object /column1
[LOG] Transition logged to MongoDB: f43c42e3-10a8-4918-b194-8c167d6c8e16 - Episode 2
Step 9
Action: Action(ActionType.PLACE, obj=/column1, slot=/goal_1,grasp=GraspType.FRONT_270)
[EXEC] Placing at [-0.2749999999999999, 1.0750000000000006, 0.5] with grasp front_270

[INFO] Found 3008 potential configurations.
[ERROR] Motion failed (collision or invalid path)
[ERROR] Motion result: no_path
[WARN] Failed to find a path to the selected place config on attempt 1.
[WARN] No path found to selected place config, discarding and trying next valid config...
[ERROR] Motion failed (collision or invalid path)
[ERROR] Motion result: no_path
[WARN] Failed to find a path to the selected place config on attempt 2.
[WARN] No path found to selected place config, discarding and trying next valid config...
[INFO] Motion completed successfully with result: success,in execution time: 13.60 seconds
[INFO] Found a reachable configuration for place action after 3 attempts.
[INFO] Place action completed successfully.
realigning placed object /column1 to target position
[EXEC] Action ActionType.PLACE executed in 56.59 seconds
[SUCCESS] Action ActionType.PLACE succeeded for object /column1
[LOG] Transition logged to MongoDB: f43c42e3-10a8-4918-b194-8c167d6c8e16 - Episode 2
[LOG] Saving episode 2 to episode_00002_f43c42e3-10a8-4918-b194-8c167d6c8e16.yaml
[LOG] Episode saved: rl/dataset/episode_00002_f43c42e3-10a8-4918-b194-8c167d6c8e16.yaml
[LOG] Episode reset
Step 10
No valid actions in policy for a given state, stopping
Run 4 finished.
Goal achieved: True
Goal percentage: 100.0%
Number of actions: 10
Total task time: 67.60000000000039 sec
Starting run 5/10
connected to simulation
simulation is explicitly stepped
Joint handles retrieved
Step 0
Action: Action(ActionType.PICK, obj=/column2, slot=None,grasp=GraspType.TOP_0)
[EXEC] Picking /column2 with top_0

[INFO] Found 1984 potential configurations.
[INFO] Motion completed successfully with result: success,in execution time: 3.84 seconds
[INFO] Found a reachable configuration for pick action after 1 attempts.
Tip distance after pick: 0.025897843561103535
[INFO] Pick action completed successfully.in execution time: 3.84 seconds
[EXEC] Action ActionType.PICK executed in 18.95 seconds
[SUCCESS] Action ActionType.PICK succeeded for object /column2
[LOG] Transition logged to MongoDB: f43c42e3-10a8-4918-b194-8c167d6c8e16 - Episode 3
Step 1
Action: Action(ActionType.PLACE, obj=/column2, slot=/goal_1,grasp=GraspType.TOP_0)
[EXEC] Placing at [-0.2749999999999999, 1.0750000000000006, 0.5] with grasp top_0

[INFO] Found 1408 potential configurations.
[INFO] Motion completed successfully with result: success,in execution time: 7.88 seconds
[INFO] Found a reachable configuration for place action after 1 attempts.
[INFO] Place action completed successfully.
realigning placed object /column2 to target position
[EXEC] Action ActionType.PLACE executed in 21.81 seconds
[SUCCESS] Action ActionType.PLACE succeeded for object /column2
[LOG] Transition logged to MongoDB: f43c42e3-10a8-4918-b194-8c167d6c8e16 - Episode 3
Step 2
Action: Action(ActionType.PICK, obj=/column0, slot=None,grasp=GraspType.RIGHT_0)
[EXEC] Picking /column0 with right_0

[INFO] Found 2432 potential configurations.
[INFO] Motion completed successfully with result: success,in execution time: 7.48 seconds
[INFO] Found a reachable configuration for pick action after 1 attempts.
Tip distance after pick: 0.018849494562712496
[INFO] Pick action completed successfully.in execution time: 7.48 seconds
[EXEC] Action ActionType.PICK executed in 29.97 seconds
[SUCCESS] Action ActionType.PICK succeeded for object /column0
[LOG] Transition logged to MongoDB: f43c42e3-10a8-4918-b194-8c167d6c8e16 - Episode 3
Step 3
Action: Action(ActionType.PLACE, obj=/column0, slot=/region_2,grasp=GraspType.FRONT_270)
[EXEC] Placing at [0.6, 0.80001, 0.5] with grasp front_270

[INFO] Found 2624 potential configurations.
[INFO] Motion completed successfully with result: success,in execution time: 2.88 seconds
[INFO] Found a reachable configuration for place action after 1 attempts.
[INFO] Place action completed successfully.
realigning placed object /column0 to target position
[EXEC] Action ActionType.PLACE executed in 32.28 seconds
[SUCCESS] Action ActionType.PLACE succeeded for object /column0
[LOG] Transition logged to MongoDB: f43c42e3-10a8-4918-b194-8c167d6c8e16 - Episode 3
Step 4
Action: Action(ActionType.PICK, obj=/column2, slot=None,grasp=GraspType.RIGHT_0)
[EXEC] Picking /column2 with right_0

[INFO] Found 1216 potential configurations.
[ERROR] Motion failed (collision or invalid path)
[ERROR] Motion result: no_path
[WARN] Failed to find a path to the selected pick config on attempt 1.
[WARN] No path found to picked config, discarding and trying next valid config...
[ERROR] Motion failed (collision or invalid path)
[ERROR] Motion result: no_path
[WARN] Failed to find a path to the selected pick config on attempt 2.
[WARN] No path found to picked config, discarding and trying next valid config...
[INFO] Motion completed successfully with result: success,in execution time: 8.68 seconds
[INFO] Found a reachable configuration for pick action after 3 attempts.
Tip distance after pick: 0.018865207105219023
[INFO] Pick action completed successfully.in execution time: 8.68 seconds
[EXEC] Action ActionType.PICK executed in 39.56 seconds
[SUCCESS] Action ActionType.PICK succeeded for object /column2
[LOG] Transition logged to MongoDB: f43c42e3-10a8-4918-b194-8c167d6c8e16 - Episode 3
Step 5
Action: Action(ActionType.PLACE, obj=/column2, slot=/goal_2,grasp=GraspType.RIGHT_0)
[EXEC] Placing at [-0.6000000000000001, 0.8250000000000003, 0.5] with grasp right_0

[INFO] Found 2048 potential configurations.
[INFO] Motion completed successfully with result: success,in execution time: 1.96 seconds
[INFO] Found a reachable configuration for place action after 1 attempts.
[INFO] Place action completed successfully.
realigning placed object /column2 to target position
[EXEC] Action ActionType.PLACE executed in 33.13 seconds
[SUCCESS] Action ActionType.PLACE succeeded for object /column2
[LOG] Transition logged to MongoDB: f43c42e3-10a8-4918-b194-8c167d6c8e16 - Episode 3
Step 6
Action: Action(ActionType.PICK, obj=/column0, slot=None,grasp=GraspType.FRONT_270)
[EXEC] Picking /column0 with front_270

[INFO] Found 3072 potential configurations.
[INFO] Motion completed successfully with result: success,in execution time: 5.44 seconds
[INFO] Found a reachable configuration for pick action after 1 attempts.
Tip distance after pick: 0.020759771579666145
[INFO] Pick action completed successfully.in execution time: 5.44 seconds
[EXEC] Action ActionType.PICK executed in 21.66 seconds
[SUCCESS] Action ActionType.PICK succeeded for object /column0
[LOG] Transition logged to MongoDB: f43c42e3-10a8-4918-b194-8c167d6c8e16 - Episode 3
Step 7
Action: Action(ActionType.PLACE, obj=/column0, slot=/goal_0,grasp=GraspType.RIGHT_0)
[EXEC] Placing at [-0.27499999999999986, 0.8250000000000005, 0.5] with grasp right_0

[INFO] Found 2496 potential configurations.
[INFO] Motion completed successfully with result: success,in execution time: 8.84 seconds
[INFO] Found a reachable configuration for place action after 1 attempts.
[INFO] Place action completed successfully.
realigning placed object /column0 to target position
[EXEC] Action ActionType.PLACE executed in 24.40 seconds
[SUCCESS] Action ActionType.PLACE succeeded for object /column0
[LOG] Transition logged to MongoDB: f43c42e3-10a8-4918-b194-8c167d6c8e16 - Episode 3
Step 8
Action: Action(ActionType.PICK, obj=/column1, slot=None,grasp=GraspType.FRONT_270)
[EXEC] Picking /column1 with front_270

[INFO] Found 1216 potential configurations.
[INFO] Motion completed successfully with result: success,in execution time: 4.72 seconds
[INFO] Found a reachable configuration for pick action after 1 attempts.
Tip distance after pick: 0.018622169632299807
[INFO] Pick action completed successfully.in execution time: 4.72 seconds
[EXEC] Action ActionType.PICK executed in 19.92 seconds
[SUCCESS] Action ActionType.PICK succeeded for object /column1
[LOG] Transition logged to MongoDB: f43c42e3-10a8-4918-b194-8c167d6c8e16 - Episode 3
Step 9
Action: Action(ActionType.PLACE, obj=/column1, slot=/goal_1,grasp=GraspType.FRONT_270)
[EXEC] Placing at [-0.2749999999999999, 1.0750000000000006, 0.5] with grasp front_270

[INFO] Found 2880 potential configurations.
[INFO] Motion completed successfully with result: success,in execution time: 8.28 seconds
[INFO] Found a reachable configuration for place action after 1 attempts.
[INFO] Place action completed successfully.
realigning placed object /column1 to target position
[EXEC] Action ActionType.PLACE executed in 28.65 seconds
[SUCCESS] Action ActionType.PLACE succeeded for object /column1
[LOG] Transition logged to MongoDB: f43c42e3-10a8-4918-b194-8c167d6c8e16 - Episode 3
[LOG] Saving episode 3 to episode_00003_f43c42e3-10a8-4918-b194-8c167d6c8e16.yaml
[LOG] Episode saved: rl/dataset/episode_00003_f43c42e3-10a8-4918-b194-8c167d6c8e16.yaml
[LOG] Episode reset
Step 10
No valid actions in policy for a given state, stopping
Run 5 finished.
Goal achieved: True
Goal percentage: 100.0%
Number of actions: 10
Total task time: 60.000000000001805 sec
Starting run 6/10
connected to simulation
simulation is explicitly stepped
Joint handles retrieved
Step 0
Action: Action(ActionType.PICK, obj=/column2, slot=None,grasp=GraspType.TOP_0)
[EXEC] Picking /column2 with top_0

[INFO] Found 2112 potential configurations.
[INFO] Motion completed successfully with result: success,in execution time: 3.84 seconds
[INFO] Found a reachable configuration for pick action after 1 attempts.
Tip distance after pick: 0.026634681211166862
[INFO] Pick action completed successfully.in execution time: 3.84 seconds
[EXEC] Action ActionType.PICK executed in 30.37 seconds
[SUCCESS] Action ActionType.PICK succeeded for object /column2
[LOG] Transition logged to MongoDB: f43c42e3-10a8-4918-b194-8c167d6c8e16 - Episode 4
Step 1
Action: Action(ActionType.PLACE, obj=/column2, slot=/goal_1,grasp=GraspType.TOP_0)
[EXEC] Placing at [-0.2749999999999999, 1.0750000000000006, 0.5] with grasp top_0

[INFO] Found 1088 potential configurations.
[INFO] Motion completed successfully with result: success,in execution time: 7.76 seconds
[INFO] Found a reachable configuration for place action after 1 attempts.
[INFO] Place action completed successfully.
realigning placed object /column2 to target position
[EXEC] Action ActionType.PLACE executed in 28.74 seconds
[SUCCESS] Action ActionType.PLACE succeeded for object /column2
[LOG] Transition logged to MongoDB: f43c42e3-10a8-4918-b194-8c167d6c8e16 - Episode 4
Step 2
Action: Action(ActionType.PICK, obj=/column0, slot=None,grasp=GraspType.RIGHT_0)
[EXEC] Picking /column0 with right_0

[INFO] Found 3008 potential configurations.
[INFO] Motion completed successfully with result: success,in execution time: 9.12 seconds
[INFO] Found a reachable configuration for pick action after 1 attempts.
Tip distance after pick: 0.019519478892810017
[INFO] Pick action completed successfully.in execution time: 9.12 seconds
[EXEC] Action ActionType.PICK executed in 31.08 seconds
[SUCCESS] Action ActionType.PICK succeeded for object /column0
[LOG] Transition logged to MongoDB: f43c42e3-10a8-4918-b194-8c167d6c8e16 - Episode 4
Step 3
Action: Action(ActionType.PLACE, obj=/column0, slot=/region_2,grasp=GraspType.FRONT_270)
[EXEC] Placing at [0.6, 0.80001, 0.5] with grasp front_270

[INFO] Found 1984 potential configurations.
[INFO] Motion completed successfully with result: success,in execution time: 2.88 seconds
[INFO] Found a reachable configuration for place action after 1 attempts.
[INFO] Place action completed successfully.
realigning placed object /column0 to target position
[EXEC] Action ActionType.PLACE executed in 34.78 seconds
[SUCCESS] Action ActionType.PLACE succeeded for object /column0
[LOG] Transition logged to MongoDB: f43c42e3-10a8-4918-b194-8c167d6c8e16 - Episode 4
Step 4
Action: Action(ActionType.PICK, obj=/column2, slot=None,grasp=GraspType.RIGHT_0)
[EXEC] Picking /column2 with right_0

[INFO] Found 640 potential configurations.
[WARN] No valid configuration found (all tested configs invalid).
[EXEC] Action ActionType.PICK executed in 1.48 seconds
[ERROR] Action ActionType.PICK failed for object /column2
[LOG] Transition logged to MongoDB: f43c42e3-10a8-4918-b194-8c167d6c8e16 - Episode 4
Action failed, stopping. Time elapsed: 0.001
Run 6 finished.
Goal achieved: False
Goal percentage: 33.333333333333336%
Number of actions: 5
Total task time: 23.6009999999995 sec
Starting run 7/10
connected to simulation
simulation is explicitly stepped
Joint handles retrieved
Step 0
Action: Action(ActionType.PICK, obj=/column2, slot=None,grasp=GraspType.TOP_0)
[EXEC] Picking /column2 with top_0

[INFO] Found 2432 potential configurations.
[INFO] Motion completed successfully with result: success,in execution time: 3.84 seconds
[INFO] Found a reachable configuration for pick action after 1 attempts.
Tip distance after pick: 0.026978944252466688
[INFO] Pick action completed successfully.in execution time: 3.84 seconds
[EXEC] Action ActionType.PICK executed in 24.31 seconds
[SUCCESS] Action ActionType.PICK succeeded for object /column2
[LOG] Transition logged to MongoDB: f43c42e3-10a8-4918-b194-8c167d6c8e16 - Episode 4
Step 1
Action: Action(ActionType.PLACE, obj=/column2, slot=/goal_1,grasp=GraspType.TOP_0)
[EXEC] Placing at [-0.2749999999999999, 1.0750000000000006, 0.5] with grasp top_0

[INFO] Found 1152 potential configurations.
[INFO] Motion completed successfully with result: success,in execution time: 7.84 seconds
[INFO] Found a reachable configuration for place action after 1 attempts.
[INFO] Place action completed successfully.
realigning placed object /column2 to target position
[EXEC] Action ActionType.PLACE executed in 29.29 seconds
[SUCCESS] Action ActionType.PLACE succeeded for object /column2
[LOG] Transition logged to MongoDB: f43c42e3-10a8-4918-b194-8c167d6c8e16 - Episode 4
Step 2
Action: Action(ActionType.PICK, obj=/column0, slot=None,grasp=GraspType.RIGHT_0)
[EXEC] Picking /column0 with right_0

[INFO] Found 2368 potential configurations.
[INFO] Motion completed successfully with result: success,in execution time: 11.88 seconds
[INFO] Found a reachable configuration for pick action after 1 attempts.
Tip distance after pick: 0.01893164898434394
[INFO] Pick action completed successfully.in execution time: 11.88 seconds
[EXEC] Action ActionType.PICK executed in 31.90 seconds
[SUCCESS] Action ActionType.PICK succeeded for object /column0
[LOG] Transition logged to MongoDB: f43c42e3-10a8-4918-b194-8c167d6c8e16 - Episode 4
Step 3
Action: Action(ActionType.PLACE, obj=/column0, slot=/region_2,grasp=GraspType.FRONT_270)
[EXEC] Placing at [0.6, 0.80001, 0.5] with grasp front_270

[INFO] Found 2496 potential configurations.
[INFO] Motion completed successfully with result: success,in execution time: 2.88 seconds
[INFO] Found a reachable configuration for place action after 1 attempts.
[INFO] Place action completed successfully.
realigning placed object /column0 to target position
[EXEC] Action ActionType.PLACE executed in 28.20 seconds
[SUCCESS] Action ActionType.PLACE succeeded for object /column0
[LOG] Transition logged to MongoDB: f43c42e3-10a8-4918-b194-8c167d6c8e16 - Episode 4
Step 4
Action: Action(ActionType.PICK, obj=/column2, slot=None,grasp=GraspType.RIGHT_0)
[EXEC] Picking /column2 with right_0

[INFO] Found 768 potential configurations.
[WARN] No valid configuration found (all tested configs invalid).
[EXEC] Action ActionType.PICK executed in 1.56 seconds
[ERROR] Action ActionType.PICK failed for object /column2
[LOG] Transition logged to MongoDB: f43c42e3-10a8-4918-b194-8c167d6c8e16 - Episode 4
Action failed, stopping. Time elapsed: 0.001
Run 7 finished.
Goal achieved: False
Goal percentage: 33.333333333333336%
Number of actions: 5
Total task time: 26.440999999999704 sec
Starting run 8/10
connected to simulation
simulation is explicitly stepped
Joint handles retrieved
Step 0
Action: Action(ActionType.PICK, obj=/column2, slot=None,grasp=GraspType.TOP_0)
[EXEC] Picking /column2 with top_0

[INFO] Found 1728 potential configurations.
[INFO] Motion completed successfully with result: success,in execution time: 3.88 seconds
[INFO] Found a reachable configuration for pick action after 1 attempts.
Tip distance after pick: 0.026005726121674577
[INFO] Pick action completed successfully.in execution time: 3.88 seconds
[EXEC] Action ActionType.PICK executed in 21.70 seconds
[SUCCESS] Action ActionType.PICK succeeded for object /column2
[LOG] Transition logged to MongoDB: f43c42e3-10a8-4918-b194-8c167d6c8e16 - Episode 4
Step 1
Action: Action(ActionType.PLACE, obj=/column2, slot=/goal_1,grasp=GraspType.TOP_0)
[EXEC] Placing at [-0.2749999999999999, 1.0750000000000006, 0.5] with grasp top_0

[INFO] Found 1472 potential configurations.
[ERROR] Motion failed (collision or invalid path)
[ERROR] Motion result: no_path
[WARN] Failed to find a path to the selected place config on attempt 1.
[WARN] No path found to selected place config, discarding and trying next valid config...
[INFO] Motion completed successfully with result: success,in execution time: 6.80 seconds
[INFO] Found a reachable configuration for place action after 2 attempts.
[INFO] Place action completed successfully.
realigning placed object /column2 to target position
[EXEC] Action ActionType.PLACE executed in 34.61 seconds
[SUCCESS] Action ActionType.PLACE succeeded for object /column2
[LOG] Transition logged to MongoDB: f43c42e3-10a8-4918-b194-8c167d6c8e16 - Episode 4
Step 2
Action: Action(ActionType.PICK, obj=/column0, slot=None,grasp=GraspType.RIGHT_0)
[EXEC] Picking /column0 with right_0

[INFO] Found 3200 potential configurations.
[INFO] Motion completed successfully with result: success,in execution time: 9.20 seconds
[INFO] Found a reachable configuration for pick action after 1 attempts.
Tip distance after pick: 0.019172773040893643
[INFO] Pick action completed successfully.in execution time: 9.20 seconds
[EXEC] Action ActionType.PICK executed in 34.56 seconds
[SUCCESS] Action ActionType.PICK succeeded for object /column0
[LOG] Transition logged to MongoDB: f43c42e3-10a8-4918-b194-8c167d6c8e16 - Episode 4
Step 3
Action: Action(ActionType.PLACE, obj=/column0, slot=/region_2,grasp=GraspType.FRONT_270)
[EXEC] Placing at [0.6, 0.80001, 0.5] with grasp front_270

[INFO] Found 2432 potential configurations.
[INFO] Motion completed successfully with result: success,in execution time: 2.88 seconds
[INFO] Found a reachable configuration for place action after 1 attempts.
[INFO] Place action completed successfully.
realigning placed object /column0 to target position
[EXEC] Action ActionType.PLACE executed in 24.12 seconds
[SUCCESS] Action ActionType.PLACE succeeded for object /column0
[LOG] Transition logged to MongoDB: f43c42e3-10a8-4918-b194-8c167d6c8e16 - Episode 4
Step 4
Action: Action(ActionType.PICK, obj=/column2, slot=None,grasp=GraspType.RIGHT_0)
[EXEC] Picking /column2 with right_0

[INFO] Found 1024 potential configurations.
[INFO] Motion completed successfully with result: success,in execution time: 5.84 seconds
[INFO] Found a reachable configuration for pick action after 1 attempts.
Tip distance after pick: 0.02058183584870078
[INFO] Pick action completed successfully.in execution time: 5.84 seconds
[EXEC] Action ActionType.PICK executed in 36.03 seconds
[SUCCESS] Action ActionType.PICK succeeded for object /column2
[LOG] Transition logged to MongoDB: f43c42e3-10a8-4918-b194-8c167d6c8e16 - Episode 4
Step 5
Action: Action(ActionType.PLACE, obj=/column2, slot=/goal_2,grasp=GraspType.RIGHT_0)
[EXEC] Placing at [-0.6000000000000001, 0.8250000000000003, 0.5] with grasp right_0

[INFO] Found 1536 potential configurations.
[INFO] Motion completed successfully with result: success,in execution time: 1.96 seconds
[INFO] Found a reachable configuration for place action after 1 attempts.
[INFO] Place action completed successfully.
realigning placed object /column2 to target position
[EXEC] Action ActionType.PLACE executed in 27.83 seconds
[SUCCESS] Action ActionType.PLACE succeeded for object /column2
[LOG] Transition logged to MongoDB: f43c42e3-10a8-4918-b194-8c167d6c8e16 - Episode 4
Step 6
Action: Action(ActionType.PICK, obj=/column0, slot=None,grasp=GraspType.FRONT_270)
[EXEC] Picking /column0 with front_270

[INFO] Found 2944 potential configurations.
[INFO] Motion completed successfully with result: success,in execution time: 9.60 seconds
[INFO] Found a reachable configuration for pick action after 1 attempts.
Tip distance after pick: 0.020328045896823296
[INFO] Pick action completed successfully.in execution time: 9.60 seconds
[EXEC] Action ActionType.PICK executed in 22.94 seconds
[SUCCESS] Action ActionType.PICK succeeded for object /column0
[LOG] Transition logged to MongoDB: f43c42e3-10a8-4918-b194-8c167d6c8e16 - Episode 4
Step 7
Action: Action(ActionType.PLACE, obj=/column0, slot=/goal_0,grasp=GraspType.RIGHT_0)
[EXEC] Placing at [-0.27499999999999986, 0.8250000000000005, 0.5] with grasp right_0

[INFO] Found 2304 potential configurations.
[INFO] Motion completed successfully with result: success,in execution time: 6.56 seconds
[INFO] Found a reachable configuration for place action after 1 attempts.
[INFO] Place action completed successfully.
realigning placed object /column0 to target position
[EXEC] Action ActionType.PLACE executed in 29.28 seconds
[SUCCESS] Action ActionType.PLACE succeeded for object /column0
[LOG] Transition logged to MongoDB: f43c42e3-10a8-4918-b194-8c167d6c8e16 - Episode 4
Step 8
Action: Action(ActionType.PICK, obj=/column1, slot=None,grasp=GraspType.FRONT_270)
[EXEC] Picking /column1 with front_270

[INFO] Found 2176 potential configurations.
[INFO] Motion completed successfully with result: success,in execution time: 4.96 seconds
[INFO] Found a reachable configuration for pick action after 1 attempts.
Tip distance after pick: 0.019716057270505953
[INFO] Pick action completed successfully.in execution time: 4.96 seconds
[EXEC] Action ActionType.PICK executed in 20.40 seconds
[SUCCESS] Action ActionType.PICK succeeded for object /column1
[LOG] Transition logged to MongoDB: f43c42e3-10a8-4918-b194-8c167d6c8e16 - Episode 4
Step 9
Action: Action(ActionType.PLACE, obj=/column1, slot=/goal_1,grasp=GraspType.FRONT_270)
[EXEC] Placing at [-0.2749999999999999, 1.0750000000000006, 0.5] with grasp front_270

[INFO] Found 2752 potential configurations.
[INFO] Motion completed successfully with result: success,in execution time: 8.64 seconds
[INFO] Found a reachable configuration for place action after 1 attempts.
[INFO] Place action completed successfully.
realigning placed object /column1 to target position
[EXEC] Action ActionType.PLACE executed in 58.44 seconds
[SUCCESS] Action ActionType.PLACE succeeded for object /column1
[LOG] Transition logged to MongoDB: f43c42e3-10a8-4918-b194-8c167d6c8e16 - Episode 4
[LOG] Saving episode 4 to episode_00004_f43c42e3-10a8-4918-b194-8c167d6c8e16.yaml
[LOG] Episode saved: rl/dataset/episode_00004_f43c42e3-10a8-4918-b194-8c167d6c8e16.yaml
[LOG] Episode reset
Step 10
No valid actions in policy for a given state, stopping
Run 8 finished.
Goal achieved: True
Goal percentage: 100.0%
Number of actions: 10
Total task time: 60.3200000000021 sec
Starting run 9/10
connected to simulation
simulation is explicitly stepped
Joint handles retrieved
Step 0
Action: Action(ActionType.PICK, obj=/column2, slot=None,grasp=GraspType.TOP_0)
[EXEC] Picking /column2 with top_0

[INFO] Found 3456 potential configurations.
[INFO] Motion completed successfully with result: success,in execution time: 3.88 seconds
[INFO] Found a reachable configuration for pick action after 1 attempts.
Tip distance after pick: 0.025855386275025684
[INFO] Pick action completed successfully.in execution time: 3.88 seconds
[EXEC] Action ActionType.PICK executed in 19.82 seconds
[SUCCESS] Action ActionType.PICK succeeded for object /column2
[LOG] Transition logged to MongoDB: f43c42e3-10a8-4918-b194-8c167d6c8e16 - Episode 5
Step 1
Action: Action(ActionType.PLACE, obj=/column2, slot=/goal_1,grasp=GraspType.TOP_0)
[EXEC] Placing at [-0.2749999999999999, 1.0750000000000006, 0.5] with grasp top_0

[INFO] Found 1472 potential configurations.
[INFO] Motion completed successfully with result: success,in execution time: 11.04 seconds
[INFO] Found a reachable configuration for place action after 1 attempts.
[INFO] Place action completed successfully.
realigning placed object /column2 to target position
[EXEC] Action ActionType.PLACE executed in 27.01 seconds
[SUCCESS] Action ActionType.PLACE succeeded for object /column2
[LOG] Transition logged to MongoDB: f43c42e3-10a8-4918-b194-8c167d6c8e16 - Episode 5
Step 2
Action: Action(ActionType.PICK, obj=/column0, slot=None,grasp=GraspType.RIGHT_0)
[EXEC] Picking /column0 with right_0

[INFO] Found 2112 potential configurations.
[INFO] Motion completed successfully with result: success,in execution time: 10.28 seconds
[INFO] Found a reachable configuration for pick action after 1 attempts.
Tip distance after pick: 0.01947990594017214
[INFO] Pick action completed successfully.in execution time: 10.28 seconds
[EXEC] Action ActionType.PICK executed in 38.07 seconds
[SUCCESS] Action ActionType.PICK succeeded for object /column0
[LOG] Transition logged to MongoDB: f43c42e3-10a8-4918-b194-8c167d6c8e16 - Episode 5
Step 3
Action: Action(ActionType.PLACE, obj=/column0, slot=/region_2,grasp=GraspType.FRONT_270)
[EXEC] Placing at [0.6, 0.80001, 0.5] with grasp front_270

[INFO] Found 2816 potential configurations.
[INFO] Motion completed successfully with result: success,in execution time: 2.88 seconds
[INFO] Found a reachable configuration for place action after 1 attempts.
[INFO] Place action completed successfully.
realigning placed object /column0 to target position
[EXEC] Action ActionType.PLACE executed in 18.86 seconds
[SUCCESS] Action ActionType.PLACE succeeded for object /column0
[LOG] Transition logged to MongoDB: f43c42e3-10a8-4918-b194-8c167d6c8e16 - Episode 5
Step 4
Action: Action(ActionType.PICK, obj=/column2, slot=None,grasp=GraspType.RIGHT_0)
[EXEC] Picking /column2 with right_0

[INFO] Found 1536 potential configurations.
[ERROR] Motion failed (collision or invalid path)
[ERROR] Motion result: no_path
[WARN] Failed to find a path to the selected pick config on attempt 1.
[WARN] No path found to picked config, discarding and trying next valid config...
[ERROR] Motion failed (collision or invalid path)
[ERROR] Motion result: no_path
[WARN] Failed to find a path to the selected pick config on attempt 2.
[WARN] No path found to picked config, discarding and trying next valid config...
[INFO] Motion completed successfully with result: success,in execution time: 9.84 seconds
[INFO] Found a reachable configuration for pick action after 3 attempts.
Tip distance after pick: 0.01950176793031878
[INFO] Pick action completed successfully.in execution time: 9.84 seconds
[EXEC] Action ActionType.PICK executed in 54.77 seconds
[SUCCESS] Action ActionType.PICK succeeded for object /column2
[LOG] Transition logged to MongoDB: f43c42e3-10a8-4918-b194-8c167d6c8e16 - Episode 5
Step 5
Action: Action(ActionType.PLACE, obj=/column2, slot=/goal_2,grasp=GraspType.RIGHT_0)
[EXEC] Placing at [-0.6000000000000001, 0.8250000000000003, 0.5] with grasp right_0

[INFO] Found 2048 potential configurations.
[INFO] Motion completed successfully with result: success,in execution time: 1.92 seconds
[INFO] Found a reachable configuration for place action after 1 attempts.
[INFO] Place action completed successfully.
realigning placed object /column2 to target position
[EXEC] Action ActionType.PLACE executed in 20.45 seconds
[SUCCESS] Action ActionType.PLACE succeeded for object /column2
[LOG] Transition logged to MongoDB: f43c42e3-10a8-4918-b194-8c167d6c8e16 - Episode 5
Step 6
Action: Action(ActionType.PICK, obj=/column0, slot=None,grasp=GraspType.FRONT_270)
[EXEC] Picking /column0 with front_270

[INFO] Found 2880 potential configurations.
[INFO] Motion completed successfully with result: success,in execution time: 11.72 seconds
[INFO] Found a reachable configuration for pick action after 1 attempts.
Tip distance after pick: 0.020385943932268245
[INFO] Pick action completed successfully.in execution time: 11.72 seconds
[EXEC] Action ActionType.PICK executed in 35.67 seconds
[SUCCESS] Action ActionType.PICK succeeded for object /column0
[LOG] Transition logged to MongoDB: f43c42e3-10a8-4918-b194-8c167d6c8e16 - Episode 5
Step 7
Action: Action(ActionType.PLACE, obj=/column0, slot=/goal_0,grasp=GraspType.RIGHT_0)
[EXEC] Placing at [-0.27499999999999986, 0.8250000000000005, 0.5] with grasp right_0

[INFO] Found 1728 potential configurations.
[INFO] Motion completed successfully with result: success,in execution time: 8.92 seconds
[INFO] Found a reachable configuration for place action after 1 attempts.
[INFO] Place action completed successfully.
realigning placed object /column0 to target position
[EXEC] Action ActionType.PLACE executed in 38.30 seconds
[SUCCESS] Action ActionType.PLACE succeeded for object /column0
[LOG] Transition logged to MongoDB: f43c42e3-10a8-4918-b194-8c167d6c8e16 - Episode 5
Step 8
Action: Action(ActionType.PICK, obj=/column1, slot=None,grasp=GraspType.FRONT_270)
[EXEC] Picking /column1 with front_270

[INFO] Found 1536 potential configurations.
[INFO] Motion completed successfully with result: success,in execution time: 12.72 seconds
[INFO] Found a reachable configuration for pick action after 1 attempts.
Tip distance after pick: 0.018687430238022617
[INFO] Pick action completed successfully.in execution time: 12.72 seconds
[EXEC] Action ActionType.PICK executed in 39.48 seconds
[SUCCESS] Action ActionType.PICK succeeded for object /column1
[LOG] Transition logged to MongoDB: f43c42e3-10a8-4918-b194-8c167d6c8e16 - Episode 5
Step 9
Action: Action(ActionType.PLACE, obj=/column1, slot=/goal_1,grasp=GraspType.FRONT_270)
[EXEC] Placing at [-0.2749999999999999, 1.0750000000000006, 0.5] with grasp front_270

[INFO] Found 2624 potential configurations.
[INFO] Motion completed successfully with result: success,in execution time: 9.48 seconds
[INFO] Found a reachable configuration for place action after 1 attempts.
[INFO] Place action completed successfully.
realigning placed object /column1 to target position
[EXEC] Action ActionType.PLACE executed in 28.82 seconds
[SUCCESS] Action ActionType.PLACE succeeded for object /column1
[LOG] Transition logged to MongoDB: f43c42e3-10a8-4918-b194-8c167d6c8e16 - Episode 5
[LOG] Saving episode 5 to episode_00005_f43c42e3-10a8-4918-b194-8c167d6c8e16.yaml
[LOG] Episode saved: rl/dataset/episode_00005_f43c42e3-10a8-4918-b194-8c167d6c8e16.yaml
[LOG] Episode reset
Step 10
No valid actions in policy for a given state, stopping
Run 9 finished.
Goal achieved: True
Goal percentage: 100.0%
Number of actions: 10
Total task time: 82.68000000000019 sec
Starting run 10/10
connected to simulation
simulation is explicitly stepped
Joint handles retrieved
Step 0
Action: Action(ActionType.PICK, obj=/column2, slot=None,grasp=GraspType.TOP_0)
[EXEC] Picking /column2 with top_0

[INFO] Found 2368 potential configurations.
[ERROR] Motion failed (collision or invalid path)
[ERROR] Motion result: no_path
[WARN] Failed to find a path to the selected pick config on attempt 1.
[WARN] No path found to picked config, discarding and trying next valid config...
[INFO] Motion completed successfully with result: success,in execution time: 3.84 seconds
[INFO] Found a reachable configuration for pick action after 2 attempts.
Tip distance after pick: 0.02709771718841142
[INFO] Pick action completed successfully.in execution time: 3.84 seconds
[EXEC] Action ActionType.PICK executed in 32.85 seconds
[SUCCESS] Action ActionType.PICK succeeded for object /column2
[LOG] Transition logged to MongoDB: f43c42e3-10a8-4918-b194-8c167d6c8e16 - Episode 6
Step 1
Action: Action(ActionType.PLACE, obj=/column2, slot=/goal_1,grasp=GraspType.TOP_0)
[EXEC] Placing at [-0.2749999999999999, 1.0750000000000006, 0.5] with grasp top_0

[INFO] Found 1088 potential configurations.
[INFO] Motion completed successfully with result: success,in execution time: 6.72 seconds
[INFO] Found a reachable configuration for place action after 1 attempts.
[INFO] Place action completed successfully.
realigning placed object /column2 to target position
[EXEC] Action ActionType.PLACE executed in 26.84 seconds
[SUCCESS] Action ActionType.PLACE succeeded for object /column2
[LOG] Transition logged to MongoDB: f43c42e3-10a8-4918-b194-8c167d6c8e16 - Episode 6
Step 2
Action: Action(ActionType.PICK, obj=/column0, slot=None,grasp=GraspType.RIGHT_0)
[EXEC] Picking /column0 with right_0

[INFO] Found 2112 potential configurations.
[INFO] Motion completed successfully with result: success,in execution time: 7.44 seconds
[INFO] Found a reachable configuration for pick action after 1 attempts.
Tip distance after pick: 0.020841580485667987
[INFO] Pick action completed successfully.in execution time: 7.44 seconds
[EXEC] Action ActionType.PICK executed in 25.14 seconds
[SUCCESS] Action ActionType.PICK succeeded for object /column0
[LOG] Transition logged to MongoDB: f43c42e3-10a8-4918-b194-8c167d6c8e16 - Episode 6
Step 3
Action: Action(ActionType.PLACE, obj=/column0, slot=/region_2,grasp=GraspType.FRONT_270)
[EXEC] Placing at [0.6, 0.80001, 0.5] with grasp front_270

[INFO] Found 1600 potential configurations.
[INFO] Motion completed successfully with result: success,in execution time: 2.88 seconds
[INFO] Found a reachable configuration for place action after 1 attempts.
[INFO] Place action completed successfully.
realigning placed object /column0 to target position
[EXEC] Action ActionType.PLACE executed in 21.15 seconds
[SUCCESS] Action ActionType.PLACE succeeded for object /column0
[LOG] Transition logged to MongoDB: f43c42e3-10a8-4918-b194-8c167d6c8e16 - Episode 6
Step 4
Action: Action(ActionType.PICK, obj=/column2, slot=None,grasp=GraspType.RIGHT_0)
[EXEC] Picking /column2 with right_0

[INFO] Found 1344 potential configurations.
[ERROR] Motion failed (collision or invalid path)
[ERROR] Motion result: no_path
[WARN] Failed to find a path to the selected pick config on attempt 1.
[WARN] No path found to picked config, discarding and trying next valid config...
[ERROR] Motion failed (collision or invalid path)
[ERROR] Motion result: no_path
[WARN] Failed to find a path to the selected pick config on attempt 2.
[WARN] No path found to picked config, discarding and trying next valid config...
[INFO] Motion completed successfully with result: success,in execution time: 8.40 seconds
[INFO] Found a reachable configuration for pick action after 3 attempts.
Tip distance after pick: 0.018594253386602172
[INFO] Pick action completed successfully.in execution time: 8.40 seconds
[EXEC] Action ActionType.PICK executed in 42.16 seconds
[SUCCESS] Action ActionType.PICK succeeded for object /column2
[LOG] Transition logged to MongoDB: f43c42e3-10a8-4918-b194-8c167d6c8e16 - Episode 6
Step 5
Action: Action(ActionType.PLACE, obj=/column2, slot=/goal_2,grasp=GraspType.RIGHT_0)
[EXEC] Placing at [-0.6000000000000001, 0.8250000000000003, 0.5] with grasp right_0

[INFO] Found 1408 potential configurations.
[INFO] Motion completed successfully with result: success,in execution time: 1.92 seconds
[INFO] Found a reachable configuration for place action after 1 attempts.
[INFO] Place action completed successfully.
realigning placed object /column2 to target position
[EXEC] Action ActionType.PLACE executed in 38.19 seconds
[SUCCESS] Action ActionType.PLACE succeeded for object /column2
[LOG] Transition logged to MongoDB: f43c42e3-10a8-4918-b194-8c167d6c8e16 - Episode 6
Step 6
Action: Action(ActionType.PICK, obj=/column0, slot=None,grasp=GraspType.FRONT_270)
[EXEC] Picking /column0 with front_270

[INFO] Found 2112 potential configurations.
[INFO] Motion completed successfully with result: success,in execution time: 6.32 seconds
[INFO] Found a reachable configuration for pick action after 1 attempts.
Tip distance after pick: 0.020430851198019722
[INFO] Pick action completed successfully.in execution time: 6.32 seconds
[EXEC] Action ActionType.PICK executed in 23.99 seconds
[SUCCESS] Action ActionType.PICK succeeded for object /column0
[LOG] Transition logged to MongoDB: f43c42e3-10a8-4918-b194-8c167d6c8e16 - Episode 6
Step 7
Action: Action(ActionType.PLACE, obj=/column0, slot=/goal_0,grasp=GraspType.RIGHT_0)
[EXEC] Placing at [-0.27499999999999986, 0.8250000000000005, 0.5] with grasp right_0

[INFO] Found 2176 potential configurations.
[INFO] Motion completed successfully with result: success,in execution time: 4.12 seconds
[INFO] Found a reachable configuration for place action after 1 attempts.
[INFO] Place action completed successfully.
realigning placed object /column0 to target position
[EXEC] Action ActionType.PLACE executed in 27.06 seconds
[SUCCESS] Action ActionType.PLACE succeeded for object /column0
[LOG] Transition logged to MongoDB: f43c42e3-10a8-4918-b194-8c167d6c8e16 - Episode 6
Step 8
Action: Action(ActionType.PICK, obj=/column1, slot=None,grasp=GraspType.FRONT_270)
[EXEC] Picking /column1 with front_270

[INFO] Found 1856 potential configurations.
[INFO] Motion completed successfully with result: success,in execution time: 10.40 seconds
[INFO] Found a reachable configuration for pick action after 1 attempts.
Tip distance after pick: 0.019002804348251818
[INFO] Pick action completed successfully.in execution time: 10.40 seconds
[EXEC] Action ActionType.PICK executed in 33.04 seconds
[SUCCESS] Action ActionType.PICK succeeded for object /column1
[LOG] Transition logged to MongoDB: f43c42e3-10a8-4918-b194-8c167d6c8e16 - Episode 6
Step 9
Action: Action(ActionType.PLACE, obj=/column1, slot=/goal_1,grasp=GraspType.FRONT_270)
[EXEC] Placing at [-0.2749999999999999, 1.0750000000000006, 0.5] with grasp front_270

[INFO] Found 1792 potential configurations.
[INFO] Motion completed successfully with result: success,in execution time: 10.32 seconds
[INFO] Found a reachable configuration for place action after 1 attempts.
[INFO] Place action completed successfully.
realigning placed object /column1 to target position
[EXEC] Action ActionType.PLACE executed in 49.61 seconds
[SUCCESS] Action ActionType.PLACE succeeded for object /column1
[LOG] Transition logged to MongoDB: f43c42e3-10a8-4918-b194-8c167d6c8e16 - Episode 6
[LOG] Saving episode 6 to episode_00006_f43c42e3-10a8-4918-b194-8c167d6c8e16.yaml
[LOG] Episode saved: rl/dataset/episode_00006_f43c42e3-10a8-4918-b194-8c167d6c8e16.yaml
[LOG] Episode reset
Step 10
No valid actions in policy for a given state, stopping
Run 10 finished.
Goal achieved: True
Goal percentage: 100.0%
Number of actions: 10
Total task time: 62.3600000000021 sec
Finished all runs for permutation 1. Results saved to results/pick-place-informed_500_points_perm_1.csv
