[LOG] TransitionLogger initialized with ID: 36aba152-cbd8-45dd-8517-be1ed4740635
[LOG] MongoDB connection established
Executing policy for pick-place-informed with limit 3000 and permutation 4 on port 23002
Starting run 1/10
connected to simulation
simulation is explicitly stepped
Joint handles retrieved
Step 0
Action: Action(ActionType.PICK, obj=/column2, slot=None,grasp=GraspType.LEFT_0)
[EXEC] Picking /column2 with left_0

[INFO] Found 1792 potential configurations.
[INFO] Motion completed successfully with result: success,in execution time: 4.00 seconds
[INFO] Found a reachable configuration for pick action after 1 attempts.
Tip distance after pick: 0.020277746022017925
[INFO] Pick action completed successfully.in execution time: 4.00 seconds
[EXEC] Action ActionType.PICK executed in 19.39 seconds
[SUCCESS] Action ActionType.PICK succeeded for object /column2
[LOG] Transition logged to MongoDB: 36aba152-cbd8-45dd-8517-be1ed4740635 - Episode 0
Step 1
Action: Action(ActionType.PLACE, obj=/column2, slot=/goal_2,grasp=GraspType.RIGHT_0)
[EXEC] Placing at [-0.6000000000000001, 0.8250000000000003, 0.5] with grasp right_0

[INFO] Found 1856 potential configurations.
[INFO] Motion completed successfully with result: success,in execution time: 11.44 seconds
[INFO] Found a reachable configuration for place action after 1 attempts.
[INFO] Place action completed successfully.
realigning placed object /column2 to target position
[EXEC] Action ActionType.PLACE executed in 28.88 seconds
[SUCCESS] Action ActionType.PLACE succeeded for object /column2
[LOG] Transition logged to MongoDB: 36aba152-cbd8-45dd-8517-be1ed4740635 - Episode 0
Step 2
Action: Action(ActionType.PICK, obj=/column0, slot=None,grasp=GraspType.LEFT_0)
[EXEC] Picking /column0 with left_0

[INFO] Found 2688 potential configurations.
[INFO] Motion completed successfully with result: success,in execution time: 6.96 seconds
[INFO] Found a reachable configuration for pick action after 1 attempts.
Tip distance after pick: 0.02100230721881861
[INFO] Pick action completed successfully.in execution time: 6.96 seconds
[EXEC] Action ActionType.PICK executed in 22.55 seconds
[SUCCESS] Action ActionType.PICK succeeded for object /column0
[LOG] Transition logged to MongoDB: 36aba152-cbd8-45dd-8517-be1ed4740635 - Episode 0
Step 3
Action: Action(ActionType.PLACE, obj=/column0, slot=/goal_0,grasp=GraspType.RIGHT_0)
[EXEC] Placing at [-0.27499999999999986, 0.8250000000000005, 0.5] with grasp right_0

[INFO] Found 2624 potential configurations.
[INFO] Motion completed successfully with result: success,in execution time: 9.36 seconds
[INFO] Found a reachable configuration for place action after 1 attempts.
[INFO] Place action completed successfully.
realigning placed object /column0 to target position
[EXEC] Action ActionType.PLACE executed in 40.11 seconds
[SUCCESS] Action ActionType.PLACE succeeded for object /column0
[LOG] Transition logged to MongoDB: 36aba152-cbd8-45dd-8517-be1ed4740635 - Episode 0
Step 4
Action: Action(ActionType.PICK, obj=/column1, slot=None,grasp=GraspType.FRONT_270)
[EXEC] Picking /column1 with front_270

[INFO] Found 2496 potential configurations.
[INFO] Motion completed successfully with result: success,in execution time: 4.52 seconds
[INFO] Found a reachable configuration for pick action after 1 attempts.
Tip distance after pick: 0.01824743667591906
[INFO] Pick action completed successfully.in execution time: 4.52 seconds
[EXEC] Action ActionType.PICK executed in 29.93 seconds
[SUCCESS] Action ActionType.PICK succeeded for object /column1
[LOG] Transition logged to MongoDB: 36aba152-cbd8-45dd-8517-be1ed4740635 - Episode 0
Step 5
Action: Action(ActionType.PLACE, obj=/column1, slot=/goal_1,grasp=GraspType.TOP_0)
[EXEC] Placing at [-0.2749999999999999, 1.0750000000000006, 0.5] with grasp top_0

[INFO] Found 1920 potential configurations.
[INFO] Motion completed successfully with result: success,in execution time: 10.56 seconds
[INFO] Found a reachable configuration for place action after 1 attempts.
[INFO] Place action completed successfully.
realigning placed object /column1 to target position
[EXEC] Action ActionType.PLACE executed in 39.26 seconds
[SUCCESS] Action ActionType.PLACE succeeded for object /column1
[LOG] Transition logged to MongoDB: 36aba152-cbd8-45dd-8517-be1ed4740635 - Episode 0
[LOG] Saving episode 0 to episode_00000_36aba152-cbd8-45dd-8517-be1ed4740635.yaml
[LOG] Episode saved: rl/dataset/episode_00000_36aba152-cbd8-45dd-8517-be1ed4740635.yaml
[LOG] Episode reset
Step 6
No valid actions in policy for a given state, stopping
Run 1 finished.
Goal achieved: True
Goal percentage: 100.0%
Number of actions: 6
Total task time: 46.8400000000024 sec
Starting run 2/10
connected to simulation
simulation is explicitly stepped
Joint handles retrieved
Step 0
Action: Action(ActionType.PICK, obj=/column2, slot=None,grasp=GraspType.LEFT_0)
[EXEC] Picking /column2 with left_0

[INFO] Found 2176 potential configurations.
[INFO] Motion completed successfully with result: success,in execution time: 4.04 seconds
[INFO] Found a reachable configuration for pick action after 1 attempts.
Tip distance after pick: 0.020634858513525887
[INFO] Pick action completed successfully.in execution time: 4.04 seconds
[EXEC] Action ActionType.PICK executed in 24.69 seconds
[SUCCESS] Action ActionType.PICK succeeded for object /column2
[LOG] Transition logged to MongoDB: 36aba152-cbd8-45dd-8517-be1ed4740635 - Episode 1
Step 1
Action: Action(ActionType.PLACE, obj=/column2, slot=/goal_2,grasp=GraspType.RIGHT_0)
[EXEC] Placing at [-0.6000000000000001, 0.8250000000000003, 0.5] with grasp right_0

[INFO] Found 2240 potential configurations.
[INFO] Motion completed successfully with result: success,in execution time: 10.60 seconds
[INFO] Found a reachable configuration for place action after 1 attempts.
[INFO] Place action completed successfully.
realigning placed object /column2 to target position
[EXEC] Action ActionType.PLACE executed in 44.11 seconds
[SUCCESS] Action ActionType.PLACE succeeded for object /column2
[LOG] Transition logged to MongoDB: 36aba152-cbd8-45dd-8517-be1ed4740635 - Episode 1
Step 2
Action: Action(ActionType.PICK, obj=/column0, slot=None,grasp=GraspType.LEFT_0)
[EXEC] Picking /column0 with left_0

[INFO] Found 2368 potential configurations.
[INFO] Motion completed successfully with result: success,in execution time: 7.76 seconds
[INFO] Found a reachable configuration for pick action after 1 attempts.
Tip distance after pick: 0.020514869680433347
[INFO] Pick action completed successfully.in execution time: 7.76 seconds
[EXEC] Action ActionType.PICK executed in 25.87 seconds
[SUCCESS] Action ActionType.PICK succeeded for object /column0
[LOG] Transition logged to MongoDB: 36aba152-cbd8-45dd-8517-be1ed4740635 - Episode 1
Step 3
Action: Action(ActionType.PLACE, obj=/column0, slot=/goal_0,grasp=GraspType.RIGHT_0)
[EXEC] Placing at [-0.27499999999999986, 0.8250000000000005, 0.5] with grasp right_0

[INFO] Found 2816 potential configurations.
[INFO] Motion completed successfully with result: success,in execution time: 8.52 seconds
[INFO] Found a reachable configuration for place action after 1 attempts.
[INFO] Place action completed successfully.
realigning placed object /column0 to target position
[EXEC] Action ActionType.PLACE executed in 39.11 seconds
[SUCCESS] Action ActionType.PLACE succeeded for object /column0
[LOG] Transition logged to MongoDB: 36aba152-cbd8-45dd-8517-be1ed4740635 - Episode 1
Step 4
Action: Action(ActionType.PICK, obj=/column1, slot=None,grasp=GraspType.FRONT_270)
[EXEC] Picking /column1 with front_270

[INFO] Found 2048 potential configurations.
[INFO] Motion completed successfully with result: success,in execution time: 6.56 seconds
[INFO] Found a reachable configuration for pick action after 1 attempts.
Tip distance after pick: 0.018957248627659025
[INFO] Pick action completed successfully.in execution time: 6.56 seconds
[EXEC] Action ActionType.PICK executed in 19.56 seconds
[SUCCESS] Action ActionType.PICK succeeded for object /column1
[LOG] Transition logged to MongoDB: 36aba152-cbd8-45dd-8517-be1ed4740635 - Episode 1
Step 5
Action: Action(ActionType.PLACE, obj=/column1, slot=/goal_1,grasp=GraspType.TOP_0)
[EXEC] Placing at [-0.2749999999999999, 1.0750000000000006, 0.5] with grasp top_0

[INFO] Found 896 potential configurations.
[INFO] Motion completed successfully with result: success,in execution time: 13.88 seconds
[INFO] Found a reachable configuration for place action after 1 attempts.
[INFO] Place action completed successfully.
realigning placed object /column1 to target position
[EXEC] Action ActionType.PLACE executed in 52.97 seconds
[SUCCESS] Action ActionType.PLACE succeeded for object /column1
[LOG] Transition logged to MongoDB: 36aba152-cbd8-45dd-8517-be1ed4740635 - Episode 1
[LOG] Saving episode 1 to episode_00001_36aba152-cbd8-45dd-8517-be1ed4740635.yaml
[LOG] Episode saved: rl/dataset/episode_00001_36aba152-cbd8-45dd-8517-be1ed4740635.yaml
[LOG] Episode reset
Step 6
No valid actions in policy for a given state, stopping
Run 2 finished.
Goal achieved: True
Goal percentage: 100.0%
Number of actions: 6
Total task time: 51.3600000000026 sec
Starting run 3/10
connected to simulation
simulation is explicitly stepped
Joint handles retrieved
Step 0
Action: Action(ActionType.PICK, obj=/column2, slot=None,grasp=GraspType.LEFT_0)
[EXEC] Picking /column2 with left_0

[INFO] Found 2048 potential configurations.
[INFO] Motion completed successfully with result: success,in execution time: 4.00 seconds
[INFO] Found a reachable configuration for pick action after 1 attempts.
Tip distance after pick: 0.021163099148871302
[INFO] Pick action completed successfully.in execution time: 4.00 seconds
[EXEC] Action ActionType.PICK executed in 23.45 seconds
[SUCCESS] Action ActionType.PICK succeeded for object /column2
[LOG] Transition logged to MongoDB: 36aba152-cbd8-45dd-8517-be1ed4740635 - Episode 2
Step 1
Action: Action(ActionType.PLACE, obj=/column2, slot=/goal_2,grasp=GraspType.RIGHT_0)
[EXEC] Placing at [-0.6000000000000001, 0.8250000000000003, 0.5] with grasp right_0

[INFO] Found 1728 potential configurations.
[INFO] Motion completed successfully with result: success,in execution time: 8.68 seconds
[INFO] Found a reachable configuration for place action after 1 attempts.
[INFO] Place action completed successfully.
realigning placed object /column2 to target position
[EXEC] Action ActionType.PLACE executed in 26.64 seconds
[SUCCESS] Action ActionType.PLACE succeeded for object /column2
[LOG] Transition logged to MongoDB: 36aba152-cbd8-45dd-8517-be1ed4740635 - Episode 2
Step 2
Action: Action(ActionType.PICK, obj=/column0, slot=None,grasp=GraspType.LEFT_0)
[EXEC] Picking /column0 with left_0

[INFO] Found 2304 potential configurations.
[INFO] Motion completed successfully with result: success,in execution time: 11.92 seconds
[INFO] Found a reachable configuration for pick action after 1 attempts.
Tip distance after pick: 1.6219009454810427
[ERROR] Grasped object lost during pick action.
[EXEC] Action ActionType.PICK executed in 29.33 seconds
[ERROR] Action ActionType.PICK failed for object /column0
[LOG] Transition contains 'unknown' state, not logging to MongoDB.
Action failed, stopping. Time elapsed: 11.92
Run 3 finished.
Goal achieved: False
Goal percentage: 33.333333333333336%
Number of actions: 3
Total task time: 24.599999999999802 sec
Starting run 4/10
connected to simulation
simulation is explicitly stepped
Joint handles retrieved
Step 0
Action: Action(ActionType.PICK, obj=/column2, slot=None,grasp=GraspType.LEFT_0)
[EXEC] Picking /column2 with left_0

[INFO] Found 3392 potential configurations.
[INFO] Motion completed successfully with result: success,in execution time: 4.00 seconds
[INFO] Found a reachable configuration for pick action after 1 attempts.
Tip distance after pick: 0.02014138667804192
[INFO] Pick action completed successfully.in execution time: 4.00 seconds
[EXEC] Action ActionType.PICK executed in 26.34 seconds
[SUCCESS] Action ActionType.PICK succeeded for object /column2
[LOG] Transition logged to MongoDB: 36aba152-cbd8-45dd-8517-be1ed4740635 - Episode 2
Step 1
Action: Action(ActionType.PLACE, obj=/column2, slot=/goal_2,grasp=GraspType.RIGHT_0)
[EXEC] Placing at [-0.6000000000000001, 0.8250000000000003, 0.5] with grasp right_0

[INFO] Found 1344 potential configurations.
[INFO] Motion completed successfully with result: success,in execution time: 7.76 seconds
[INFO] Found a reachable configuration for place action after 1 attempts.
[INFO] Place action completed successfully.
realigning placed object /column2 to target position
[EXEC] Action ActionType.PLACE executed in 36.96 seconds
[SUCCESS] Action ActionType.PLACE succeeded for object /column2
[LOG] Transition logged to MongoDB: 36aba152-cbd8-45dd-8517-be1ed4740635 - Episode 2
Step 2
Action: Action(ActionType.PICK, obj=/column0, slot=None,grasp=GraspType.LEFT_0)
[EXEC] Picking /column0 with left_0

[INFO] Found 2944 potential configurations.
[INFO] Motion completed successfully with result: success,in execution time: 7.12 seconds
[INFO] Found a reachable configuration for pick action after 1 attempts.
Tip distance after pick: 0.02026589125102768
[INFO] Pick action completed successfully.in execution time: 7.12 seconds
[EXEC] Action ActionType.PICK executed in 25.08 seconds
[SUCCESS] Action ActionType.PICK succeeded for object /column0
[LOG] Transition logged to MongoDB: 36aba152-cbd8-45dd-8517-be1ed4740635 - Episode 2
Step 3
Action: Action(ActionType.PLACE, obj=/column0, slot=/goal_0,grasp=GraspType.RIGHT_0)
[EXEC] Placing at [-0.27499999999999986, 0.8250000000000005, 0.5] with grasp right_0

[INFO] Found 2688 potential configurations.
[INFO] Motion completed successfully with result: success,in execution time: 8.96 seconds
[INFO] Found a reachable configuration for place action after 1 attempts.
[INFO] Place action completed successfully.
realigning placed object /column0 to target position
[EXEC] Action ActionType.PLACE executed in 40.99 seconds
[SUCCESS] Action ActionType.PLACE succeeded for object /column0
[LOG] Transition logged to MongoDB: 36aba152-cbd8-45dd-8517-be1ed4740635 - Episode 2
Step 4
Action: Action(ActionType.PICK, obj=/column1, slot=None,grasp=GraspType.FRONT_270)
[EXEC] Picking /column1 with front_270

[INFO] Found 2368 potential configurations.
[INFO] Motion completed successfully with result: success,in execution time: 3.96 seconds
[INFO] Found a reachable configuration for pick action after 1 attempts.
Tip distance after pick: 0.02019725023820568
[INFO] Pick action completed successfully.in execution time: 3.96 seconds
[EXEC] Action ActionType.PICK executed in 22.18 seconds
[SUCCESS] Action ActionType.PICK succeeded for object /column1
[LOG] Transition logged to MongoDB: 36aba152-cbd8-45dd-8517-be1ed4740635 - Episode 2
Step 5
Action: Action(ActionType.PLACE, obj=/column1, slot=/goal_1,grasp=GraspType.TOP_0)
[EXEC] Placing at [-0.2749999999999999, 1.0750000000000006, 0.5] with grasp top_0

[INFO] Found 1280 potential configurations.
[INFO] Motion completed successfully with result: success,in execution time: 9.68 seconds
[INFO] Found a reachable configuration for place action after 1 attempts.
[INFO] Place action completed successfully.
realigning placed object /column1 to target position
[EXEC] Action ActionType.PLACE executed in 55.42 seconds
[SUCCESS] Action ActionType.PLACE succeeded for object /column1
[LOG] Transition logged to MongoDB: 36aba152-cbd8-45dd-8517-be1ed4740635 - Episode 2
[LOG] Saving episode 2 to episode_00002_36aba152-cbd8-45dd-8517-be1ed4740635.yaml
[LOG] Episode saved: rl/dataset/episode_00002_36aba152-cbd8-45dd-8517-be1ed4740635.yaml
[LOG] Episode reset
Step 6
No valid actions in policy for a given state, stopping
Run 4 finished.
Goal achieved: True
Goal percentage: 100.0%
Number of actions: 6
Total task time: 41.4800000000015 sec
Starting run 5/10
connected to simulation
simulation is explicitly stepped
Joint handles retrieved
Step 0
Action: Action(ActionType.PICK, obj=/column2, slot=None,grasp=GraspType.LEFT_0)
[EXEC] Picking /column2 with left_0

[INFO] Found 2816 potential configurations.
[INFO] Motion completed successfully with result: success,in execution time: 4.00 seconds
[INFO] Found a reachable configuration for pick action after 1 attempts.
Tip distance after pick: 0.02104603237038811
[INFO] Pick action completed successfully.in execution time: 4.00 seconds
[EXEC] Action ActionType.PICK executed in 25.36 seconds
[SUCCESS] Action ActionType.PICK succeeded for object /column2
[LOG] Transition logged to MongoDB: 36aba152-cbd8-45dd-8517-be1ed4740635 - Episode 3
Step 1
Action: Action(ActionType.PLACE, obj=/column2, slot=/goal_2,grasp=GraspType.RIGHT_0)
[EXEC] Placing at [-0.6000000000000001, 0.8250000000000003, 0.5] with grasp right_0

[INFO] Found 1408 potential configurations.
[INFO] Motion completed successfully with result: success,in execution time: 8.12 seconds
[INFO] Found a reachable configuration for place action after 1 attempts.
[INFO] Place action completed successfully.
realigning placed object /column2 to target position
[EXEC] Action ActionType.PLACE executed in 34.29 seconds
[SUCCESS] Action ActionType.PLACE succeeded for object /column2
[LOG] Transition logged to MongoDB: 36aba152-cbd8-45dd-8517-be1ed4740635 - Episode 3
Step 2
Action: Action(ActionType.PICK, obj=/column0, slot=None,grasp=GraspType.LEFT_0)
[EXEC] Picking /column0 with left_0

[INFO] Found 2560 potential configurations.
[INFO] Motion completed successfully with result: success,in execution time: 9.12 seconds
[INFO] Found a reachable configuration for pick action after 1 attempts.
Tip distance after pick: 0.02091940029425662
[INFO] Pick action completed successfully.in execution time: 9.12 seconds
[EXEC] Action ActionType.PICK executed in 23.06 seconds
[SUCCESS] Action ActionType.PICK succeeded for object /column0
[LOG] Transition logged to MongoDB: 36aba152-cbd8-45dd-8517-be1ed4740635 - Episode 3
Step 3
Action: Action(ActionType.PLACE, obj=/column0, slot=/goal_0,grasp=GraspType.RIGHT_0)
[EXEC] Placing at [-0.27499999999999986, 0.8250000000000005, 0.5] with grasp right_0

[INFO] Found 2304 potential configurations.
[INFO] Motion completed successfully with result: success,in execution time: 10.80 seconds
[INFO] Found a reachable configuration for place action after 1 attempts.
[INFO] Place action completed successfully.
realigning placed object /column0 to target position
[EXEC] Action ActionType.PLACE executed in 35.23 seconds
[SUCCESS] Action ActionType.PLACE succeeded for object /column0
[LOG] Transition logged to MongoDB: 36aba152-cbd8-45dd-8517-be1ed4740635 - Episode 3
Step 4
Action: Action(ActionType.PICK, obj=/column1, slot=None,grasp=GraspType.FRONT_270)
[EXEC] Picking /column1 with front_270

[INFO] Found 2240 potential configurations.
[ERROR] Motion timeout
