[0.126s] DEBUG:colcon:Command line arguments: ['/usr/bin/colcon', 'build']
[0.126s] DEBUG:colcon:Parsed command line arguments: Namespace(log_base=None, log_level=None, verb_name='build', build_base='build', install_base='install', merge_install=False, symlink_install=False, test_result_base=None, continue_on_error=False, executor='parallel', parallel_workers=8, event_handlers=None, ignore_user_meta=False, metas=['./colcon.meta'], base_paths=['.'], packages_ignore=None, packages_ignore_regex=None, paths=None, packages_up_to=None, packages_up_to_regex=None, packages_above=None, packages_above_and_dependencies=None, packages_above_depth=None, packages_select_by_dep=None, packages_skip_by_dep=None, packages_skip_up_to=None, packages_select_build_failed=False, packages_skip_build_finished=False, packages_select_test_failures=False, packages_skip_test_passed=False, packages_select=None, packages_skip=None, packages_select_regex=None, packages_skip_regex=None, packages_start=None, packages_end=None, allow_overriding=[], cmake_args=None, cmake_target=None, cmake_target_skip_unavailable=False, cmake_clean_cache=False, cmake_clean_first=False, cmake_force_configure=False, ament_cmake_args=None, catkin_cmake_args=None, catkin_skip_building_tests=False, mixin_files=None, mixin=None, verb_parser=<colcon_mixin.mixin.mixin_argument.MixinArgumentDecorator object at 0x7659bf094cd0>, verb_extension=<colcon_core.verb.build.BuildVerb object at 0x7659bf017190>, main=<bound method BuildVerb.main of <colcon_core.verb.build.BuildVerb object at 0x7659bf017190>>, mixin_verb=('build',))
[0.333s] Level 1:colcon.colcon_core.package_discovery:discover_packages(colcon_meta) check parameters
[0.333s] Level 1:colcon.colcon_core.package_discovery:discover_packages(recursive) check parameters
[0.334s] Level 1:colcon.colcon_core.package_discovery:discover_packages(ignore) check parameters
[0.334s] Level 1:colcon.colcon_core.package_discovery:discover_packages(path) check parameters
[0.334s] Level 1:colcon.colcon_core.package_discovery:discover_packages(colcon_meta) discover
[0.334s] Level 1:colcon.colcon_core.package_discovery:discover_packages(recursive) discover
[0.334s] INFO:colcon.colcon_core.package_discovery:Crawling recursively for packages in '/home/user/refine_plan_v2'
[0.334s] Level 1:colcon.colcon_core.package_identification:_identify(.) by extensions ['ignore', 'ignore_ament_install']
[0.334s] Level 1:colcon.colcon_core.package_identification:_identify(.) by extension 'ignore'
[0.334s] Level 1:colcon.colcon_core.package_identification:_identify(.) by extension 'ignore_ament_install'
[0.334s] Level 1:colcon.colcon_core.package_identification:_identify(.) by extensions ['colcon_pkg']
[0.334s] Level 1:colcon.colcon_core.package_identification:_identify(.) by extension 'colcon_pkg'
[0.334s] Level 1:colcon.colcon_core.package_identification:_identify(.) by extensions ['colcon_meta']
[0.334s] Level 1:colcon.colcon_core.package_identification:_identify(.) by extension 'colcon_meta'
[0.334s] Level 1:colcon.colcon_core.package_identification:_identify(.) by extensions ['ros']
[0.334s] Level 1:colcon.colcon_core.package_identification:_identify(.) by extension 'ros'
[0.355s] Level 1:colcon.colcon_core.package_identification:_identify(.) by extensions ['cmake', 'python']
[0.355s] Level 1:colcon.colcon_core.package_identification:_identify(.) by extension 'cmake'
[0.355s] Level 1:colcon.colcon_core.package_identification:_identify(.) by extension 'python'
[0.355s] Level 1:colcon.colcon_core.package_identification:_identify(.) by extensions ['python_setup_py']
[0.355s] Level 1:colcon.colcon_core.package_identification:_identify(.) by extension 'python_setup_py'
[0.356s] Level 1:colcon.colcon_core.package_identification:_identify(build) by extensions ['ignore', 'ignore_ament_install']
[0.356s] Level 1:colcon.colcon_core.package_identification:_identify(build) by extension 'ignore'
[0.356s] Level 1:colcon.colcon_core.package_identification:_identify(build) ignored
[0.356s] Level 1:colcon.colcon_core.package_identification:_identify(install) by extensions ['ignore', 'ignore_ament_install']
[0.356s] Level 1:colcon.colcon_core.package_identification:_identify(install) by extension 'ignore'
[0.356s] Level 1:colcon.colcon_core.package_identification:_identify(install) ignored
[0.356s] Level 1:colcon.colcon_core.package_identification:_identify(log) by extensions ['ignore', 'ignore_ament_install']
[0.356s] Level 1:colcon.colcon_core.package_identification:_identify(log) by extension 'ignore'
[0.357s] Level 1:colcon.colcon_core.package_identification:_identify(log) ignored
[0.357s] Level 1:colcon.colcon_core.package_identification:_identify(src) by extensions ['ignore', 'ignore_ament_install']
[0.357s] Level 1:colcon.colcon_core.package_identification:_identify(src) by extension 'ignore'
[0.357s] Level 1:colcon.colcon_core.package_identification:_identify(src) by extension 'ignore_ament_install'
[0.357s] Level 1:colcon.colcon_core.package_identification:_identify(src) by extensions ['colcon_pkg']
[0.357s] Level 1:colcon.colcon_core.package_identification:_identify(src) by extension 'colcon_pkg'
[0.357s] Level 1:colcon.colcon_core.package_identification:_identify(src) by extensions ['colcon_meta']
[0.357s] Level 1:colcon.colcon_core.package_identification:_identify(src) by extension 'colcon_meta'
[0.357s] Level 1:colcon.colcon_core.package_identification:_identify(src) by extensions ['ros']
[0.357s] Level 1:colcon.colcon_core.package_identification:_identify(src) by extension 'ros'
[0.357s] Level 1:colcon.colcon_core.package_identification:_identify(src) by extensions ['cmake', 'python']
[0.357s] Level 1:colcon.colcon_core.package_identification:_identify(src) by extension 'cmake'
[0.357s] Level 1:colcon.colcon_core.package_identification:_identify(src) by extension 'python'
[0.358s] Level 1:colcon.colcon_core.package_identification:_identify(src) by extensions ['python_setup_py']
[0.358s] Level 1:colcon.colcon_core.package_identification:_identify(src) by extension 'python_setup_py'
[0.358s] Level 1:colcon.colcon_core.package_identification:_identify(src/action_interfaces) by extensions ['ignore', 'ignore_ament_install']
[0.358s] Level 1:colcon.colcon_core.package_identification:_identify(src/action_interfaces) by extension 'ignore'
[0.358s] Level 1:colcon.colcon_core.package_identification:_identify(src/action_interfaces) by extension 'ignore_ament_install'
[0.358s] Level 1:colcon.colcon_core.package_identification:_identify(src/action_interfaces) by extensions ['colcon_pkg']
[0.358s] Level 1:colcon.colcon_core.package_identification:_identify(src/action_interfaces) by extension 'colcon_pkg'
[0.358s] Level 1:colcon.colcon_core.package_identification:_identify(src/action_interfaces) by extensions ['colcon_meta']
[0.358s] Level 1:colcon.colcon_core.package_identification:_identify(src/action_interfaces) by extension 'colcon_meta'
[0.358s] Level 1:colcon.colcon_core.package_identification:_identify(src/action_interfaces) by extensions ['ros']
[0.358s] Level 1:colcon.colcon_core.package_identification:_identify(src/action_interfaces) by extension 'ros'
[0.361s] DEBUG:colcon.colcon_core.package_identification:Package 'src/action_interfaces' with type 'ros.ament_cmake' and name 'action_interfaces'
[0.361s] Level 1:colcon.colcon_core.package_identification:_identify(src/behaviour_trees) by extensions ['ignore', 'ignore_ament_install']
[0.361s] Level 1:colcon.colcon_core.package_identification:_identify(src/behaviour_trees) by extension 'ignore'
[0.361s] Level 1:colcon.colcon_core.package_identification:_identify(src/behaviour_trees) by extension 'ignore_ament_install'
[0.361s] Level 1:colcon.colcon_core.package_identification:_identify(src/behaviour_trees) by extensions ['colcon_pkg']
[0.361s] Level 1:colcon.colcon_core.package_identification:_identify(src/behaviour_trees) by extension 'colcon_pkg'
[0.362s] Level 1:colcon.colcon_core.package_identification:_identify(src/behaviour_trees) by extensions ['colcon_meta']
[0.362s] Level 1:colcon.colcon_core.package_identification:_identify(src/behaviour_trees) by extension 'colcon_meta'
[0.362s] Level 1:colcon.colcon_core.package_identification:_identify(src/behaviour_trees) by extensions ['ros']
[0.362s] Level 1:colcon.colcon_core.package_identification:_identify(src/behaviour_trees) by extension 'ros'
[0.363s] DEBUG:colcon.colcon_core.package_identification:Package 'src/behaviour_trees' with type 'ros.ament_python' and name 'behaviour_trees'
[0.363s] Level 1:colcon.colcon_core.package_identification:_identify(src/simulation) by extensions ['ignore', 'ignore_ament_install']
[0.363s] Level 1:colcon.colcon_core.package_identification:_identify(src/simulation) by extension 'ignore'
[0.363s] Level 1:colcon.colcon_core.package_identification:_identify(src/simulation) by extension 'ignore_ament_install'
[0.363s] Level 1:colcon.colcon_core.package_identification:_identify(src/simulation) by extensions ['colcon_pkg']
[0.363s] Level 1:colcon.colcon_core.package_identification:_identify(src/simulation) by extension 'colcon_pkg'
[0.363s] Level 1:colcon.colcon_core.package_identification:_identify(src/simulation) by extensions ['colcon_meta']
[0.363s] Level 1:colcon.colcon_core.package_identification:_identify(src/simulation) by extension 'colcon_meta'
[0.364s] Level 1:colcon.colcon_core.package_identification:_identify(src/simulation) by extensions ['ros']
[0.364s] Level 1:colcon.colcon_core.package_identification:_identify(src/simulation) by extension 'ros'
[0.364s] DEBUG:colcon.colcon_core.package_identification:Package 'src/simulation' with type 'ros.ament_python' and name 'simulation'
[0.365s] Level 1:colcon.colcon_core.package_discovery:discover_packages(recursive) using defaults
[0.365s] Level 1:colcon.colcon_core.package_discovery:discover_packages(ignore) discover
[0.365s] Level 1:colcon.colcon_core.package_discovery:discover_packages(ignore) using defaults
[0.365s] Level 1:colcon.colcon_core.package_discovery:discover_packages(path) discover
[0.365s] Level 1:colcon.colcon_core.package_discovery:discover_packages(path) using defaults
[0.388s] Level 1:colcon.colcon_core.package_discovery:discover_packages(prefix_path) check parameters
[0.388s] Level 1:colcon.colcon_core.package_discovery:discover_packages(prefix_path) discover
[0.390s] DEBUG:colcon.colcon_installed_package_information.package_discovery:Found 3 installed packages in /home/user/refine_plan_v2/install
[0.392s] DEBUG:colcon.colcon_installed_package_information.package_discovery:Found 469 installed packages in /opt/ros/humble
[0.394s] Level 1:colcon.colcon_core.package_discovery:discover_packages(prefix_path) using defaults
[0.450s] Level 5:colcon.colcon_core.verb:set package 'action_interfaces' build argument 'cmake_args' from command line to 'None'
[0.450s] Level 5:colcon.colcon_core.verb:set package 'action_interfaces' build argument 'cmake_target' from command line to 'None'
[0.450s] Level 5:colcon.colcon_core.verb:set package 'action_interfaces' build argument 'cmake_target_skip_unavailable' from command line to 'False'
[0.450s] Level 5:colcon.colcon_core.verb:set package 'action_interfaces' build argument 'cmake_clean_cache' from command line to 'False'
[0.450s] Level 5:colcon.colcon_core.verb:set package 'action_interfaces' build argument 'cmake_clean_first' from command line to 'False'
[0.450s] Level 5:colcon.colcon_core.verb:set package 'action_interfaces' build argument 'cmake_force_configure' from command line to 'False'
[0.450s] Level 5:colcon.colcon_core.verb:set package 'action_interfaces' build argument 'ament_cmake_args' from command line to 'None'
[0.450s] Level 5:colcon.colcon_core.verb:set package 'action_interfaces' build argument 'catkin_cmake_args' from command line to 'None'
[0.450s] Level 5:colcon.colcon_core.verb:set package 'action_interfaces' build argument 'catkin_skip_building_tests' from command line to 'False'
[0.451s] DEBUG:colcon.colcon_core.verb:Building package 'action_interfaces' with the following arguments: {'ament_cmake_args': None, 'build_base': '/home/user/refine_plan_v2/build/action_interfaces', 'catkin_cmake_args': None, 'catkin_skip_building_tests': False, 'cmake_args': None, 'cmake_clean_cache': False, 'cmake_clean_first': False, 'cmake_force_configure': False, 'cmake_target': None, 'cmake_target_skip_unavailable': False, 'install_base': '/home/user/refine_plan_v2/install/action_interfaces', 'merge_install': False, 'path': '/home/user/refine_plan_v2/src/action_interfaces', 'symlink_install': False, 'test_result_base': None}
[0.451s] Level 5:colcon.colcon_core.verb:set package 'behaviour_trees' build argument 'cmake_args' from command line to 'None'
[0.451s] Level 5:colcon.colcon_core.verb:set package 'behaviour_trees' build argument 'cmake_target' from command line to 'None'
[0.451s] Level 5:colcon.colcon_core.verb:set package 'behaviour_trees' build argument 'cmake_target_skip_unavailable' from command line to 'False'
[0.451s] Level 5:colcon.colcon_core.verb:set package 'behaviour_trees' build argument 'cmake_clean_cache' from command line to 'False'
[0.451s] Level 5:colcon.colcon_core.verb:set package 'behaviour_trees' build argument 'cmake_clean_first' from command line to 'False'
[0.451s] Level 5:colcon.colcon_core.verb:set package 'behaviour_trees' build argument 'cmake_force_configure' from command line to 'False'
[0.451s] Level 5:colcon.colcon_core.verb:set package 'behaviour_trees' build argument 'ament_cmake_args' from command line to 'None'
[0.451s] Level 5:colcon.colcon_core.verb:set package 'behaviour_trees' build argument 'catkin_cmake_args' from command line to 'None'
[0.451s] Level 5:colcon.colcon_core.verb:set package 'behaviour_trees' build argument 'catkin_skip_building_tests' from command line to 'False'
[0.451s] DEBUG:colcon.colcon_core.verb:Building package 'behaviour_trees' with the following arguments: {'ament_cmake_args': None, 'build_base': '/home/user/refine_plan_v2/build/behaviour_trees', 'catkin_cmake_args': None, 'catkin_skip_building_tests': False, 'cmake_args': None, 'cmake_clean_cache': False, 'cmake_clean_first': False, 'cmake_force_configure': False, 'cmake_target': None, 'cmake_target_skip_unavailable': False, 'install_base': '/home/user/refine_plan_v2/install/behaviour_trees', 'merge_install': False, 'path': '/home/user/refine_plan_v2/src/behaviour_trees', 'symlink_install': False, 'test_result_base': None}
[0.452s] Level 5:colcon.colcon_core.verb:set package 'simulation' build argument 'cmake_args' from command line to 'None'
[0.452s] Level 5:colcon.colcon_core.verb:set package 'simulation' build argument 'cmake_target' from command line to 'None'
[0.452s] Level 5:colcon.colcon_core.verb:set package 'simulation' build argument 'cmake_target_skip_unavailable' from command line to 'False'
[0.452s] Level 5:colcon.colcon_core.verb:set package 'simulation' build argument 'cmake_clean_cache' from command line to 'False'
[0.452s] Level 5:colcon.colcon_core.verb:set package 'simulation' build argument 'cmake_clean_first' from command line to 'False'
[0.452s] Level 5:colcon.colcon_core.verb:set package 'simulation' build argument 'cmake_force_configure' from command line to 'False'
[0.452s] Level 5:colcon.colcon_core.verb:set package 'simulation' build argument 'ament_cmake_args' from command line to 'None'
[0.452s] Level 5:colcon.colcon_core.verb:set package 'simulation' build argument 'catkin_cmake_args' from command line to 'None'
[0.452s] Level 5:colcon.colcon_core.verb:set package 'simulation' build argument 'catkin_skip_building_tests' from command line to 'False'
[0.452s] DEBUG:colcon.colcon_core.verb:Building package 'simulation' with the following arguments: {'ament_cmake_args': None, 'build_base': '/home/user/refine_plan_v2/build/simulation', 'catkin_cmake_args': None, 'catkin_skip_building_tests': False, 'cmake_args': None, 'cmake_clean_cache': False, 'cmake_clean_first': False, 'cmake_force_configure': False, 'cmake_target': None, 'cmake_target_skip_unavailable': False, 'install_base': '/home/user/refine_plan_v2/install/simulation', 'merge_install': False, 'path': '/home/user/refine_plan_v2/src/simulation', 'symlink_install': False, 'test_result_base': None}
[0.452s] INFO:colcon.colcon_core.executor:Executing jobs using 'parallel' executor
[0.454s] DEBUG:colcon.colcon_parallel_executor.executor.parallel:run_until_complete
[0.454s] INFO:colcon.colcon_ros.task.ament_cmake.build:Building ROS package in '/home/user/refine_plan_v2/src/action_interfaces' with build type 'ament_cmake'
[0.454s] INFO:colcon.colcon_cmake.task.cmake.build:Building CMake package in '/home/user/refine_plan_v2/src/action_interfaces'
[0.457s] INFO:colcon.colcon_core.plugin_system:Skipping extension 'colcon_core.shell.bat': Not used on non-Windows systems
[0.457s] INFO:colcon.colcon_core.shell:Skip shell extension 'powershell' for command environment: Not usable outside of PowerShell
[0.457s] DEBUG:colcon.colcon_core.shell:Skip shell extension 'dsv' for command environment
[0.462s] INFO:colcon.colcon_ros.task.ament_python.build:Building ROS package in '/home/user/refine_plan_v2/src/behaviour_trees' with build type 'ament_python'
[0.463s] Level 1:colcon.colcon_core.shell:create_environment_hook('behaviour_trees', 'ament_prefix_path')
[0.463s] INFO:colcon.colcon_core.shell:Creating environment hook '/home/user/refine_plan_v2/install/behaviour_trees/share/behaviour_trees/hook/ament_prefix_path.ps1'
[0.464s] INFO:colcon.colcon_core.shell:Creating environment descriptor '/home/user/refine_plan_v2/install/behaviour_trees/share/behaviour_trees/hook/ament_prefix_path.dsv'
[0.465s] INFO:colcon.colcon_core.shell:Creating environment hook '/home/user/refine_plan_v2/install/behaviour_trees/share/behaviour_trees/hook/ament_prefix_path.sh'
[0.466s] INFO:colcon.colcon_core.shell:Skip shell extension 'powershell' for command environment: Not usable outside of PowerShell
[0.466s] DEBUG:colcon.colcon_core.shell:Skip shell extension 'dsv' for command environment
[0.473s] INFO:colcon.colcon_ros.task.ament_python.build:Building ROS package in '/home/user/refine_plan_v2/src/simulation' with build type 'ament_python'
[0.473s] Level 1:colcon.colcon_core.shell:create_environment_hook('simulation', 'ament_prefix_path')
[0.474s] INFO:colcon.colcon_core.shell:Creating environment hook '/home/user/refine_plan_v2/install/simulation/share/simulation/hook/ament_prefix_path.ps1'
[0.475s] INFO:colcon.colcon_core.shell:Creating environment descriptor '/home/user/refine_plan_v2/install/simulation/share/simulation/hook/ament_prefix_path.dsv'
[0.475s] INFO:colcon.colcon_core.shell:Creating environment hook '/home/user/refine_plan_v2/install/simulation/share/simulation/hook/ament_prefix_path.sh'
[0.476s] INFO:colcon.colcon_core.shell:Skip shell extension 'powershell' for command environment: Not usable outside of PowerShell
[0.477s] DEBUG:colcon.colcon_core.shell:Skip shell extension 'dsv' for command environment
[0.490s] DEBUG:colcon.colcon_core.event_handler.log_command:Invoking command in '/home/user/refine_plan_v2/build/action_interfaces': CMAKE_PREFIX_PATH=${CMAKE_PREFIX_PATH}:/home/user/refine_plan_v2/install/simulation:/home/user/refine_plan_v2/install/behaviour_trees:/opt/ros/humble /usr/bin/cmake --build /home/user/refine_plan_v2/build/action_interfaces -- -j8 -l8
[0.950s] INFO:colcon.colcon_core.task.python.build:Building Python package in '/home/user/refine_plan_v2/src/behaviour_trees'
[0.951s] INFO:colcon.colcon_core.shell:Skip shell extension 'powershell' for command environment: Not usable outside of PowerShell
[0.951s] DEBUG:colcon.colcon_core.shell:Skip shell extension 'dsv' for command environment
[1.320s] INFO:colcon.colcon_core.task.python.build:Building Python package in '/home/user/refine_plan_v2/src/simulation'
[1.321s] INFO:colcon.colcon_core.shell:Skip shell extension 'powershell' for command environment: Not usable outside of PowerShell
[1.321s] DEBUG:colcon.colcon_core.shell:Skip shell extension 'dsv' for command environment
[1.328s] DEBUG:colcon.colcon_core.event_handler.log_command:Invoked command in '/home/user/refine_plan_v2/build/action_interfaces' returned '0': CMAKE_PREFIX_PATH=${CMAKE_PREFIX_PATH}:/home/user/refine_plan_v2/install/simulation:/home/user/refine_plan_v2/install/behaviour_trees:/opt/ros/humble /usr/bin/cmake --build /home/user/refine_plan_v2/build/action_interfaces -- -j8 -l8
[1.338s] DEBUG:colcon.colcon_core.event_handler.log_command:Invoking command in '/home/user/refine_plan_v2/build/action_interfaces': CMAKE_PREFIX_PATH=${CMAKE_PREFIX_PATH}:/home/user/refine_plan_v2/install/simulation:/home/user/refine_plan_v2/install/behaviour_trees:/opt/ros/humble /usr/bin/cmake --install /home/user/refine_plan_v2/build/action_interfaces
[1.426s] Level 1:colcon.colcon_core.environment:create_environment_scripts_only(action_interfaces)
[1.427s] DEBUG:colcon.colcon_core.event_handler.log_command:Invoked command in '/home/user/refine_plan_v2/build/action_interfaces' returned '0': CMAKE_PREFIX_PATH=${CMAKE_PREFIX_PATH}:/home/user/refine_plan_v2/install/simulation:/home/user/refine_plan_v2/install/behaviour_trees:/opt/ros/humble /usr/bin/cmake --install /home/user/refine_plan_v2/build/action_interfaces
[1.430s] Level 1:colcon.colcon_core.environment:checking '/home/user/refine_plan_v2/install/action_interfaces' for CMake module files
[1.431s] Level 1:colcon.colcon_core.environment:checking '/home/user/refine_plan_v2/install/action_interfaces' for CMake config files
[1.432s] Level 1:colcon.colcon_core.shell:create_environment_hook('action_interfaces', 'cmake_prefix_path')
[1.433s] INFO:colcon.colcon_core.shell:Creating environment hook '/home/user/refine_plan_v2/install/action_interfaces/share/action_interfaces/hook/cmake_prefix_path.ps1'
[1.433s] INFO:colcon.colcon_core.shell:Creating environment descriptor '/home/user/refine_plan_v2/install/action_interfaces/share/action_interfaces/hook/cmake_prefix_path.dsv'
[1.434s] INFO:colcon.colcon_core.shell:Creating environment hook '/home/user/refine_plan_v2/install/action_interfaces/share/action_interfaces/hook/cmake_prefix_path.sh'
[1.435s] Level 1:colcon.colcon_core.environment:checking '/home/user/refine_plan_v2/install/action_interfaces/lib'
[1.435s] Level 1:colcon.colcon_core.shell:create_environment_hook('action_interfaces', 'ld_library_path_lib')
[1.435s] INFO:colcon.colcon_core.shell:Creating environment hook '/home/user/refine_plan_v2/install/action_interfaces/share/action_interfaces/hook/ld_library_path_lib.ps1'
[1.436s] INFO:colcon.colcon_core.shell:Creating environment descriptor '/home/user/refine_plan_v2/install/action_interfaces/share/action_interfaces/hook/ld_library_path_lib.dsv'
[1.437s] INFO:colcon.colcon_core.shell:Creating environment hook '/home/user/refine_plan_v2/install/action_interfaces/share/action_interfaces/hook/ld_library_path_lib.sh'
[1.437s] Level 1:colcon.colcon_core.environment:checking '/home/user/refine_plan_v2/install/action_interfaces/bin'
[1.437s] Level 1:colcon.colcon_core.environment:checking '/home/user/refine_plan_v2/install/action_interfaces/lib/pkgconfig/action_interfaces.pc'
[1.438s] Level 1:colcon.colcon_core.environment:checking '/home/user/refine_plan_v2/install/action_interfaces/lib/python3.10/site-packages'
[1.438s] Level 1:colcon.colcon_core.environment:checking '/home/user/refine_plan_v2/install/action_interfaces/bin'
[1.438s] INFO:colcon.colcon_core.shell:Creating package script '/home/user/refine_plan_v2/install/action_interfaces/share/action_interfaces/package.ps1'
[1.440s] INFO:colcon.colcon_core.shell:Creating package descriptor '/home/user/refine_plan_v2/install/action_interfaces/share/action_interfaces/package.dsv'
[1.441s] INFO:colcon.colcon_core.shell:Creating package script '/home/user/refine_plan_v2/install/action_interfaces/share/action_interfaces/package.sh'
[1.442s] INFO:colcon.colcon_core.shell:Creating package script '/home/user/refine_plan_v2/install/action_interfaces/share/action_interfaces/package.bash'
[1.443s] INFO:colcon.colcon_core.shell:Creating package script '/home/user/refine_plan_v2/install/action_interfaces/share/action_interfaces/package.zsh'
[1.444s] Level 1:colcon.colcon_core.environment:create_file_with_runtime_dependencies(/home/user/refine_plan_v2/install/action_interfaces/share/colcon-core/packages/action_interfaces)
[1.444s] Level 1:colcon.colcon_core.environment:create_environment_scripts_only(action_interfaces)
[1.445s] Level 1:colcon.colcon_core.environment:checking '/home/user/refine_plan_v2/install/action_interfaces' for CMake module files
[1.446s] Level 1:colcon.colcon_core.environment:checking '/home/user/refine_plan_v2/install/action_interfaces' for CMake config files
[1.446s] Level 1:colcon.colcon_core.shell:create_environment_hook('action_interfaces', 'cmake_prefix_path')
[1.447s] INFO:colcon.colcon_core.shell:Creating environment hook '/home/user/refine_plan_v2/install/action_interfaces/share/action_interfaces/hook/cmake_prefix_path.ps1'
[1.447s] INFO:colcon.colcon_core.shell:Creating environment descriptor '/home/user/refine_plan_v2/install/action_interfaces/share/action_interfaces/hook/cmake_prefix_path.dsv'
[1.448s] INFO:colcon.colcon_core.shell:Creating environment hook '/home/user/refine_plan_v2/install/action_interfaces/share/action_interfaces/hook/cmake_prefix_path.sh'
[1.448s] Level 1:colcon.colcon_core.environment:checking '/home/user/refine_plan_v2/install/action_interfaces/lib'
[1.448s] Level 1:colcon.colcon_core.shell:create_environment_hook('action_interfaces', 'ld_library_path_lib')
[1.449s] INFO:colcon.colcon_core.shell:Creating environment hook '/home/user/refine_plan_v2/install/action_interfaces/share/action_interfaces/hook/ld_library_path_lib.ps1'
[1.449s] INFO:colcon.colcon_core.shell:Creating environment descriptor '/home/user/refine_plan_v2/install/action_interfaces/share/action_interfaces/hook/ld_library_path_lib.dsv'
[1.450s] INFO:colcon.colcon_core.shell:Creating environment hook '/home/user/refine_plan_v2/install/action_interfaces/share/action_interfaces/hook/ld_library_path_lib.sh'
[1.450s] Level 1:colcon.colcon_core.environment:checking '/home/user/refine_plan_v2/install/action_interfaces/bin'
[1.450s] Level 1:colcon.colcon_core.environment:checking '/home/user/refine_plan_v2/install/action_interfaces/lib/pkgconfig/action_interfaces.pc'
[1.451s] Level 1:colcon.colcon_core.environment:checking '/home/user/refine_plan_v2/install/action_interfaces/lib/python3.10/site-packages'
[1.451s] Level 1:colcon.colcon_core.environment:checking '/home/user/refine_plan_v2/install/action_interfaces/bin'
[1.452s] INFO:colcon.colcon_core.shell:Creating package script '/home/user/refine_plan_v2/install/action_interfaces/share/action_interfaces/package.ps1'
[1.452s] INFO:colcon.colcon_core.shell:Creating package descriptor '/home/user/refine_plan_v2/install/action_interfaces/share/action_interfaces/package.dsv'
[1.453s] INFO:colcon.colcon_core.shell:Creating package script '/home/user/refine_plan_v2/install/action_interfaces/share/action_interfaces/package.sh'
[1.453s] INFO:colcon.colcon_core.shell:Creating package script '/home/user/refine_plan_v2/install/action_interfaces/share/action_interfaces/package.bash'
[1.454s] INFO:colcon.colcon_core.shell:Creating package script '/home/user/refine_plan_v2/install/action_interfaces/share/action_interfaces/package.zsh'
[1.454s] Level 1:colcon.colcon_core.environment:create_file_with_runtime_dependencies(/home/user/refine_plan_v2/install/action_interfaces/share/colcon-core/packages/action_interfaces)
[1.848s] DEBUG:colcon.colcon_core.event_handler.log_command:Invoking command in '/home/user/refine_plan_v2/src/behaviour_trees': PYTHONPATH=/home/user/refine_plan_v2/build/behaviour_trees/prefix_override:/usr/lib/python3/dist-packages/colcon_core/task/python/colcon_distutils_commands:/home/user/refine_plan_v2/install/behaviour_trees/lib/python3.10/site-packages:${PYTHONPATH} /usr/bin/python3 -W ignore:setup.py install is deprecated -W ignore:easy_install command is deprecated setup.py egg_info --egg-base ../../build/behaviour_trees build --build-base /home/user/refine_plan_v2/build/behaviour_trees/build install --record /home/user/refine_plan_v2/build/behaviour_trees/install.log --single-version-externally-managed install_data
[1.883s] DEBUG:colcon.colcon_core.event_handler.log_command:Invoking command in '/home/user/refine_plan_v2/src/simulation': PYTHONPATH=/home/user/refine_plan_v2/build/simulation/prefix_override:/usr/lib/python3/dist-packages/colcon_core/task/python/colcon_distutils_commands:/home/user/refine_plan_v2/install/simulation/lib/python3.10/site-packages:${PYTHONPATH} /usr/bin/python3 -W ignore:setup.py install is deprecated -W ignore:easy_install command is deprecated setup.py egg_info --egg-base ../../build/simulation build --build-base /home/user/refine_plan_v2/build/simulation/build install --record /home/user/refine_plan_v2/build/simulation/install.log --single-version-externally-managed install_data
[2.305s] Level 1:colcon.colcon_core.environment:checking '/home/user/refine_plan_v2/install/behaviour_trees' for CMake module files
[2.305s] DEBUG:colcon.colcon_core.event_handler.log_command:Invoked command in '/home/user/refine_plan_v2/src/behaviour_trees' returned '0': PYTHONPATH=/home/user/refine_plan_v2/build/behaviour_trees/prefix_override:/usr/lib/python3/dist-packages/colcon_core/task/python/colcon_distutils_commands:/home/user/refine_plan_v2/install/behaviour_trees/lib/python3.10/site-packages:${PYTHONPATH} /usr/bin/python3 -W ignore:setup.py install is deprecated -W ignore:easy_install command is deprecated setup.py egg_info --egg-base ../../build/behaviour_trees build --build-base /home/user/refine_plan_v2/build/behaviour_trees/build install --record /home/user/refine_plan_v2/build/behaviour_trees/install.log --single-version-externally-managed install_data
[2.306s] Level 1:colcon.colcon_core.environment:checking '/home/user/refine_plan_v2/install/behaviour_trees' for CMake config files
[2.307s] Level 1:colcon.colcon_core.environment:checking '/home/user/refine_plan_v2/install/behaviour_trees/lib'
[2.307s] Level 1:colcon.colcon_core.environment:checking '/home/user/refine_plan_v2/install/behaviour_trees/bin'
[2.307s] Level 1:colcon.colcon_core.environment:checking '/home/user/refine_plan_v2/install/behaviour_trees/lib/pkgconfig/behaviour_trees.pc'
[2.307s] Level 1:colcon.colcon_core.environment:checking '/home/user/refine_plan_v2/install/behaviour_trees/lib/python3.10/site-packages'
[2.307s] Level 1:colcon.colcon_core.shell:create_environment_hook('behaviour_trees', 'pythonpath')
[2.308s] INFO:colcon.colcon_core.shell:Creating environment hook '/home/user/refine_plan_v2/install/behaviour_trees/share/behaviour_trees/hook/pythonpath.ps1'
[2.308s] INFO:colcon.colcon_core.shell:Creating environment descriptor '/home/user/refine_plan_v2/install/behaviour_trees/share/behaviour_trees/hook/pythonpath.dsv'
[2.308s] INFO:colcon.colcon_core.shell:Creating environment hook '/home/user/refine_plan_v2/install/behaviour_trees/share/behaviour_trees/hook/pythonpath.sh'
[2.309s] Level 1:colcon.colcon_core.environment:checking '/home/user/refine_plan_v2/install/behaviour_trees/bin'
[2.309s] Level 1:colcon.colcon_core.environment:create_environment_scripts_only(behaviour_trees)
[2.310s] INFO:colcon.colcon_core.shell:Creating package script '/home/user/refine_plan_v2/install/behaviour_trees/share/behaviour_trees/package.ps1'
[2.310s] INFO:colcon.colcon_core.shell:Creating package descriptor '/home/user/refine_plan_v2/install/behaviour_trees/share/behaviour_trees/package.dsv'
[2.311s] INFO:colcon.colcon_core.shell:Creating package script '/home/user/refine_plan_v2/install/behaviour_trees/share/behaviour_trees/package.sh'
[2.311s] INFO:colcon.colcon_core.shell:Creating package script '/home/user/refine_plan_v2/install/behaviour_trees/share/behaviour_trees/package.bash'
[2.312s] INFO:colcon.colcon_core.shell:Creating package script '/home/user/refine_plan_v2/install/behaviour_trees/share/behaviour_trees/package.zsh'
[2.312s] Level 1:colcon.colcon_core.environment:create_file_with_runtime_dependencies(/home/user/refine_plan_v2/install/behaviour_trees/share/colcon-core/packages/behaviour_trees)
[2.327s] Level 1:colcon.colcon_core.environment:checking '/home/user/refine_plan_v2/install/simulation' for CMake module files
[2.327s] Level 1:colcon.colcon_core.environment:checking '/home/user/refine_plan_v2/install/simulation' for CMake config files
[2.328s] Level 1:colcon.colcon_core.environment:checking '/home/user/refine_plan_v2/install/simulation/lib'
[2.328s] Level 1:colcon.colcon_core.environment:checking '/home/user/refine_plan_v2/install/simulation/bin'
[2.328s] Level 1:colcon.colcon_core.environment:checking '/home/user/refine_plan_v2/install/simulation/lib/pkgconfig/simulation.pc'
[2.329s] Level 1:colcon.colcon_core.environment:checking '/home/user/refine_plan_v2/install/simulation/lib/python3.10/site-packages'
[2.329s] Level 1:colcon.colcon_core.shell:create_environment_hook('simulation', 'pythonpath')
[2.329s] INFO:colcon.colcon_core.shell:Creating environment hook '/home/user/refine_plan_v2/install/simulation/share/simulation/hook/pythonpath.ps1'
[2.330s] INFO:colcon.colcon_core.shell:Creating environment descriptor '/home/user/refine_plan_v2/install/simulation/share/simulation/hook/pythonpath.dsv'
[2.331s] DEBUG:colcon.colcon_core.event_handler.log_command:Invoked command in '/home/user/refine_plan_v2/src/simulation' returned '0': PYTHONPATH=/home/user/refine_plan_v2/build/simulation/prefix_override:/usr/lib/python3/dist-packages/colcon_core/task/python/colcon_distutils_commands:/home/user/refine_plan_v2/install/simulation/lib/python3.10/site-packages:${PYTHONPATH} /usr/bin/python3 -W ignore:setup.py install is deprecated -W ignore:easy_install command is deprecated setup.py egg_info --egg-base ../../build/simulation build --build-base /home/user/refine_plan_v2/build/simulation/build install --record /home/user/refine_plan_v2/build/simulation/install.log --single-version-externally-managed install_data
[2.331s] INFO:colcon.colcon_core.shell:Creating environment hook '/home/user/refine_plan_v2/install/simulation/share/simulation/hook/pythonpath.sh'
[2.332s] Level 1:colcon.colcon_core.environment:checking '/home/user/refine_plan_v2/install/simulation/bin'
[2.332s] Level 1:colcon.colcon_core.environment:create_environment_scripts_only(simulation)
[2.333s] INFO:colcon.colcon_core.shell:Creating package script '/home/user/refine_plan_v2/install/simulation/share/simulation/package.ps1'
[2.334s] INFO:colcon.colcon_core.shell:Creating package descriptor '/home/user/refine_plan_v2/install/simulation/share/simulation/package.dsv'
[2.335s] INFO:colcon.colcon_core.shell:Creating package script '/home/user/refine_plan_v2/install/simulation/share/simulation/package.sh'
[2.335s] INFO:colcon.colcon_core.shell:Creating package script '/home/user/refine_plan_v2/install/simulation/share/simulation/package.bash'
[2.336s] INFO:colcon.colcon_core.shell:Creating package script '/home/user/refine_plan_v2/install/simulation/share/simulation/package.zsh'
[2.336s] Level 1:colcon.colcon_core.environment:create_file_with_runtime_dependencies(/home/user/refine_plan_v2/install/simulation/share/colcon-core/packages/simulation)
[2.337s] DEBUG:colcon.colcon_parallel_executor.executor.parallel:closing loop
[2.337s] DEBUG:colcon.colcon_parallel_executor.executor.parallel:loop closed
[2.337s] DEBUG:colcon.colcon_parallel_executor.executor.parallel:run_until_complete finished with '0'
[2.337s] DEBUG:colcon.colcon_core.event_reactor:joining thread
[2.345s] INFO:colcon.colcon_core.plugin_system:Skipping extension 'colcon_notification.desktop_notification.terminal_notifier': Not used on non-Darwin systems
[2.345s] INFO:colcon.colcon_core.plugin_system:Skipping extension 'colcon_notification.desktop_notification.win32': Not used on non-Windows systems
[2.345s] INFO:colcon.colcon_notification.desktop_notification:Sending desktop notification using 'notify2'
[2.361s] DEBUG:colcon.colcon_core.event_reactor:joined thread
[2.362s] INFO:colcon.colcon_core.shell:Creating prefix script '/home/user/refine_plan_v2/install/local_setup.ps1'
[2.363s] INFO:colcon.colcon_core.shell:Creating prefix util module '/home/user/refine_plan_v2/install/_local_setup_util_ps1.py'
[2.369s] INFO:colcon.colcon_core.shell:Creating prefix chain script '/home/user/refine_plan_v2/install/setup.ps1'
[2.371s] INFO:colcon.colcon_core.shell:Creating prefix script '/home/user/refine_plan_v2/install/local_setup.sh'
[2.373s] INFO:colcon.colcon_core.shell:Creating prefix util module '/home/user/refine_plan_v2/install/_local_setup_util_sh.py'
[2.374s] INFO:colcon.colcon_core.shell:Creating prefix chain script '/home/user/refine_plan_v2/install/setup.sh'
[2.375s] INFO:colcon.colcon_core.shell:Creating prefix script '/home/user/refine_plan_v2/install/local_setup.bash'
[2.376s] INFO:colcon.colcon_core.shell:Creating prefix chain script '/home/user/refine_plan_v2/install/setup.bash'
[2.378s] INFO:colcon.colcon_core.shell:Creating prefix script '/home/user/refine_plan_v2/install/local_setup.zsh'
[2.378s] INFO:colcon.colcon_core.shell:Creating prefix chain script '/home/user/refine_plan_v2/install/setup.zsh'
