Warning: Ignoring XDG_SESSION_TYPE=wayland on Gnome. Use QT_QPA_PLATFORM=wayland to run on Wayland anyway.
Warning: Ignoring XDG_SESSION_TYPE=wayland on Gnome. Use QT_QPA_PLATFORM=wayland to run on Wayland anyway.
[CoppeliaSimClient]   loading the CoppeliaSim library...
[CoppeliaSimClient:loadinfo]   done.
[CoppeliaSimClient:loadinfo]   launching CoppeliaSim...
[CoppeliaSim:loadinfo]   Application directory is /home/kolletms/CoppeliaSim_Edu_V4_10_0_rev0_Ubuntu22_04
[CoppeliaSim:loadinfo]   user settings file is /home/kolletms/.CoppeliaSim/usrset.txt
[CoppeliaSim:loadinfo]   CoppeliaSim v4.10.0 (rev. 0), flavor: 1, linux
[CoppeliaSim:loadinfo]   ds:   0
[CoppeliaSim:loadinfo]   msnd: 1
[CoppeliaSim:loadinfo]   ms:   1
[CoppeliaSim:loadinfo]   midx: 5000-91EB-FFC4-9CCA-F764-C71D
[CoppeliaSim:loadinfo]   did:  
[CoppeliaSim:loadinfo]   mid0: FC97-7379-1C16-0023-1C17-0101
[CoppeliaSim:loadinfo]   mid1: FC9773791C1600231C17
[CoppeliaSim:loadinfo]   mid2: 7AB7966CC9EF9BB7FD7FEC7D769DC7BA
[CoppeliaSim:loadinfo]   mid3: 04E3981EA27E99B4CE66
[CoppeliaSim:loadinfo]   k:    687FFE88B3DF088E5DDD414A
[CoppeliaSim:loadinfo]   plugin simIK0: loading...
[CoppeliaSim:loadinfo]   plugin simIK0: done.
[CoppeliaSim:loadinfo]   primary screen physical dots per inch: 165
[CoppeliaSim:loadinfo]   display scaling (guessed): 100
[CoppeliaSim:loadinfo]   simulator launched.
[CoppeliaSim:loadinfo]   plugin 'BWF': loading...
[CoppeliaSim:loadinfo]   plugin 'BWF': load succeeded.
[CoppeliaSim:loadinfo]   plugin 'RemoteApi': loading...
[CoppeliaSim:loadinfo]   plugin 'RemoteApi': load succeeded.
[CoppeliaSim:loadinfo]   SK:   687FFE88B3DF088E5DDD414A
[CoppeliaSim:loadinfo]   initializing the sandbox script...
[sandboxScript:loadinfo]   plugin simZMQ: loading...
[sandboxScript:loadinfo]   plugin simZMQ: done.
[sandboxScript:loadinfo]   plugin simSubprocess: loading...
[sandboxScript:loadinfo]   plugin simSubprocess: done.
[sandboxScript:info]   Simulator launched, welcome! 
[CoppeliaSim:loadinfo]   sandbox script initialized.
[CoppeliaSim:loadinfo]   add-on '3D text generator.lua' was loaded.
[CoppeliaSim:loadinfo]   add-on 'Add-on edit.lua' was loaded.
[CoppeliaSim:loadinfo]   add-on 'Alias change.lua' was loaded.
[CoppeliaSim:loadinfo]   add-on 'Animation capture.lua' was loaded.
[CoppeliaSim:loadinfo]   add-on 'B0 remote Api server.lua' was loaded.
[CoppeliaSim:loadinfo]   add-on 'Button action.lua' was loaded.
[CoppeliaSim:loadinfo]   add-on 'Collision check.lua' was loaded.
[CoppeliaSim:loadinfo]   add-on 'Color changer.lua' was loaded.
[CoppeliaSim:loadinfo]   add-on 'Commander.lua' was loaded.
[CoppeliaSim:loadinfo]   add-on 'Contact display.lua' was loaded.
[CoppeliaSim:loadinfo]   add-on 'Convex decomposition hacd.lua' was loaded.
[CoppeliaSim:loadinfo]   add-on 'Convex decomposition vhacd.lua' was loaded.
[CoppeliaSim:loadinfo]   add-on 'Convex hull.lua' was loaded.
[CoppeliaSim:loadinfo]   add-on 'Create dummies on mesh surface.lua' was loaded.
[CoppeliaSim:loadinfo]   add-on 'Define joint group.lua' was loaded.
[CoppeliaSim:loadinfo]   add-on 'Denavit Hartenberg creator.lua' was loaded.
[CoppeliaSim:loadinfo]   add-on 'Denavit Hartenberg extractor.lua' was loaded.
[CoppeliaSim:loadinfo]   add-on 'Distance check.lua' was loaded.
[CoppeliaSim:loadinfo]   add-on 'Distribute objects uniformly.lua' was loaded.
[CoppeliaSim:loadinfo]   add-on 'Event viewer.lua' was loaded.
[CoppeliaSim:loadinfo]   add-on 'Events capture.lua' was loaded.
[CoppeliaSim:loadinfo]   add-on 'Events dump exporter.lua' was loaded.
[CoppeliaSim:loadinfo]   add-on 'External model auto reload.lua' was loaded.
[CoppeliaSim:loadinfo]   add-on 'External model auto save.lua' was loaded.
[CoppeliaSim:loadinfo]   add-on 'External model load.lua' was loaded.
[CoppeliaSim:loadinfo]   add-on 'External model reload selected.lua' was loaded.
[CoppeliaSim:loadinfo]   add-on 'External model save.lua' was loaded.
[CoppeliaSim:loadinfo]   add-on 'Find in scripts.lua' was loaded.
[CoppeliaSim:loadinfo]   add-on 'Find midpoint.lua' was loaded.
[CoppeliaSim:loadinfo]   add-on 'Floor plan importer.lua' was loaded.
[CoppeliaSim:loadinfo]   add-on 'GLTF animation exporter.lua' was loaded.
[CoppeliaSim:loadinfo]   add-on 'GLTF exporter.lua' was loaded.
[CoppeliaSim:loadinfo]   add-on 'Inverse Kinematics > generator.lua' was loaded.
[CoppeliaSim:loadinfo]   add-on 'Isometric scaling.lua' was loaded.
[CoppeliaSim:loadinfo]   add-on 'Joint tool.lua' was loaded.
[CoppeliaSim:loadinfo]   add-on 'LDraw importer.lua' was loaded.
[CoppeliaSim:loadinfo]   add-on 'Make objects same appearance.lua' was loaded.
[CoppeliaSim:loadinfo]   add-on 'Measure distance and direction.lua' was loaded.
[CoppeliaSim:loadinfo]   add-on 'Mesh decimation.lua' was loaded.
[CoppeliaSim:loadinfo]   add-on 'Mesh difference.lua' was loaded.
[CoppeliaSim:loadinfo]   add-on 'Mesh intersection.lua' was loaded.
[CoppeliaSim:loadinfo]   add-on 'Mesh subdivision.lua' was loaded.
[CoppeliaSim:loadinfo]   add-on 'Mesh symmetric difference.lua' was loaded.
[CoppeliaSim:loadinfo]   add-on 'Mesh union.lua' was loaded.
[CoppeliaSim:loadinfo]   add-on 'Message viewer.lua' was loaded.
[CoppeliaSim:loadinfo]   add-on 'Minimalistic exporter.lua' was loaded.
[CoppeliaSim:loadinfo]   add-on 'Minimalistic importer.lua' was loaded.
[CoppeliaSim:loadinfo]   add-on 'Motion Planning generator.lua' was loaded.
[CoppeliaSim:loadinfo]   add-on 'Notepad++ autocompletion.lua' was loaded.
[CoppeliaSim:loadinfo]   add-on 'Pause Stop Simulation on Condition.lua' was loaded.
[CoppeliaSim:loadinfo]   add-on 'Plugin enumerator.lua' was loaded.
[CoppeliaSim:loadinfo]   add-on 'Point cloud importer.lua' was loaded.
[CoppeliaSim:loadinfo]   add-on 'Point sampler interactive.lua' was loaded.
[CoppeliaSim:loadinfo]   add-on 'Point sampler service.lua' was loaded.
[CoppeliaSim:loadinfo]   add-on 'Property explorer.lua' was loaded.
[CoppeliaSim:loadinfo]   add-on 'PyRep.lua' was loaded.
[CoppeliaSim:loadinfo]   add-on 'Referenced handles explorer.lua' was loaded.
[CoppeliaSim:loadinfo]   add-on 'Referenced handles highlight.lua' was loaded.
[CoppeliaSim:loadinfo]   add-on 'Screenshot tool.lua' was loaded.
[CoppeliaSim:loadinfo]   add-on 'Script capture.lua' was loaded.
[CoppeliaSim:loadinfo]   add-on 'SDF importer.lua' was loaded.
[CoppeliaSim:loadinfo]   add-on 'Simulation stepper.lua' was loaded.
[CoppeliaSim:loadinfo]   add-on 'Subdivide large triangles.lua' was loaded.
[CoppeliaSim:loadinfo]   add-on 'Surface reconstruction.lua' was loaded.
[CoppeliaSim:loadinfo]   add-on 'Translate to align vertex.lua' was loaded.
[CoppeliaSim:loadinfo]   add-on 'URDF exporter.lua' was loaded.
[CoppeliaSim:loadinfo]   add-on 'URDF importer.lua' was loaded.
[CoppeliaSim:loadinfo]   add-on 'URL drop service.lua' was loaded.
[CoppeliaSim:loadinfo]   add-on 'Video recorder.lua' was loaded.
[CoppeliaSim:loadinfo]   add-on 'Visualization stream.lua' was loaded.
[CoppeliaSim:loadinfo]   add-on 'WS remote API server.lua' was loaded.
[CoppeliaSim:loadinfo]   add-on 'ZMQ remote API server.lua' was loaded.
[CoppeliaSim:loadinfo]   add-on 'Convex decomposition coacd.py' was loaded.
[Developer tools >> Commander >> Commander@addOnScript:loadinfo]   plugin simCmd: loading...
[simCmd:warning]   Selected script: Sandbox (Python)
[Developer tools >> Commander >> Commander@addOnScript:loadinfo]   plugin simCmd: done.
[Connectivity >> WebSocket remote API server@addOnScript:loadinfo]   plugin simWS: loading...
[Connectivity >> WebSocket remote API server@addOnScript:loadinfo]   plugin simWS: done.
[Connectivity >> WebSocket remote API server@addOnScript:info]   WebSocket Remote API server starting (port=23051)...
[Connectivity >> ZMQ remote API server@addOnScript:info]   ZeroMQ Remote API server starting (rpcPort=23011)...
[/UR10/followPath:loadinfo]   plugin simIK: loading...
[/UR10/followPath:loadinfo]   plugin simIK: done.
[/UR10/followPath:loadinfo]   plugin simOMPL: loading...
[/UR10/followPath:loadinfo]   plugin simOMPL: done.
/Floor, 13
/MPO_700, 86
/assembly_table, 88
/obs1, 133
/obs2, 135
/obs0, 137
/column0, 141
/column1, 143
/column2, 139
[/UR10/followPath:warning]   sim.switchThread is deprecated. please use sim.step instead. (control verbosity via notifyDeprecated in usrset.txt)
[/moveToPose:warning]   sim.setThreadSwitchTiming is deprecated. please use sim.setAutoYieldDelay instead. (control verbosity via notifyDeprecated in usrset.txt)
[/moveToPose:warning]   sim.switchThread is deprecated. please use sim.step instead. (control verbosity via notifyDeprecated in usrset.txt)
[sandboxScript:info]   Simulation started.
[CoppeliaSim:loadinfo]   plugin simGeom: loading...
[CoppeliaSim:loadinfo]   plugin simGeom: done.
[CoppeliaSim:loadinfo]   plugin simBullet-2-83: loading...
[CoppeliaSim:loadinfo]   plugin simBullet-2-83: done.
[CoppeliaSim:warning]   Detected non-default settings (time steps and/or dyn. engine global settings).
[sandboxScript:info]   Simulation stopping...
[sandboxScript:info]   Simulation stopped.
[sandboxScript:info]   Simulation started.
[CoppeliaSim:warning]   Detected non-default settings (time steps and/or dyn. engine global settings).
[sandboxScript:info]   Simulation stopping...
[sandboxScript:info]   Simulation stopped.
[sandboxScript:info]   Simulation started.
[CoppeliaSim:warning]   Detected non-default settings (time steps and/or dyn. engine global settings).
Goal signal recieved..
Planning ...
Collision pairs set
goal state set
Using RRT Connect
task setup complete
solving task...
OMPL states:, 200.
path found
valid path found, generating trajectory...
[/UR10/followPath:warning]   module 'matrix' was implicitly loaded.
[/UR10/followPath:warning]   "matrix" module is deprecated. please use simEigen
Trajectory points:, 1000.
Duration:, 3.402538
excecuting path...
current error: , 0.013947
Final error:, 0.013947
Execution successful
[CoppeliaSim:loadinfo]   plugin simRuckig: loading...
[CoppeliaSim:loadinfo]   plugin simRuckig: done.
Goal signal recieved..
Planning ...
Collision pairs set
goal state set
Using RRT Connect
task setup complete
solving task...
OMPL states:, 200.
path found
valid path found, generating trajectory...
Trajectory points:, 1000.
Duration:, 3.427547
excecuting path...
current error: , 0.076118
current error: , 0.076118
current error: , 0.010949
Final error:, 0.003016
Execution successful
[sandboxScript:info]   Simulation stopping...
[sandboxScript:info]   Simulation stopped.
[sandboxScript:info]   Simulation started.
[CoppeliaSim:warning]   Detected non-default settings (time steps and/or dyn. engine global settings).
[sandboxScript:info]   Simulation stopping...
[sandboxScript:info]   Simulation stopped.
[sandboxScript:info]   Simulation started.
[CoppeliaSim:warning]   Detected non-default settings (time steps and/or dyn. engine global settings).
Goal signal recieved..
Planning ...
Collision pairs set
goal state set
Using RRT Connect
task setup complete
solving task...
OMPL states:, 200.
path found
valid path found, generating trajectory...
Trajectory points:, 1000.
Duration:, 3.402503
excecuting path...
current error: , 0.013394
Final error:, 0.013394
Execution successful
Goal signal recieved..
Planning ...
Collision pairs set
goal state set
Using RRT Connect
task setup complete
solving task...
OMPL states:, 200.
path found
valid path found, generating trajectory...
Trajectory points:, 1000.
Duration:, 3.427846
excecuting path...
current error: , 0.047756
current error: , 0.047756
current error: , 0.004598
Final error:, 0.001467
Execution successful
Goal signal recieved..
Planning ...
Collision pairs set
goal state set
Using RRT Connect
task setup complete
solving task...
OMPL states:, 200.
path found
valid path found, generating trajectory...
Trajectory points:, 1000.
Duration:, 6.701378
excecuting path...
current error: , 0.001848
Final error:, 0.001848
Execution successful
Goal signal recieved..
Planning ...
Collision pairs set
goal state set
Using RRT Connect
task setup complete
solving task...
OMPL states:, 200.
path found
valid path found, generating trajectory...
Trajectory points:, 1000.
Duration:, 5.378902
excecuting path...
current error: , 0.001821
Final error:, 0.001821
Execution successful
Goal signal recieved..
Planning ...
Collision pairs set
goal state set
Using RRT Connect
task setup complete
solving task...
OMPL states:, 200.
path found
valid path found, generating trajectory...
Trajectory points:, 1000.
Duration:, 1.723733
excecuting path...
current error: , 0.003311
Final error:, 0.003311
Execution successful
Goal signal recieved..
Planning ...
Collision pairs set
goal state set
Using RRT Connect
task setup complete
solving task...
OMPL states:, 200.
path found
valid path found, generating trajectory...
Trajectory points:, 1000.
Duration:, 0.251956
excecuting path...
current error: , 0.002903
Final error:, 0.002903
Execution successful
Goal signal recieved..
Planning ...
Collision pairs set
goal state set
Using RRT Connect
task setup complete
solving task...
OMPL states:, 200.
path found
valid path found, generating trajectory...
Trajectory points:, 1000.
Duration:, 1.721136
excecuting path...
current error: , 0.001757
Final error:, 0.001757
Execution successful
Goal signal recieved..
Planning ...
Collision pairs set
goal state set
Using RRT Connect
task setup complete
solving task...
OMPL states:, 200.
path found
valid path found, generating trajectory...
Trajectory points:, 1000.
Duration:, 0.260144
excecuting path...
current error: , 0.00299
Final error:, 0.00299
Execution successful
Goal signal recieved..
Planning ...
Collision pairs set
goal state set
Using RRT Connect
task setup complete
solving task...
OMPL states:, 200.
path found
valid path found, generating trajectory...
Trajectory points:, 1000.
Duration:, 1.721618
excecuting path...
current error: , 0.002312
Final error:, 0.002312
Execution successful
Goal signal recieved..
Planning ...
Collision pairs set
goal state set
Using RRT Connect
task setup complete
solving task...
OMPL states:, 200.
path found
valid path found, generating trajectory...
Trajectory points:, 1000.
Duration:, 0.235991
excecuting path...
current error: , 0.003963
Final error:, 0.003963
Execution successful
Goal signal recieved..
Planning ...
Collision pairs set
goal state set
Using RRT Connect
task setup complete
solving task...
OMPL states:, 200.
path found
valid path found, generating trajectory...
Trajectory points:, 1000.
Duration:, 1.717541
excecuting path...
current error: , 0.003349
Final error:, 0.003349
Execution successful
Goal signal recieved..
Planning ...
Collision pairs set
goal state set
Using RRT Connect
task setup complete
solving task...
OMPL states:, 200.
path found
valid path found, generating trajectory...
Trajectory points:, 1000.
Duration:, 0.253007
excecuting path...
current error: , 0.003051
Final error:, 0.003051
Execution successful
Goal signal recieved..
Planning ...
Collision pairs set
goal state set
Using RRT Connect
task setup complete
solving task...
OMPL states:, 200.
path found
valid path found, generating trajectory...
Trajectory points:, 1000.
Duration:, 1.72259
excecuting path...
current error: , 0.00177
Final error:, 0.00177
Execution successful
Goal signal recieved..
Planning ...
Collision pairs set
goal state set
Using RRT Connect
task setup complete
solving task...
OMPL states:, 200.
path found
valid path found, generating trajectory...
Trajectory points:, 1000.
Duration:, 0.261669
excecuting path...
current error: , 0.002468
Final error:, 0.002468
Execution successful
Goal signal recieved..
Planning ...
Collision pairs set
goal state set
Using RRT Connect
task setup complete
solving task...
OMPL states:, 200.
path found
valid path found, generating trajectory...
Trajectory points:, 1000.
Duration:, 1.722305
excecuting path...
current error: , 0.003234
Final error:, 0.003234
Execution successful
Goal signal recieved..
Planning ...
Collision pairs set
goal state set
Using RRT Connect
task setup complete
solving task...
OMPL states:, 200.
path found
valid path found, generating trajectory...
Trajectory points:, 1000.
Duration:, 0.252264
excecuting path...
current error: , 0.001996
Final error:, 0.001996
Execution successful
Goal signal recieved..
Planning ...
Collision pairs set
goal state set
Using RRT Connect
task setup complete
solving task...
OMPL states:, 200.
path found
valid path found, generating trajectory...
Trajectory points:, 1000.
Duration:, 1.722761
excecuting path...
current error: , 0.002967
Final error:, 0.002967
Execution successful
Goal signal recieved..
Planning ...
Collision pairs set
goal state set
Using RRT Connect
task setup complete
solving task...
OMPL states:, 200.
path found
valid path found, generating trajectory...
Trajectory points:, 1000.
Duration:, 0.25606
excecuting path...
current error: , 0.002419
Final error:, 0.002419
Execution successful
Goal signal recieved..
Planning ...
Collision pairs set
goal state set
Using RRT Connect
task setup complete
solving task...
OMPL states:, 200.
path found
valid path found, generating trajectory...
Trajectory points:, 1000.
Duration:, 1.72288
excecuting path...
current error: , 0.002734
Final error:, 0.002734
Execution successful
Goal signal recieved..
Planning ...
Collision pairs set
goal state set
Using RRT Connect
task setup complete
solving task...
OMPL states:, 200.
path found
valid path found, generating trajectory...
Trajectory points:, 1000.
Duration:, 0.250452
excecuting path...
current error: , 0.002321
Final error:, 0.002321
Execution successful
Goal signal recieved..
Planning ...
Collision pairs set
goal state set
Using RRT Connect
task setup complete
solving task...
OMPL states:, 200.
path found
valid path found, generating trajectory...
Trajectory points:, 1000.
Duration:, 1.722825
excecuting path...
current error: , 0.003212
Final error:, 0.003212
Execution successful
Goal signal recieved..
Planning ...
Collision pairs set
goal state set
Using RRT Connect
task setup complete
solving task...
OMPL states:, 200.
path found
valid path found, generating trajectory...
Trajectory points:, 1000.
Duration:, 0.24677
excecuting path...
current error: , 0.002169
Final error:, 0.002169
Execution successful
Goal signal recieved..
Planning ...
Collision pairs set
goal state set
Using RRT Connect
task setup complete
solving task...
OMPL states:, 200.
path found
valid path found, generating trajectory...
Trajectory points:, 1000.
Duration:, 1.721863
excecuting path...
current error: , 0.002978
Final error:, 0.002978
Execution successful
Goal signal recieved..
Planning ...
Collision pairs set
goal state set
Using RRT Connect
task setup complete
solving task...
OMPL states:, 200.
path found
valid path found, generating trajectory...
Trajectory points:, 1000.
Duration:, 0.246528
excecuting path...
current error: , 0.001778
Final error:, 0.001778
Execution successful
Goal signal recieved..
Planning ...
Collision pairs set
goal state set
Using RRT Connect
task setup complete
solving task...
OMPL states:, 200.
path found
valid path found, generating trajectory...
Trajectory points:, 1000.
Duration:, 1.721711
excecuting path...
current error: , 0.002896
Final error:, 0.002896
Execution successful
Goal signal recieved..
Planning ...
Collision pairs set
goal state set
Using RRT Connect
task setup complete
solving task...
OMPL states:, 200.
path found
valid path found, generating trajectory...
Trajectory points:, 1000.
Duration:, 0.252718
excecuting path...
current error: , 0.001892
Final error:, 0.001892
Execution successful
Goal signal recieved..
Planning ...
Collision pairs set
goal state set
Using RRT Connect
task setup complete
solving task...
OMPL states:, 200.
path found
valid path found, generating trajectory...
Trajectory points:, 1000.
Duration:, 1.722177
excecuting path...
current error: , 0.002789
Final error:, 0.002789
Execution successful
Goal signal recieved..
Planning ...
Collision pairs set
goal state set
Using RRT Connect
task setup complete
solving task...
OMPL states:, 200.
path found
valid path found, generating trajectory...
Trajectory points:, 1000.
Duration:, 0.24711
excecuting path...
current error: , 0.001806
Final error:, 0.001806
Execution successful
Goal signal recieved..
Planning ...
Collision pairs set
goal state set
Using RRT Connect
task setup complete
solving task...
OMPL states:, 200.
path found
valid path found, generating trajectory...
Trajectory points:, 1000.
Duration:, 1.722077
excecuting path...
current error: , 0.002241
Final error:, 0.002241
Execution successful
Goal signal recieved..
Planning ...
Collision pairs set
goal state set
Using RRT Connect
task setup complete
solving task...
OMPL states:, 200.
path found
valid path found, generating trajectory...
Trajectory points:, 1000.
Duration:, 4.242456
excecuting path...
current error: , 0.928879
current error: , 0.928879
current error: , 0.784625
current error: , 0.640306
current error: , 0.496215
current error: , 0.352393
current error: , 0.209405
current error: , 0.073721
current error: , 0.006711
Final error:, 0.001265
Execution successful
[sandboxScript:info]   Simulation stopping...
[sandboxScript:info]   Simulation stopped.
[sandboxScript:info]   Simulation started.
[CoppeliaSim:warning]   Detected non-default settings (time steps and/or dyn. engine global settings).
Goal signal recieved..
Planning ...
Collision pairs set
goal state set
Using RRT Connect
task setup complete
solving task...
OMPL states:, 200.
path found
valid path found, generating trajectory...
Trajectory points:, 1000.
Duration:, 3.402913
excecuting path...
current error: , 0.014807
Final error:, 0.014807
Execution successful
Goal signal recieved..
Planning ...
Collision pairs set
goal state set
Using RRT Connect
task setup complete
solving task...
OMPL states:, 200.
path found
valid path found, generating trajectory...
Trajectory points:, 1000.
Duration:, 3.428027
excecuting path...
current error: , 0.048017
current error: , 0.048017
current error: , 0.004605
Final error:, 0.001328
Execution successful
[sandboxScript:info]   Simulation stopping...
[sandboxScript:info]   Simulation stopped.
[sandboxScript:info]   Simulation started.
[CoppeliaSim:warning]   Detected non-default settings (time steps and/or dyn. engine global settings).
Goal signal recieved..
Planning ...
Collision pairs set
goal state set
Using RRT Connect
task setup complete
solving task...
OMPL states:, 200.
path found
valid path found, generating trajectory...
Trajectory points:, 1000.
Duration:, 3.402683
excecuting path...
current error: , 0.014288
Final error:, 0.014288
Execution successful
Goal signal recieved..
Planning ...
Collision pairs set
goal state set
Using RRT Connect
task setup complete
solving task...
OMPL states:, 200.
path found
valid path found, generating trajectory...
Trajectory points:, 1000.
Duration:, 3.428161
excecuting path...
current error: , 0.077163
current error: , 0.077163
current error: , 0.011318
Final error:, 0.003071
Execution successful
Goal signal recieved..
Planning ...
Collision pairs set
goal state set
Using RRT Connect
task setup complete
solving task...
OMPL states:, 200.
path found
valid path found, generating trajectory...
Trajectory points:, 1000.
Duration:, 9.398332
excecuting path...
current error: , 0.002582
Final error:, 0.002582
Execution successful
Goal signal recieved..
Planning ...
Collision pairs set
goal state set
Using RRT Connect
task setup complete
solving task...
OMPL states:, 200.
path found
valid path found, generating trajectory...
Trajectory points:, 1000.
Duration:, 7.289884
excecuting path...
current error: , 0.001431
Final error:, 0.001431
Execution successful
[sandboxScript:info]   Simulation stopping...
[sandboxScript:info]   Simulation stopped.
[sandboxScript:info]   Simulation started.
[CoppeliaSim:warning]   Detected non-default settings (time steps and/or dyn. engine global settings).
Goal signal recieved..
Planning ...
Collision pairs set
goal state set
Using RRT Connect
task setup complete
solving task...
OMPL states:, 200.
path found
valid path found, generating trajectory...
Trajectory points:, 1000.
Duration:, 3.574722
excecuting path...
current error: , 0.100617
current error: , 0.100617
current error: , 0.017365
Final error:, 0.000484
Execution successful
Goal signal recieved..
Planning ...
Collision pairs set
goal state set
Using RRT Connect
task setup complete
solving task...
Goal signal recieved..
Planning ...
Collision pairs set
goal state set
Using RRT Connect
task setup complete
solving task...
OMPL states:, 200.
path found
valid path found, generating trajectory...
Trajectory points:, 1000.
Duration:, 7.832113
excecuting path...
current error: , 0.004303
Final error:, 0.004303
Execution successful
[sandboxScript:info]   Simulation stopping...
[sandboxScript:info]   Simulation stopped.
[sandboxScript:info]   Simulation started.
[CoppeliaSim:warning]   Detected non-default settings (time steps and/or dyn. engine global settings).
Goal signal recieved..
Planning ...
Collision pairs set
goal state set
Using RRT Connect
task setup complete
solving task...
OMPL states:, 200.
path found
valid path found, generating trajectory...
Trajectory points:, 1000.
Duration:, 3.402886
excecuting path...
current error: , 0.014143
Final error:, 0.014143
Execution successful
Goal signal recieved..
Planning ...
Collision pairs set
goal state set
Using RRT Connect
task setup complete
solving task...
OMPL states:, 200.
path found
valid path found, generating trajectory...
Trajectory points:, 1000.
Duration:, 3.42796
excecuting path...
current error: , 0.046993
current error: , 0.046993
current error: , 0.004388
Final error:, 0.001409
Execution successful
Goal signal recieved..
Planning ...
Collision pairs set
goal state set
Using RRT Connect
task setup complete
solving task...
Goal signal recieved..
Planning ...
Collision pairs set
goal state set
Using RRT Connect
task setup complete
solving task...
OMPL states:, 200.
path found
valid path found, generating trajectory...
Trajectory points:, 1000.
Duration:, 5.97584
excecuting path...
current error: , 0.003231
Final error:, 0.003231
Execution successful
Goal signal recieved..
Planning ...
Collision pairs set
goal state set
Using RRT Connect
task setup complete
solving task...
OMPL states:, 200.
path found
valid path found, generating trajectory...
Trajectory points:, 1000.
Duration:, 3.092773
excecuting path...
current error: , 0.001769
Final error:, 0.001769
Execution successful
Goal signal recieved..
Planning ...
Collision pairs set
goal state set
Using RRT Connect
task setup complete
solving task...
OMPL states:, 200.
path found
valid path found, generating trajectory...
Trajectory points:, 1000.
Duration:, 1.762859
excecuting path...
current error: , 0.001089
Final error:, 0.001089
Execution successful
Goal signal recieved..
Planning ...
Collision pairs set
goal state set
Using RRT Connect
task setup complete
solving task...
OMPL states:, 200.
path found
valid path found, generating trajectory...
Trajectory points:, 1000.
Duration:, 0.379003
excecuting path...
current error: , 0.005334
Final error:, 0.005334
Execution successful
Goal signal recieved..
Planning ...
Collision pairs set
goal state set
Using RRT Connect
task setup complete
solving task...
OMPL states:, 200.
path found
valid path found, generating trajectory...
Trajectory points:, 1000.
Duration:, 1.747666
excecuting path...
current error: , 0.002104
Final error:, 0.002104
Execution successful
Goal signal recieved..
Planning ...
Collision pairs set
goal state set
Using RRT Connect
task setup complete
solving task...
OMPL states:, 200.
path found
valid path found, generating trajectory...
Trajectory points:, 1000.
Duration:, 0.413311
excecuting path...
current error: , 0.002422
Final error:, 0.002422
Execution successful
Goal signal recieved..
Planning ...
Collision pairs set
goal state set
Using RRT Connect
task setup complete
solving task...
Goal signal recieved..
Planning ...
Collision pairs set
goal state set
Using RRT Connect
task setup complete
solving task...
OMPL states:, 200.
path found
valid path found, generating trajectory...
Trajectory points:, 1000.
Duration:, 6.252026
excecuting path...
current error: , 2.332285
current error: , 2.332285
current error: , 2.250785
current error: , 2.169561
current error: , 2.089429
current error: , 2.009864
current error: , 1.930441
current error: , 1.8489
current error: , 1.767462
current error: , 1.686572
current error: , 1.604386
current error: , 1.52112
current error: , 1.437559
current error: , 1.353962
current error: , 1.270364
current error: , 1.186678
current error: , 1.102922
current error: , 1.019239
current error: , 0.935638
current error: , 0.852197
current error: , 0.768657
current error: , 0.685419
current error: , 0.602304
current error: , 0.519315
current error: , 0.436142
current error: , 0.352821
current error: , 0.269765
current error: , 0.186606
current error: , 0.103368
current error: , 0.022461
current error: , 0.002065
Final error:, 0.001278
Execution successful
Goal signal recieved..
Planning ...
Collision pairs set
goal state set
Using RRT Connect
task setup complete
solving task...
OMPL states:, 200.
path found
valid path found, generating trajectory...
Trajectory points:, 1000.
Duration:, 0.387279
excecuting path...
current error: , 0.003088
Final error:, 0.003088
Execution successful
Goal signal recieved..
Planning ...
Collision pairs set
goal state set
Using RRT Connect
task setup complete
solving task...
OMPL states:, 200.
path found
valid path found, generating trajectory...
Trajectory points:, 1000.
Duration:, 5.355491
excecuting path...
current error: , 0.649382
current error: , 0.649382
current error: , 0.506506
current error: , 0.365751
current error: , 0.230737
current error: , 0.122061
current error: , 0.037305
current error: , 0.00343
Final error:, 0.001375
Execution successful
Goal signal recieved..
Planning ...
Collision pairs set
goal state set
Using RRT Connect
task setup complete
solving task...
OMPL states:, 200.
path found
valid path found, generating trajectory...
Trajectory points:, 1000.
Duration:, 0.380991
excecuting path...
current error: , 0.002905
Final error:, 0.002905
Execution successful
Goal signal recieved..
Planning ...
Collision pairs set
goal state set
Using RRT Connect
task setup complete
solving task...
OMPL states:, 200.
path found
valid path found, generating trajectory...
Trajectory points:, 1000.
Duration:, 1.750944
excecuting path...
current error: , 0.003686
Final error:, 0.003686
Execution successful
Goal signal recieved..
Planning ...
Collision pairs set
goal state set
Using RRT Connect
task setup complete
solving task...
OMPL states:, 200.
path found
valid path found, generating trajectory...
Trajectory points:, 1000.
Duration:, 0.378989
excecuting path...
current error: , 0.004297
Final error:, 0.004297
Execution successful
Goal signal recieved..
Planning ...
Collision pairs set
goal state set
Using RRT Connect
task setup complete
solving task...
OMPL states:, 200.
path found
valid path found, generating trajectory...
Trajectory points:, 1000.
Duration:, 1.741281
excecuting path...
current error: , 0.001456
Final error:, 0.001456
Execution successful
Goal signal recieved..
Planning ...
Collision pairs set
goal state set
Using RRT Connect
task setup complete
solving task...
OMPL states:, 200.
path found
valid path found, generating trajectory...
Trajectory points:, 1000.
Duration:, 0.36287
excecuting path...
current error: , 0.00333
Final error:, 0.00333
Execution successful
Goal signal recieved..
Planning ...
Collision pairs set
goal state set
Using RRT Connect
task setup complete
solving task...
OMPL states:, 200.
path found
valid path found, generating trajectory...
Trajectory points:, 1000.
Duration:, 1.75576
excecuting path...
current error: , 0.004057
Final error:, 0.004057
Execution successful
Goal signal recieved..
Planning ...
Collision pairs set
goal state set
Using RRT Connect
task setup complete
solving task...
OMPL states:, 200.
path found
valid path found, generating trajectory...
Trajectory points:, 1000.
Duration:, 0.41445
excecuting path...
current error: , 0.001882
Final error:, 0.001882
Execution successful
Goal signal recieved..
Planning ...
Collision pairs set
goal state set
Using RRT Connect
task setup complete
solving task...
OMPL states:, 200.
path found
valid path found, generating trajectory...
Trajectory points:, 1000.
Duration:, 1.752453
excecuting path...
current error: , 0.003864
Final error:, 0.003864
Execution successful
Goal signal recieved..
Planning ...
Collision pairs set
goal state set
Using RRT Connect
task setup complete
solving task...
OMPL states:, 200.
path found
valid path found, generating trajectory...
Trajectory points:, 1000.
Duration:, 0.359598
excecuting path...
current error: , 0.002931
Final error:, 0.002931
Execution successful
Goal signal recieved..
Planning ...
Collision pairs set
goal state set
Using RRT Connect
task setup complete
solving task...
OMPL states:, 200.
path found
valid path found, generating trajectory...
Trajectory points:, 1000.
Duration:, 1.744267
excecuting path...
current error: , 0.00328
Final error:, 0.00328
Execution successful
Goal signal recieved..
Planning ...
Collision pairs set
goal state set
Using RRT Connect
task setup complete
solving task...
OMPL states:, 200.
path found
valid path found, generating trajectory...
Trajectory points:, 1000.
Duration:, 0.349386
excecuting path...
current error: , 0.002788
Final error:, 0.002788
Execution successful
Goal signal recieved..
Planning ...
Collision pairs set
goal state set
Using RRT Connect
task setup complete
solving task...
OMPL states:, 200.
path found
valid path found, generating trajectory...
Trajectory points:, 1000.
Duration:, 1.749721
excecuting path...
current error: , 0.003571
Final error:, 0.003571
Execution successful
Goal signal recieved..
Planning ...
Collision pairs set
goal state set
Using RRT Connect
task setup complete
solving task...
OMPL states:, 200.
path found
valid path found, generating trajectory...
Trajectory points:, 1000.
Duration:, 0.37982
excecuting path...
current error: , 0.004103
Final error:, 0.004103
Execution successful
Goal signal recieved..
Planning ...
Collision pairs set
goal state set
Using RRT Connect
task setup complete
solving task...
OMPL states:, 200.
path found
valid path found, generating trajectory...
Trajectory points:, 1000.
Duration:, 1.74703
excecuting path...
current error: , 0.003478
Final error:, 0.003478
Execution successful
Goal signal recieved..
Planning ...
Collision pairs set
goal state set
Using RRT Connect
task setup complete
solving task...
OMPL states:, 200.
path found
valid path found, generating trajectory...
Trajectory points:, 1000.
Duration:, 0.360863
excecuting path...
current error: , 0.00318
Final error:, 0.00318
Execution successful
Goal signal recieved..
Planning ...
Collision pairs set
goal state set
Using RRT Connect
task setup complete
solving task...
OMPL states:, 200.
path found
valid path found, generating trajectory...
Trajectory points:, 1000.
Duration:, 1.749135
excecuting path...
current error: , 0.003693
Final error:, 0.003693
Execution successful
Goal signal recieved..
Planning ...
Collision pairs set
goal state set
Using RRT Connect
task setup complete
solving task...
OMPL states:, 200.
path found
valid path found, generating trajectory...
Trajectory points:, 1000.
Duration:, 0.375207
excecuting path...
current error: , 0.002519
Final error:, 0.002519
Execution successful
Goal signal recieved..
Planning ...
Collision pairs set
goal state set
Using RRT Connect
task setup complete
solving task...
OMPL states:, 200.
path found
valid path found, generating trajectory...
Trajectory points:, 1000.
Duration:, 1.748297
excecuting path...
current error: , 0.002093
Final error:, 0.002093
Execution successful
Goal signal recieved..
Planning ...
Collision pairs set
goal state set
Using RRT Connect
task setup complete
solving task...
OMPL states:, 200.
path found
valid path found, generating trajectory...
Trajectory points:, 1000.
Duration:, 0.376558
excecuting path...
current error: , 0.002613
Final error:, 0.002613
Execution successful
[sandboxScript:info]   Simulation stopping...
[sandboxScript:info]   Simulation stopped.
[sandboxScript:info]   Simulation started.
[CoppeliaSim:warning]   Detected non-default settings (time steps and/or dyn. engine global settings).
Goal signal recieved..
Planning ...
Collision pairs set
goal state set
Using RRT Connect
task setup complete
solving task...
OMPL states:, 200.
path found
valid path found, generating trajectory...
Trajectory points:, 1000.
Duration:, 3.402611
excecuting path...
current error: , 0.014348
Final error:, 0.014348
Execution successful
Goal signal recieved..
Planning ...
Collision pairs set
goal state set
Using RRT Connect
task setup complete
solving task...
OMPL states:, 200.
path found
valid path found, generating trajectory...
Trajectory points:, 1000.
Duration:, 3.75502
excecuting path...
current error: , 0.263784
current error: , 0.263784
current error: , 0.180069
current error: , 0.096353
current error: , 0.018832
Final error:, 0.003732
Execution successful
Goal signal recieved..
Planning ...
Collision pairs set
goal state set
Using RRT Connect
task setup complete
solving task...
OMPL states:, 200.
path found
valid path found, generating trajectory...
Trajectory points:, 1000.
Duration:, 3.753605
excecuting path...
current error: , 0.258418
current error: , 0.258418
current error: , 0.174633
current error: , 0.090876
current error: , 0.016282
Final error:, 0.003623
Execution successful
Goal signal recieved..
Planning ...
Collision pairs set
goal state set
Using RRT Connect
task setup complete
solving task...
OMPL states:, 200.
path found
valid path found, generating trajectory...
Trajectory points:, 1000.
Duration:, 8.40473
excecuting path...
current error: , 0.005617
Final error:, 0.005617
Execution successful
Goal signal recieved..
Planning ...
Collision pairs set
goal state set
Using RRT Connect
task setup complete
solving task...
OMPL states:, 200.
path found
valid path found, generating trajectory...
Trajectory points:, 1000.
Duration:, 3.343674
excecuting path...
current error: , 0.045658
current error: , 0.045658
current error: , 0.005915
Final error:, 0.003097
Execution successful
Goal signal recieved..
Planning ...
Collision pairs set
goal state set
Using RRT Connect
task setup complete
solving task...
OMPL states:, 200.
path found
valid path found, generating trajectory...
Trajectory points:, 1000.
Duration:, 5.309876
excecuting path...
current error: , 0.003298
Final error:, 0.003298
Execution successful
Goal signal recieved..
Planning ...
Collision pairs set
goal state set
Using RRT Connect
task setup complete
solving task...
OMPL states:, 200.
path found
valid path found, generating trajectory...
Trajectory points:, 1000.
Duration:, 3.335296
excecuting path...
current error: , 0.017215
Final error:, 0.017215
Execution successful
Goal signal recieved..
Planning ...
Collision pairs set
goal state set
Using RRT Connect
task setup complete
solving task...
OMPL states:, 200.
path found
valid path found, generating trajectory...
Trajectory points:, 1000.
Duration:, 7.982748
excecuting path...
current error: , 0.471887
current error: , 0.471887
current error: , 0.388165
current error: , 0.304472
current error: , 0.220732
current error: , 0.137052
current error: , 0.053363
current error: , 0.005155
Final error:, 0.001638
Execution successful
Goal signal recieved..
Planning ...
Collision pairs set
goal state set
Using RRT Connect
task setup complete
solving task...
OMPL states:, 200.
path found
valid path found, generating trajectory...
Trajectory points:, 1000.
Duration:, 3.331739
excecuting path...
current error: , 0.015
Final error:, 0.015
Execution successful
Goal signal recieved..
Planning ...
Collision pairs set
goal state set
Using RRT Connect
task setup complete
solving task...
OMPL states:, 200.
path found
valid path found, generating trajectory...
Trajectory points:, 1000.
Duration:, 3.33568
excecuting path...
current error: , 0.014192
Final error:, 0.014192
Execution successful
Goal signal recieved..
Planning ...
Collision pairs set
goal state set
Using RRT Connect
task setup complete
solving task...
OMPL states:, 200.
path found
valid path found, generating trajectory...
Trajectory points:, 1000.
Duration:, 3.335872
excecuting path...
current error: , 0.03585
current error: , 0.03585
current error: , 0.00475
Final error:, 0.002526
Execution successful
Goal signal recieved..
Planning ...
Collision pairs set
goal state set
Using RRT Connect
task setup complete
solving task...
OMPL states:, 200.
path found
valid path found, generating trajectory...
Trajectory points:, 1000.
Duration:, 3.338311
excecuting path...
current error: , 0.031077
current error: , 0.031077
current error: , 0.004208
Final error:, 0.002596
Execution successful
Goal signal recieved..
Planning ...
Collision pairs set
goal state set
Using RRT Connect
task setup complete
solving task...
OMPL states:, 200.
path found
valid path found, generating trajectory...
Trajectory points:, 1000.
Duration:, 3.337566
excecuting path...
current error: , 0.037323
current error: , 0.037323
current error: , 0.005162
Final error:, 0.002871
Execution successful
Goal signal recieved..
Planning ...
Collision pairs set
goal state set
Using RRT Connect
task setup complete
solving task...
OMPL states:, 200.
path found
valid path found, generating trajectory...
Trajectory points:, 1000.
Duration:, 4.864935
excecuting path...
current error: , 0.00411
Final error:, 0.00411
Execution successful
Goal signal recieved..
Planning ...
Collision pairs set
goal state set
Using RRT Connect
task setup complete
solving task...
OMPL states:, 200.
path found
valid path found, generating trajectory...
Trajectory points:, 1000.
Duration:, 3.337035
excecuting path...
current error: , 0.03648
current error: , 0.03648
current error: , 0.005013
Final error:, 0.002671
Execution successful
Goal signal recieved..
Planning ...
Collision pairs set
goal state set
Using RRT Connect
task setup complete
solving task...
OMPL states:, 200.
path found
valid path found, generating trajectory...
Trajectory points:, 1000.
Duration:, 10.064879
excecuting path...
current error: , 1.571111
current error: , 1.571111
current error: , 1.487424
current error: , 1.403702
current error: , 1.319983
current error: , 1.236281
current error: , 1.152588
current error: , 1.068893
current error: , 0.985172
current error: , 0.90147
current error: , 0.817749
current error: , 0.734042
current error: , 0.65028
current error: , 0.566575
current error: , 0.482847
current error: , 0.399187
current error: , 0.31548
current error: , 0.231795
current error: , 0.148096
current error: , 0.064404
current error: , 0.008062
Final error:, 0.00236
Execution successful
Goal signal recieved..
Planning ...
Collision pairs set
goal state set
Using RRT Connect
task setup complete
solving task...
OMPL states:, 200.
path found
valid path found, generating trajectory...
Trajectory points:, 1000.
Duration:, 3.337389
excecuting path...
current error: , 0.037354
current error: , 0.037354
current error: , 0.004915
Final error:, 0.00269
Execution successful
Goal signal recieved..
Planning ...
Collision pairs set
goal state set
Using RRT Connect
task setup complete
solving task...
OMPL states:, 200.
path found
valid path found, generating trajectory...
Trajectory points:, 1000.
Duration:, 3.336978
excecuting path...
current error: , 0.030278
current error: , 0.030278
current error: , 0.004089
Final error:, 0.002395
Execution successful
Goal signal recieved..
Planning ...
Collision pairs set
goal state set
Using RRT Connect
task setup complete
solving task...
OMPL states:, 200.
path found
valid path found, generating trajectory...
Trajectory points:, 1000.
Duration:, 3.336418
excecuting path...
current error: , 0.036098
current error: , 0.036098
current error: , 0.004679
Final error:, 0.002648
Execution successful
Goal signal recieved..
Planning ...
Collision pairs set
goal state set
Using RRT Connect
task setup complete
solving task...
OMPL states:, 200.
path found
valid path found, generating trajectory...
Trajectory points:, 1000.
Duration:, 3.336689
excecuting path...
current error: , 0.029714
current error: , 0.029714
current error: , 0.004256
Final error:, 0.002081
Execution successful
Goal signal recieved..
Planning ...
Collision pairs set
goal state set
Using RRT Connect
task setup complete
solving task...
OMPL states:, 200.
path found
valid path found, generating trajectory...
Trajectory points:, 1000.
Duration:, 3.33683
excecuting path...
current error: , 0.015618
Final error:, 0.015618
Execution successful
Goal signal recieved..
Planning ...
Collision pairs set
goal state set
Using RRT Connect
task setup complete
solving task...
OMPL states:, 200.
path found
valid path found, generating trajectory...
Trajectory points:, 1000.
Duration:, 3.333786
excecuting path...
current error: , 0.013628
Final error:, 0.013628
Execution successful
Goal signal recieved..
Planning ...
Collision pairs set
goal state set
Using RRT Connect
task setup complete
solving task...
OMPL states:, 200.
path found
valid path found, generating trajectory...
Trajectory points:, 1000.
Duration:, 3.333204
excecuting path...
current error: , 0.016457
Final error:, 0.016457
Execution successful
Goal signal recieved..
Planning ...
Collision pairs set
goal state set
Using RRT Connect
task setup complete
solving task...
OMPL states:, 200.
path found
valid path found, generating trajectory...
Trajectory points:, 1000.
Duration:, 3.337238
excecuting path...
current error: , 0.015466
Final error:, 0.015466
Execution successful
Goal signal recieved..
Planning ...
Collision pairs set
goal state set
Using RRT Connect
task setup complete
solving task...
OMPL states:, 200.
path found
valid path found, generating trajectory...
Trajectory points:, 1000.
Duration:, 3.338205
excecuting path...
current error: , 0.019316
Final error:, 0.019316
Execution successful
Goal signal recieved..
Planning ...
Collision pairs set
goal state set
Using RRT Connect
task setup complete
solving task...
OMPL states:, 200.
path found
valid path found, generating trajectory...
Trajectory points:, 1000.
Duration:, 6.306812
excecuting path...
current error: , 0.167029
current error: , 0.167029
current error: , 0.08328
current error: , 0.01233
Final error:, 0.002092
Execution successful
Goal signal recieved..
Planning ...
Collision pairs set
goal state set
Using RRT Connect
task setup complete
solving task...
OMPL states:, 200.
path found
valid path found, generating trajectory...
Trajectory points:, 1000.
Duration:, 3.337334
excecuting path...
current error: , 0.018673
Final error:, 0.018673
Execution successful
Goal signal recieved..
Planning ...
Collision pairs set
goal state set
Using RRT Connect
task setup complete
solving task...
OMPL states:, 200.
path found
valid path found, generating trajectory...
Trajectory points:, 1000.
Duration:, 3.335736
excecuting path...
current error: , 0.014678
Final error:, 0.014678
Execution successful
[sandboxScript:info]   Simulation stopping...
[sandboxScript:info]   Simulation stopped.
[sandboxScript:info]   Simulation started.
[CoppeliaSim:warning]   Detected non-default settings (time steps and/or dyn. engine global settings).
Goal signal recieved..
Planning ...
Collision pairs set
goal state set
Using RRT Connect
task setup complete
solving task...
OMPL states:, 200.
path found
valid path found, generating trajectory...
Trajectory points:, 1000.
Duration:, 3.574595
excecuting path...
current error: , 0.098884
current error: , 0.098884
current error: , 0.017297
Final error:, 0.001113
Execution successful
Goal signal recieved..
Planning ...
Collision pairs set
goal state set
Using RRT Connect
task setup complete
solving task...
OMPL states:, 200.
path found
valid path found, generating trajectory...
Trajectory points:, 1000.
Duration:, 4.867605
excecuting path...
current error: , 0.01488
Final error:, 0.01488
Execution successful
Goal signal recieved..
Planning ...
Collision pairs set
goal state set
Using RRT Connect
task setup complete
solving task...
OMPL states:, 200.
path found
valid path found, generating trajectory...
Trajectory points:, 1000.
Duration:, 3.220615
excecuting path...
current error: , 0.003591
Final error:, 0.003591
Execution successful
Goal signal recieved..
Planning ...
Collision pairs set
goal state set
Using RRT Connect
task setup complete
solving task...
OMPL states:, 200.
path found
valid path found, generating trajectory...
Trajectory points:, 1000.
Duration:, 3.427382
excecuting path...
current error: , 0.075409
current error: , 0.075409
current error: , 0.010783
Final error:, 0.002842
Execution successful
[sandboxScript:info]   Simulation stopping...
[sandboxScript:info]   Simulation stopped.
[sandboxScript:info]   Simulation started.
[CoppeliaSim:warning]   Detected non-default settings (time steps and/or dyn. engine global settings).
[sandboxScript:info]   Simulation stopping...
[sandboxScript:info]   Simulation stopped.
[sandboxScript:info]   Simulation started.
[CoppeliaSim:warning]   Detected non-default settings (time steps and/or dyn. engine global settings).
Goal signal recieved..
Planning ...
Collision pairs set
goal state set
Using RRT Connect
task setup complete
solving task...
OMPL states:, 200.
path found
valid path found, generating trajectory...
Trajectory points:, 1000.
Duration:, 3.40237
excecuting path...
current error: , 0.014513
Final error:, 0.014513
Execution successful
Goal signal recieved..
Planning ...
Collision pairs set
goal state set
Using RRT Connect
task setup complete
solving task...
OMPL states:, 200.
path found
valid path found, generating trajectory...
Trajectory points:, 1000.
Duration:, 3.4271
excecuting path...
current error: , 0.07444
current error: , 0.07444
current error: , 0.010533
Final error:, 0.002935
Execution successful
Goal signal recieved..
Planning ...
Collision pairs set
goal state set
Using RRT Connect
task setup complete
solving task...
OMPL states:, 200.
path found
valid path found, generating trajectory...
Trajectory points:, 1000.
Duration:, 8.990215
excecuting path...
current error: , 0.218387
current error: , 0.218387
current error: , 0.117506
current error: , 0.0331
current error: , 0.002796
Final error:, 0.000887
Execution successful
Goal signal recieved..
Planning ...
Collision pairs set
goal state set
Using RRT Connect
task setup complete
solving task...
OMPL states:, 200.
path found
valid path found, generating trajectory...
Trajectory points:, 1000.
Duration:, 5.860719
excecuting path...
current error: , 0.218374
current error: , 0.218374
current error: , 0.113386
current error: , 0.028763
current error: , 0.003887
Final error:, 0.002467
Execution successful
Goal signal recieved..
Planning ...
Collision pairs set
goal state set
Using RRT Connect
task setup complete
solving task...
OMPL states:, 200.
path found
valid path found, generating trajectory...
Trajectory points:, 1000.
Duration:, 9.58172
excecuting path...
current error: , 1.710465
current error: , 1.710465
current error: , 1.626753
current error: , 1.542991
current error: , 1.459288
current error: , 1.37585
current error: , 1.293372
current error: , 1.214459
current error: , 1.135369
current error: , 1.056571
current error: , 0.978059
current error: , 0.900293
current error: , 0.823525
current error: , 0.748807
current error: , 0.674658
current error: , 0.603653
current error: , 0.534752
current error: , 0.473026
current error: , 0.41667
current error: , 0.371694
current error: , 0.343805
current error: , 0.330174
current error: , 0.341094
current error: , 0.346538
current error: , 0.343071
current error: , 0.34989
current error: , 0.345744
current error: , 0.348456
current error: , 0.347696
current error: , 0.345908
current error: , 0.34718
current error: , 0.35137
current error: , 0.346313
current error: , 0.349285
current error: , 0.34919
current error: , 0.347388
current error: , 0.350561
current error: , 0.350106
current error: , 0.345805
current error: , 0.34486
current error: , 0.346388
current error: , 0.346591
current error: , 0.34701
current error: , 0.347733
current error: , 0.347087
current error: , 0.355294
current error: , 0.349679
current error: , 0.348465
current error: , 0.350658
current error: , 0.348026
current error: , 0.347866
current error: , 0.345216
current error: , 0.341205
current error: , 0.352675
current error: , 0.34857
current error: , 0.347399
current error: , 0.355011
current error: , 0.349909
current error: , 0.348778
current error: , 0.349896
current error: , 0.346501
current error: , 0.346583
current error: , 0.34981
current error: , 0.348211
current error: , 0.349783
current error: , 0.348908
current error: , 0.346665
current error: , 0.349042
current error: , 0.349713
current error: , 0.34808
current error: , 0.350098
current error: , 0.349303
current error: , 0.348855
current error: , 0.349177
current error: , 0.344485
current error: , 0.347626
current error: , 0.34329
current error: , 0.350821
current error: , 0.346442
current error: , 0.347445
current error: , 0.351733
current error: , 0.346353
current error: , 0.347582
current error: , 0.348979
current error: , 0.353604
current error: , 0.350595
current error: , 0.350813
current error: , 0.345679
current error: , 0.348691
current error: , 0.34949
current error: , 0.347327
current error: , 0.347257
current error: , 0.345348
current error: , 0.347321
current error: , 0.34977
current error: , 0.347524
current error: , 0.351117
current error: , 0.347025
current error: , 0.349855
current error: , 0.350634
current error: , 0.349229
current error: , 0.347426
current error: , 0.34609
current error: , 0.349204
current error: , 0.350157
current error: , 0.350479
current error: , 0.34526
current error: , 0.350216
current error: , 0.346382
current error: , 0.351889
current error: , 0.348964
current error: , 0.350187
current error: , 0.349389
current error: , 0.351243
current error: , 0.346925
current error: , 0.349784
current error: , 0.350401
current error: , 0.345322
current error: , 0.35141
current error: , 0.350922
current error: , 0.349357
current error: , 0.351281
current error: , 0.350646
current error: , 0.34817
current error: , 0.347837
current error: , 0.350169
current error: , 0.346091
current error: , 0.350467
current error: , 0.348363
current error: , 0.347523
current error: , 0.350815
current error: , 0.343366
current error: , 0.34892
current error: , 0.3498
current error: , 0.348805
current error: , 0.350432
current error: , 0.345709
current error: , 0.346603
current error: , 0.350277
current error: , 0.3466
current error: , 0.352885
current error: , 0.348003
current error: , 0.346182
current error: , 0.346307
current error: , 0.348711
current error: , 0.346621
current error: , 0.348266
current error: , 0.348929
current error: , 0.346604
current error: , 0.34776
current error: , 0.346037
current error: , 0.347423
current error: , 0.348112
current error: , 0.350689
current error: , 0.352373
current error: , 0.350147
current error: , 0.348208
current error: , 0.348437
current error: , 0.345462
current error: , 0.35047
current error: , 0.344485
current error: , 0.345864
current error: , 0.345234
current error: , 0.346111
current error: , 0.346967
current error: , 0.34893
current error: , 0.345047
current error: , 0.348129
current error: , 0.348712
current error: , 0.344468
current error: , 0.346072
current error: , 0.345048
current error: , 0.344353
current error: , 0.346093
current error: , 0.344586
current error: , 0.3454
current error: , 0.347679
current error: , 0.346671
current error: , 0.343968
current error: , 0.34526
current error: , 0.347317
current error: , 0.346249
current error: , 0.345224
current error: , 0.346862
current error: , 0.352001
current error: , 0.349367
current error: , 0.345598
current error: , 0.342902
current error: , 0.343371
current error: , 0.345679
current error: , 0.34383
current error: , 0.346908
current error: , 0.347948
current error: , 0.345087
current error: , 0.346944
current error: , 0.345231
current error: , 0.343856
current error: , 0.346057
current error: , 0.345548
current error: , 0.344422
current error: , 0.346433
current error: , 0.345479
current error: , 0.343886
current error: , 0.344595
current error: , 0.343041
current error: , 0.345906
current error: , 0.344922
current error: , 0.344684
current error: , 0.346992
current error: , 0.347859
current error: , 0.350107
current error: , 0.346352
current error: , 0.347439
current error: , 0.347428
current error: , 0.349121
current error: , 0.347747
current error: , 0.347879
current error: , 0.346178
current error: , 0.346645
current error: , 0.345245
current error: , 0.344196
current error: , 0.347186
current error: , 0.343485
current error: , 0.34609
current error: , 0.347332
current error: , 0.345392
current error: , 0.345955
current error: , 0.345774
current error: , 0.344948
current error: , 0.346763
current error: , 0.344947
current error: , 0.344762
current error: , 0.34895
current error: , 0.350083
current error: , 0.345475
current error: , 0.343865
current error: , 0.346226
current error: , 0.346992
current error: , 0.34584
current error: , 0.3475
current error: , 0.345145
current error: , 0.345694
current error: , 0.346862
current error: , 0.343954
current error: , 0.350217
current error: , 0.347265
current error: , 0.347147
current error: , 0.347759
current error: , 0.343543
current error: , 0.34597
current error: , 0.345042
current error: , 0.346532
current error: , 0.349372
current error: , 0.345339
current error: , 0.345478
current error: , 0.344551
current error: , 0.347117
current error: , 0.347538
current error: , 0.345435
current error: , 0.348583
current error: , 0.346739
current error: , 0.345447
current error: , 0.344679
current error: , 0.344316
current error: , 0.346888
current error: , 0.345693
current error: , 0.344323
current error: , 0.346501
current error: , 0.344871
current error: , 0.346652
current error: , 0.3472
current error: , 0.345653
current error: , 0.347946
current error: , 0.348009
current error: , 0.344282
current error: , 0.344338
current error: , 0.345967
current error: , 0.346263
current error: , 0.346575
current error: , 0.345096
current error: , 0.346667
current error: , 0.345984
current error: , 0.345844
current error: , 0.347148
current error: , 0.346846
current error: , 0.346599
current error: , 0.346754
current error: , 0.34551
current error: , 0.345143
current error: , 0.343158
current error: , 0.345893
current error: , 0.343026
current error: , 0.346235
current error: , 0.343199
current error: , 0.345123
current error: , 0.346471
current error: , 0.347657
current error: , 0.343752
current error: , 0.344008
current error: , 0.347191
current error: , 0.346592
current error: , 0.346193
current error: , 0.347043
current error: , 0.34478
current error: , 0.34522
current error: , 0.345782
current error: , 0.34497
current error: , 0.345907
current error: , 0.343388
current error: , 0.344689
current error: , 0.343564
current error: , 0.346076
current error: , 0.346773
current error: , 0.345097
current error: , 0.346662
current error: , 0.346449
current error: , 0.347624
current error: , 0.346738
current error: , 0.346353
current error: , 0.346614
current error: , 0.34419
current error: , 0.347519
current error: , 0.346743
current error: , 0.349608
current error: , 0.345756
current error: , 0.345878
current error: , 0.346211
current error: , 0.344805
current error: , 0.343985
current error: , 0.346902
current error: , 0.343877
current error: , 0.349271
current error: , 0.347337
current error: , 0.345427
current error: , 0.348469
current error: , 0.346433
current error: , 0.34608
current error: , 0.347351
current error: , 0.348043
current error: , 0.347762
current error: , 0.346738
current error: , 0.347424
current error: , 0.347226
current error: , 0.347546
current error: , 0.347293
current error: , 0.346852
current error: , 0.347447
current error: , 0.345509
current error: , 0.345332
current error: , 0.348032
current error: , 0.345654
current error: , 0.349025
current error: , 0.345794
current error: , 0.345839
current error: , 0.347123
current error: , 0.349106
current error: , 0.347705
current error: , 0.345691
current error: , 0.345541
current error: , 0.348701
current error: , 0.345995
current error: , 0.347619
current error: , 0.346111
current error: , 0.348586
current error: , 0.347918
current error: , 0.348608
current error: , 0.346163
current error: , 0.345884
current error: , 0.349113
current error: , 0.347956
current error: , 0.349154
current error: , 0.347434
current error: , 0.348267
current error: , 0.350354
current error: , 0.347095
current error: , 0.346135
current error: , 0.347591
current error: , 0.347035
current error: , 0.345525
current error: , 0.345654
current error: , 0.347349
current error: , 0.346116
current error: , 0.34526
current error: , 0.347685
current error: , 0.347568
current error: , 0.347418
current error: , 0.348214
current error: , 0.346867
current error: , 0.346801
current error: , 0.34795
current error: , 0.346582
current error: , 0.345611
current error: , 0.347432
current error: , 0.345487
current error: , 0.347333
current error: , 0.345265
current error: , 0.347945
current error: , 0.347679
current error: , 0.34699
current error: , 0.348361
current error: , 0.347661
current error: , 0.34827
current error: , 0.34718
current error: , 0.347535
current error: , 0.345074
current error: , 0.347399
current error: , 0.348635
current error: , 0.350111
current error: , 0.344932
current error: , 0.349427
current error: , 0.346336
current error: , 0.350284
current error: , 0.347427
current error: , 0.349039
current error: , 0.346752
current error: , 0.34769
current error: , 0.347527
current error: , 0.348102
current error: , 0.349462
current error: , 0.346272
current error: , 0.347291
current error: , 0.345629
current error: , 0.347979
current error: , 0.349232
current error: , 0.34747
current error: , 0.348493
current error: , 0.348685
current error: , 0.348339
current error: , 0.345184
current error: , 0.348067
current error: , 0.349391
current error: , 0.348618
current error: , 0.34778
current error: , 0.347936
current error: , 0.348511
current error: , 0.348625
current error: , 0.34591
current error: , 0.347022
current error: , 0.347294
current error: , 0.348292
current error: , 0.347079
current error: , 0.348773
current error: , 0.347126
current error: , 0.347261
current error: , 0.347711
current error: , 0.34739
current error: , 0.347838
current error: , 0.348379
current error: , 0.349157
current error: , 0.348318
current error: , 0.34591
current error: , 0.3458
current error: , 0.347289
current error: , 0.346423
current error: , 0.348399
current error: , 0.345749
current error: , 0.349191
current error: , 0.347913
current error: , 0.34532
current error: , 0.346461
current error: , 0.345967
current error: , 0.348086
current error: , 0.345914
current error: , 0.347842
current error: , 0.348137
current error: , 0.347035
current error: , 0.349929
current error: , 0.348057
current error: , 0.347507
current error: , 0.347996
current error: , 0.347784
current error: , 0.346048
current error: , 0.349381
current error: , 0.347461
current error: , 0.347067
current error: , 0.347454
current error: , 0.349271
current error: , 0.347111
current error: , 0.346734
current error: , 0.348267
current error: , 0.349003
current error: , 0.348829
current error: , 0.34779
current error: , 0.348869
current error: , 0.348867
current error: , 0.349281
current error: , 0.346008
current error: , 0.345228
current error: , 0.348229
current error: , 0.350669
current error: , 0.349019
current error: , 0.349324
current error: , 0.34712
current error: , 0.351066
current error: , 0.346091
current error: , 0.348837
current error: , 0.349418
current error: , 0.349333
current error: , 0.347872
current error: , 0.348915
current error: , 0.350075
current error: , 0.350237
current error: , 0.347254
current error: , 0.348855
current error: , 0.348228
current error: , 0.344971
current error: , 0.348602
current error: , 0.349626
current error: , 0.348121
current error: , 0.348071
current error: , 0.346281
current error: , 0.346474
current error: , 0.347742
current error: , 0.348619
current error: , 0.349753
current error: , 0.347465
current error: , 0.348944
current error: , 0.347251
current error: , 0.349476
current error: , 0.346795
current error: , 0.350567
current error: , 0.349742
current error: , 0.348859
current error: , 0.350743
current error: , 0.34616
current error: , 0.348602
current error: , 0.34986
current error: , 0.348509
current error: , 0.35166
current error: , 0.350184
current error: , 0.347488
current error: , 0.350404
current error: , 0.348496
current error: , 0.346854
current error: , 0.349193
current error: , 0.348938
current error: , 0.350056
current error: , 0.350803
current error: , 0.348192
current error: , 0.349707
current error: , 0.347884
current error: , 0.350473
current error: , 0.346397
current error: , 0.348705
current error: , 0.348902
current error: , 0.349915
current error: , 0.347276
current error: , 0.347977
current error: , 0.351559
current error: , 0.348589
current error: , 0.348068
current error: , 0.348603
current error: , 0.348074
current error: , 0.348918
current error: , 0.347473
current error: , 0.347521
current error: , 0.349922
current error: , 0.347867
current error: , 0.349063
current error: , 0.347734
current error: , 0.347247
current error: , 0.348851
current error: , 0.348655
current error: , 0.348212
current error: , 0.349155
current error: , 0.350064
current error: , 0.347988
current error: , 0.349793
current error: , 0.348166
current error: , 0.34723
current error: , 0.350838
current error: , 0.347968
current error: , 0.350424
current error: , 0.34927
current error: , 0.348724
current error: , 0.349276
current error: , 0.350266
current error: , 0.348279
current error: , 0.348275
current error: , 0.349613
current error: , 0.350721
current error: , 0.34903
current error: , 0.348132
current error: , 0.350665
current error: , 0.348362
current error: , 0.349963
current error: , 0.351636
current error: , 0.350775
current error: , 0.350404
current error: , 0.347197
current error: , 0.349102
current error: , 0.348994
current error: , 0.346774
current error: , 0.350781
current error: , 0.349812
current error: , 0.350842
current error: , 0.351933
current error: , 0.349907
current error: , 0.348689
current error: , 0.348305
current error: , 0.35017
current error: , 0.349578
current error: , 0.349595
current error: , 0.350512
current error: , 0.351291
current error: , 0.34961
current error: , 0.350489
current error: , 0.351365
current error: , 0.349385
current error: , 0.351896
current error: , 0.349531
current error: , 0.351027
current error: , 0.348502
current error: , 0.350987
current error: , 0.348643
current error: , 0.349567
current error: , 0.349126
current error: , 0.352022
current error: , 0.349634
current error: , 0.350941
current error: , 0.347697
current error: , 0.349537
current error: , 0.349548
current error: , 0.349329
current error: , 0.349342
current error: , 0.351145
current error: , 0.349846
current error: , 0.350772
current error: , 0.348905
current error: , 0.349316
current error: , 0.349845
current error: , 0.350422
current error: , 0.349807
current error: , 0.351887
current error: , 0.349238
current error: , 0.350221
current error: , 0.348949
current error: , 0.350886
current error: , 0.350156
current error: , 0.349752
current error: , 0.351172
current error: , 0.350277
current error: , 0.350304
current error: , 0.350238
current error: , 0.350545
current error: , 0.35131
current error: , 0.350283
current error: , 0.349726
current error: , 0.35107
current error: , 0.348313
current error: , 0.350476
current error: , 0.350802
current error: , 0.349752
current error: , 0.349982
current error: , 0.350152
current error: , 0.351629
current error: , 0.3506
current error: , 0.350073
current error: , 0.349329
current error: , 0.349719
current error: , 0.351157
current error: , 0.35044
current error: , 0.351803
current error: , 0.348947
current error: , 0.348935
current error: , 0.349191
current error: , 0.350786
current error: , 0.351328
current error: , 0.349803
current error: , 0.350293
current error: , 0.350722
current error: , 0.349455
current error: , 0.35006
current error: , 0.349653
current error: , 0.348918
current error: , 0.349276
current error: , 0.350184
current error: , 0.351869
current error: , 0.350698
current error: , 0.349922
current error: , 0.35095
current error: , 0.35038
current error: , 0.351496
current error: , 0.349207
current error: , 0.349828
current error: , 0.348887
current error: , 0.349266
current error: , 0.349108
current error: , 0.350398
current error: , 0.349367
current error: , 0.349391
current error: , 0.352079
current error: , 0.351002
current error: , 0.349716
current error: , 0.350878
current error: , 0.348291
current error: , 0.349881
current error: , 0.349788
current error: , 0.351277
current error: , 0.351215
current error: , 0.349982
current error: , 0.348611
current error: , 0.350046
current error: , 0.350308
current error: , 0.351439
current error: , 0.349687
current error: , 0.352651
current error: , 0.34888
current error: , 0.350417
current error: , 0.350483
current error: , 0.349715
current error: , 0.349001
current error: , 0.351318
current error: , 0.348578
current error: , 0.350821
current error: , 0.350037
current error: , 0.349171
current error: , 0.349234
current error: , 0.34799
current error: , 0.352007
current error: , 0.348348
current error: , 0.349182
current error: , 0.351581
current error: , 0.350791
current error: , 0.351164
current error: , 0.351265
current error: , 0.349835
current error: , 0.350558
current error: , 0.351447
current error: , 0.351678
current error: , 0.350685
current error: , 0.348506
current error: , 0.349594
current error: , 0.351272
current error: , 0.350369
current error: , 0.351922
current error: , 0.35245
current error: , 0.351688
current error: , 0.352243
current error: , 0.35025
current error: , 0.349864
current error: , 0.350899
current error: , 0.34996
current error: , 0.348962
current error: , 0.35115
current error: , 0.349965
current error: , 0.352399
current error: , 0.350073
current error: , 0.350267
current error: , 0.352106
current error: , 0.35046
current error: , 0.350665
current error: , 0.349429
current error: , 0.349498
current error: , 0.351956
current error: , 0.350816
current error: , 0.350642
current error: , 0.351025
current error: , 0.350535
current error: , 0.351986
current error: , 0.348704
current error: , 0.351047
current error: , 0.351236
current error: , 0.351642
current error: , 0.351706
current error: , 0.349105
current error: , 0.353192
current error: , 0.350744
current error: , 0.349396
current error: , 0.351895
current error: , 0.350522
current error: , 0.350414
current error: , 0.352788
current error: , 0.350031
current error: , 0.350728
current error: , 0.351518
current error: , 0.350924
current error: , 0.352549
current error: , 0.351328
current error: , 0.348967
current error: , 0.350841
current error: , 0.351131
current error: , 0.352348
current error: , 0.351204
current error: , 0.350268
current error: , 0.350764
current error: , 0.352094
current error: , 0.353703
current error: , 0.349868
current error: , 0.350201
current error: , 0.350217
current error: , 0.351756
current error: , 0.349504
current error: , 0.34977
current error: , 0.350562
current error: , 0.349838
current error: , 0.351611
current error: , 0.350038
current error: , 0.348392
current error: , 0.351312
current error: , 0.349939
current error: , 0.35128
current error: , 0.35111
current error: , 0.352283
current error: , 0.350579
current error: , 0.352673
current error: , 0.350298
current error: , 0.352373
current error: , 0.352374
current error: , 0.350793
current error: , 0.350915
current error: , 0.350407
current error: , 0.35025
current error: , 0.350233
current error: , 0.352857
current error: , 0.34985
current error: , 0.349706
current error: , 0.349684
current error: , 0.351713
current error: , 0.351916
current error: , 0.352277
current error: , 0.351824
current error: , 0.349368
current error: , 0.351557
current error: , 0.351877
current error: , 0.352099
current error: , 0.350605
current error: , 0.349816
current error: , 0.349842
current error: , 0.352661
current error: , 0.35029
current error: , 0.352854
current error: , 0.35259
current error: , 0.352333
current error: , 0.350714
current error: , 0.351553
current error: , 0.351986
current error: , 0.351769
current error: , 0.352373
current error: , 0.351595
current error: , 0.35098
current error: , 0.350999
current error: , 0.351398
current error: , 0.354554
current error: , 0.352223
current error: , 0.351683
current error: , 0.351141
current error: , 0.351072
current error: , 0.3504
current error: , 0.351732
current error: , 0.352625
current error: , 0.351211
current error: , 0.35298
current error: , 0.351565
current error: , 0.351853
current error: , 0.35152
current error: , 0.352184
current error: , 0.352425
current error: , 0.352943
current error: , 0.349855
current error: , 0.352806
current error: , 0.350172
current error: , 0.351812
current error: , 0.351088
current error: , 0.351575
current error: , 0.349136
current error: , 0.350826
current error: , 0.35066
current error: , 0.349
current error: , 0.350729
current error: , 0.351531
current error: , 0.351728
current error: , 0.350967
current error: , 0.352018
current error: , 0.352959
current error: , 0.350825
current error: , 0.352345
current error: , 0.351783
current error: , 0.350168
current error: , 0.351527
current error: , 0.351599
current error: , 0.350813
current error: , 0.353125
current error: , 0.352205
current error: , 0.351722
current error: , 0.35272
current error: , 0.35212
current error: , 0.351127
current error: , 0.349716
current error: , 0.352782
current error: , 0.350829
current error: , 0.351872
current error: , 0.351573
current error: , 0.35305
current error: , 0.35124
current error: , 0.350945
current error: , 0.350681
current error: , 0.351789
current error: , 0.353002
current error: , 0.353647
current error: , 0.349503
current error: , 0.352378
current error: , 0.350486
current error: , 0.354482
current error: , 0.3509
current error: , 0.351958
current error: , 0.349144
current error: , 0.351523
current error: , 0.354389
current error: , 0.350282
current error: , 0.351537
current error: , 0.352988
current error: , 0.35285
current error: , 0.350525
current error: , 0.350434
current error: , 0.351872
current error: , 0.35168
current error: , 0.353217
current error: , 0.352198
current error: , 0.35048
current error: , 0.351353
current error: , 0.351598
current error: , 0.351298
current error: , 0.350988
current error: , 0.352077
current error: , 0.350656
current error: , 0.353811
current error: , 0.353467
current error: , 0.35365
current error: , 0.352698
current error: , 0.353967
current error: , 0.352106
current error: , 0.350981
current error: , 0.35156
current error: , 0.351535
current error: , 0.355489
current error: , 0.351679
current error: , 0.351312
current error: , 0.350832
current error: , 0.351822
current error: , 0.353708
current error: , 0.352091
current error: , 0.351337
current error: , 0.352435
current error: , 0.352754
current error: , 0.350166
current error: , 0.352864
current error: , 0.351321
current error: , 0.353094
current error: , 0.34935
current error: , 0.352887
current error: , 0.352408
current error: , 0.351598
current error: , 0.352092
current error: , 0.35194
current error: , 0.352542
current error: , 0.353437
current error: , 0.352894
current error: , 0.351307
current error: , 0.352582
current error: , 0.350971
current error: , 0.351292
current error: , 0.352469
current error: , 0.353464
current error: , 0.354531
current error: , 0.353617
current error: , 0.353568
current error: , 0.35247
current error: , 0.352956
current error: , 0.352031
current error: , 0.352425
current error: , 0.350889
current error: , 0.351
current error: , 0.352128
current error: , 0.352903
current error: , 0.350297
current error: , 0.352803
current error: , 0.350016
current error: , 0.35157
current error: , 0.350969
current error: , 0.352724
current error: , 0.353529
current error: , 0.351893
current error: , 0.352315
current error: , 0.351142
current error: , 0.352724
current error: , 0.350455
current error: , 0.352606
current error: , 0.351797
current error: , 0.351864
current error: , 0.352582
current error: , 0.351954
current error: , 0.353332
current error: , 0.353479
current error: , 0.353001
current error: , 0.351563
current error: , 0.350863
current error: , 0.352493
current error: , 0.354064
current error: , 0.352318
current error: , 0.352958
current error: , 0.351923
current error: , 0.352254
current error: , 0.351585
current error: , 0.353234
current error: , 0.353444
current error: , 0.354057
current error: , 0.352127
current error: , 0.352984
current error: , 0.352876
current error: , 0.352918
current error: , 0.351334
current error: , 0.353296
current error: , 0.353004
current error: , 0.352891
current error: , 0.352859
current error: , 0.354165
current error: , 0.351755
current error: , 0.352754
current error: , 0.354294
current error: , 0.350931
current error: , 0.351968
current error: , 0.352896
current error: , 0.35187
current error: , 0.353494
current error: , 0.352387
current error: , 0.353268
current error: , 0.352524
current error: , 0.350451
current error: , 0.350742
current error: , 0.350932
current error: , 0.351831
current error: , 0.352924
current error: , 0.350671
current error: , 0.350989
current error: , 0.353329
current error: , 0.352825
current error: , 0.351951
current error: , 0.352663
current error: , 0.35353
current error: , 0.353874
current error: , 0.352654
current error: , 0.352007
current error: , 0.353068
current error: , 0.353512
current error: , 0.352656
current error: , 0.352837
current error: , 0.351004
current error: , 0.352481
current error: , 0.353924
current error: , 0.352906
current error: , 0.353187
current error: , 0.354398
current error: , 0.352169
current error: , 0.354173
current error: , 0.354216
current error: , 0.353491
current error: , 0.35448
current error: , 0.351419
current error: , 0.352687
current error: , 0.351933
current error: , 0.353763
current error: , 0.350999
current error: , 0.351968
current error: , 0.353537
current error: , 0.354113
current error: , 0.352707
current error: , 0.353916
current error: , 0.35196
current error: , 0.352963
current error: , 0.352321
current error: , 0.352714
current error: , 0.352552
current error: , 0.353585
current error: , 0.351391
current error: , 0.352056
current error: , 0.354598
current error: , 0.353093
current error: , 0.352735
current error: , 0.352296
current error: , 0.352851
current error: , 0.353474
current error: , 0.351389
current error: , 0.353017
current error: , 0.352266
current error: , 0.353041
current error: , 0.350075
current error: , 0.353663
current error: , 0.353203
current error: , 0.353882
current error: , 0.353232
current error: , 0.352166
current error: , 0.353126
current error: , 0.353032
current error: , 0.352313
current error: , 0.353339
current error: , 0.35239
current error: , 0.353181
current error: , 0.353709
current error: , 0.353181
current error: , 0.353867
current error: , 0.354054
current error: , 0.353033
current error: , 0.353872
current error: , 0.353565
current error: , 0.351468
current error: , 0.352047
current error: , 0.351837
current error: , 0.352356
current error: , 0.354751
current error: , 0.354244
current error: , 0.352955
current error: , 0.351685
current error: , 0.354315
current error: , 0.354767
current error: , 0.354769
current error: , 0.352452
current error: , 0.353394
current error: , 0.353609
current error: , 0.353291
current error: , 0.351037
current error: , 0.352394
current error: , 0.352921
current error: , 0.352594
current error: , 0.352077
current error: , 0.35321
current error: , 0.353597
current error: , 0.353116
current error: , 0.354274
current error: , 0.353769
current error: , 0.35415
current error: , 0.354044
current error: , 0.351958
current error: , 0.352123
current error: , 0.351328
current error: , 0.353796
current error: , 0.352778
current error: , 0.354831
current error: , 0.35206
current error: , 0.352438
current error: , 0.353671
current error: , 0.352337
current error: , 0.354067
current error: , 0.352495
current error: , 0.351915
current error: , 0.354111
current error: , 0.352707
current error: , 0.352632
current error: , 0.353826
current error: , 0.354831
current error: , 0.352395
current error: , 0.353188
current error: , 0.354221
current error: , 0.35431
current error: , 0.354995
current error: , 0.352676
current error: , 0.352018
current error: , 0.350622
current error: , 0.351751
current error: , 0.355245
current error: , 0.354148
current error: , 0.353208
current error: , 0.351912
current error: , 0.352581
current error: , 0.352485
current error: , 0.352818
current error: , 0.351488
current error: , 0.352039
current error: , 0.3534
current error: , 0.355838
current error: , 0.354353
current error: , 0.353144
current error: , 0.353431
current error: , 0.353113
current error: , 0.353135
current error: , 0.353193
current error: , 0.353365
current error: , 0.353777
current error: , 0.352238
current error: , 0.353914
current error: , 0.352513
current error: , 0.354168
current error: , 0.353492
current error: , 0.352587
current error: , 0.355453
current error: , 0.351609
current error: , 0.352315
current error: , 0.352888
current error: , 0.352294
current error: , 0.353367
current error: , 0.353542
current error: , 0.351928
current error: , 0.352313
current error: , 0.353574
current error: , 0.354119
current error: , 0.352201
current error: , 0.353889
current error: , 0.352622
current error: , 0.350923
current error: , 0.352015
current error: , 0.354541
current error: , 0.355386
current error: , 0.354341
current error: , 0.351838
current error: , 0.352894
current error: , 0.355151
current error: , 0.353693
current error: , 0.354053
current error: , 0.352168
current error: , 0.3547
current error: , 0.353152
current error: , 0.353852
current error: , 0.352775
current error: , 0.35335
current error: , 0.353812
current error: , 0.353089
current error: , 0.352999
current error: , 0.354959
current error: , 0.352203
current error: , 0.353148
current error: , 0.352893
current error: , 0.353334
current error: , 0.354247
current error: , 0.352991
current error: , 0.353469
current error: , 0.355079
current error: , 0.354296
current error: , 0.354213
current error: , 0.353607
current error: , 0.352054
current error: , 0.35301
current error: , 0.353756
current error: , 0.353288
current error: , 0.353703
current error: , 0.35428
current error: , 0.353285
current error: , 0.353877
current error: , 0.35231
current error: , 0.352875
current error: , 0.351973
current error: , 0.353901
current error: , 0.351541
current error: , 0.353646
current error: , 0.355709
current error: , 0.355155
current error: , 0.353954
current error: , 0.352373
current error: , 0.355451
current error: , 0.353489
current error: , 0.353493
current error: , 0.353249
current error: , 0.354665
current error: , 0.352328
current error: , 0.354175
current error: , 0.354631
current error: , 0.35351
current error: , 0.352902
current error: , 0.355037
current error: , 0.352832
current error: , 0.35424
current error: , 0.355527
current error: , 0.353397
current error: , 0.354856
current error: , 0.355303
current error: , 0.353626
current error: , 0.355354
current error: , 0.353793
current error: , 0.354032
current error: , 0.354682
current error: , 0.353906
current error: , 0.354479
current error: , 0.352877
current error: , 0.353722
current error: , 0.354348
current error: , 0.355361
current error: , 0.353081
current error: , 0.352389
current error: , 0.352852
current error: , 0.35275
current error: , 0.351698
current error: , 0.35448
current error: , 0.353942
current error: , 0.352747
current error: , 0.352704
current error: , 0.355161
current error: , 0.353091
current error: , 0.356208
current error: , 0.352911
current error: , 0.35312
current error: , 0.352094
current error: , 0.353421
current error: , 0.354705
current error: , 0.355091
current error: , 0.353357
current error: , 0.3538
current error: , 0.353259
current error: , 0.353203
current error: , 0.354728
current error: , 0.353395
current error: , 0.354029
current error: , 0.355474
current error: , 0.354405
current error: , 0.353057
current error: , 0.353978
current error: , 0.354725
current error: , 0.354027
current error: , 0.353036
current error: , 0.352699
current error: , 0.352591
current error: , 0.353737
current error: , 0.35479
current error: , 0.353812
current error: , 0.352821
current error: , 0.354551
current error: , 0.354587
current error: , 0.354994
current error: , 0.353821
current error: , 0.353032
current error: , 0.354336
current error: , 0.353812
current error: , 0.353376
current error: , 0.355066
current error: , 0.353771
current error: , 0.352715
current error: , 0.352698
current error: , 0.353874
current error: , 0.355168
current error: , 0.354363
current error: , 0.354323
current error: , 0.3555
current error: , 0.354452
current error: , 0.353306
current error: , 0.352636
current error: , 0.354334
current error: , 0.353067
current error: , 0.353798
current error: , 0.353943
current error: , 0.35431
current error: , 0.353672
current error: , 0.353295
current error: , 0.353276
current error: , 0.354568
current error: , 0.354361
current error: , 0.353598
current error: , 0.354662
current error: , 0.354017
current error: , 0.351153
current error: , 0.355436
current error: , 0.355909
current error: , 0.35242
current error: , 0.354315
current error: , 0.353235
current error: , 0.35377
current error: , 0.353319
current error: , 0.354505
current error: , 0.354357
current error: , 0.356662
current error: , 0.355654
current error: , 0.354845
current error: , 0.353458
current error: , 0.355196
current error: , 0.353041
current error: , 0.353048
current error: , 0.353715
current error: , 0.353909
current error: , 0.352568
current error: , 0.351583
current error: , 0.353937
current error: , 0.354676
current error: , 0.356547
current error: , 0.354345
current error: , 0.35338
current error: , 0.353899
current error: , 0.355189
current error: , 0.354438
current error: , 0.353925
current error: , 0.353302
current error: , 0.354291
current error: , 0.355427
current error: , 0.354231
current error: , 0.353651
current error: , 0.354743
current error: , 0.353098
current error: , 0.354664
current error: , 0.35549
current error: , 0.352981
current error: , 0.355105
current error: , 0.353612
current error: , 0.353304
current error: , 0.354927
current error: , 0.353297
current error: , 0.355317
current error: , 0.355466
current error: , 0.355229
current error: , 0.353784
current error: , 0.354911
current error: , 0.354806
current error: , 0.356291
current error: , 0.352866
current error: , 0.353434
current error: , 0.354525
current error: , 0.353977
current error: , 0.354453
current error: , 0.355529
current error: , 0.355686
current error: , 0.354568
current error: , 0.352488
current error: , 0.352574
current error: , 0.354006
current error: , 0.356826
current error: , 0.353492
current error: , 0.353035
current error: , 0.353915
current error: , 0.35367
current error: , 0.353123
current error: , 0.353445
current error: , 0.3548
current error: , 0.356144
current error: , 0.355635
current error: , 0.355929
current error: , 0.353125
current error: , 0.355254
current error: , 0.353703
current error: , 0.354599
current error: , 0.35413
current error: , 0.352916
current error: , 0.353799
current error: , 0.354131
current error: , 0.354059
current error: , 0.354398
current error: , 0.356285
current error: , 0.356035
current error: , 0.353928
current error: , 0.354397
current error: , 0.35333
current error: , 0.355934
current error: , 0.354835
current error: , 0.354011
current error: , 0.353486
current error: , 0.356731
current error: , 0.353903
current error: , 0.357363
current error: , 0.354816
current error: , 0.354465
current error: , 0.35392
current error: , 0.353625
current error: , 0.354154
current error: , 0.353796
current error: , 0.352959
current error: , 0.354383
current error: , 0.354283
current error: , 0.355087
current error: , 0.354484
current error: , 0.355244
current error: , 0.35359
current error: , 0.354671
current error: , 0.355368
current error: , 0.355353
current error: , 0.354764
current error: , 0.352226
current error: , 0.355718
current error: , 0.35539
current error: , 0.353676
current error: , 0.35512
current error: , 0.35468
current error: , 0.355193
current error: , 0.354456
current error: , 0.354768
current error: , 0.354509
current error: , 0.352522
current error: , 0.356012
current error: , 0.353371
current error: , 0.355719
current error: , 0.354584
current error: , 0.354618
current error: , 0.353219
current error: , 0.353791
current error: , 0.354365
current error: , 0.355772
current error: , 0.35715
current error: , 0.354247
current error: , 0.354362
current error: , 0.354458
current error: , 0.356505
current error: , 0.355187
current error: , 0.353849
current error: , 0.354789
current error: , 0.354388
current error: , 0.355665
current error: , 0.354951
current error: , 0.352135
current error: , 0.355015
current error: , 0.355608
current error: , 0.355335
current error: , 0.35559
current error: , 0.355146
current error: , 0.3549
current error: , 0.354996
current error: , 0.354498
current error: , 0.355399
current error: , 0.354084
current error: , 0.353897
current error: , 0.355105
current error: , 0.357234
current error: , 0.353971
current error: , 0.355868
current error: , 0.355256
current error: , 0.353924
current error: , 0.354137
current error: , 0.35422
current error: , 0.353486
current error: , 0.355642
current error: , 0.35476
current error: , 0.353867
current error: , 0.355586
current error: , 0.356669
current error: , 0.355498
current error: , 0.355122
current error: , 0.354743
current error: , 0.354087
current error: , 0.353715
current error: , 0.353945
current error: , 0.354989
current error: , 0.354547
current error: , 0.35601
current error: , 0.353325
current error: , 0.355265
current error: , 0.356264
current error: , 0.355816
current error: , 0.355067
current error: , 0.356064
current error: , 0.35499
current error: , 0.354939
current error: , 0.353776
current error: , 0.355212
current error: , 0.353887
current error: , 0.355986
current error: , 0.354942
current error: , 0.355116
current error: , 0.355803
current error: , 0.353717
current error: , 0.35451
current error: , 0.355942
current error: , 0.353355
current error: , 0.35387
current error: , 0.353328
current error: , 0.356423
current error: , 0.353524
current error: , 0.355881
current error: , 0.353515
current error: , 0.354209
current error: , 0.353745
current error: , 0.35556
current error: , 0.353693
current error: , 0.353275
current error: , 0.356427
current error: , 0.353078
current error: , 0.354707
current error: , 0.356264
current error: , 0.354661
current error: , 0.354442
current error: , 0.354971
current error: , 0.354222
current error: , 0.354717
current error: , 0.355856
current error: , 0.355127
current error: , 0.355363
current error: , 0.353688
current error: , 0.355188
current error: , 0.354777
current error: , 0.354203
current error: , 0.353686
current error: , 0.356092
current error: , 0.356505
current error: , 0.353553
current error: , 0.35398
current error: , 0.355825
current error: , 0.354377
current error: , 0.354311
current error: , 0.355889
current error: , 0.35614
current error: , 0.356401
current error: , 0.354282
current error: , 0.354205
current error: , 0.355085
current error: , 0.354465
current error: , 0.354474
current error: , 0.355667
current error: , 0.353789
current error: , 0.355975
current error: , 0.35578
current error: , 0.356772
current error: , 0.355972
current error: , 0.35434
current error: , 0.355029
current error: , 0.356135
current error: , 0.355544
current error: , 0.355762
current error: , 0.355185
current error: , 0.353813
current error: , 0.355683
current error: , 0.355364
current error: , 0.354645
current error: , 0.353643
current error: , 0.35452
current error: , 0.354826
current error: , 0.352633
current error: , 0.354163
current error: , 0.355142
current error: , 0.354667
current error: , 0.354891
current error: , 0.354042
current error: , 0.354591
current error: , 0.354104
current error: , 0.355631
current error: , 0.355729
current error: , 0.35497
current error: , 0.35575
current error: , 0.355977
current error: , 0.356654
current error: , 0.355386
current error: , 0.355706
current error: , 0.354292
current error: , 0.354718
current error: , 0.354957
current error: , 0.355115
current error: , 0.356968
current error: , 0.355735
current error: , 0.354309
current error: , 0.355254
current error: , 0.354447
current error: , 0.35525
current error: , 0.35493
current error: , 0.354211
current error: , 0.354674
current error: , 0.354999
current error: , 0.354633
current error: , 0.35541
current error: , 0.355447
current error: , 0.353939
current error: , 0.355956
current error: , 0.353671
current error: , 0.35538
current error: , 0.356428
[sandboxScript:info]   Simulation stopping...
[sandboxScript:info]   Simulation stopped.
current error: , 6.154604
[CoppeliaSim:loadinfo]   external exit request: 4
[Developer tools >> Commander >> Commander@addOnScript:loadinfo]   plugin simCmd: cleanup...
[Developer tools >> Commander >> Commander@addOnScript:loadinfo]   plugin simCmd: done.
[sandboxScript:info]   Leaving...
[CoppeliaSim:loadinfo]   plugin simRuckig: cleanup...
[CoppeliaSim:loadinfo]   plugin simRuckig: done.
[CoppeliaSim:loadinfo]   plugin simBullet-2-83: cleanup...
[CoppeliaSim:loadinfo]   plugin simBullet-2-83: done.
[CoppeliaSim:loadinfo]   plugin simGeom: cleanup...
[CoppeliaSim:loadinfo]   plugin simGeom: done.
[CoppeliaSim:loadinfo]   plugin simOMPL: cleanup...
[CoppeliaSim:loadinfo]   plugin simOMPL: done.
[CoppeliaSim:loadinfo]   plugin simIK: cleanup...
[CoppeliaSim:loadinfo]   plugin simIK: done.
[CoppeliaSim:loadinfo]   plugin simWS: cleanup...
[CoppeliaSim:loadinfo]   plugin simWS: done.
[CoppeliaSim:loadinfo]   plugin simSubprocess: cleanup...
[CoppeliaSim:loadinfo]   plugin simSubprocess: done.
[CoppeliaSim:loadinfo]   plugin simZMQ: cleanup...
[CoppeliaSim:loadinfo]   plugin simZMQ: done.
[CoppeliaSim:loadinfo]   plugin simIK0: cleanup...
[CoppeliaSim:loadinfo]   plugin simIK0: done.
[CoppeliaSim:loadinfo]   plugin 'RemoteApi': unloading...
[CoppeliaSim:loadinfo]   plugin 'RemoteApi': done.
[CoppeliaSim:loadinfo]   plugin 'BWF': unloading...
[CoppeliaSim:loadinfo]   plugin 'BWF': done.
[CoppeliaSim:loadinfo]   CoppeliaSim ended.
[CoppeliaSimClient:loadinfo]   unloading the CoppeliaSim library...
[CoppeliaSimClient]   done.
