Warning: Ignoring XDG_SESSION_TYPE=wayland on Gnome. Use QT_QPA_PLATFORM=wayland to run on Wayland anyway.
Warning: Ignoring XDG_SESSION_TYPE=wayland on Gnome. Use QT_QPA_PLATFORM=wayland to run on Wayland anyway.
[CoppeliaSimClient]   loading the CoppeliaSim library...
[CoppeliaSimClient:loadinfo]   done.
[CoppeliaSimClient:loadinfo]   launching CoppeliaSim...
[CoppeliaSim:loadinfo]   Application directory is /home/kolletms/CoppeliaSim_Edu_V4_10_0_rev0_Ubuntu22_04
[CoppeliaSim:loadinfo]   user settings file is /home/kolletms/.CoppeliaSim/usrset.txt
[CoppeliaSim:loadinfo]   CoppeliaSim v4.10.0 (rev. 0), flavor: 1, linux
[CoppeliaSim:loadinfo]   ds:   0
[CoppeliaSim:loadinfo]   msnd: 1
[CoppeliaSim:loadinfo]   ms:   1
[CoppeliaSim:loadinfo]   midx: 5000-91EB-FFC4-9CCA-F764-C71D
[CoppeliaSim:loadinfo]   did:  
[CoppeliaSim:loadinfo]   mid0: FC97-7379-1C16-0023-1C17-0101
[CoppeliaSim:loadinfo]   mid1: FC9773791C1600231C17
[CoppeliaSim:loadinfo]   mid2: 7AB7966CC9EF9BB7FD7FEC7D769DC7BA
[CoppeliaSim:loadinfo]   mid3: 04E3981EA27E99B4CE66
[CoppeliaSim:loadinfo]   k:    687FFE88B3DF088E5DDD414A
[CoppeliaSim:loadinfo]   plugin simIK0: loading...
[CoppeliaSim:loadinfo]   plugin simIK0: done.
[CoppeliaSim:loadinfo]   primary screen physical dots per inch: 165
[CoppeliaSim:loadinfo]   display scaling (guessed): 100
[CoppeliaSim:loadinfo]   simulator launched.
[CoppeliaSim:loadinfo]   plugin 'BWF': loading...
[CoppeliaSim:loadinfo]   plugin 'BWF': load succeeded.
[CoppeliaSim:loadinfo]   plugin 'RemoteApi': loading...
[CoppeliaSim:loadinfo]   plugin 'RemoteApi': load succeeded.
[CoppeliaSim:loadinfo]   SK:   687FFE88B3DF088E5DDD414A
[CoppeliaSim:loadinfo]   initializing the sandbox script...
[sandboxScript:loadinfo]   plugin simZMQ: loading...
[sandboxScript:loadinfo]   plugin simZMQ: done.
[sandboxScript:loadinfo]   plugin simSubprocess: loading...
[sandboxScript:loadinfo]   plugin simSubprocess: done.
[sandboxScript:info]   Simulator launched, welcome! 
[CoppeliaSim:loadinfo]   sandbox script initialized.
[CoppeliaSim:loadinfo]   add-on '3D text generator.lua' was loaded.
[CoppeliaSim:loadinfo]   add-on 'Add-on edit.lua' was loaded.
[CoppeliaSim:loadinfo]   add-on 'Alias change.lua' was loaded.
[CoppeliaSim:loadinfo]   add-on 'Animation capture.lua' was loaded.
[CoppeliaSim:loadinfo]   add-on 'B0 remote Api server.lua' was loaded.
[CoppeliaSim:loadinfo]   add-on 'Button action.lua' was loaded.
[CoppeliaSim:loadinfo]   add-on 'Collision check.lua' was loaded.
[CoppeliaSim:loadinfo]   add-on 'Color changer.lua' was loaded.
[CoppeliaSim:loadinfo]   add-on 'Commander.lua' was loaded.
[CoppeliaSim:loadinfo]   add-on 'Contact display.lua' was loaded.
[CoppeliaSim:loadinfo]   add-on 'Convex decomposition hacd.lua' was loaded.
[CoppeliaSim:loadinfo]   add-on 'Convex decomposition vhacd.lua' was loaded.
[CoppeliaSim:loadinfo]   add-on 'Convex hull.lua' was loaded.
[CoppeliaSim:loadinfo]   add-on 'Create dummies on mesh surface.lua' was loaded.
[CoppeliaSim:loadinfo]   add-on 'Define joint group.lua' was loaded.
[CoppeliaSim:loadinfo]   add-on 'Denavit Hartenberg creator.lua' was loaded.
[CoppeliaSim:loadinfo]   add-on 'Denavit Hartenberg extractor.lua' was loaded.
[CoppeliaSim:loadinfo]   add-on 'Distance check.lua' was loaded.
[CoppeliaSim:loadinfo]   add-on 'Distribute objects uniformly.lua' was loaded.
[CoppeliaSim:loadinfo]   add-on 'Event viewer.lua' was loaded.
[CoppeliaSim:loadinfo]   add-on 'Events capture.lua' was loaded.
[CoppeliaSim:loadinfo]   add-on 'Events dump exporter.lua' was loaded.
[CoppeliaSim:loadinfo]   add-on 'External model auto reload.lua' was loaded.
[CoppeliaSim:loadinfo]   add-on 'External model auto save.lua' was loaded.
[CoppeliaSim:loadinfo]   add-on 'External model load.lua' was loaded.
[CoppeliaSim:loadinfo]   add-on 'External model reload selected.lua' was loaded.
[CoppeliaSim:loadinfo]   add-on 'External model save.lua' was loaded.
[CoppeliaSim:loadinfo]   add-on 'Find in scripts.lua' was loaded.
[CoppeliaSim:loadinfo]   add-on 'Find midpoint.lua' was loaded.
[CoppeliaSim:loadinfo]   add-on 'Floor plan importer.lua' was loaded.
[CoppeliaSim:loadinfo]   add-on 'GLTF animation exporter.lua' was loaded.
[CoppeliaSim:loadinfo]   add-on 'GLTF exporter.lua' was loaded.
[CoppeliaSim:loadinfo]   add-on 'Inverse Kinematics > generator.lua' was loaded.
[CoppeliaSim:loadinfo]   add-on 'Isometric scaling.lua' was loaded.
[CoppeliaSim:loadinfo]   add-on 'Joint tool.lua' was loaded.
[CoppeliaSim:loadinfo]   add-on 'LDraw importer.lua' was loaded.
[CoppeliaSim:loadinfo]   add-on 'Make objects same appearance.lua' was loaded.
[CoppeliaSim:loadinfo]   add-on 'Measure distance and direction.lua' was loaded.
[CoppeliaSim:loadinfo]   add-on 'Mesh decimation.lua' was loaded.
[CoppeliaSim:loadinfo]   add-on 'Mesh difference.lua' was loaded.
[CoppeliaSim:loadinfo]   add-on 'Mesh intersection.lua' was loaded.
[CoppeliaSim:loadinfo]   add-on 'Mesh subdivision.lua' was loaded.
[CoppeliaSim:loadinfo]   add-on 'Mesh symmetric difference.lua' was loaded.
[CoppeliaSim:loadinfo]   add-on 'Mesh union.lua' was loaded.
[CoppeliaSim:loadinfo]   add-on 'Message viewer.lua' was loaded.
[CoppeliaSim:loadinfo]   add-on 'Minimalistic exporter.lua' was loaded.
[CoppeliaSim:loadinfo]   add-on 'Minimalistic importer.lua' was loaded.
[CoppeliaSim:loadinfo]   add-on 'Motion Planning generator.lua' was loaded.
[CoppeliaSim:loadinfo]   add-on 'Notepad++ autocompletion.lua' was loaded.
[CoppeliaSim:loadinfo]   add-on 'Pause Stop Simulation on Condition.lua' was loaded.
[CoppeliaSim:loadinfo]   add-on 'Plugin enumerator.lua' was loaded.
[CoppeliaSim:loadinfo]   add-on 'Point cloud importer.lua' was loaded.
[CoppeliaSim:loadinfo]   add-on 'Point sampler interactive.lua' was loaded.
[CoppeliaSim:loadinfo]   add-on 'Point sampler service.lua' was loaded.
[CoppeliaSim:loadinfo]   add-on 'Property explorer.lua' was loaded.
[CoppeliaSim:loadinfo]   add-on 'PyRep.lua' was loaded.
[CoppeliaSim:loadinfo]   add-on 'Referenced handles explorer.lua' was loaded.
[CoppeliaSim:loadinfo]   add-on 'Referenced handles highlight.lua' was loaded.
[CoppeliaSim:loadinfo]   add-on 'Screenshot tool.lua' was loaded.
[CoppeliaSim:loadinfo]   add-on 'Script capture.lua' was loaded.
[CoppeliaSim:loadinfo]   add-on 'SDF importer.lua' was loaded.
[CoppeliaSim:loadinfo]   add-on 'Simulation stepper.lua' was loaded.
[CoppeliaSim:loadinfo]   add-on 'Subdivide large triangles.lua' was loaded.
[CoppeliaSim:loadinfo]   add-on 'Surface reconstruction.lua' was loaded.
[CoppeliaSim:loadinfo]   add-on 'Translate to align vertex.lua' was loaded.
[CoppeliaSim:loadinfo]   add-on 'URDF exporter.lua' was loaded.
[CoppeliaSim:loadinfo]   add-on 'URDF importer.lua' was loaded.
[CoppeliaSim:loadinfo]   add-on 'URL drop service.lua' was loaded.
[CoppeliaSim:loadinfo]   add-on 'Video recorder.lua' was loaded.
[CoppeliaSim:loadinfo]   add-on 'Visualization stream.lua' was loaded.
[CoppeliaSim:loadinfo]   add-on 'WS remote API server.lua' was loaded.
[CoppeliaSim:loadinfo]   add-on 'ZMQ remote API server.lua' was loaded.
[CoppeliaSim:loadinfo]   add-on 'Convex decomposition coacd.py' was loaded.
[Developer tools >> Commander >> Commander@addOnScript:loadinfo]   plugin simCmd: loading...
[simCmd:warning]   Selected script: Sandbox (Python)
[Developer tools >> Commander >> Commander@addOnScript:loadinfo]   plugin simCmd: done.
[Connectivity >> WebSocket remote API server@addOnScript:loadinfo]   plugin simWS: loading...
[Connectivity >> WebSocket remote API server@addOnScript:loadinfo]   plugin simWS: done.
[Connectivity >> WebSocket remote API server@addOnScript:info]   WebSocket Remote API server starting (port=23052)...
[Connectivity >> ZMQ remote API server@addOnScript:info]   ZeroMQ Remote API server starting (rpcPort=23003)...
[CoppeliaSim:warning]   If CoppeliaSim crashed in previous session, you can find auto-saved scenes in /home/kolletms/.CoppeliaSim/autoSavedScenes
[/UR10/followPath:loadinfo]   plugin simIK: loading...
[/UR10/followPath:loadinfo]   plugin simIK: done.
[/UR10/followPath:loadinfo]   plugin simOMPL: loading...
[/UR10/followPath:loadinfo]   plugin simOMPL: done.
/Floor, 13
/MPO_700, 86
/assembly_table, 88
/obs1, 133
/obs2, 135
/obs0, 137
/column0, 141
/column1, 143
/column2, 139
[/UR10/followPath:warning]   sim.switchThread is deprecated. please use sim.step instead. (control verbosity via notifyDeprecated in usrset.txt)
[/moveToPose:warning]   sim.setThreadSwitchTiming is deprecated. please use sim.setAutoYieldDelay instead. (control verbosity via notifyDeprecated in usrset.txt)
[/moveToPose:warning]   sim.switchThread is deprecated. please use sim.step instead. (control verbosity via notifyDeprecated in usrset.txt)
[sandboxScript:info]   Simulation started.
[CoppeliaSim:loadinfo]   plugin simGeom: loading...
[CoppeliaSim:loadinfo]   plugin simGeom: done.
[CoppeliaSim:loadinfo]   plugin simBullet-2-83: loading...
[CoppeliaSim:loadinfo]   plugin simBullet-2-83: done.
[CoppeliaSim:warning]   Detected non-default settings (time steps and/or dyn. engine global settings).
[sandboxScript:info]   Simulation stopping...
[sandboxScript:info]   Simulation stopped.
[sandboxScript:info]   Simulation started.
[CoppeliaSim:warning]   Detected non-default settings (time steps and/or dyn. engine global settings).
Goal signal recieved..
Planning ...
Collision pairs set
goal state set
Using RRT Connect
task setup complete
solving task...
OMPL states:, 200.
path found
valid path found, generating trajectory...
[/UR10/followPath:warning]   module 'matrix' was implicitly loaded.
[/UR10/followPath:warning]   "matrix" module is deprecated. please use simEigen
Trajectory points:, 1000.
Duration:, 3.402432
excecuting path...
current error: , 0.012313
Final error:, 0.012313
Execution successful
[CoppeliaSim:loadinfo]   plugin simRuckig: loading...
[CoppeliaSim:loadinfo]   plugin simRuckig: done.
Goal signal recieved..
Planning ...
Collision pairs set
goal state set
Using RRT Connect
task setup complete
solving task...
OMPL states:, 200.
path found
valid path found, generating trajectory...
Trajectory points:, 1000.
Duration:, 3.755515
excecuting path...
current error: , 0.235907
current error: , 0.235907
current error: , 0.152209
current error: , 0.068526
current error: , 0.008085
Final error:, 0.001258
Execution successful
Goal signal recieved..
Planning ...
Collision pairs set
goal state set
Using RRT Connect
task setup complete
solving task...
OMPL states:, 200.
path found
valid path found, generating trajectory...
Trajectory points:, 1000.
Duration:, 2.895979
excecuting path...
current error: , 0.00176
Final error:, 0.00176
Execution successful
[sandboxScript:info]   Simulation stopping...
[sandboxScript:info]   Simulation stopped.
[sandboxScript:info]   Simulation started.
[CoppeliaSim:warning]   Detected non-default settings (time steps and/or dyn. engine global settings).
[sandboxScript:info]   Simulation stopping...
[sandboxScript:info]   Simulation stopped.
[sandboxScript:info]   Simulation started.
[CoppeliaSim:warning]   Detected non-default settings (time steps and/or dyn. engine global settings).
Goal signal recieved..
Planning ...
Collision pairs set
goal state set
Using RRT Connect
task setup complete
solving task...
OMPL states:, 200.
path found
valid path found, generating trajectory...
Trajectory points:, 1000.
Duration:, 3.575099
excecuting path...
current error: , 0.100402
current error: , 0.100402
current error: , 0.017713
Final error:, 0.000365
Execution successful
Goal signal recieved..
Planning ...
Collision pairs set
goal state set
Using RRT Connect
task setup complete
solving task...
OMPL states:, 200.
path found
valid path found, generating trajectory...
Trajectory points:, 1000.
Duration:, 4.653451
excecuting path...
current error: , 0.001363
Final error:, 0.001363
Execution successful
Goal signal recieved..
Planning ...
Collision pairs set
goal state set
Using RRT Connect
task setup complete
solving task...
OMPL states:, 200.
path found
valid path found, generating trajectory...
Trajectory points:, 1000.
Duration:, 3.6059
excecuting path...
current error: , 0.126488
current error: , 0.126488
current error: , 0.042761
current error: , 0.003561
Final error:, 0.000587
Execution successful
Goal signal recieved..
Planning ...
Collision pairs set
goal state set
Using RRT Connect
task setup complete
solving task...
OMPL states:, 200.
path found
valid path found, generating trajectory...
Trajectory points:, 1000.
Duration:, 3.570693
excecuting path...
current error: , 0.137916
current error: , 0.137916
current error: , 0.054243
current error: , 0.005959
Final error:, 0.002025
Execution successful
Goal signal recieved..
Planning ...
Collision pairs set
goal state set
Using RRT Connect
task setup complete
solving task...
OMPL states:, 200.
path found
valid path found, generating trajectory...
Trajectory points:, 1000.
Duration:, 1.641518
excecuting path...
current error: , 0.002245
Final error:, 0.002245
Execution successful
Goal signal recieved..
Planning ...
Collision pairs set
goal state set
Using RRT Connect
task setup complete
solving task...
OMPL states:, 200.
path found
valid path found, generating trajectory...
Trajectory points:, 1000.
Duration:, 1.916633
excecuting path...
current error: , 0.006058
Final error:, 0.006058
Execution successful
Goal signal recieved..
Planning ...
Collision pairs set
goal state set
Using RRT Connect
task setup complete
solving task...
Goal signal recieved..
Planning ...
Collision pairs set
goal state set
Using RRT Connect
task setup complete
solving task...
OMPL states:, 200.
path found
valid path found, generating trajectory...
Trajectory points:, 1000.
Duration:, 1.767431
excecuting path...
current error: , 0.001485
Final error:, 0.001485
Execution successful
Goal signal recieved..
Planning ...
Collision pairs set
goal state set
Using RRT Connect
task setup complete
solving task...
Goal signal recieved..
Planning ...
Collision pairs set
goal state set
Using RRT Connect
task setup complete
solving task...
OMPL states:, 200.
path found
valid path found, generating trajectory...
Trajectory points:, 1000.
Duration:, 1.936147
excecuting path...
current error: , 0.002416
Final error:, 0.002416
Execution successful
Goal signal recieved..
Planning ...
Collision pairs set
goal state set
Using RRT Connect
task setup complete
solving task...
OMPL states:, 200.
path found
valid path found, generating trajectory...
Trajectory points:, 1000.
Duration:, 3.326431
excecuting path...
current error: , 0.013404
Final error:, 0.013404
Execution successful
Goal signal recieved..
Planning ...
Collision pairs set
goal state set
Using RRT Connect
task setup complete
solving task...
OMPL states:, 200.
path found
valid path found, generating trajectory...
Trajectory points:, 1000.
Duration:, 3.755121
excecuting path...
current error: , 0.240552
current error: , 0.240552
current error: , 0.15684
current error: , 0.07316
current error: , 0.009191
Final error:, 0.001289
Execution successful
Goal signal recieved..
Planning ...
Collision pairs set
goal state set
Using RRT Connect
task setup complete
solving task...
OMPL states:, 200.
path found
valid path found, generating trajectory...
Trajectory points:, 1000.
Duration:, 2.583924
excecuting path...
current error: , 0.002744
Final error:, 0.002744
Execution successful
Goal signal recieved..
Planning ...
Collision pairs set
goal state set
Using RRT Connect
task setup complete
solving task...
OMPL states:, 200.
path found
valid path found, generating trajectory...
Trajectory points:, 1000.
Duration:, 11.924521
excecuting path...
current error: , 2.163084
current error: , 2.163084
current error: , 2.079358
current error: , 1.995645
current error: , 1.911938
current error: , 1.828259
current error: , 1.744566
current error: , 1.660843
current error: , 1.577095
current error: , 1.493425
current error: , 1.409746
current error: , 1.326047
current error: , 1.242365
current error: , 1.158693
current error: , 1.075009
current error: , 0.991302
current error: , 0.907598
current error: , 0.823862
current error: , 0.740186
current error: , 0.656472
current error: , 0.572756
current error: , 0.489064
current error: , 0.405392
current error: , 0.321676
current error: , 0.237989
current error: , 0.154303
current error: , 0.070627
current error: , 0.008797
Final error:, 0.001861
Execution successful
Goal signal recieved..
Planning ...
Collision pairs set
goal state set
Using RRT Connect
task setup complete
solving task...
OMPL states:, 200.
path found
valid path found, generating trajectory...
Trajectory points:, 1000.
Duration:, 1.668397
excecuting path...
current error: , 0.003822
Final error:, 0.003822
Execution successful
Goal signal recieved..
Planning ...
Collision pairs set
goal state set
Using RRT Connect
task setup complete
solving task...
OMPL states:, 200.
path found
valid path found, generating trajectory...
Trajectory points:, 1000.
Duration:, 14.354841
excecuting path...
current error: , 0.628965
current error: , 0.628965
current error: , 0.545243
current error: , 0.461541
current error: , 0.377845
current error: , 0.294142
current error: , 0.210422
current error: , 0.126707
current error: , 0.043036
current error: , 0.004281
Final error:, 0.001397
Execution successful
Goal signal recieved..
Planning ...
Collision pairs set
goal state set
Using RRT Connect
task setup complete
solving task...
OMPL states:, 200.
path found
valid path found, generating trajectory...
Trajectory points:, 1000.
Duration:, 2.994826
excecuting path...
current error: , 0.004576
Final error:, 0.004576
Execution successful
Goal signal recieved..
Planning ...
Collision pairs set
goal state set
Using RRT Connect
task setup complete
solving task...
OMPL states:, 200.
path found
valid path found, generating trajectory...
Trajectory points:, 1000.
Duration:, 4.241197
excecuting path...
current error: , 0.594616
current error: , 0.594616
current error: , 0.511768
current error: , 0.428883
current error: , 0.345644
current error: , 0.26248
current error: , 0.179264
current error: , 0.096099
current error: , 0.01834
Final error:, 0.002403
Execution successful
Goal signal recieved..
Planning ...
Collision pairs set
goal state set
Using RRT Connect
task setup complete
solving task...
OMPL states:, 200.
path found
valid path found, generating trajectory...
Trajectory points:, 1000.
Duration:, 8.418907
excecuting path...
current error: , 0.235639
current error: , 0.235639
current error: , 0.151943
current error: , 0.068215
current error: , 0.00773
Final error:, 0.000906
Execution successful
Goal signal recieved..
Planning ...
Collision pairs set
goal state set
Using RRT Connect
task setup complete
solving task...
OMPL states:, 200.
path found
valid path found, generating trajectory...
Trajectory points:, 1000.
Duration:, 1.648084
excecuting path...
current error: , 0.002722
Final error:, 0.002722
Execution successful
Goal signal recieved..
Planning ...
Collision pairs set
goal state set
Using RRT Connect
task setup complete
solving task...
OMPL states:, 200.
path found
valid path found, generating trajectory...
Trajectory points:, 1000.
Duration:, 7.625337
excecuting path...
current error: , 0.563739
current error: , 0.563739
current error: , 0.480087
current error: , 0.396541
current error: , 0.313
current error: , 0.229413
current error: , 0.145799
current error: , 0.062268
current error: , 0.00669
Final error:, 0.001141
Execution successful
Goal signal recieved..
Planning ...
Collision pairs set
goal state set
Using RRT Connect
task setup complete
solving task...
OMPL states:, 200.
path found
valid path found, generating trajectory...
Trajectory points:, 1000.
Duration:, 3.934783
excecuting path...
current error: , 0.365182
current error: , 0.365182
current error: , 0.281486
current error: , 0.19781
current error: , 0.114115
current error: , 0.030649
current error: , 0.003537
Final error:, 0.001665
Execution successful
[sandboxScript:info]   Simulation stopping...
[sandboxScript:info]   Simulation stopped.
[sandboxScript:info]   Simulation started.
[CoppeliaSim:warning]   Detected non-default settings (time steps and/or dyn. engine global settings).
Goal signal recieved..
Planning ...
Collision pairs set
goal state set
Using RRT Connect
task setup complete
solving task...
OMPL states:, 200.
path found
valid path found, generating trajectory...
Trajectory points:, 1000.
Duration:, 3.622845
excecuting path...
current error: , 0.133467
current error: , 0.133467
current error: , 0.047804
current error: , 0.003795
Final error:, 0.000339
Execution successful
Goal signal recieved..
Planning ...
Collision pairs set
goal state set
Using RRT Connect
task setup complete
solving task...
OMPL states:, 200.
path found
valid path found, generating trajectory...
Trajectory points:, 1000.
Duration:, 4.242416
excecuting path...
current error: , 0.569673
current error: , 0.569673
current error: , 0.486411
current error: , 0.403557
current error: , 0.320635
current error: , 0.237591
current error: , 0.15441
current error: , 0.071204
current error: , 0.008546
Final error:, 0.000826
Execution successful
Goal signal recieved..
Planning ...
Collision pairs set
goal state set
Using RRT Connect
task setup complete
solving task...
OMPL states:, 200.
path found
valid path found, generating trajectory...
Trajectory points:, 1000.
Duration:, 2.044014
excecuting path...
current error: , 0.002252
Final error:, 0.002252
Execution successful
Goal signal recieved..
Planning ...
Collision pairs set
goal state set
Using RRT Connect
task setup complete
solving task...
OMPL states:, 200.
path found
valid path found, generating trajectory...
Trajectory points:, 1000.
Duration:, 5.231557
excecuting path...
current error: , 0.001198
Final error:, 0.001198
Execution successful
Goal signal recieved..
Planning ...
Collision pairs set
goal state set
Using RRT Connect
task setup complete
solving task...
OMPL states:, 200.
path found
valid path found, generating trajectory...
Trajectory points:, 1000.
Duration:, 3.412428
excecuting path...
current error: , 0.056929
current error: , 0.056929
current error: , 0.006404
Final error:, 0.001678
Execution successful
Goal signal recieved..
Planning ...
Collision pairs set
goal state set
Using RRT Connect
task setup complete
solving task...
OMPL states:, 200.
path found
valid path found, generating trajectory...
Trajectory points:, 1000.
Duration:, 4.242939
excecuting path...
current error: , 0.832828
current error: , 0.832828
current error: , 0.714891
current error: , 0.596957
current error: , 0.479015
current error: , 0.361084
current error: , 0.243092
current error: , 0.125592
current error: , 0.021473
current error: , 0.001952
Final error:, 0.000837
Execution successful
Goal signal recieved..
Planning ...
Collision pairs set
goal state set
Using RRT Connect
task setup complete
solving task...
OMPL states:, 200.
path found
valid path found, generating trajectory...
Trajectory points:, 1000.
Duration:, 3.281476
excecuting path...
current error: , 0.005806
Final error:, 0.005806
Execution successful
Goal signal recieved..
Planning ...
Collision pairs set
goal state set
Using RRT Connect
task setup complete
solving task...
OMPL states:, 200.
path found
valid path found, generating trajectory...
Trajectory points:, 1000.
Duration:, 7.847388
excecuting path...
current error: , 0.001629
Final error:, 0.001629
Execution successful
Goal signal recieved..
Planning ...
Collision pairs set
goal state set
Using RRT Connect
task setup complete
solving task...
OMPL states:, 200.
path found
valid path found, generating trajectory...
Trajectory points:, 1000.
Duration:, 10.195103
excecuting path...
current error: , 0.003872
Final error:, 0.003872
Execution successful
Goal signal recieved..
Planning ...
Collision pairs set
goal state set
Using RRT Connect
task setup complete
solving task...
OMPL states:, 200.
path found
valid path found, generating trajectory...
Trajectory points:, 1000.
Duration:, 0.365258
excecuting path...
current error: , 0.002305
Final error:, 0.002305
Execution successful
Goal signal recieved..
Planning ...
Collision pairs set
goal state set
Using RRT Connect
task setup complete
solving task...
OMPL states:, 200.
path found
valid path found, generating trajectory...
Trajectory points:, 1000.
Duration:, 1.767652
excecuting path...
current error: , 0.0016
Final error:, 0.0016
Execution successful
Goal signal recieved..
Planning ...
Collision pairs set
goal state set
Using RRT Connect
task setup complete
solving task...
OMPL states:, 200.
path found
valid path found, generating trajectory...
Trajectory points:, 1000.
Duration:, 0.373487
excecuting path...
current error: , 0.003849
Final error:, 0.003849
Execution successful
Goal signal recieved..
Planning ...
Collision pairs set
goal state set
Using RRT Connect
task setup complete
solving task...
OMPL states:, 200.
path found
valid path found, generating trajectory...
Trajectory points:, 1000.
Duration:, 9.045441
excecuting path...
current error: , 0.171039
current error: , 0.171039
current error: , 0.087355
current error: , 0.013678
Final error:, 0.002108
Execution successful
Goal signal recieved..
Planning ...
Collision pairs set
goal state set
Using RRT Connect
task setup complete
solving task...
OMPL states:, 200.
path found
valid path found, generating trajectory...
Trajectory points:, 1000.
Duration:, 9.924851
excecuting path...
current error: , 0.001496
Final error:, 0.001496
Execution successful
Goal signal recieved..
Planning ...
Collision pairs set
goal state set
Using RRT Connect
task setup complete
solving task...
OMPL states:, 200.
path found
valid path found, generating trajectory...
Trajectory points:, 1000.
Duration:, 1.833906
excecuting path...
current error: , 0.005069
Final error:, 0.005069
Execution successful
Goal signal recieved..
Planning ...
Collision pairs set
goal state set
Using RRT Connect
task setup complete
solving task...
OMPL states:, 200.
path found
valid path found, generating trajectory...
Trajectory points:, 1000.
Duration:, 8.439652
excecuting path...
current error: , 0.442923
current error: , 0.442923
current error: , 0.35878
current error: , 0.275736
current error: , 0.192794
current error: , 0.109985
current error: , 0.027355
current error: , 0.002802
Final error:, 0.001064
Execution successful
Goal signal recieved..
Planning ...
Collision pairs set
goal state set
Using RRT Connect
task setup complete
solving task...
OMPL states:, 200.
path found
valid path found, generating trajectory...
Trajectory points:, 1000.
Duration:, 8.280277
excecuting path...
current error: , 0.408107
current error: , 0.408107
current error: , 0.324223
current error: , 0.24052
current error: , 0.156798
current error: , 0.073076
current error: , 0.009346
Final error:, 0.002162
Execution successful
Goal signal recieved..
Planning ...
Collision pairs set
goal state set
Using RRT Connect
task setup complete
solving task...
OMPL states:, 200.
path found
valid path found, generating trajectory...
Trajectory points:, 1000.
Duration:, 1.969532
excecuting path...
current error: , 0.003855
Final error:, 0.003855
Execution successful
[sandboxScript:info]   Simulation stopping...
[sandboxScript:info]   Simulation stopped.
[sandboxScript:info]   Simulation started.
[CoppeliaSim:warning]   Detected non-default settings (time steps and/or dyn. engine global settings).
Goal signal recieved..
Planning ...
Collision pairs set
goal state set
Using RRT Connect
task setup complete
solving task...
OMPL states:, 200.
path found
valid path found, generating trajectory...
Trajectory points:, 1000.
Duration:, 3.56468
excecuting path...
current error: , 0.089478
current error: , 0.089478
current error: , 0.011675
Final error:, 0.000725
Execution successful
Goal signal recieved..
Planning ...
Collision pairs set
goal state set
Using RRT Connect
task setup complete
solving task...
OMPL states:, 200.
path found
valid path found, generating trajectory...
Trajectory points:, 1000.
Duration:, 7.602447
excecuting path...
current error: , 0.220006
current error: , 0.220006
current error: , 0.105778
current error: , 0.018829
Final error:, 0.00273
Execution successful
Goal signal recieved..
Planning ...
Collision pairs set
goal state set
Using RRT Connect
task setup complete
solving task...
OMPL states:, 200.
path found
valid path found, generating trajectory...
Trajectory points:, 1000.
Duration:, 3.882907
excecuting path...
current error: , 0.322795
current error: , 0.322795
current error: , 0.239106
current error: , 0.155378
current error: , 0.071658
current error: , 0.009091
Final error:, 0.00162
Execution successful
Goal signal recieved..
Planning ...
Collision pairs set
goal state set
Using RRT Connect
task setup complete
solving task...
OMPL states:, 200.
path found
valid path found, generating trajectory...
Trajectory points:, 1000.
Duration:, 0.456629
excecuting path...
current error: , 0.003665
Final error:, 0.003665
Execution successful
Goal signal recieved..
Planning ...
Collision pairs set
goal state set
Using RRT Connect
task setup complete
solving task...
OMPL states:, 200.
path found
valid path found, generating trajectory...
Trajectory points:, 1000.
Duration:, 1.867506
excecuting path...
current error: , 0.001612
Final error:, 0.001612
Execution successful
Goal signal recieved..
Planning ...
Collision pairs set
goal state set
Using RRT Connect
task setup complete
solving task...
OMPL states:, 200.
path found
valid path found, generating trajectory...
Trajectory points:, 1000.
Duration:, 2.994039
excecuting path...
current error: , 0.001786
Final error:, 0.001786
Execution successful
Goal signal recieved..
Planning ...
Collision pairs set
goal state set
Using RRT Connect
task setup complete
solving task...
OMPL states:, 200.
path found
valid path found, generating trajectory...
Trajectory points:, 1000.
Duration:, 7.660972
excecuting path...
current error: , 0.002972
Final error:, 0.002972
Execution successful
Goal signal recieved..
Planning ...
Collision pairs set
goal state set
Using RRT Connect
task setup complete
solving task...
OMPL states:, 200.
path found
valid path found, generating trajectory...
Trajectory points:, 1000.
Duration:, 4.138414
excecuting path...
current error: , 0.002341
Final error:, 0.002341
Execution successful
Goal signal recieved..
Planning ...
Collision pairs set
goal state set
Using RRT Connect
task setup complete
solving task...
OMPL states:, 200.
path found
valid path found, generating trajectory...
Trajectory points:, 1000.
Duration:, 3.412991
excecuting path...
current error: , 0.040763
current error: , 0.040763
current error: , 0.003639
Final error:, 0.000691
Execution successful
Goal signal recieved..
Planning ...
Collision pairs set
goal state set
Using RRT Connect
task setup complete
solving task...
Goal signal recieved..
Planning ...
Collision pairs set
goal state set
Using RRT Connect
task setup complete
solving task...
Goal signal recieved..
Planning ...
Collision pairs set
goal state set
Using RRT Connect
task setup complete
solving task...
OMPL states:, 200.
path found
valid path found, generating trajectory...
Trajectory points:, 1000.
Duration:, 4.551672
excecuting path...
current error: , 0.836598
current error: , 0.836598
current error: , 0.752929
current error: , 0.669241
current error: , 0.585535
current error: , 0.501832
current error: , 0.418136
current error: , 0.334442
current error: , 0.250715
current error: , 0.167001
current error: , 0.083231
current error: , 0.012262
Final error:, 0.001701
Execution successful
Goal signal recieved..
Planning ...
Collision pairs set
goal state set
Using RRT Connect
task setup complete
solving task...
OMPL states:, 200.
path found
valid path found, generating trajectory...
Trajectory points:, 1000.
Duration:, 1.838083
excecuting path...
current error: , 0.003389
Final error:, 0.003389
Execution successful
Goal signal recieved..
Planning ...
Collision pairs set
goal state set
Using RRT Connect
task setup complete
solving task...
OMPL states:, 200.
path found
valid path found, generating trajectory...
Trajectory points:, 1000.
Duration:, 1.739482
excecuting path...
current error: , 0.001973
Final error:, 0.001973
Execution successful
Goal signal recieved..
Planning ...
Collision pairs set
goal state set
Using RRT Connect
task setup complete
solving task...
OMPL states:, 200.
path found
valid path found, generating trajectory...
Trajectory points:, 1000.
Duration:, 2.109861
excecuting path...
current error: , 0.001659
Final error:, 0.001659
Execution successful
Goal signal recieved..
Planning ...
Collision pairs set
goal state set
Using RRT Connect
task setup complete
solving task...
OMPL states:, 200.
path found
valid path found, generating trajectory...
Trajectory points:, 1000.
Duration:, 3.512771
excecuting path...
current error: , 0.094452
current error: , 0.094452
current error: , 0.017035
Final error:, 0.002048
Execution successful
Goal signal recieved..
Planning ...
Collision pairs set
goal state set
Using RRT Connect
task setup complete
solving task...
OMPL states:, 200.
path found
valid path found, generating trajectory...
Trajectory points:, 1000.
Duration:, 3.58807
excecuting path...
current error: , 0.132007
current error: , 0.132007
current error: , 0.04829
current error: , 0.00447
Final error:, 0.000771
Execution successful
Goal signal recieved..
Planning ...
Collision pairs set
goal state set
Using RRT Connect
task setup complete
solving task...
OMPL states:, 200.
path found
valid path found, generating trajectory...
Trajectory points:, 1000.
Duration:, 3.73356
excecuting path...
current error: , 0.232516
current error: , 0.232516
current error: , 0.148736
current error: , 0.064953
current error: , 0.00783
Final error:, 0.002198
Execution successful
Goal signal recieved..
Planning ...
Collision pairs set
goal state set
Using RRT Connect
task setup complete
solving task...
OMPL states:, 200.
path found
valid path found, generating trajectory...
Trajectory points:, 1000.
Duration:, 6.735984
excecuting path...
current error: , 0.003751
Final error:, 0.003751
Execution successful
Goal signal recieved..
Planning ...
Collision pairs set
goal state set
Using RRT Connect
task setup complete
solving task...
OMPL states:, 200.
path found
valid path found, generating trajectory...
Trajectory points:, 1000.
Duration:, 3.427967
excecuting path...
current error: , 0.092928
current error: , 0.092928
current error: , 0.012429
Final error:, 0.003442
Execution successful
[sandboxScript:info]   Simulation stopping...
[sandboxScript:info]   Simulation stopped.
[sandboxScript:info]   Simulation started.
[CoppeliaSim:warning]   Detected non-default settings (time steps and/or dyn. engine global settings).
Goal signal recieved..
Planning ...
Collision pairs set
goal state set
Using RRT Connect
task setup complete
solving task...
OMPL states:, 200.
path found
valid path found, generating trajectory...
Trajectory points:, 1000.
Duration:, 3.402606
excecuting path...
current error: , 0.012048
Final error:, 0.012048
Execution successful
Goal signal recieved..
Planning ...
Collision pairs set
goal state set
Using RRT Connect
task setup complete
solving task...
OMPL states:, 200.
path found
valid path found, generating trajectory...
Trajectory points:, 1000.
Duration:, 3.934684
excecuting path...
current error: , 0.336943
current error: , 0.336943
current error: , 0.253226
current error: , 0.169534
current error: , 0.085829
current error: , 0.013062
Final error:, 0.001384
Execution successful
Goal signal recieved..
Planning ...
Collision pairs set
goal state set
Using RRT Connect
task setup complete
solving task...
OMPL states:, 200.
path found
valid path found, generating trajectory...
Trajectory points:, 1000.
Duration:, 1.818878
excecuting path...
current error: , 0.003648
Final error:, 0.003648
Execution successful
Goal signal recieved..
Planning ...
Collision pairs set
goal state set
Using RRT Connect
task setup complete
solving task...
OMPL states:, 200.
path found
valid path found, generating trajectory...
Trajectory points:, 1000.
Duration:, 3.710865
excecuting path...
current error: , 0.231918
current error: , 0.231918
current error: , 0.148191
current error: , 0.064514
current error: , 0.008583
Final error:, 0.003279
Execution successful
Goal signal recieved..
Planning ...
Collision pairs set
goal state set
Using RRT Connect
task setup complete
solving task...
OMPL states:, 200.
path found
valid path found, generating trajectory...
Trajectory points:, 1000.
Duration:, 2.051726
excecuting path...
current error: , 0.003694
Final error:, 0.003694
Execution successful
Goal signal recieved..
Planning ...
Collision pairs set
goal state set
Using RRT Connect
task setup complete
solving task...
OMPL states:, 200.
path found
valid path found, generating trajectory...
Trajectory points:, 1000.
Duration:, 8.283926
excecuting path...
current error: , 0.364217
current error: , 0.364217
current error: , 0.281173
current error: , 0.198199
current error: , 0.115206
current error: , 0.032043
current error: , 0.002751
Final error:, 0.001244
Execution successful
Goal signal recieved..
Planning ...
Collision pairs set
goal state set
Using RRT Connect
task setup complete
solving task...
OMPL states:, 200.
path found
valid path found, generating trajectory...
Trajectory points:, 1000.
Duration:, 3.407089
excecuting path...
current error: , 0.027737
current error: , 0.027737
current error: , 0.003019
Final error:, 0.002484
Execution successful
Goal signal recieved..
Planning ...
Collision pairs set
goal state set
Using RRT Connect
task setup complete
solving task...
OMPL states:, 200.
path found
valid path found, generating trajectory...
Trajectory points:, 1000.
Duration:, 2.083873
excecuting path...
current error: , 0.00242
Final error:, 0.00242
Execution successful
Goal signal recieved..
Planning ...
Collision pairs set
goal state set
Using RRT Connect
task setup complete
solving task...
OMPL states:, 200.
path found
valid path found, generating trajectory...
Trajectory points:, 1000.
Duration:, 6.863154
excecuting path...
current error: , 0.003091
Final error:, 0.003091
Execution successful
Goal signal recieved..
Planning ...
Collision pairs set
goal state set
Using RRT Connect
task setup complete
solving task...
OMPL states:, 200.
path found
valid path found, generating trajectory...
Trajectory points:, 1000.
Duration:, 12.244607
excecuting path...
current error: , 2.119048
current error: , 2.119048
current error: , 2.035251
current error: , 1.951433
current error: , 1.867618
current error: , 1.783762
current error: , 1.699964
current error: , 1.61611
current error: , 1.532275
current error: , 1.448433
current error: , 1.364593
current error: , 1.280765
current error: , 1.196914
current error: , 1.113049
current error: , 1.029224
current error: , 0.945391
current error: , 0.861582
current error: , 0.777798
current error: , 0.694037
current error: , 0.610246
current error: , 0.526486
current error: , 0.4427
current error: , 0.358957
current error: , 0.275192
current error: , 0.191449
current error: , 0.107754
current error: , 0.025195
current error: , 0.002389
Final error:, 0.00077
Execution successful
Goal signal recieved..
Planning ...
Collision pairs set
goal state set
Using RRT Connect
task setup complete
solving task...
OMPL states:, 200.
path found
valid path found, generating trajectory...
Trajectory points:, 1000.
Duration:, 3.272136
excecuting path...
current error: , 0.017865
Final error:, 0.017865
Execution successful
Goal signal recieved..
Planning ...
Collision pairs set
goal state set
Using RRT Connect
task setup complete
solving task...
OMPL states:, 200.
path found
valid path found, generating trajectory...
Trajectory points:, 1000.
Duration:, 0.607684
excecuting path...
current error: , 0.003356
Final error:, 0.003356
Execution successful
Goal signal recieved..
Planning ...
Collision pairs set
goal state set
Using RRT Connect
task setup complete
solving task...
OMPL states:, 200.
path found
valid path found, generating trajectory...
Trajectory points:, 1000.
Duration:, 1.847059
excecuting path...
current error: , 0.001195
Final error:, 0.001195
Execution successful
Goal signal recieved..
Planning ...
Collision pairs set
goal state set
Using RRT Connect
task setup complete
solving task...
OMPL states:, 200.
path found
valid path found, generating trajectory...
Trajectory points:, 1000.
Duration:, 0.603916
excecuting path...
current error: , 0.003167
Final error:, 0.003167
Execution successful
Goal signal recieved..
Planning ...
Collision pairs set
goal state set
Using RRT Connect
task setup complete
solving task...
OMPL states:, 200.
path found
valid path found, generating trajectory...
Trajectory points:, 1000.
Duration:, 4.894336
excecuting path...
current error: , 1.14111
current error: , 1.14111
current error: , 1.044656
current error: , 0.953089
current error: , 0.867612
current error: , 0.783909
current error: , 0.700225
current error: , 0.616556
current error: , 0.532841
current error: , 0.44916
current error: , 0.36546
current error: , 0.281772
current error: , 0.19808
current error: , 0.114369
current error: , 0.030745
current error: , 0.002632
Final error:, 0.000786
Execution successful
Goal signal recieved..
Planning ...
Collision pairs set
goal state set
Using RRT Connect
task setup complete
solving task...
OMPL states:, 200.
path found
valid path found, generating trajectory...
Trajectory points:, 1000.
Duration:, 0.622671
excecuting path...
current error: , 0.004608
Final error:, 0.004608
Execution successful
Goal signal recieved..
Planning ...
Collision pairs set
goal state set
Using RRT Connect
task setup complete
solving task...
OMPL states:, 200.
path found
valid path found, generating trajectory...
Trajectory points:, 1000.
Duration:, 3.16323
excecuting path...
current error: , 0.003433
Final error:, 0.003433
Execution successful
Goal signal recieved..
Planning ...
Collision pairs set
goal state set
Using RRT Connect
task setup complete
solving task...
OMPL states:, 200.
path found
valid path found, generating trajectory...
Trajectory points:, 1000.
Duration:, 12.507241
excecuting path...
current error: , 0.25762
current error: , 0.25762
current error: , 0.174724
current error: , 0.091663
current error: , 0.016036
Final error:, 0.001722
Execution successful
Goal signal recieved..
Planning ...
Collision pairs set
goal state set
Using RRT Connect
task setup complete
solving task...
OMPL states:, 200.
path found
valid path found, generating trajectory...
Trajectory points:, 1000.
Duration:, 2.247149
excecuting path...
current error: , 0.001247
Final error:, 0.001247
Execution successful
Goal signal recieved..
Planning ...
Collision pairs set
goal state set
Using RRT Connect
task setup complete
solving task...
OMPL states:, 200.
path found
valid path found, generating trajectory...
Trajectory points:, 1000.
Duration:, 5.591684
excecuting path...
current error: , 1.775884
current error: , 1.775884
current error: , 1.692867
current error: , 1.609881
current error: , 1.526766
current error: , 1.443669
current error: , 1.360591
current error: , 1.27758
current error: , 1.194442
current error: , 1.111375
current error: , 1.028175
current error: , 0.945197
current error: , 0.861985
current error: , 0.779014
current error: , 0.696044
current error: , 0.613028
current error: , 0.529758
current error: , 0.446711
current error: , 0.363352
current error: , 0.279954
current error: , 0.196984
current error: , 0.113848
current error: , 0.030888
current error: , 0.004464
Final error:, 0.002812
Execution successful
Goal signal recieved..
Planning ...
Collision pairs set
goal state set
Using RRT Connect
task setup complete
solving task...
OMPL states:, 200.
path found
valid path found, generating trajectory...
Trajectory points:, 1000.
Duration:, 7.013812
excecuting path...
current error: , 0.003674
Final error:, 0.003674
Execution successful
[sandboxScript:info]   Simulation stopping...
[sandboxScript:info]   Simulation stopped.
[sandboxScript:info]   Simulation started.
[CoppeliaSim:warning]   Detected non-default settings (time steps and/or dyn. engine global settings).
Goal signal recieved..
Planning ...
Collision pairs set
goal state set
Using RRT Connect
task setup complete
solving task...
OMPL states:, 200.
path found
valid path found, generating trajectory...
Trajectory points:, 1000.
Duration:, 3.902607
excecuting path...
current error: , 0.325519
current error: , 0.325519
current error: , 0.241817
current error: , 0.158124
current error: , 0.074416
current error: , 0.009354
Final error:, 0.001072
Execution successful
Goal signal recieved..
Planning ...
Collision pairs set
goal state set
Using RRT Connect
task setup complete
solving task...
OMPL states:, 200.
path found
valid path found, generating trajectory...
Trajectory points:, 1000.
Duration:, 3.929754
excecuting path...
current error: , 0.32771
current error: , 0.32771
current error: , 0.243967
current error: , 0.160251
current error: , 0.07655
current error: , 0.009902
Final error:, 0.00148
Execution successful
Goal signal recieved..
Planning ...
Collision pairs set
goal state set
Using RRT Connect
task setup complete
solving task...
OMPL states:, 200.
path found
valid path found, generating trajectory...
Trajectory points:, 1000.
Duration:, 3.274603
excecuting path...
current error: , 0.019617
Final error:, 0.019617
Execution successful
Goal signal recieved..
Planning ...
Collision pairs set
goal state set
Using RRT Connect
task setup complete
solving task...
OMPL states:, 200.
path found
valid path found, generating trajectory...
Trajectory points:, 1000.
Duration:, 8.32651
excecuting path...
current error: , 0.720234
current error: , 0.720234
current error: , 0.608898
current error: , 0.50087
current error: , 0.398594
current error: , 0.307757
current error: , 0.224485
current error: , 0.141404
current error: , 0.058358
current error: , 0.006467
Final error:, 0.00175
Execution successful
Goal signal recieved..
Planning ...
Collision pairs set
goal state set
Using RRT Connect
task setup complete
solving task...
OMPL states:, 200.
path found
valid path found, generating trajectory...
Trajectory points:, 1000.
Duration:, 5.019139
excecuting path...
current error: , 1.289946
current error: , 1.289946
current error: , 1.206762
current error: , 1.123661
current error: , 1.040579
current error: , 0.95741
current error: , 0.874282
current error: , 0.791327
current error: , 0.708357
current error: , 0.625343
current error: , 0.542225
current error: , 0.459432
current error: , 0.376449
current error: , 0.293661
current error: , 0.210703
current error: , 0.127497
current error: , 0.044483
current error: , 0.005398
Final error:, 0.002228
Execution successful
Goal signal recieved..
Planning ...
Collision pairs set
goal state set
Using RRT Connect
task setup complete
solving task...
OMPL states:, 200.
path found
valid path found, generating trajectory...
Trajectory points:, 1000.
Duration:, 9.335569
excecuting path...
current error: , 0.002355
Final error:, 0.002355
Execution successful
Goal signal recieved..
Planning ...
Collision pairs set
goal state set
Using RRT Connect
task setup complete
solving task...
OMPL states:, 200.
path found
valid path found, generating trajectory...
Trajectory points:, 1000.
Duration:, 2.025139
excecuting path...
current error: , 0.002018
Final error:, 0.002018
Execution successful
Goal signal recieved..
Planning ...
Collision pairs set
goal state set
Using RRT Connect
task setup complete
solving task...
OMPL states:, 200.
path found
valid path found, generating trajectory...
Trajectory points:, 1000.
Duration:, 3.941461
excecuting path...
current error: , 0.348655
current error: , 0.348655
current error: , 0.264892
current error: , 0.181113
current error: , 0.097456
current error: , 0.018534
Final error:, 0.001932
Execution successful
Goal signal recieved..
Planning ...
Collision pairs set
goal state set
Using RRT Connect
task setup complete
solving task...
OMPL states:, 200.
path found
valid path found, generating trajectory...
Trajectory points:, 1000.
Duration:, 3.676157
excecuting path...
current error: , 0.193755
current error: , 0.193755
current error: , 0.110065
current error: , 0.027123
current error: , 0.0028
Final error:, 0.001491
Execution successful
Goal signal recieved..
Planning ...
Collision pairs set
goal state set
Using RRT Connect
task setup complete
solving task...
Goal signal recieved..
Planning ...
Collision pairs set
goal state set
Using RRT Connect
task setup complete
solving task...
OMPL states:, 200.
path found
valid path found, generating trajectory...
Trajectory points:, 1000.
Duration:, 9.141788
excecuting path...
current error: , 0.172967
current error: , 0.172967
current error: , 0.08929
current error: , 0.0146
Final error:, 0.001652
Execution successful
Goal signal recieved..
Planning ...
Collision pairs set
goal state set
Using RRT Connect
task setup complete
solving task...
OMPL states:, 200.
path found
valid path found, generating trajectory...
Trajectory points:, 1000.
Duration:, 9.318303
excecuting path...
current error: , 0.690237
current error: , 0.690237
current error: , 0.569462
current error: , 0.457883
current error: , 0.351133
current error: , 0.255005
current error: , 0.170492
current error: , 0.086527
current error: , 0.013488
Final error:, 0.001627
Execution successful
Goal signal recieved..
Planning ...
Collision pairs set
goal state set
Using RRT Connect
task setup complete
solving task...
OMPL states:, 200.
path found
valid path found, generating trajectory...
Trajectory points:, 1000.
Duration:, 3.766304
excecuting path...
current error: , 0.218983
current error: , 0.218983
current error: , 0.135246
current error: , 0.051477
current error: , 0.004808
Final error:, 0.001743
Execution successful
Goal signal recieved..
Planning ...
Collision pairs set
goal state set
Using RRT Connect
task setup complete
solving task...
OMPL states:, 200.
path found
valid path found, generating trajectory...
Trajectory points:, 1000.
Duration:, 3.478701
excecuting path...
current error: , 0.088004
current error: , 0.088004
current error: , 0.014564
Final error:, 0.002267
Execution successful
Goal signal recieved..
Planning ...
Collision pairs set
goal state set
Using RRT Connect
task setup complete
solving task...
OMPL states:, 200.
path found
valid path found, generating trajectory...
Trajectory points:, 1000.
Duration:, 8.32562
excecuting path...
current error: , 0.001568
Final error:, 0.001568
Execution successful
[sandboxScript:info]   Simulation stopping...
[sandboxScript:info]   Simulation stopped.
[sandboxScript:info]   Simulation started.
[CoppeliaSim:warning]   Detected non-default settings (time steps and/or dyn. engine global settings).
Goal signal recieved..
Planning ...
Collision pairs set
goal state set
Using RRT Connect
task setup complete
solving task...
OMPL states:, 200.
path found
valid path found, generating trajectory...
Trajectory points:, 1000.
Duration:, 3.676539
excecuting path...
current error: , 0.225493
current error: , 0.225493
current error: , 0.113777
current error: , 0.027117
current error: , 0.002711
Final error:, 0.001238
Execution successful
Goal signal recieved..
Planning ...
Collision pairs set
goal state set
Using RRT Connect
task setup complete
solving task...
OMPL states:, 200.
path found
valid path found, generating trajectory...
Trajectory points:, 1000.
Duration:, 3.709149
excecuting path...
current error: , 0.228823
current error: , 0.228823
current error: , 0.145125
current error: , 0.061434
current error: , 0.007895
Final error:, 0.003196
Execution successful
Goal signal recieved..
Planning ...
Collision pairs set
goal state set
Using RRT Connect
task setup complete
solving task...
OMPL states:, 200.
path found
valid path found, generating trajectory...
Trajectory points:, 1000.
Duration:, 8.941849
excecuting path...
current error: , 0.007193
Final error:, 0.007193
Execution successful
Goal signal recieved..
Planning ...
Collision pairs set
goal state set
Using RRT Connect
task setup complete
solving task...
OMPL states:, 200.
path found
valid path found, generating trajectory...
Trajectory points:, 1000.
Duration:, 12.844819
excecuting path...
current error: , 1.128406
current error: , 1.128406
current error: , 1.0105
current error: , 0.89263
current error: , 0.77487
current error: , 0.657274
current error: , 0.539917
current error: , 0.423094
current error: , 0.306892
current error: , 0.192854
current error: , 0.090398
current error: , 0.014895
Final error:, 0.001986
Execution successful
Goal signal recieved..
Planning ...
Collision pairs set
goal state set
Using RRT Connect
task setup complete
solving task...
OMPL states:, 200.
path found
valid path found, generating trajectory...
Trajectory points:, 1000.
Duration:, 3.690588
excecuting path...
current error: , 0.189149
current error: , 0.189149
current error: , 0.106343
current error: , 0.02476
current error: , 0.002256
Final error:, 0.001234
Execution successful
[3G[0m[J[3GGoal signal recieved..
Planning ...
Collision pairs set
goal state set
Using RRT Connect
task setup complete
solving task...
OMPL states:, 200.
path found
valid path found, generating trajectory...
Trajectory points:, 1000.
Duration:, 7.850297
excecuting path...
current error: , 0.492671
current error: , 0.492671
current error: , 0.408953
current error: , 0.32525
current error: , 0.241564
current error: , 0.157847
current error: , 0.074182
current error: , 0.009312
Final error:, 0.001358
Execution successful
Goal signal recieved..
Planning ...
Collision pairs set
goal state set
Using RRT Connect
task setup complete
solving task...
OMPL states:, 200.
path found
valid path found, generating trajectory...
Trajectory points:, 1000.
Duration:, 3.853637
excecuting path...
current error: , 0.285107
current error: , 0.285107
current error: , 0.201342
current error: , 0.117637
current error: , 0.033968
current error: , 0.002958
Final error:, 0.00142
Execution successful
Goal signal recieved..
Planning ...
Collision pairs set
goal state set
Using RRT Connect
task setup complete
solving task...
OMPL states:, 200.
path found
valid path found, generating trajectory...
Trajectory points:, 1000.
Duration:, 3.427734
excecuting path...
current error: , 0.05252
current error: , 0.05252
current error: , 0.005079
Final error:, 0.001238
Execution successful
Goal signal recieved..
Planning ...
Collision pairs set
goal state set
Using RRT Connect
task setup complete
solving task...
OMPL states:, 200.
path found
valid path found, generating trajectory...
Trajectory points:, 1000.
Duration:, 3.427616
excecuting path...
current error: , 0.051037
current error: , 0.051037
current error: , 0.005086
Final error:, 0.001594
Execution successful
Goal signal recieved..
Planning ...
Collision pairs set
goal state set
Using RRT Connect
task setup complete
solving task...
OMPL states:, 200.
path found
valid path found, generating trajectory...
Trajectory points:, 1000.
Duration:, 0.321646
excecuting path...
current error: , 0.002574
Final error:, 0.002574
Execution successful
Goal signal recieved..
Planning ...
Collision pairs set
goal state set
Using RRT Connect
task setup complete
solving task...
OMPL states:, 200.
path found
valid path found, generating trajectory...
Trajectory points:, 1000.
Duration:, 1.722299
excecuting path...
current error: , 0.002863
Final error:, 0.002863
Execution successful
Goal signal recieved..
Planning ...
Collision pairs set
goal state set
Using RRT Connect
task setup complete
solving task...
OMPL states:, 200.
path found
valid path found, generating trajectory...
Trajectory points:, 1000.
Duration:, 4.242544
excecuting path...
current error: , 0.919049
current error: , 0.919049
current error: , 0.774656
current error: , 0.630325
current error: , 0.486075
current error: , 0.342411
current error: , 0.19967
current error: , 0.066155
current error: , 0.005765
Final error:, 0.001482
Execution successful
Goal signal recieved..
Planning ...
Collision pairs set
goal state set
Using RRT Connect
task setup complete
solving task...
OMPL states:, 200.
path found
valid path found, generating trajectory...
Trajectory points:, 1000.
Duration:, 1.709466
excecuting path...
current error: , 0.002019
Final error:, 0.002019
Execution successful
Goal signal recieved..
Planning ...
Collision pairs set
goal state set
Using RRT Connect
task setup complete
solving task...
OMPL states:, 200.
path found
valid path found, generating trajectory...
Trajectory points:, 1000.
Duration:, 5.595871
excecuting path...
current error: , 0.002156
Final error:, 0.002156
Execution successful
Goal signal recieved..
Planning ...
Collision pairs set
goal state set
Using RRT Connect
task setup complete
solving task...
OMPL states:, 200.
path found
valid path found, generating trajectory...
Trajectory points:, 1000.
Duration:, 1.716848
excecuting path...
current error: , 0.002033
Final error:, 0.002033
Execution successful
Goal signal recieved..
Planning ...
Collision pairs set
goal state set
Using RRT Connect
task setup complete
solving task...
OMPL states:, 200.
path found
valid path found, generating trajectory...
Trajectory points:, 1000.
Duration:, 7.966846
excecuting path...
current error: , 0.013025
Final error:, 0.013025
Execution successful
[sandboxScript:info]   Simulation stopping...
[sandboxScript:info]   Simulation stopped.
[sandboxScript:info]   Simulation started.
[CoppeliaSim:warning]   Detected non-default settings (time steps and/or dyn. engine global settings).
Goal signal recieved..
Planning ...
Collision pairs set
goal state set
Using RRT Connect
task setup complete
solving task...
OMPL states:, 200.
path found
valid path found, generating trajectory...
Trajectory points:, 1000.
Duration:, 3.676434
excecuting path...
current error: , 0.224503
current error: , 0.224503
current error: , 0.11328
current error: , 0.027103
current error: , 0.002677
Final error:, 0.001137
Execution successful
Goal signal recieved..
Planning ...
Collision pairs set
goal state set
Using RRT Connect
task setup complete
solving task...
OMPL states:, 200.
path found
valid path found, generating trajectory...
Trajectory points:, 1000.
Duration:, 8.799488
excecuting path...
current error: , 0.497531
current error: , 0.497531
current error: , 0.413871
current error: , 0.330199
current error: , 0.246503
current error: , 0.162804
current error: , 0.079132
current error: , 0.011094
Final error:, 0.001781
Execution successful
Goal signal recieved..
Planning ...
Collision pairs set
goal state set
Using RRT Connect
task setup complete
solving task...
OMPL states:, 200.
path found
valid path found, generating trajectory...
Trajectory points:, 1000.
Duration:, 4.468982
excecuting path...
current error: , 0.927241
current error: , 0.927241
current error: , 0.812539
current error: , 0.698991
current error: , 0.587188
current error: , 0.478292
current error: , 0.374993
current error: , 0.283524
current error: , 0.199622
current error: , 0.115971
current error: , 0.032408
current error: , 0.00446
Final error:, 0.002557
Execution successful
Goal signal recieved..
Planning ...
Collision pairs set
goal state set
Using RRT Connect
task setup complete
solving task...
OMPL states:, 200.
path found
valid path found, generating trajectory...
Trajectory points:, 1000.
Duration:, 4.234201
excecuting path...
current error: , 0.620789
current error: , 0.620789
current error: , 0.535628
current error: , 0.452501
current error: , 0.369302
current error: , 0.286121
current error: , 0.203143
current error: , 0.120036
current error: , 0.037144
current error: , 0.005364
Final error:, 0.003043
Execution successful
Goal signal recieved..
Planning ...
Collision pairs set
goal state set
Using RRT Connect
task setup complete
solving task...
OMPL states:, 200.
path found
valid path found, generating trajectory...
Trajectory points:, 1000.
Duration:, 2.996899
excecuting path...
current error: , 0.002658
Final error:, 0.002658
Execution successful
Goal signal recieved..
Planning ...
Collision pairs set
goal state set
Using RRT Connect
task setup complete
solving task...
OMPL states:, 200.
path found
valid path found, generating trajectory...
Trajectory points:, 1000.
Duration:, 4.241885
excecuting path...
current error: , 0.572207
current error: , 0.572207
current error: , 0.489175
current error: , 0.405925
current error: , 0.323006
current error: , 0.239894
current error: , 0.156994
current error: , 0.074039
current error: , 0.009304
Final error:, 0.001362
Execution successful
Goal signal recieved..
Planning ...
Collision pairs set
goal state set
Using RRT Connect
task setup complete
solving task...
OMPL states:, 200.
path found
valid path found, generating trajectory...
Trajectory points:, 1000.
Duration:, 7.087819
excecuting path...
current error: , 0.002288
Final error:, 0.002288
Execution successful
Goal signal recieved..
Planning ...
Collision pairs set
goal state set
Using RRT Connect
task setup complete
solving task...
OMPL states:, 200.
path found
valid path found, generating trajectory...
Trajectory points:, 1000.
Duration:, 1.938665
excecuting path...
current error: , 0.002418
Final error:, 0.002418
Execution successful
Goal signal recieved..
Planning ...
Collision pairs set
goal state set
Using RRT Connect
task setup complete
solving task...
OMPL states:, 200.
path found
valid path found, generating trajectory...
Trajectory points:, 1000.
Duration:, 8.790238
excecuting path...
current error: , 0.923913
current error: , 0.923913
current error: , 0.840192
current error: , 0.756499
current error: , 0.672831
current error: , 0.589164
current error: , 0.505492
current error: , 0.421806
current error: , 0.338099
current error: , 0.254392
current error: , 0.170671
current error: , 0.086969
current error: , 0.013642
Final error:, 0.001488
Execution successful
Goal signal recieved..
Planning ...
Collision pairs set
goal state set
Using RRT Connect
task setup complete
solving task...

> 
> 
> 
> 
> 
> 
> 
> 
> 
> 
> 
> 
> 
> 
> 
> 
> 
> 
> 
> 
> 
> 
> 
> 
> 
> 
> 
> 
> 
> 
> 
> 
> 
> 
> 
> 
> 
> 
> 
> 
> 
> 
> 
> 
> 
> 
> 
> 
> 
> 
> 
> 
> 
> 
> 
> 
> 
> 
> 
> 
> 
> 
> 
> 
> 
> 
> 
> 
> 
> 
> 
> 
> 
> 
> 
> 
> 
> 
> 
> 
> 
> 
> 
> 
> 
> 
> 
> 
> 
> 
> 
> 
> 
> 
> 
> 
> 
> 
> 
> 
> 
> 
> 
> 
> 
> 
> 
> 
> 
> 
> 
> 
> 
> 
> 
> 
> 
> 
> 
> 
> 
> 
> 
> 
> 
> 
> 
> 
> 
> 
> 
> 
> 
> 
> 
> 
> 
> 
> 
> 
> 
> 
> 
> 
> 
> 
> 
> 
> 
> 
> 
> 
> 
> 
> 
> 
> 
> 
> 
> 
> 
> 
> 
> 
> 
> 
> 
> 
> 
> 
> 
> 
> 
> 
> 
> 
> 
> 
> 
> 
> 
> 
> 
> 
> 
> 
> 
> 
> 
> 
> 
> 
> 
> 
> 
> 
> 
> 
> 
> 
> 
> 
> 
> 
> 
> 
> 
> 
> 
> 
> 
> 
> 
> 
> 
> 
> 
> 
> 
> 
> 
> 
> 
> 
> 
> 
> 
> 
> 
> 
> 
> 
> 
> 
> 
> 
> 
> 
> 
> 
> 
> 
> 
> 
> 
> 
> 
> 
> 
> 
> 
> 
> 
> 
> 
> 
> 
> 
> 
> 
> 
> 
> 
> 
> 
> 
