[0.024s] Invoking command in '/home/user/refine_plan_v2/build/action_interfaces': CMAKE_PREFIX_PATH=${CMAKE_PREFIX_PATH}:/home/user/refine_plan_v2/install/simulation:/home/user/refine_plan_v2/install/behaviour_trees:/home/user/refine_plan_v2/install/actions_interface:/opt/ros/humble /usr/bin/cmake --build /home/user/refine_plan_v2/build/action_interfaces -- -j8 -l8
[0.453s] [  2%] Built target action_interfaces__cpp
[0.454s] [ 12%] Built target action_interfaces__rosidl_generator_c
[0.454s] [ 12%] Built target ament_cmake_python_copy_action_interfaces
[0.454s] [ 23%] Built target action_interfaces__rosidl_typesupport_introspection_cpp
[0.455s] [ 33%] Built target action_interfaces__rosidl_typesupport_fastrtps_cpp
[0.455s] [ 43%] Built target action_interfaces__rosidl_typesupport_introspection_c
[0.455s] [ 58%] Built target action_interfaces__rosidl_typesupport_cpp
[0.455s] [ 74%] Built target action_interfaces__rosidl_typesupport_fastrtps_c
[0.455s] [ 74%] Built target action_interfaces__rosidl_typesupport_c
[0.455s] [ 74%] Built target action_interfaces
[0.455s] [ 76%] Built target action_interfaces__py
[0.455s] [ 84%] Built target action_interfaces__rosidl_generator_py
[0.455s] [ 89%] Built target action_interfaces__rosidl_typesupport_introspection_c__pyext
[0.456s] [ 94%] Built target action_interfaces__rosidl_typesupport_fastrtps_c__pyext
[0.456s] [100%] Built target action_interfaces__rosidl_typesupport_c__pyext
[0.503s] running egg_info
[0.504s] writing action_interfaces.egg-info/PKG-INFO
[0.504s] writing dependency_links to action_interfaces.egg-info/dependency_links.txt
[0.504s] writing top-level names to action_interfaces.egg-info/top_level.txt
[0.508s] reading manifest file 'action_interfaces.egg-info/SOURCES.txt'
[0.508s] writing manifest file 'action_interfaces.egg-info/SOURCES.txt'
[0.551s] [100%] Built target ament_cmake_python_build_action_interfaces_egg
[0.890s] Invoked command in '/home/user/refine_plan_v2/build/action_interfaces' returned '0': CMAKE_PREFIX_PATH=${CMAKE_PREFIX_PATH}:/home/user/refine_plan_v2/install/simulation:/home/user/refine_plan_v2/install/behaviour_trees:/home/user/refine_plan_v2/install/actions_interface:/opt/ros/humble /usr/bin/cmake --build /home/user/refine_plan_v2/build/action_interfaces -- -j8 -l8
[0.904s] Invoking command in '/home/user/refine_plan_v2/build/action_interfaces': CMAKE_PREFIX_PATH=${CMAKE_PREFIX_PATH}:/home/user/refine_plan_v2/install/simulation:/home/user/refine_plan_v2/install/behaviour_trees:/home/user/refine_plan_v2/install/actions_interface:/opt/ros/humble /usr/bin/cmake --install /home/user/refine_plan_v2/build/action_interfaces
[0.915s] -- Install configuration: ""
[0.916s] -- Up-to-date: /home/user/refine_plan_v2/install/action_interfaces/share/ament_index/resource_index/rosidl_interfaces/action_interfaces
[0.916s] -- Up-to-date: /home/user/refine_plan_v2/install/action_interfaces/include/action_interfaces/action_interfaces
[0.916s] -- Up-to-date: /home/user/refine_plan_v2/install/action_interfaces/include/action_interfaces/action_interfaces/msg
[0.916s] -- Up-to-date: /home/user/refine_plan_v2/install/action_interfaces/include/action_interfaces/action_interfaces/msg/rosidl_generator_c__visibility_control.h
[0.916s] -- Up-to-date: /home/user/refine_plan_v2/install/action_interfaces/include/action_interfaces/action_interfaces/action
[0.917s] -- Up-to-date: /home/user/refine_plan_v2/install/action_interfaces/include/action_interfaces/action_interfaces/action/detail
[0.917s] -- Up-to-date: /home/user/refine_plan_v2/install/action_interfaces/include/action_interfaces/action_interfaces/action/detail/go_back_home__struct.h
[0.917s] -- Up-to-date: /home/user/refine_plan_v2/install/action_interfaces/include/action_interfaces/action_interfaces/action/detail/go_back_home__functions.c
[0.917s] -- Up-to-date: /home/user/refine_plan_v2/install/action_interfaces/include/action_interfaces/action_interfaces/action/detail/go_to_pose__functions.c
[0.917s] -- Up-to-date: /home/user/refine_plan_v2/install/action_interfaces/include/action_interfaces/action_interfaces/action/detail/go_to_pose__struct.h
[0.917s] -- Up-to-date: /home/user/refine_plan_v2/install/action_interfaces/include/action_interfaces/action_interfaces/action/detail/go_back_home__functions.h
[0.918s] -- Up-to-date: /home/user/refine_plan_v2/install/action_interfaces/include/action_interfaces/action_interfaces/action/detail/go_to_pose__functions.h
[0.918s] -- Up-to-date: /home/user/refine_plan_v2/install/action_interfaces/include/action_interfaces/action_interfaces/action/detail/go_back_home__type_support.h
[0.918s] -- Up-to-date: /home/user/refine_plan_v2/install/action_interfaces/include/action_interfaces/action_interfaces/action/detail/go_to_pose__type_support.h
[0.918s] -- Up-to-date: /home/user/refine_plan_v2/install/action_interfaces/include/action_interfaces/action_interfaces/action/go_back_home.h
[0.918s] -- Up-to-date: /home/user/refine_plan_v2/install/action_interfaces/include/action_interfaces/action_interfaces/action/go_to_pose.h
[0.918s] -- Up-to-date: /home/user/refine_plan_v2/install/action_interfaces/share/action_interfaces/environment/library_path.sh
[0.919s] -- Up-to-date: /home/user/refine_plan_v2/install/action_interfaces/share/action_interfaces/environment/library_path.dsv
[0.919s] -- Up-to-date: /home/user/refine_plan_v2/install/action_interfaces/lib/libaction_interfaces__rosidl_generator_c.so
[0.919s] -- Up-to-date: /home/user/refine_plan_v2/install/action_interfaces/include/action_interfaces/action_interfaces
[0.919s] -- Up-to-date: /home/user/refine_plan_v2/install/action_interfaces/include/action_interfaces/action_interfaces/msg
[0.919s] -- Up-to-date: /home/user/refine_plan_v2/install/action_interfaces/include/action_interfaces/action_interfaces/msg/rosidl_typesupport_fastrtps_c__visibility_control.h
[0.919s] -- Up-to-date: /home/user/refine_plan_v2/install/action_interfaces/include/action_interfaces/action_interfaces/action
[0.920s] -- Up-to-date: /home/user/refine_plan_v2/install/action_interfaces/include/action_interfaces/action_interfaces/action/detail
[0.920s] -- Up-to-date: /home/user/refine_plan_v2/install/action_interfaces/include/action_interfaces/action_interfaces/action/detail/go_back_home__rosidl_typesupport_fastrtps_c.h
[0.920s] -- Up-to-date: /home/user/refine_plan_v2/install/action_interfaces/include/action_interfaces/action_interfaces/action/detail/go_to_pose__rosidl_typesupport_fastrtps_c.h
[0.920s] -- Up-to-date: /home/user/refine_plan_v2/install/action_interfaces/lib/libaction_interfaces__rosidl_typesupport_fastrtps_c.so
[0.920s] -- Up-to-date: /home/user/refine_plan_v2/install/action_interfaces/include/action_interfaces/action_interfaces
[0.920s] -- Up-to-date: /home/user/refine_plan_v2/install/action_interfaces/include/action_interfaces/action_interfaces/msg
[0.920s] -- Up-to-date: /home/user/refine_plan_v2/install/action_interfaces/include/action_interfaces/action_interfaces/msg/rosidl_typesupport_introspection_c__visibility_control.h
[0.921s] -- Up-to-date: /home/user/refine_plan_v2/install/action_interfaces/include/action_interfaces/action_interfaces/action
[0.921s] -- Up-to-date: /home/user/refine_plan_v2/install/action_interfaces/include/action_interfaces/action_interfaces/action/detail
[0.921s] -- Up-to-date: /home/user/refine_plan_v2/install/action_interfaces/include/action_interfaces/action_interfaces/action/detail/go_back_home__type_support.c
[0.921s] -- Up-to-date: /home/user/refine_plan_v2/install/action_interfaces/include/action_interfaces/action_interfaces/action/detail/go_to_pose__type_support.c
[0.921s] -- Up-to-date: /home/user/refine_plan_v2/install/action_interfaces/include/action_interfaces/action_interfaces/action/detail/go_to_pose__rosidl_typesupport_introspection_c.h
[0.921s] -- Up-to-date: /home/user/refine_plan_v2/install/action_interfaces/include/action_interfaces/action_interfaces/action/detail/go_back_home__rosidl_typesupport_introspection_c.h
[0.922s] -- Up-to-date: /home/user/refine_plan_v2/install/action_interfaces/lib/libaction_interfaces__rosidl_typesupport_introspection_c.so
[0.922s] -- Up-to-date: /home/user/refine_plan_v2/install/action_interfaces/lib/libaction_interfaces__rosidl_typesupport_c.so
[0.922s] -- Up-to-date: /home/user/refine_plan_v2/install/action_interfaces/include/action_interfaces/action_interfaces
[0.922s] -- Up-to-date: /home/user/refine_plan_v2/install/action_interfaces/include/action_interfaces/action_interfaces/msg
[0.922s] -- Up-to-date: /home/user/refine_plan_v2/install/action_interfaces/include/action_interfaces/action_interfaces/msg/rosidl_generator_cpp__visibility_control.hpp
[0.922s] -- Up-to-date: /home/user/refine_plan_v2/install/action_interfaces/include/action_interfaces/action_interfaces/action
[0.922s] -- Up-to-date: /home/user/refine_plan_v2/install/action_interfaces/include/action_interfaces/action_interfaces/action/go_back_home.hpp
[0.922s] -- Up-to-date: /home/user/refine_plan_v2/install/action_interfaces/include/action_interfaces/action_interfaces/action/detail
[0.923s] -- Up-to-date: /home/user/refine_plan_v2/install/action_interfaces/include/action_interfaces/action_interfaces/action/detail/go_back_home__type_support.hpp
[0.923s] -- Up-to-date: /home/user/refine_plan_v2/install/action_interfaces/include/action_interfaces/action_interfaces/action/detail/go_to_pose__type_support.hpp
[0.923s] -- Up-to-date: /home/user/refine_plan_v2/install/action_interfaces/include/action_interfaces/action_interfaces/action/detail/go_to_pose__builder.hpp
[0.923s] -- Up-to-date: /home/user/refine_plan_v2/install/action_interfaces/include/action_interfaces/action_interfaces/action/detail/go_back_home__traits.hpp
[0.923s] -- Up-to-date: /home/user/refine_plan_v2/install/action_interfaces/include/action_interfaces/action_interfaces/action/detail/go_to_pose__struct.hpp
[0.923s] -- Up-to-date: /home/user/refine_plan_v2/install/action_interfaces/include/action_interfaces/action_interfaces/action/detail/go_back_home__builder.hpp
[0.923s] -- Up-to-date: /home/user/refine_plan_v2/install/action_interfaces/include/action_interfaces/action_interfaces/action/detail/go_to_pose__traits.hpp
[0.923s] -- Up-to-date: /home/user/refine_plan_v2/install/action_interfaces/include/action_interfaces/action_interfaces/action/detail/go_back_home__struct.hpp
[0.924s] -- Up-to-date: /home/user/refine_plan_v2/install/action_interfaces/include/action_interfaces/action_interfaces/action/go_to_pose.hpp
[0.924s] -- Up-to-date: /home/user/refine_plan_v2/install/action_interfaces/include/action_interfaces/action_interfaces
[0.924s] -- Up-to-date: /home/user/refine_plan_v2/install/action_interfaces/include/action_interfaces/action_interfaces/msg
[0.924s] -- Up-to-date: /home/user/refine_plan_v2/install/action_interfaces/include/action_interfaces/action_interfaces/msg/rosidl_typesupport_fastrtps_cpp__visibility_control.h
[0.924s] -- Up-to-date: /home/user/refine_plan_v2/install/action_interfaces/include/action_interfaces/action_interfaces/action
[0.924s] -- Up-to-date: /home/user/refine_plan_v2/install/action_interfaces/include/action_interfaces/action_interfaces/action/detail
[0.924s] -- Up-to-date: /home/user/refine_plan_v2/install/action_interfaces/include/action_interfaces/action_interfaces/action/detail/go_to_pose__rosidl_typesupport_fastrtps_cpp.hpp
[0.924s] -- Up-to-date: /home/user/refine_plan_v2/install/action_interfaces/include/action_interfaces/action_interfaces/action/detail/go_back_home__rosidl_typesupport_fastrtps_cpp.hpp
[0.924s] -- Up-to-date: /home/user/refine_plan_v2/install/action_interfaces/include/action_interfaces/action_interfaces/action/detail/dds_fastrtps
[0.925s] -- Up-to-date: /home/user/refine_plan_v2/install/action_interfaces/lib/libaction_interfaces__rosidl_typesupport_fastrtps_cpp.so
[0.925s] -- Up-to-date: /home/user/refine_plan_v2/install/action_interfaces/include/action_interfaces/action_interfaces
[0.925s] -- Up-to-date: /home/user/refine_plan_v2/install/action_interfaces/include/action_interfaces/action_interfaces/action
[0.925s] -- Up-to-date: /home/user/refine_plan_v2/install/action_interfaces/include/action_interfaces/action_interfaces/action/detail
[0.925s] -- Up-to-date: /home/user/refine_plan_v2/install/action_interfaces/include/action_interfaces/action_interfaces/action/detail/go_back_home__type_support.cpp
[0.925s] -- Up-to-date: /home/user/refine_plan_v2/install/action_interfaces/include/action_interfaces/action_interfaces/action/detail/go_to_pose__type_support.cpp
[0.925s] -- Up-to-date: /home/user/refine_plan_v2/install/action_interfaces/include/action_interfaces/action_interfaces/action/detail/go_back_home__rosidl_typesupport_introspection_cpp.hpp
[0.925s] -- Up-to-date: /home/user/refine_plan_v2/install/action_interfaces/include/action_interfaces/action_interfaces/action/detail/go_to_pose__rosidl_typesupport_introspection_cpp.hpp
[0.926s] -- Up-to-date: /home/user/refine_plan_v2/install/action_interfaces/lib/libaction_interfaces__rosidl_typesupport_introspection_cpp.so
[0.926s] -- Up-to-date: /home/user/refine_plan_v2/install/action_interfaces/lib/libaction_interfaces__rosidl_typesupport_cpp.so
[0.926s] -- Up-to-date: /home/user/refine_plan_v2/install/action_interfaces/share/action_interfaces/environment/pythonpath.sh
[0.926s] -- Up-to-date: /home/user/refine_plan_v2/install/action_interfaces/share/action_interfaces/environment/pythonpath.dsv
[0.926s] -- Up-to-date: /home/user/refine_plan_v2/install/action_interfaces/local/lib/python3.10/dist-packages/action_interfaces-0.0.0-py3.10.egg-info
[0.926s] -- Installing: /home/user/refine_plan_v2/install/action_interfaces/local/lib/python3.10/dist-packages/action_interfaces-0.0.0-py3.10.egg-info/top_level.txt
[0.926s] -- Installing: /home/user/refine_plan_v2/install/action_interfaces/local/lib/python3.10/dist-packages/action_interfaces-0.0.0-py3.10.egg-info/SOURCES.txt
[0.926s] -- Installing: /home/user/refine_plan_v2/install/action_interfaces/local/lib/python3.10/dist-packages/action_interfaces-0.0.0-py3.10.egg-info/dependency_links.txt
[0.926s] -- Installing: /home/user/refine_plan_v2/install/action_interfaces/local/lib/python3.10/dist-packages/action_interfaces-0.0.0-py3.10.egg-info/PKG-INFO
[0.927s] -- Up-to-date: /home/user/refine_plan_v2/install/action_interfaces/local/lib/python3.10/dist-packages/action_interfaces
[0.927s] -- Up-to-date: /home/user/refine_plan_v2/install/action_interfaces/local/lib/python3.10/dist-packages/action_interfaces/_action_interfaces_s.ep.rosidl_typesupport_c.c
[0.927s] -- Up-to-date: /home/user/refine_plan_v2/install/action_interfaces/local/lib/python3.10/dist-packages/action_interfaces/_action_interfaces_s.ep.rosidl_typesupport_introspection_c.c
[0.927s] -- Up-to-date: /home/user/refine_plan_v2/install/action_interfaces/local/lib/python3.10/dist-packages/action_interfaces/action_interfaces_s__rosidl_typesupport_introspection_c.cpython-310-x86_64-linux-gnu.so
[0.927s] -- Up-to-date: /home/user/refine_plan_v2/install/action_interfaces/local/lib/python3.10/dist-packages/action_interfaces/action_interfaces_s__rosidl_typesupport_c.cpython-310-x86_64-linux-gnu.so
[0.927s] -- Up-to-date: /home/user/refine_plan_v2/install/action_interfaces/local/lib/python3.10/dist-packages/action_interfaces/_action_interfaces_s.ep.rosidl_typesupport_fastrtps_c.c
[0.927s] -- Up-to-date: /home/user/refine_plan_v2/install/action_interfaces/local/lib/python3.10/dist-packages/action_interfaces/action_interfaces_s__rosidl_typesupport_fastrtps_c.cpython-310-x86_64-linux-gnu.so
[0.927s] -- Up-to-date: /home/user/refine_plan_v2/install/action_interfaces/local/lib/python3.10/dist-packages/action_interfaces/libaction_interfaces__rosidl_generator_py.so
[0.928s] -- Up-to-date: /home/user/refine_plan_v2/install/action_interfaces/local/lib/python3.10/dist-packages/action_interfaces/action
[0.928s] -- Up-to-date: /home/user/refine_plan_v2/install/action_interfaces/local/lib/python3.10/dist-packages/action_interfaces/action/_go_back_home_s.c
[0.928s] -- Up-to-date: /home/user/refine_plan_v2/install/action_interfaces/local/lib/python3.10/dist-packages/action_interfaces/action/_go_to_pose.py
[0.928s] -- Up-to-date: /home/user/refine_plan_v2/install/action_interfaces/local/lib/python3.10/dist-packages/action_interfaces/action/_go_to_pose_s.c
[0.928s] -- Up-to-date: /home/user/refine_plan_v2/install/action_interfaces/local/lib/python3.10/dist-packages/action_interfaces/action/_go_back_home.py
[0.928s] -- Up-to-date: /home/user/refine_plan_v2/install/action_interfaces/local/lib/python3.10/dist-packages/action_interfaces/action/__init__.py
[0.928s] -- Up-to-date: /home/user/refine_plan_v2/install/action_interfaces/local/lib/python3.10/dist-packages/action_interfaces/__init__.py
[0.972s] Listing '/home/user/refine_plan_v2/install/action_interfaces/local/lib/python3.10/dist-packages/action_interfaces'...
[0.972s] Listing '/home/user/refine_plan_v2/install/action_interfaces/local/lib/python3.10/dist-packages/action_interfaces/action'...
[0.978s] -- Up-to-date: /home/user/refine_plan_v2/install/action_interfaces/local/lib/python3.10/dist-packages/action_interfaces/action_interfaces_s__rosidl_typesupport_fastrtps_c.cpython-310-x86_64-linux-gnu.so
[0.979s] -- Up-to-date: /home/user/refine_plan_v2/install/action_interfaces/local/lib/python3.10/dist-packages/action_interfaces/action_interfaces_s__rosidl_typesupport_introspection_c.cpython-310-x86_64-linux-gnu.so
[0.979s] -- Up-to-date: /home/user/refine_plan_v2/install/action_interfaces/local/lib/python3.10/dist-packages/action_interfaces/action_interfaces_s__rosidl_typesupport_c.cpython-310-x86_64-linux-gnu.so
[0.979s] -- Up-to-date: /home/user/refine_plan_v2/install/action_interfaces/lib/libaction_interfaces__rosidl_generator_py.so
[0.980s] -- Up-to-date: /home/user/refine_plan_v2/install/action_interfaces/share/action_interfaces/action/GoBackHome.idl
[0.980s] -- Up-to-date: /home/user/refine_plan_v2/install/action_interfaces/share/action_interfaces/action/GoToPose.idl
[0.980s] -- Up-to-date: /home/user/refine_plan_v2/install/action_interfaces/share/action_interfaces/action/GoBackHome.action
[0.980s] -- Up-to-date: /home/user/refine_plan_v2/install/action_interfaces/share/action_interfaces/action/GoToPose.action
[0.980s] -- Up-to-date: /home/user/refine_plan_v2/install/action_interfaces/share/ament_index/resource_index/package_run_dependencies/action_interfaces
[0.980s] -- Up-to-date: /home/user/refine_plan_v2/install/action_interfaces/share/ament_index/resource_index/parent_prefix_path/action_interfaces
[0.981s] -- Up-to-date: /home/user/refine_plan_v2/install/action_interfaces/share/action_interfaces/environment/ament_prefix_path.sh
[0.981s] -- Up-to-date: /home/user/refine_plan_v2/install/action_interfaces/share/action_interfaces/environment/ament_prefix_path.dsv
[0.981s] -- Up-to-date: /home/user/refine_plan_v2/install/action_interfaces/share/action_interfaces/environment/path.sh
[0.981s] -- Up-to-date: /home/user/refine_plan_v2/install/action_interfaces/share/action_interfaces/environment/path.dsv
[0.981s] -- Up-to-date: /home/user/refine_plan_v2/install/action_interfaces/share/action_interfaces/local_setup.bash
[0.981s] -- Up-to-date: /home/user/refine_plan_v2/install/action_interfaces/share/action_interfaces/local_setup.sh
[0.981s] -- Up-to-date: /home/user/refine_plan_v2/install/action_interfaces/share/action_interfaces/local_setup.zsh
[0.982s] -- Up-to-date: /home/user/refine_plan_v2/install/action_interfaces/share/action_interfaces/local_setup.dsv
[0.982s] -- Installing: /home/user/refine_plan_v2/install/action_interfaces/share/action_interfaces/package.dsv
[0.982s] -- Up-to-date: /home/user/refine_plan_v2/install/action_interfaces/share/ament_index/resource_index/packages/action_interfaces
[0.982s] -- Up-to-date: /home/user/refine_plan_v2/install/action_interfaces/share/action_interfaces/cmake/export_action_interfaces__rosidl_generator_cExport.cmake
[0.983s] -- Up-to-date: /home/user/refine_plan_v2/install/action_interfaces/share/action_interfaces/cmake/export_action_interfaces__rosidl_generator_cExport-noconfig.cmake
[0.983s] -- Up-to-date: /home/user/refine_plan_v2/install/action_interfaces/share/action_interfaces/cmake/export_action_interfaces__rosidl_typesupport_fastrtps_cExport.cmake
[0.983s] -- Up-to-date: /home/user/refine_plan_v2/install/action_interfaces/share/action_interfaces/cmake/export_action_interfaces__rosidl_typesupport_fastrtps_cExport-noconfig.cmake
[0.983s] -- Up-to-date: /home/user/refine_plan_v2/install/action_interfaces/share/action_interfaces/cmake/action_interfaces__rosidl_typesupport_introspection_cExport.cmake
[0.983s] -- Up-to-date: /home/user/refine_plan_v2/install/action_interfaces/share/action_interfaces/cmake/action_interfaces__rosidl_typesupport_introspection_cExport-noconfig.cmake
[0.984s] -- Up-to-date: /home/user/refine_plan_v2/install/action_interfaces/share/action_interfaces/cmake/action_interfaces__rosidl_typesupport_cExport.cmake
[0.984s] -- Up-to-date: /home/user/refine_plan_v2/install/action_interfaces/share/action_interfaces/cmake/action_interfaces__rosidl_typesupport_cExport-noconfig.cmake
[0.984s] -- Up-to-date: /home/user/refine_plan_v2/install/action_interfaces/share/action_interfaces/cmake/export_action_interfaces__rosidl_generator_cppExport.cmake
[0.984s] -- Up-to-date: /home/user/refine_plan_v2/install/action_interfaces/share/action_interfaces/cmake/export_action_interfaces__rosidl_typesupport_fastrtps_cppExport.cmake
[0.984s] -- Up-to-date: /home/user/refine_plan_v2/install/action_interfaces/share/action_interfaces/cmake/export_action_interfaces__rosidl_typesupport_fastrtps_cppExport-noconfig.cmake
[0.984s] -- Up-to-date: /home/user/refine_plan_v2/install/action_interfaces/share/action_interfaces/cmake/action_interfaces__rosidl_typesupport_introspection_cppExport.cmake
[0.984s] -- Up-to-date: /home/user/refine_plan_v2/install/action_interfaces/share/action_interfaces/cmake/action_interfaces__rosidl_typesupport_introspection_cppExport-noconfig.cmake
[0.985s] -- Up-to-date: /home/user/refine_plan_v2/install/action_interfaces/share/action_interfaces/cmake/action_interfaces__rosidl_typesupport_cppExport.cmake
[0.985s] -- Up-to-date: /home/user/refine_plan_v2/install/action_interfaces/share/action_interfaces/cmake/action_interfaces__rosidl_typesupport_cppExport-noconfig.cmake
[0.985s] -- Up-to-date: /home/user/refine_plan_v2/install/action_interfaces/share/action_interfaces/cmake/export_action_interfaces__rosidl_generator_pyExport.cmake
[0.985s] -- Up-to-date: /home/user/refine_plan_v2/install/action_interfaces/share/action_interfaces/cmake/export_action_interfaces__rosidl_generator_pyExport-noconfig.cmake
[0.985s] -- Up-to-date: /home/user/refine_plan_v2/install/action_interfaces/share/action_interfaces/cmake/rosidl_cmake-extras.cmake
[0.985s] -- Up-to-date: /home/user/refine_plan_v2/install/action_interfaces/share/action_interfaces/cmake/ament_cmake_export_dependencies-extras.cmake
[0.985s] -- Up-to-date: /home/user/refine_plan_v2/install/action_interfaces/share/action_interfaces/cmake/ament_cmake_export_include_directories-extras.cmake
[0.985s] -- Up-to-date: /home/user/refine_plan_v2/install/action_interfaces/share/action_interfaces/cmake/ament_cmake_export_libraries-extras.cmake
[0.985s] -- Up-to-date: /home/user/refine_plan_v2/install/action_interfaces/share/action_interfaces/cmake/ament_cmake_export_targets-extras.cmake
[0.986s] -- Up-to-date: /home/user/refine_plan_v2/install/action_interfaces/share/action_interfaces/cmake/rosidl_cmake_export_typesupport_targets-extras.cmake
[0.986s] -- Up-to-date: /home/user/refine_plan_v2/install/action_interfaces/share/action_interfaces/cmake/rosidl_cmake_export_typesupport_libraries-extras.cmake
[0.986s] -- Up-to-date: /home/user/refine_plan_v2/install/action_interfaces/share/action_interfaces/cmake/action_interfacesConfig.cmake
[0.986s] -- Up-to-date: /home/user/refine_plan_v2/install/action_interfaces/share/action_interfaces/cmake/action_interfacesConfig-version.cmake
[0.986s] -- Up-to-date: /home/user/refine_plan_v2/install/action_interfaces/share/action_interfaces/package.xml
[0.987s] Invoked command in '/home/user/refine_plan_v2/build/action_interfaces' returned '0': CMAKE_PREFIX_PATH=${CMAKE_PREFIX_PATH}:/home/user/refine_plan_v2/install/simulation:/home/user/refine_plan_v2/install/behaviour_trees:/home/user/refine_plan_v2/install/actions_interface:/opt/ros/humble /usr/bin/cmake --install /home/user/refine_plan_v2/build/action_interfaces
