[0.058s] Invoking command in '/home/user/refine_plan_ws/build/action_interfaces': CMAKE_PREFIX_PATH=${CMAKE_PREFIX_PATH}:/home/user/refine_plan_ws/install/behaviour_trees:/home/user/refine_plan_ws/install/actions_interface:/opt/ros/humble /usr/bin/cmake /home/user/refine_plan_ws/src/action_interfaces -DCMAKE_INSTALL_PREFIX=/home/user/refine_plan_ws/install/action_interfaces
[0.403s] -- The C compiler identification is GNU 11.4.0
[0.640s] -- The CXX compiler identification is GNU 11.4.0
[0.679s] -- Detecting C compiler ABI info
[0.831s] -- Detecting C compiler ABI info - done
[0.866s] -- Check for working C compiler: /usr/bin/cc - skipped
[0.868s] -- Detecting C compile features
[0.869s] -- Detecting C compile features - done
[0.879s] -- Detecting CXX compiler ABI info
[1.152s] -- Detecting CXX compiler ABI info - done
[1.174s] -- Check for working CXX compiler: /usr/bin/c++ - skipped
[1.175s] -- Detecting CXX compile features
[1.176s] -- Detecting CXX compile features - done
[1.196s] -- Found ament_cmake: 1.3.11 (/opt/ros/humble/share/ament_cmake/cmake)
[1.573s] -- Found Python3: /usr/bin/python3 (found version "3.10.12") found components: Interpreter 
[1.799s] -- Found ament_lint_auto: 0.12.12 (/opt/ros/humble/share/ament_lint_auto/cmake)
[1.982s] -- Found rosidl_default_generators: 1.2.0 (/opt/ros/humble/share/rosidl_default_generators/cmake)
[1.989s] -- Using all available rosidl_typesupport_c: rosidl_typesupport_fastrtps_c;rosidl_typesupport_introspection_c
[2.003s] -- Found rosidl_adapter: 3.1.6 (/opt/ros/humble/share/rosidl_adapter/cmake)
[2.182s] -- Using all available rosidl_typesupport_cpp: rosidl_typesupport_fastrtps_cpp;rosidl_typesupport_introspection_cpp
[2.897s] [31mCMake Error at /opt/ros/humble/share/rosidl_cmake/cmake/rosidl_generate_interfaces.cmake:229 (message):
[2.897s]   Packages installing interfaces must include
[2.897s]   '<member_of_group>rosidl_interface_packages</member_of_group>' in their
[2.897s]   package.xml
[2.897s] Call Stack (most recent call first):
[2.898s]   CMakeLists.txt:26 (rosidl_generate_interfaces)
[2.898s] 
[2.898s] [0m
[2.898s] -- Configuring incomplete, errors occurred!
[2.899s] See also "/home/user/refine_plan_ws/build/action_interfaces/CMakeFiles/CMakeOutput.log".
[2.914s] Invoked command in '/home/user/refine_plan_ws/build/action_interfaces' returned '1': CMAKE_PREFIX_PATH=${CMAKE_PREFIX_PATH}:/home/user/refine_plan_ws/install/behaviour_trees:/home/user/refine_plan_ws/install/actions_interface:/opt/ros/humble /usr/bin/cmake /home/user/refine_plan_ws/src/action_interfaces -DCMAKE_INSTALL_PREFIX=/home/user/refine_plan_ws/install/action_interfaces
