Warning: Ignoring XDG_SESSION_TYPE=wayland on Gnome. Use QT_QPA_PLATFORM=wayland to run on Wayland anyway.
Warning: Ignoring XDG_SESSION_TYPE=wayland on Gnome. Use QT_QPA_PLATFORM=wayland to run on Wayland anyway.
[CoppeliaSimClient]   loading the CoppeliaSim library...
[CoppeliaSimClient:loadinfo]   done.
[CoppeliaSimClient:loadinfo]   launching CoppeliaSim...
[CoppeliaSim:loadinfo]   Application directory is /home/kolletms/CoppeliaSim_Edu_V4_10_0_rev0_Ubuntu22_04
[CoppeliaSim:loadinfo]   user settings file is /home/kolletms/.CoppeliaSim/usrset.txt
[CoppeliaSim:loadinfo]   CoppeliaSim v4.10.0 (rev. 0), flavor: 1, linux
[CoppeliaSim:loadinfo]   ds:   0
[CoppeliaSim:loadinfo]   msnd: 1
[CoppeliaSim:loadinfo]   ms:   1
[CoppeliaSim:loadinfo]   midx: 5000-91EB-FFC4-9CCA-F764-C71D
[CoppeliaSim:loadinfo]   did:  
[CoppeliaSim:loadinfo]   mid0: FC97-7379-1C16-0023-1C17-0101
[CoppeliaSim:loadinfo]   mid1: FC9773791C1600231C17
[CoppeliaSim:loadinfo]   mid2: 7AB7966CC9EF9BB7FD7FEC7D769DC7BA
[CoppeliaSim:loadinfo]   mid3: 04E3981EA27E99B4CE66
[CoppeliaSim:loadinfo]   k:    687FFE88B3DF088E5DDD414A
[CoppeliaSim:loadinfo]   plugin simIK0: loading...
[CoppeliaSim:loadinfo]   plugin simIK0: done.
[CoppeliaSim:loadinfo]   primary screen physical dots per inch: 165
[CoppeliaSim:loadinfo]   display scaling (guessed): 100
[CoppeliaSim:loadinfo]   simulator launched.
[CoppeliaSim:loadinfo]   plugin 'BWF': loading...
[CoppeliaSim:loadinfo]   plugin 'BWF': load succeeded.
[CoppeliaSim:loadinfo]   plugin 'RemoteApi': loading...
[CoppeliaSim:loadinfo]   plugin 'RemoteApi': load succeeded.
[CoppeliaSim:loadinfo]   SK:   687FFE88B3DF088E5DDD414A
[CoppeliaSim:loadinfo]   initializing the sandbox script...
[sandboxScript:loadinfo]   plugin simZMQ: loading...
[sandboxScript:loadinfo]   plugin simZMQ: done.
[sandboxScript:loadinfo]   plugin simSubprocess: loading...
[sandboxScript:loadinfo]   plugin simSubprocess: done.
[sandboxScript:info]   Simulator launched, welcome! 
[CoppeliaSim:loadinfo]   sandbox script initialized.
[CoppeliaSim:loadinfo]   add-on '3D text generator.lua' was loaded.
[CoppeliaSim:loadinfo]   add-on 'Add-on edit.lua' was loaded.
[CoppeliaSim:loadinfo]   add-on 'Alias change.lua' was loaded.
[CoppeliaSim:loadinfo]   add-on 'Animation capture.lua' was loaded.
[CoppeliaSim:loadinfo]   add-on 'B0 remote Api server.lua' was loaded.
[CoppeliaSim:loadinfo]   add-on 'Button action.lua' was loaded.
[CoppeliaSim:loadinfo]   add-on 'Collision check.lua' was loaded.
[CoppeliaSim:loadinfo]   add-on 'Color changer.lua' was loaded.
[CoppeliaSim:loadinfo]   add-on 'Commander.lua' was loaded.
[CoppeliaSim:loadinfo]   add-on 'Contact display.lua' was loaded.
[CoppeliaSim:loadinfo]   add-on 'Convex decomposition hacd.lua' was loaded.
[CoppeliaSim:loadinfo]   add-on 'Convex decomposition vhacd.lua' was loaded.
[CoppeliaSim:loadinfo]   add-on 'Convex hull.lua' was loaded.
[CoppeliaSim:loadinfo]   add-on 'Create dummies on mesh surface.lua' was loaded.
[CoppeliaSim:loadinfo]   add-on 'Define joint group.lua' was loaded.
[CoppeliaSim:loadinfo]   add-on 'Denavit Hartenberg creator.lua' was loaded.
[CoppeliaSim:loadinfo]   add-on 'Denavit Hartenberg extractor.lua' was loaded.
[CoppeliaSim:loadinfo]   add-on 'Distance check.lua' was loaded.
[CoppeliaSim:loadinfo]   add-on 'Distribute objects uniformly.lua' was loaded.
[CoppeliaSim:loadinfo]   add-on 'Event viewer.lua' was loaded.
[CoppeliaSim:loadinfo]   add-on 'Events capture.lua' was loaded.
[CoppeliaSim:loadinfo]   add-on 'Events dump exporter.lua' was loaded.
[CoppeliaSim:loadinfo]   add-on 'External model auto reload.lua' was loaded.
[CoppeliaSim:loadinfo]   add-on 'External model auto save.lua' was loaded.
[CoppeliaSim:loadinfo]   add-on 'External model load.lua' was loaded.
[CoppeliaSim:loadinfo]   add-on 'External model reload selected.lua' was loaded.
[CoppeliaSim:loadinfo]   add-on 'External model save.lua' was loaded.
[CoppeliaSim:loadinfo]   add-on 'Find in scripts.lua' was loaded.
[CoppeliaSim:loadinfo]   add-on 'Find midpoint.lua' was loaded.
[CoppeliaSim:loadinfo]   add-on 'Floor plan importer.lua' was loaded.
[CoppeliaSim:loadinfo]   add-on 'GLTF animation exporter.lua' was loaded.
[CoppeliaSim:loadinfo]   add-on 'GLTF exporter.lua' was loaded.
[CoppeliaSim:loadinfo]   add-on 'Inverse Kinematics > generator.lua' was loaded.
[CoppeliaSim:loadinfo]   add-on 'Isometric scaling.lua' was loaded.
[CoppeliaSim:loadinfo]   add-on 'Joint tool.lua' was loaded.
[CoppeliaSim:loadinfo]   add-on 'LDraw importer.lua' was loaded.
[CoppeliaSim:loadinfo]   add-on 'Make objects same appearance.lua' was loaded.
[CoppeliaSim:loadinfo]   add-on 'Measure distance and direction.lua' was loaded.
[CoppeliaSim:loadinfo]   add-on 'Mesh decimation.lua' was loaded.
[CoppeliaSim:loadinfo]   add-on 'Mesh difference.lua' was loaded.
[CoppeliaSim:loadinfo]   add-on 'Mesh intersection.lua' was loaded.
[CoppeliaSim:loadinfo]   add-on 'Mesh subdivision.lua' was loaded.
[CoppeliaSim:loadinfo]   add-on 'Mesh symmetric difference.lua' was loaded.
[CoppeliaSim:loadinfo]   add-on 'Mesh union.lua' was loaded.
[CoppeliaSim:loadinfo]   add-on 'Message viewer.lua' was loaded.
[CoppeliaSim:loadinfo]   add-on 'Minimalistic exporter.lua' was loaded.
[CoppeliaSim:loadinfo]   add-on 'Minimalistic importer.lua' was loaded.
[CoppeliaSim:loadinfo]   add-on 'Motion Planning generator.lua' was loaded.
[CoppeliaSim:loadinfo]   add-on 'Notepad++ autocompletion.lua' was loaded.
[CoppeliaSim:loadinfo]   add-on 'Pause Stop Simulation on Condition.lua' was loaded.
[CoppeliaSim:loadinfo]   add-on 'Plugin enumerator.lua' was loaded.
[CoppeliaSim:loadinfo]   add-on 'Point cloud importer.lua' was loaded.
[CoppeliaSim:loadinfo]   add-on 'Point sampler interactive.lua' was loaded.
[CoppeliaSim:loadinfo]   add-on 'Point sampler service.lua' was loaded.
[CoppeliaSim:loadinfo]   add-on 'Property explorer.lua' was loaded.
[CoppeliaSim:loadinfo]   add-on 'PyRep.lua' was loaded.
[CoppeliaSim:loadinfo]   add-on 'Referenced handles explorer.lua' was loaded.
[CoppeliaSim:loadinfo]   add-on 'Referenced handles highlight.lua' was loaded.
[CoppeliaSim:loadinfo]   add-on 'Screenshot tool.lua' was loaded.
[CoppeliaSim:loadinfo]   add-on 'Script capture.lua' was loaded.
[CoppeliaSim:loadinfo]   add-on 'SDF importer.lua' was loaded.
[CoppeliaSim:loadinfo]   add-on 'Simulation stepper.lua' was loaded.
[CoppeliaSim:loadinfo]   add-on 'Subdivide large triangles.lua' was loaded.
[CoppeliaSim:loadinfo]   add-on 'Surface reconstruction.lua' was loaded.
[CoppeliaSim:loadinfo]   add-on 'Translate to align vertex.lua' was loaded.
[CoppeliaSim:loadinfo]   add-on 'URDF exporter.lua' was loaded.
[CoppeliaSim:loadinfo]   add-on 'URDF importer.lua' was loaded.
[CoppeliaSim:loadinfo]   add-on 'URL drop service.lua' was loaded.
[CoppeliaSim:loadinfo]   add-on 'Video recorder.lua' was loaded.
[CoppeliaSim:loadinfo]   add-on 'Visualization stream.lua' was loaded.
[CoppeliaSim:loadinfo]   add-on 'WS remote API server.lua' was loaded.
[CoppeliaSim:loadinfo]   add-on 'ZMQ remote API server.lua' was loaded.
[CoppeliaSim:loadinfo]   add-on 'Convex decomposition coacd.py' was loaded.
[Developer tools >> Commander >> Commander@addOnScript:loadinfo]   plugin simCmd: loading...
[simCmd:warning]   Selected script: Sandbox (Python)
[Developer tools >> Commander >> Commander@addOnScript:loadinfo]   plugin simCmd: done.
[Connectivity >> WebSocket remote API server@addOnScript:loadinfo]   plugin simWS: loading...
[Connectivity >> WebSocket remote API server@addOnScript:loadinfo]   plugin simWS: done.
[Connectivity >> WebSocket remote API server@addOnScript:info]   WebSocket Remote API server starting (port=23050)...
[Connectivity >> ZMQ remote API server@addOnScript:info]   ZeroMQ Remote API server starting (rpcPort=23002)...
[/UR10/followPath:loadinfo]   plugin simIK: loading...
[/UR10/followPath:loadinfo]   plugin simIK: done.
[/UR10/followPath:loadinfo]   plugin simOMPL: loading...
[/UR10/followPath:loadinfo]   plugin simOMPL: done.
/Floor, 13
/MPO_700, 86
/assembly_table, 88
/obs1, 133
/obs2, 135
/obs0, 137
/column0, 139
/column1, 143
/column2, 141
[/UR10/followPath:warning]   sim.switchThread is deprecated. please use sim.step instead. (control verbosity via notifyDeprecated in usrset.txt)
[/moveToPose:warning]   sim.setThreadSwitchTiming is deprecated. please use sim.setAutoYieldDelay instead. (control verbosity via notifyDeprecated in usrset.txt)
[/moveToPose:warning]   sim.switchThread is deprecated. please use sim.step instead. (control verbosity via notifyDeprecated in usrset.txt)
[sandboxScript:info]   Simulation started.
[CoppeliaSim:loadinfo]   plugin simGeom: loading...
[CoppeliaSim:loadinfo]   plugin simGeom: done.
[CoppeliaSim:loadinfo]   plugin simBullet-2-83: loading...
[CoppeliaSim:loadinfo]   plugin simBullet-2-83: done.
[CoppeliaSim:warning]   Detected non-default settings (time steps and/or dyn. engine global settings).
[sandboxScript:info]   Simulation stopping...
[sandboxScript:info]   Simulation stopped.
[sandboxScript:info]   Simulation started.
[CoppeliaSim:warning]   Detected non-default settings (time steps and/or dyn. engine global settings).
Target signal recieved..
IK solutions found:, 0
No valid IK solutions
Target signal recieved..
IK solutions found:, 0
No valid IK solutions
Target signal recieved..
IK solutions found:, 15
Planning ...
Collision pairs set
goal state set
task setup complete
solving task...
OMPL states:, 200.
path found
Validating path...
valid path found, generating trajectory...
[/UR10/followPath:warning]   module 'matrix' was implicitly loaded.
[/UR10/followPath:warning]   "matrix" module is deprecated. please use simEigen
Trajectory points:, 1000.
Duration:, 3.600519
excecuting path...
current error: , 0.07871
current error: , 0.07871
current error: , 0.008932
Final error:, 0.000313
[CoppeliaSim:loadinfo]   plugin simRuckig: loading...
[CoppeliaSim:loadinfo]   plugin simRuckig: done.
Target signal recieved..
IK solutions found:, 0
No valid IK solutions
Target signal recieved..
IK solutions found:, 15
Planning ...
Collision pairs set
goal state set
task setup complete
solving task...
Target signal recieved..
IK solutions found:, 0
No valid IK solutions
Target signal recieved..
IK solutions found:, 15
Planning ...
Collision pairs set
goal state set
task setup complete
solving task...
OMPL states:, 200.
path found
Validating path...
Collision detected at state:, 141
Collision pairs:, column1, obs0_collisiondummy
path invalid
Target signal recieved..
IK solutions found:, 15
Planning ...
Collision pairs set
goal state set
task setup complete
solving task...
OMPL states:, 200.
path found
Validating path...
Collision detected at state:, 146
Collision pairs:, column1, obs0
path invalid
Target signal recieved..
IK solutions found:, 0
No valid IK solutions
[sandboxScript:info]   Simulation stopping...
[sandboxScript:info]   Simulation stopped.
[sandboxScript:info]   Simulation started.
[CoppeliaSim:warning]   Detected non-default settings (time steps and/or dyn. engine global settings).
[sandboxScript:info]   Simulation stopping...
[sandboxScript:info]   Simulation stopped.
[sandboxScript:info]   Simulation started.
[CoppeliaSim:warning]   Detected non-default settings (time steps and/or dyn. engine global settings).
Target signal recieved..
IK solutions found:, 15
Planning ...
Collision pairs set
goal state set
task setup complete
solving task...
OMPL states:, 200.
path found
Validating path...
valid path found, generating trajectory...
Trajectory points:, 1000.
Duration:, 3.388593
excecuting path...
current error: , 0.020656
current error: , 0.020656
current error: , 0.001035
Final error:, 0.000588
Target signal recieved..
IK solutions found:, 15
Planning ...
Collision pairs set
goal state set
task setup complete
solving task...
OMPL states:, 200.
path found
Validating path...
valid path found, generating trajectory...
Trajectory points:, 1000.
Duration:, 3.258627
excecuting path...
current error: , 0.011973
Final error:, 0.011973
Target signal recieved..
IK solutions found:, 0
No valid IK solutions
Target signal recieved..
IK solutions found:, 0
No valid IK solutions
Target signal recieved..
IK solutions found:, 0
No valid IK solutions
Target signal recieved..
IK solutions found:, 15
Planning ...
Collision pairs set
goal state set
task setup complete
solving task...
OMPL states:, 200.
path found
Validating path...
Collision detected at state:, 31
Collision pairs:, leftLink0_visible, obs0_collisiondummy
path invalid
Target signal recieved..
IK solutions found:, 0
No valid IK solutions
Target signal recieved..
IK solutions found:, 0
No valid IK solutions
[sandboxScript:info]   Simulation stopping...
[sandboxScript:info]   Simulation stopped.
[sandboxScript:info]   Simulation started.
[CoppeliaSim:warning]   Detected non-default settings (time steps and/or dyn. engine global settings).
[sandboxScript:info]   Simulation stopping...
[sandboxScript:info]   Simulation stopped.
[sandboxScript:info]   Simulation started.
[CoppeliaSim:warning]   Detected non-default settings (time steps and/or dyn. engine global settings).
Target signal recieved..
IK solutions found:, 0
No valid IK solutions
Target signal recieved..
IK solutions found:, 15
Planning ...
Collision pairs set
goal state set
task setup complete
solving task...
OMPL states:, 200.
path found
Validating path...
valid path found, generating trajectory...
Trajectory points:, 1000.
Duration:, 6.309051
excecuting path...
current error: , 0.00651
Final error:, 0.00651
Target signal recieved..
IK solutions found:, 0
No valid IK solutions
Target signal recieved..
IK solutions found:, 15
Planning ...
Collision pairs set
goal state set
task setup complete
solving task...
OMPL states:, 200.
path found
Validating path...
Collision detected at state:, 21
Collision pairs:, link6_visible, obs0
path invalid
Target signal recieved..
IK solutions found:, 15
Planning ...
Collision pairs set
goal state set
task setup complete
solving task...
Target signal recieved..
IK solutions found:, 15
Planning ...
Collision pairs set
goal state set
task setup complete
solving task...
Target signal recieved..
IK solutions found:, 0
No valid IK solutions
Target signal recieved..
IK solutions found:, 15
Planning ...
Collision pairs set
goal state set
task setup complete
solving task...
[sandboxScript:info]   Simulation stopping...
[sandboxScript:info]   Simulation stopped.
[sandboxScript:info]   Simulation started.
[CoppeliaSim:warning]   Detected non-default settings (time steps and/or dyn. engine global settings).
[sandboxScript:info]   Simulation stopping...
[sandboxScript:info]   Simulation stopped.
[sandboxScript:info]   Simulation started.
[CoppeliaSim:warning]   Detected non-default settings (time steps and/or dyn. engine global settings).
Target signal recieved..
IK solutions found:, 0
No valid IK solutions
Target signal recieved..
IK solutions found:, 15
Planning ...
Collision pairs set
goal state set
task setup complete
solving task...
Target signal recieved..
IK solutions found:, 0
No valid IK solutions
Target signal recieved..
IK solutions found:, 15
Planning ...
Collision pairs set
goal state set
task setup complete
solving task...
Target signal recieved..
IK solutions found:, 15
Planning ...
Collision pairs set
goal state set
task setup complete
solving task...
Target signal recieved..
IK solutions found:, 15
Planning ...
Collision pairs set
goal state set
task setup complete
solving task...
[sandboxScript:info]   Simulation stopping...
[sandboxScript:info]   Simulation stopped.
[sandboxScript:info]   Simulation started.
[CoppeliaSim:warning]   Detected non-default settings (time steps and/or dyn. engine global settings).
[sandboxScript:info]   Simulation stopping...
[sandboxScript:info]   Simulation stopped.
[sandboxScript:info]   Simulation started.
[CoppeliaSim:warning]   Detected non-default settings (time steps and/or dyn. engine global settings).
Target signal recieved..
IK solutions found:, 0
No valid IK solutions
Target signal recieved..
IK solutions found:, 0
No valid IK solutions
Target signal recieved..
IK solutions found:, 15
Planning ...
Collision pairs set
goal state set
task setup complete
solving task...
Target signal recieved..
IK solutions found:, 0
No valid IK solutions
Target signal recieved..
IK solutions found:, 15
Planning ...
Collision pairs set
goal state set
task setup complete
solving task...
OMPL states:, 200.
path found
Validating path...
valid path found, generating trajectory...
Trajectory points:, 1000.
Duration:, 3.600378
excecuting path...
current error: , 0.106669
current error: , 0.106669
current error: , 0.023377
current error: , 0.001605
Final error:, 0.000828
Target signal recieved..
IK solutions found:, 15
Planning ...
Collision pairs set
goal state set
task setup complete
solving task...
OMPL states:, 200.
path found
Validating path...
valid path found, generating trajectory...
Trajectory points:, 1000.
Duration:, 0.573183
excecuting path...
current error: , 0.001615
Final error:, 0.001615
Target signal recieved..
IK solutions found:, 0
No valid IK solutions
Target signal recieved..
IK solutions found:, 15
Planning ...
Collision pairs set
goal state set
task setup complete
solving task...
OMPL states:, 200.
path found
Validating path...
Collision detected at state:, 161
Collision pairs:, leftLink0_visible, obs0_collisiondummy
path invalid
Target signal recieved..
IK solutions found:, 15
Planning ...
Collision pairs set
goal state set
task setup complete
solving task...
OMPL states:, 200.
path found
Validating path...
valid path found, generating trajectory...
Trajectory points:, 1000.
Duration:, 3.281894
excecuting path...
current error: , 0.004768
Final error:, 0.004768
Target signal recieved..
IK solutions found:, 15
Planning ...
Collision pairs set
goal state set
task setup complete
solving task...
OMPL states:, 200.
path found
Validating path...
valid path found, generating trajectory...
Trajectory points:, 1000.
Duration:, 3.753195
excecuting path...
current error: , 0.233728
current error: , 0.233728
current error: , 0.150018
current error: , 0.066337
current error: , 0.007538
Final error:, 0.001211
Target signal recieved..
IK solutions found:, 15
Planning ...
Collision pairs set
goal state set
task setup complete
solving task...
Target signal recieved..
IK solutions found:, 15
Planning ...
Collision pairs set
goal state set
task setup complete
solving task...
OMPL states:, 200.
path found
Validating path...
Collision detected at state:, 181
Collision pairs:, leftLink0_visible, obs1
path invalid
Target signal recieved..
IK solutions found:, 0
No valid IK solutions
Target signal recieved..
IK solutions found:, 15
Planning ...
Collision pairs set
goal state set
task setup complete
solving task...
OMPL states:, 200.
path found
Validating path...
valid path found, generating trajectory...
Trajectory points:, 1000.
Duration:, 4.238044
excecuting path...
current error: , 0.618864
current error: , 0.618864
current error: , 0.53596
current error: , 0.453093
current error: , 0.370385
current error: , 0.287253
current error: , 0.204227
current error: , 0.121146
current error: , 0.037988
current error: , 0.005202
Final error:, 0.00268
Target signal recieved..
IK solutions found:, 0
No valid IK solutions
Target signal recieved..
IK solutions found:, 15
Planning ...
Collision pairs set
goal state set
task setup complete
solving task...
OMPL states:, 200.
path found
Validating path...
Collision detected at state:, 81
Collision pairs:, column2, table
path invalid
Target signal recieved..
IK solutions found:, 0
No valid IK solutions
Target signal recieved..
IK solutions found:, 15
Planning ...
Collision pairs set
goal state set
task setup complete
solving task...
OMPL states:, 200.
path found
Validating path...
Collision detected at state:, 136
Collision pairs:, column2, obs0
path invalid
Target signal recieved..
IK solutions found:, 15
Planning ...
Collision pairs set
goal state set
task setup complete
solving task...
OMPL states:, 200.
path found
Validating path...
Collision detected at state:, 156
Collision pairs:, column2, obs0
path invalid
Target signal recieved..
IK solutions found:, 15
Planning ...
Collision pairs set
goal state set
task setup complete
solving task...
OMPL states:, 200.
path found
Validating path...
Collision detected at state:, 121
Collision pairs:, column2, obs0
path invalid
[sandboxScript:info]   Simulation stopping...
[sandboxScript:info]   Simulation stopped.
[sandboxScript:info]   Simulation started.
[CoppeliaSim:warning]   Detected non-default settings (time steps and/or dyn. engine global settings).
[sandboxScript:info]   Simulation stopping...
[sandboxScript:info]   Simulation stopped.
[sandboxScript:info]   Simulation started.
[CoppeliaSim:warning]   Detected non-default settings (time steps and/or dyn. engine global settings).
Target signal recieved..
IK solutions found:, 0
No valid IK solutions
Target signal recieved..
IK solutions found:, 15
Planning ...
Collision pairs set
goal state set
task setup complete
solving task...
OMPL states:, 200.
path found
Validating path...
valid path found, generating trajectory...
Trajectory points:, 1000.
Duration:, 3.402621
excecuting path...
current error: , 0.01395
Final error:, 0.01395
Target signal recieved..
IK solutions found:, 15
Planning ...
Collision pairs set
goal state set
task setup complete
solving task...
OMPL states:, 200.
path found
Validating path...
valid path found, generating trajectory...
Trajectory points:, 1000.
Duration:, 19.052778
excecuting path...
current error: , 2.918182
current error: , 2.918182
current error: , 2.820768
current error: , 2.724976
current error: , 2.631076
current error: , 2.539172
current error: , 2.449549
current error: , 2.362529
current error: , 2.278088
current error: , 2.194238
current error: , 2.110381
current error: , 2.02649
current error: , 1.942589
current error: , 1.858735
current error: , 1.774828
current error: , 1.690929
current error: , 1.607013
current error: , 1.523107
current error: , 1.43928
current error: , 1.355362
current error: , 1.271447
current error: , 1.187646
current error: , 1.103765
current error: , 1.019893
current error: , 0.936037
current error: , 0.852203
current error: , 0.768366
current error: , 0.684538
current error: , 0.600682
current error: , 0.516859
current error: , 0.433088
current error: , 0.349341
current error: , 0.265511
current error: , 0.181734
current error: , 0.097977
current error: , 0.018782
Final error:, 0.002053
Target signal recieved..
IK solutions found:, 0
No valid IK solutions
Target signal recieved..
IK solutions found:, 15
Planning ...
Collision pairs set
goal state set
task setup complete
solving task...
OMPL states:, 200.
path found
Validating path...
valid path found, generating trajectory...
Trajectory points:, 1000.
Duration:, 1.179431
excecuting path...
current error: , 0.003699
Final error:, 0.003699
Target signal recieved..
IK solutions found:, 15
Planning ...
Collision pairs set
goal state set
task setup complete
solving task...
OMPL states:, 200.
path found
Validating path...
valid path found, generating trajectory...
Trajectory points:, 1000.
Duration:, 2.942922
excecuting path...
current error: , 0.00464
Final error:, 0.00464
Target signal recieved..
IK solutions found:, 15
Planning ...
Collision pairs set
goal state set
task setup complete
solving task...
OMPL states:, 200.
path found
Validating path...
Collision detected at state:, 86
Collision pairs:, leftLink0_visible, obs0_collisiondummy
path invalid
Target signal recieved..
IK solutions found:, 15
Planning ...
Collision pairs set
goal state set
task setup complete
solving task...
OMPL states:, 200.
path found
Validating path...
valid path found, generating trajectory...
Trajectory points:, 1000.
Duration:, 7.697857
excecuting path...
current error: , 0.002755
Final error:, 0.002755
Target signal recieved..
IK solutions found:, 15
Planning ...
Collision pairs set
goal state set
task setup complete
solving task...
OMPL states:, 200.
path found
Validating path...
Collision detected at state:, 56
Collision pairs:, column1, obs0
path invalid
Target signal recieved..
IK solutions found:, 15
Planning ...
Collision pairs set
goal state set
task setup complete
solving task...
Target signal recieved..
IK solutions found:, 15
Planning ...
Collision pairs set
goal state set
task setup complete
solving task...
OMPL states:, 200.
path found
Validating path...
Collision detected at state:, 21
Collision pairs:, link6_visible, obs0
path invalid
Target signal recieved..
IK solutions found:, 0
No valid IK solutions
Target signal recieved..
IK solutions found:, 0
No valid IK solutions
Target signal recieved..
IK solutions found:, 15
Planning ...
Collision pairs set
goal state set
task setup complete
solving task...
OMPL states:, 200.
path found
Validating path...
Collision detected at state:, 36
Collision pairs:, link6_visible, obs0
path invalid
[sandboxScript:info]   Simulation stopping...
[sandboxScript:info]   Simulation stopped.
[sandboxScript:info]   Simulation started.
[CoppeliaSim:warning]   Detected non-default settings (time steps and/or dyn. engine global settings).
[sandboxScript:info]   Simulation stopping...
[sandboxScript:info]   Simulation stopped.
[sandboxScript:info]   Simulation started.
[CoppeliaSim:warning]   Detected non-default settings (time steps and/or dyn. engine global settings).
Target signal recieved..
IK solutions found:, 0
No valid IK solutions
Target signal recieved..
IK solutions found:, 15
Planning ...
Collision pairs set
goal state set
task setup complete
solving task...
OMPL states:, 200.
path found
Validating path...
valid path found, generating trajectory...
Trajectory points:, 1000.
Duration:, 3.621235
excecuting path...
current error: , 0.131118
current error: , 0.131118
current error: , 0.045079
current error: , 0.004019
Final error:, 0.001678
Target signal recieved..
IK solutions found:, 15
Planning ...
Collision pairs set
goal state set
task setup complete
solving task...
OMPL states:, 200.
path found
Validating path...
Collision detected at state:, 86
Collision pairs:, column0, top
path invalid
Target signal recieved..
IK solutions found:, 15
Planning ...
Collision pairs set
goal state set
task setup complete
solving task...
OMPL states:, 200.
path found
Validating path...
valid path found, generating trajectory...
Trajectory points:, 1000.
Duration:, 1.937076
excecuting path...
current error: , 0.001891
Final error:, 0.001891
Target signal recieved..
IK solutions found:, 0
No valid IK solutions
Target signal recieved..
IK solutions found:, 15
Planning ...
Collision pairs set
goal state set
task setup complete
solving task...
OMPL states:, 200.
path found
Validating path...
Collision detected at state:, 141
Collision pairs:, leftLink2_visible, obs1
path invalid
Target signal recieved..
IK solutions found:, 0
No valid IK solutions
Target signal recieved..
IK solutions found:, 0
No valid IK solutions
Target signal recieved..
IK solutions found:, 0
No valid IK solutions
Target signal recieved..
IK solutions found:, 15
Planning ...
Collision pairs set
goal state set
task setup complete
solving task...
OMPL states:, 200.
path found
Validating path...
valid path found, generating trajectory...
Trajectory points:, 1000.
Duration:, 2.272903
excecuting path...
current error: , 0.002525
Final error:, 0.002525
Target signal recieved..
IK solutions found:, 0
No valid IK solutions
Target signal recieved..
IK solutions found:, 15
Planning ...
Collision pairs set
goal state set
task setup complete
solving task...
OMPL states:, 200.
path found
Validating path...
valid path found, generating trajectory...
Trajectory points:, 1000.
Duration:, 1.292279
excecuting path...
current error: , 0.001672
Final error:, 0.001672
Target signal recieved..
IK solutions found:, 15
Planning ...
Collision pairs set
goal state set
task setup complete
solving task...
OMPL states:, 200.
path found
Validating path...
valid path found, generating trajectory...
Trajectory points:, 1000.
Duration:, 3.075686
excecuting path...
current error: , 0.002962
Final error:, 0.002962
Target signal recieved..
IK solutions found:, 0
No valid IK solutions
Target signal recieved..
IK solutions found:, 15
Planning ...
Collision pairs set
goal state set
task setup complete
solving task...
OMPL states:, 200.
path found
Validating path...
valid path found, generating trajectory...
Trajectory points:, 1000.
Duration:, 3.386495
excecuting path...
current error: , 0.060258
current error: , 0.060258
current error: , 0.006434
Final error:, 0.001683
Target signal recieved..
IK solutions found:, 15
Planning ...
Collision pairs set
goal state set
task setup complete
solving task...
Target signal recieved..
IK solutions found:, 15
Planning ...
Collision pairs set
goal state set
task setup complete
solving task...
OMPL states:, 200.
path found
Validating path...
Collision detected at state:, 186
Collision pairs:, leftLink0_visible, obs0_collisiondummy
path invalid
Target signal recieved..
IK solutions found:, 15
Planning ...
Collision pairs set
goal state set
task setup complete
solving task...
OMPL states:, 200.
path found
Validating path...
Collision detected at state:, 181
Collision pairs:, leftLink0_visible, obs0_collisiondummy
path invalid
Target signal recieved..
IK solutions found:, 15
Planning ...
Collision pairs set
goal state set
task setup complete
solving task...
OMPL states:, 200.
path found
Validating path...
valid path found, generating trajectory...
Trajectory points:, 1000.
Duration:, 8.305662
excecuting path...
current error: , 0.002957
Final error:, 0.002957
Target signal recieved..
IK solutions found:, 0
No valid IK solutions
Target signal recieved..
IK solutions found:, 0
No valid IK solutions
Target signal recieved..
IK solutions found:, 0
No valid IK solutions
Target signal recieved..
IK solutions found:, 15
Planning ...
Collision pairs set
goal state set
task setup complete
[simOMPL:warning]   OMPL: /home/marc/Documents/coppeliaRobotics/programming/simExtOMPL/build/ompl-1.5.0-prefix/src/ompl-1.5.0/src/ompl/base/src/Planner.cpp:257: RRTConnect: Skipping invalid start state (invalid state)
[simOMPL:error]   OMPL: /home/marc/Documents/coppeliaRobotics/programming/simExtOMPL/build/ompl-1.5.0-prefix/src/ompl-1.5.0/src/ompl/geometric/planners/rrt/src/RRTConnect.cpp:207: RRTConnect: Motion planning start tree could not be initialized!
solving task...
Target signal recieved..
IK solutions found:, 15
Planning ...
Collision pairs set
goal state set
task setup complete
[simOMPL:warning]   OMPL: /home/marc/Documents/coppeliaRobotics/programming/simExtOMPL/build/ompl-1.5.0-prefix/src/ompl-1.5.0/src/ompl/base/src/Planner.cpp:257: RRTConnect: Skipping invalid start state (invalid state)
[simOMPL:error]   OMPL: /home/marc/Documents/coppeliaRobotics/programming/simExtOMPL/build/ompl-1.5.0-prefix/src/ompl-1.5.0/src/ompl/geometric/planners/rrt/src/RRTConnect.cpp:207: RRTConnect: Motion planning start tree could not be initialized!
solving task...
Target signal recieved..
IK solutions found:, 0
No valid IK solutions
[sandboxScript:info]   Simulation stopping...
[sandboxScript:info]   Simulation stopped.
[sandboxScript:info]   Simulation started.
[CoppeliaSim:warning]   Detected non-default settings (time steps and/or dyn. engine global settings).
[sandboxScript:info]   Simulation stopping...
[sandboxScript:info]   Simulation stopped.
[sandboxScript:info]   Simulation started.
[CoppeliaSim:warning]   Detected non-default settings (time steps and/or dyn. engine global settings).
Target signal recieved..
IK solutions found:, 0
No valid IK solutions
Target signal recieved..
IK solutions found:, 0
No valid IK solutions
Target signal recieved..
IK solutions found:, 0
No valid IK solutions
Target signal recieved..
IK solutions found:, 15
Planning ...
Collision pairs set
goal state set
task setup complete
solving task...
Target signal recieved..
IK solutions found:, 15
Planning ...
Collision pairs set
goal state set
task setup complete
solving task...
OMPL states:, 200.
path found
Validating path...
valid path found, generating trajectory...
Trajectory points:, 1000.
Duration:, 3.600121
excecuting path...
current error: , 0.107206
current error: , 0.107206
current error: , 0.022467
current error: , 0.00137
Final error:, 0.000832
Target signal recieved..
IK solutions found:, 15
Planning ...
Collision pairs set
goal state set
task setup complete
solving task...
OMPL states:, 200.
path found
Validating path...
Collision detected at state:, 116
Collision pairs:, column1, table
path invalid
Target signal recieved..
IK solutions found:, 15
Planning ...
Collision pairs set
goal state set
task setup complete
solving task...
OMPL states:, 200.
path found
Validating path...
Collision detected at state:, 76
Collision pairs:, column1, obs0
path invalid
Target signal recieved..
IK solutions found:, 15
Planning ...
Collision pairs set
goal state set
task setup complete
solving task...
OMPL states:, 200.
path found
Validating path...
Collision detected at state:, 61
Collision pairs:, column1, table
path invalid
Target signal recieved..
IK solutions found:, 0
No valid IK solutions
Target signal recieved..
IK solutions found:, 15
Planning ...
Collision pairs set
goal state set
task setup complete
solving task...
OMPL states:, 200.
path found
Validating path...
Collision detected at state:, 176
Collision pairs:, column1, table
path invalid
Target signal recieved..
IK solutions found:, 15
Planning ...
Collision pairs set
goal state set
task setup complete
solving task...
OMPL states:, 200.
path found
Validating path...
Collision detected at state:, 96
Collision pairs:, column1, obs0_collisiondummy
path invalid
[sandboxScript:info]   Simulation stopping...
[sandboxScript:info]   Simulation stopped.
[sandboxScript:info]   Simulation started.
[CoppeliaSim:warning]   Detected non-default settings (time steps and/or dyn. engine global settings).
[sandboxScript:info]   Simulation stopping...
[sandboxScript:info]   Simulation stopped.
[sandboxScript:info]   Simulation started.
[CoppeliaSim:warning]   Detected non-default settings (time steps and/or dyn. engine global settings).
Target signal recieved..
IK solutions found:, 0
No valid IK solutions
Target signal recieved..
IK solutions found:, 0
No valid IK solutions
Target signal recieved..
IK solutions found:, 15
Planning ...
Collision pairs set
goal state set
task setup complete
solving task...
OMPL states:, 200.
path found
Validating path...
valid path found, generating trajectory...
Trajectory points:, 1000.
Duration:, 3.621561
excecuting path...
current error: , 0.105946
current error: , 0.105946
current error: , 0.021728
current error: , 0.000945
Final error:, 0.000939
Target signal recieved..
IK solutions found:, 0
No valid IK solutions
Target signal recieved..
IK solutions found:, 15
Planning ...
Collision pairs set
goal state set
task setup complete
solving task...
OMPL states:, 200.
path found
Validating path...
Collision detected at state:, 126
Collision pairs:, link6_visible, table
path invalid
Target signal recieved..
IK solutions found:, 15
Planning ...
Collision pairs set
goal state set
task setup complete
solving task...
Target signal recieved..
IK solutions found:, 0
No valid IK solutions
Target signal recieved..
IK solutions found:, 15
Planning ...
Collision pairs set
goal state set
task setup complete
solving task...
OMPL states:, 200.
path found
Validating path...
valid path found, generating trajectory...
Trajectory points:, 1000.
Duration:, 0.633639
excecuting path...
current error: , 0.004944
Final error:, 0.004944
Target signal recieved..
IK solutions found:, 15
Planning ...
Collision pairs set
goal state set
task setup complete
solving task...
OMPL states:, 200.
path found
Validating path...
valid path found, generating trajectory...
Trajectory points:, 1000.
Duration:, 3.272088
excecuting path...
current error: , 0.017942
Final error:, 0.017942
Target signal recieved..
IK solutions found:, 15
Planning ...
Collision pairs set
goal state set
task setup complete
solving task...
OMPL states:, 200.
path found
Validating path...
Collision detected at state:, 186
Collision pairs:, link6_visible, obs0_collisiondummy
path invalid
Target signal recieved..
IK solutions found:, 15
Planning ...
Collision pairs set
goal state set
task setup complete
solving task...
OMPL states:, 200.
path found
Validating path...
valid path found, generating trajectory...
Trajectory points:, 1000.
Duration:, 3.107241
excecuting path...
current error: , 0.005217
Final error:, 0.005217
Target signal recieved..
IK solutions found:, 15
Planning ...
Collision pairs set
goal state set
task setup complete
solving task...
OMPL states:, 200.
path found
Validating path...
Collision detected at state:, 76
Collision pairs:, link6_visible, column1
path invalid
Target signal recieved..
IK solutions found:, 15
Planning ...
Collision pairs set
goal state set
task setup complete
solving task...
OMPL states:, 200.
path found
Validating path...
Collision detected at state:, 176
Collision pairs:, link4_visible, table
path invalid
Target signal recieved..
IK solutions found:, 0
No valid IK solutions
Target signal recieved..
IK solutions found:, 0
No valid IK solutions
Target signal recieved..
IK solutions found:, 15
Planning ...
Collision pairs set
goal state set
task setup complete
solving task...
OMPL states:, 200.
path found
Validating path...
valid path found, generating trajectory...
Trajectory points:, 1000.
Duration:, 2.795239
excecuting path...
current error: , 0.005029
Final error:, 0.005029
Target signal recieved..
IK solutions found:, 15
Planning ...
Collision pairs set
goal state set
task setup complete
solving task...
OMPL states:, 200.
path found
Validating path...
valid path found, generating trajectory...
Trajectory points:, 1000.
Duration:, 8.261039
excecuting path...
current error: , 0.662471
current error: , 0.662471
current error: , 0.578665
current error: , 0.494873
current error: , 0.411086
current error: , 0.327336
current error: , 0.243606
current error: , 0.159788
current error: , 0.076001
current error: , 0.009284
Final error:, 0.001088
Target signal recieved..
IK solutions found:, 15
Planning ...
Collision pairs set
goal state set
task setup complete
solving task...
OMPL states:, 200.
path found
Validating path...
valid path found, generating trajectory...
Trajectory points:, 1000.
Duration:, 1.334139
excecuting path...
current error: , 0.001588
Final error:, 0.001588
Target signal recieved..
IK solutions found:, 15
Planning ...
Collision pairs set
goal state set
task setup complete
solving task...
OMPL states:, 200.
path found
Validating path...
Collision detected at state:, 146
Collision pairs:, column1, assembly_table
path invalid
Target signal recieved..
IK solutions found:, 15
Planning ...
Collision pairs set
goal state set
task setup complete
solving task...
OMPL states:, 200.
path found
Validating path...
valid path found, generating trajectory...
Trajectory points:, 1000.
Duration:, 2.996014
excecuting path...
current error: , 0.002532
Final error:, 0.002532
Target signal recieved..
IK solutions found:, 15
Planning ...
Collision pairs set
goal state set
task setup complete
solving task...
Target signal recieved..
IK solutions found:, 15
Planning ...
Collision pairs set
goal state set
task setup complete
solving task...
Target signal recieved..
IK solutions found:, 15
Planning ...
Collision pairs set
goal state set
task setup complete
solving task...
Target signal recieved..
IK solutions found:, 15
Planning ...
Collision pairs set
goal state set
task setup complete
solving task...
OMPL states:, 200.
path found
Validating path...
Collision detected at state:, 151
Collision pairs:, leftLink0_visible, obs1_collisiondummy
path invalid
Target signal recieved..
IK solutions found:, 15
Planning ...
Collision pairs set
goal state set
task setup complete
solving task...
Target signal recieved..
IK solutions found:, 0
No valid IK solutions
[sandboxScript:info]   Simulation stopping...
[sandboxScript:info]   Simulation stopped.
[sandboxScript:info]   Simulation started.
[CoppeliaSim:warning]   Detected non-default settings (time steps and/or dyn. engine global settings).
[sandboxScript:info]   Simulation stopping...
[sandboxScript:info]   Simulation stopped.
[sandboxScript:info]   Simulation started.
[CoppeliaSim:warning]   Detected non-default settings (time steps and/or dyn. engine global settings).
Target signal recieved..
IK solutions found:, 15
Planning ...
Collision pairs set
goal state set
task setup complete
solving task...
Target signal recieved..
IK solutions found:, 0
No valid IK solutions
Target signal recieved..
IK solutions found:, 15
Planning ...
Collision pairs set
goal state set
task setup complete
solving task...
OMPL states:, 200.
path found
Validating path...
valid path found, generating trajectory...
Trajectory points:, 1000.
Duration:, 3.574518
excecuting path...
current error: , 0.098781
current error: , 0.098781
current error: , 0.016794
Final error:, 0.001105
Target signal recieved..
IK solutions found:, 15
Planning ...
Collision pairs set
goal state set
task setup complete
solving task...
OMPL states:, 200.
path found
Validating path...
valid path found, generating trajectory...
Trajectory points:, 1000.
Duration:, 12.149311
excecuting path...
current error: , 2.463119
current error: , 2.463119
current error: , 2.379378
current error: , 2.295695
current error: , 2.211989
current error: , 2.128271
current error: , 2.044529
current error: , 1.960823
current error: , 1.877146
current error: , 1.793455
current error: , 1.70969
current error: , 1.625971
current error: , 1.542285
current error: , 1.458562
current error: , 1.374866
current error: , 1.291139
current error: , 1.207459
current error: , 1.123749
current error: , 1.040033
current error: , 0.956325
current error: , 0.872598
current error: , 0.788912
current error: , 0.705233
current error: , 0.621518
current error: , 0.537778
current error: , 0.454088
current error: , 0.370384
current error: , 0.286679
current error: , 0.203015
current error: , 0.119287
current error: , 0.035618
current error: , 0.004618
Final error:, 0.00235
Target signal recieved..
IK solutions found:, 15
Planning ...
Collision pairs set
goal state set
task setup complete
solving task...
OMPL states:, 200.
path found
Validating path...
valid path found, generating trajectory...
Trajectory points:, 1000.
Duration:, 3.179278
excecuting path...
current error: , 0.005842
Final error:, 0.005842
Target signal recieved..
IK solutions found:, 15
Planning ...
Collision pairs set
goal state set
task setup complete
solving task...
OMPL states:, 200.
path found
Validating path...
Collision detected at state:, 186
Collision pairs:, column0, obs1_collisiondummy
path invalid
Target signal recieved..
IK solutions found:, 15
Planning ...
Collision pairs set
goal state set
task setup complete
solving task...
OMPL states:, 200.
path found
Validating path...
Collision detected at state:, 101
Collision pairs:, column0, obs1
path invalid
Target signal recieved..
IK solutions found:, 15
Planning ...
Collision pairs set
goal state set
task setup complete
solving task...
Target signal recieved..
IK solutions found:, 15
Planning ...
Collision pairs set
goal state set
task setup complete
solving task...
OMPL states:, 200.
path found
Validating path...
valid path found, generating trajectory...
Trajectory points:, 1000.
Duration:, 3.326705
excecuting path...
current error: , 0.017729
Final error:, 0.017729
Target signal recieved..
IK solutions found:, 15
Planning ...
Collision pairs set
goal state set
task setup complete
solving task...
OMPL states:, 200.
path found
Validating path...
valid path found, generating trajectory...
Trajectory points:, 1000.
Duration:, 1.38574
excecuting path...
current error: , 0.001995
Final error:, 0.001995
Target signal recieved..
IK solutions found:, 15
Planning ...
Collision pairs set
goal state set
task setup complete
solving task...
OMPL states:, 200.
path found
Validating path...
Collision detected at state:, 106
Collision pairs:, column0, obs2_collisiondummy
path invalid
Target signal recieved..
IK solutions found:, 15
Planning ...
Collision pairs set
goal state set
task setup complete
solving task...
OMPL states:, 200.
path found
Validating path...
Collision detected at state:, 56
Collision pairs:, column0, assembly_table
path invalid
Target signal recieved..
IK solutions found:, 15
Planning ...
Collision pairs set
goal state set
task setup complete
solving task...
Target signal recieved..
IK solutions found:, 15
Planning ...
Collision pairs set
goal state set
task setup complete
solving task...
OMPL states:, 200.
path found
Validating path...
Collision detected at state:, 66
Collision pairs:, column0, assembly_table
path invalid
Target signal recieved..
IK solutions found:, 0
No valid IK solutions
Target signal recieved..
IK solutions found:, 0
No valid IK solutions
[sandboxScript:info]   Simulation stopping...
[sandboxScript:info]   Simulation stopped.
[sandboxScript:info]   Simulation started.
[CoppeliaSim:warning]   Detected non-default settings (time steps and/or dyn. engine global settings).
[sandboxScript:info]   Simulation stopping...
[sandboxScript:info]   Simulation stopped.
[sandboxScript:info]   Simulation started.
[CoppeliaSim:warning]   Detected non-default settings (time steps and/or dyn. engine global settings).
Target signal recieved..
IK solutions found:, 0
No valid IK solutions
Target signal recieved..
IK solutions found:, 15
Planning ...
Collision pairs set
goal state set
task setup complete
solving task...
OMPL states:, 200.
path found
Validating path...
valid path found, generating trajectory...
Trajectory points:, 1000.
Duration:, 3.564233
excecuting path...
current error: , 0.08718
current error: , 0.08718
current error: , 0.010964
Final error:, 0.000665
Target signal recieved..
IK solutions found:, 15
Planning ...
Collision pairs set
goal state set
task setup complete
solving task...
OMPL states:, 200.
path found
Validating path...
Collision detected at state:, 56
Collision pairs:, column0, obs0
path invalid
Target signal recieved..
IK solutions found:, 15
Planning ...
Collision pairs set
goal state set
task setup complete
solving task...
OMPL states:, 200.
path found
Validating path...
valid path found, generating trajectory...
Trajectory points:, 1000.
Duration:, 5.927668
excecuting path...
current error: , 0.001989
Final error:, 0.001989
Target signal recieved..
IK solutions found:, 15
Planning ...
Collision pairs set
goal state set
task setup complete
solving task...
OMPL states:, 200.
path found
Validating path...
valid path found, generating trajectory...
Trajectory points:, 1000.
Duration:, 8.610279
excecuting path...
current error: , 1.1206
current error: , 1.1206
current error: , 1.03689
current error: , 0.953203
current error: , 0.86949
current error: , 0.785797
current error: , 0.70208
current error: , 0.618387
current error: , 0.534686
current error: , 0.450952
current error: , 0.367259
current error: , 0.283578
current error: , 0.199878
current error: , 0.116195
current error: , 0.032525
current error: , 0.003636
Final error:, 0.001466
Target signal recieved..
IK solutions found:, 15
Planning ...
Collision pairs set
goal state set
task setup complete
solving task...
OMPL states:, 200.
path found
Validating path...
Collision detected at state:, 136
Collision pairs:, link4_visible, table
path invalid
Target signal recieved..
IK solutions found:, 0
No valid IK solutions
Target signal recieved..
IK solutions found:, 15
Planning ...
Collision pairs set
goal state set
task setup complete
solving task...
OMPL states:, 200.
path found
Validating path...
Collision detected at state:, 51
Collision pairs:, link6_visible, top
path invalid
Target signal recieved..
IK solutions found:, 15
Planning ...
Collision pairs set
goal state set
task setup complete
solving task...
OMPL states:, 200.
path found
Validating path...
Collision detected at state:, 36
Collision pairs:, column1, column2
path invalid
Target signal recieved..
IK solutions found:, 15
Planning ...
Collision pairs set
goal state set
task setup complete
solving task...
OMPL states:, 200.
path found
Validating path...
Collision detected at state:, 151
Collision pairs:, column1, table
path invalid
Target signal recieved..
IK solutions found:, 15
Planning ...
Collision pairs set
goal state set
task setup complete
solving task...
OMPL states:, 200.
path found
Validating path...
valid path found, generating trajectory...
Trajectory points:, 1000.
Duration:, 3.01904
excecuting path...
current error: , 0.003292
Final error:, 0.003292
Target signal recieved..
IK solutions found:, 0
No valid IK solutions
Target signal recieved..
IK solutions found:, 15
Planning ...
Collision pairs set
goal state set
task setup complete
solving task...
OMPL states:, 200.
path found
Validating path...
valid path found, generating trajectory...
Trajectory points:, 1000.
Duration:, 10.772347
excecuting path...
current error: , 1.862061
current error: , 1.862061
current error: , 1.779044
current error: , 1.695996
current error: , 1.612909
current error: , 1.529767
current error: , 1.446525
current error: , 1.363499
current error: , 1.280158
current error: , 1.196935
current error: , 1.11383
current error: , 1.030749
current error: , 0.947634
current error: , 0.86448
current error: , 0.781492
current error: , 0.698549
current error: , 0.61552
current error: , 0.532603
current error: , 0.4496
current error: , 0.366475
current error: , 0.283512
current error: , 0.200577
current error: , 0.11757
current error: , 0.034369
current error: , 0.00334
Final error:, 0.001919
Target signal recieved..
IK solutions found:, 0
No valid IK solutions
Target signal recieved..
IK solutions found:, 15
Planning ...
Collision pairs set
goal state set
task setup complete
solving task...
Target signal recieved..
IK solutions found:, 15
Planning ...
Collision pairs set
goal state set
task setup complete
solving task...
OMPL states:, 200.
path found
Validating path...
valid path found, generating trajectory...
Trajectory points:, 1000.
Duration:, 3.31165
excecuting path...
current error: , 0.015133
Final error:, 0.015133
Target signal recieved..
IK solutions found:, 0
No valid IK solutions
Target signal recieved..
IK solutions found:, 0
No valid IK solutions
Target signal recieved..
IK solutions found:, 15
Planning ...
Collision pairs set
goal state set
task setup complete
solving task...
OMPL states:, 200.
path found
Validating path...
valid path found, generating trajectory...
Trajectory points:, 1000.
Duration:, 1.269861
excecuting path...
current error: , 0.002224
Final error:, 0.002224
Target signal recieved..
IK solutions found:, 15
Planning ...
Collision pairs set
goal state set
task setup complete
solving task...
OMPL states:, 200.
path found
Validating path...
valid path found, generating trajectory...
Trajectory points:, 1000.
Duration:, 4.236886
excecuting path...
current error: , 0.600198
current error: , 0.600198
current error: , 0.514031
current error: , 0.430762
current error: , 0.347443
current error: , 0.264425
current error: , 0.181546
current error: , 0.098328
current error: , 0.019473
Final error:, 0.002697
Target signal recieved..
IK solutions found:, 15
Planning ...
Collision pairs set
goal state set
task setup complete
solving task...
OMPL states:, 200.
path found
Validating path...
Collision detected at state:, 56
Collision pairs:, link6_visible, assembly_table
path invalid
Target signal recieved..
IK solutions found:, 15
Planning ...
Collision pairs set
goal state set
task setup complete
solving task...
OMPL states:, 200.
path found
Validating path...
valid path found, generating trajectory...
Trajectory points:, 1000.
Duration:, 3.262098
excecuting path...
current error: , 0.007957
Final error:, 0.007957
Target signal recieved..
IK solutions found:, 0
No valid IK solutions
Target signal recieved..
IK solutions found:, 0
No valid IK solutions
Target signal recieved..
IK solutions found:, 15
Planning ...
Collision pairs set
goal state set
task setup complete
solving task...
OMPL states:, 200.
path found
Validating path...
valid path found, generating trajectory...
Trajectory points:, 1000.
Duration:, 0.508033
excecuting path...
current error: , 0.002585
Final error:, 0.002585
Target signal recieved..
IK solutions found:, 15
Planning ...
Collision pairs set
goal state set
task setup complete
solving task...
OMPL states:, 200.
path found
Validating path...
valid path found, generating trajectory...
Trajectory points:, 1000.
Duration:, 3.262508
excecuting path...
current error: , 0.013169
Final error:, 0.013169
Target signal recieved..
IK solutions found:, 0
No valid IK solutions
Target signal recieved..
IK solutions found:, 15
Planning ...
Collision pairs set
goal state set
task setup complete
solving task...
OMPL states:, 200.
path found
Validating path...
valid path found, generating trajectory...
Trajectory points:, 1000.
Duration:, 4.265587
excecuting path...
current error: , 0.608703
current error: , 0.608703
current error: , 0.525352
current error: , 0.442139
current error: , 0.359007
current error: , 0.275968
current error: , 0.192735
current error: , 0.109866
current error: , 0.027438
current error: , 0.003085
Final error:, 0.001376
Target signal recieved..
IK solutions found:, 15
Planning ...
Collision pairs set
goal state set
task setup complete
solving task...
OMPL states:, 200.
path found
Validating path...
valid path found, generating trajectory...
Trajectory points:, 1000.
Duration:, 6.701922
excecuting path...
current error: , 0.660937
current error: , 0.660937
current error: , 0.577233
current error: , 0.493528
current error: , 0.409826
current error: , 0.326095
current error: , 0.242412
current error: , 0.158675
current error: , 0.074965
current error: , 0.010371
Final error:, 0.002369
Target signal recieved..
IK solutions found:, 0
No valid IK solutions
[sandboxScript:info]   Simulation stopping...
[sandboxScript:info]   Simulation stopped.
[sandboxScript:info]   Simulation started.
[CoppeliaSim:warning]   Detected non-default settings (time steps and/or dyn. engine global settings).
Target signal recieved..
IK solutions found:, 15
Planning ...
Collision pairs set
goal state set
task setup complete
solving task...
Target signal recieved..
IK solutions found:, 0
No valid IK solutions
Target signal recieved..
IK solutions found:, 0
No valid IK solutions
Target signal recieved..
IK solutions found:, 15
Planning ...
Collision pairs set
goal state set
task setup complete
solving task...
OMPL states:, 200.
path found
Validating path...
valid path found, generating trajectory...
Trajectory points:, 1000.
Duration:, 7.916937
excecuting path...
current error: , 0.229861
current error: , 0.229861
current error: , 0.146123
current error: , 0.062426
current error: , 0.008419
Final error:, 0.003367
Target signal recieved..
IK solutions found:, 15
Planning ...
Collision pairs set
goal state set
task setup complete
solving task...
Target signal recieved..
IK solutions found:, 15
Planning ...
Collision pairs set
goal state set
task setup complete
solving task...
Target signal recieved..
IK solutions found:, 0
No valid IK solutions
Target signal recieved..
IK solutions found:, 0
No valid IK solutions
Target signal recieved..
IK solutions found:, 0
No valid IK solutions
Target signal recieved..
IK solutions found:, 0
No valid IK solutions
[sandboxScript:info]   Simulation stopping...
[sandboxScript:info]   Simulation stopped.
[sandboxScript:info]   Simulation started.
[CoppeliaSim:warning]   Detected non-default settings (time steps and/or dyn. engine global settings).
[sandboxScript:info]   Simulation stopping...
[sandboxScript:info]   Simulation stopped.
[sandboxScript:info]   Simulation started.
[CoppeliaSim:warning]   Detected non-default settings (time steps and/or dyn. engine global settings).
Target signal recieved..
IK solutions found:, 15
Planning ...
Collision pairs set
goal state set
task setup complete
solving task...
OMPL states:, 200.
path found
Validating path...
valid path found, generating trajectory...
Trajectory points:, 1000.
Duration:, 3.388695
excecuting path...
current error: , 0.020978
current error: , 0.020978
current error: , 0.001936
Final error:, 0.001237
Target signal recieved..
IK solutions found:, 0
No valid IK solutions
Target signal recieved..
IK solutions found:, 15
Planning ...
Collision pairs set
goal state set
task setup complete
solving task...
OMPL states:, 200.
path found
Validating path...
Collision detected at state:, 161
Collision pairs:, link4_visible, obs0_collisiondummy
path invalid
Target signal recieved..
IK solutions found:, 15
Planning ...
Collision pairs set
goal state set
task setup complete
solving task...
OMPL states:, 200.
path found
Validating path...
valid path found, generating trajectory...
Trajectory points:, 1000.
Duration:, 3.753756
excecuting path...
current error: , 0.261981
current error: , 0.261981
current error: , 0.178305
current error: , 0.094643
current error: , 0.017991
Final error:, 0.003578
Target signal recieved..
IK solutions found:, 0
No valid IK solutions
Target signal recieved..
IK solutions found:, 15
Planning ...
Collision pairs set
goal state set
task setup complete
solving task...
OMPL states:, 200.
path found
Validating path...
valid path found, generating trajectory...
Trajectory points:, 1000.
Duration:, 1.633861
excecuting path...
current error: , 0.001724
Final error:, 0.001724
Target signal recieved..
IK solutions found:, 0
No valid IK solutions
Target signal recieved..
IK solutions found:, 15
Planning ...
Collision pairs set
goal state set
task setup complete
solving task...
OMPL states:, 200.
path found
Validating path...
Collision detected at state:, 171
Collision pairs:, column0, assembly_table
path invalid
Target signal recieved..
IK solutions found:, 15
Planning ...
Collision pairs set
goal state set
task setup complete
solving task...
OMPL states:, 200.
path found
Validating path...
valid path found, generating trajectory...
Trajectory points:, 1000.
Duration:, 0.538174
excecuting path...
current error: , 0.004124
Final error:, 0.004124
Target signal recieved..
IK solutions found:, 0
No valid IK solutions
Target signal recieved..
IK solutions found:, 15
Planning ...
Collision pairs set
goal state set
task setup complete
solving task...
OMPL states:, 200.
path found
Validating path...
valid path found, generating trajectory...
Trajectory points:, 1000.
Duration:, 4.237937
excecuting path...
current error: , 0.615578
current error: , 0.615578
current error: , 0.532463
current error: , 0.449225
current error: , 0.366091
current error: , 0.282951
current error: , 0.19998
current error: , 0.117019
current error: , 0.034109
current error: , 0.004836
Final error:, 0.002619
Target signal recieved..
IK solutions found:, 15
Planning ...
Collision pairs set
goal state set
task setup complete
solving task...
OMPL states:, 200.
path found
Validating path...
valid path found, generating trajectory...
Trajectory points:, 1000.
Duration:, 7.641474
excecuting path...
current error: , 0.00197
Final error:, 0.00197
Target signal recieved..
IK solutions found:, 15
Planning ...
Collision pairs set
goal state set
task setup complete
solving task...
OMPL states:, 200.
path found
Validating path...
Collision detected at state:, 141
Collision pairs:, link4_visible, obs1_collisiondummy
path invalid
Target signal recieved..
IK solutions found:, 0
No valid IK solutions
Target signal recieved..
IK solutions found:, 15
Planning ...
Collision pairs set
goal state set
task setup complete
solving task...
OMPL states:, 200.
path found
Validating path...
valid path found, generating trajectory...
Trajectory points:, 1000.
Duration:, 3.908281
excecuting path...
current error: , 0.329649
current error: , 0.329649
current error: , 0.245886
current error: , 0.162141
current error: , 0.07841
current error: , 0.010664
Final error:, 0.001797
Target signal recieved..
IK solutions found:, 15
Planning ...
Collision pairs set
goal state set
task setup complete
solving task...
OMPL states:, 200.
path found
Validating path...
Collision detected at state:, 86
Collision pairs:, column2, top
path invalid
Target signal recieved..
IK solutions found:, 15
Planning ...
Collision pairs set
goal state set
task setup complete
solving task...
OMPL states:, 200.
path found
Validating path...
Collision detected at state:, 136
Collision pairs:, column2, obs1
path invalid
Target signal recieved..
IK solutions found:, 0
No valid IK solutions
Target signal recieved..
IK solutions found:, 15
Planning ...
Collision pairs set
goal state set
task setup complete
solving task...
OMPL states:, 200.
path found
Validating path...
valid path found, generating trajectory...
Trajectory points:, 1000.
Duration:, 2.941097
excecuting path...
current error: , 0.002736
Final error:, 0.002736
Target signal recieved..
IK solutions found:, 15
Planning ...
Collision pairs set
goal state set
task setup complete
solving task...
OMPL states:, 200.
path found
Validating path...
Collision detected at state:, 61
Collision pairs:, leftLink0_visible, obs0_collisiondummy
path invalid
Target signal recieved..
IK solutions found:, 15
Planning ...
Collision pairs set
goal state set
task setup complete
solving task...
OMPL states:, 200.
path found
Validating path...
Collision detected at state:, 141
Collision pairs:, rightLink0_visible, obs0_collisiondummy
path invalid
Target signal recieved..
IK solutions found:, 15
Planning ...
Collision pairs set
goal state set
task setup complete
solving task...
OMPL states:, 200.
path found
Validating path...
valid path found, generating trajectory...
Trajectory points:, 1000.
Duration:, 4.226001
excecuting path...
current error: , 0.577806
current error: , 0.577806
current error: , 0.494837
current error: , 0.411837
current error: , 0.32883
current error: , 0.245847
current error: , 0.162975
current error: , 0.079875
current error: , 0.011235
Final error:, 0.001472
Target signal recieved..
IK solutions found:, 15
Planning ...
Collision pairs set
goal state set
task setup complete
solving task...
OMPL states:, 200.
path found
Validating path...
valid path found, generating trajectory...
Trajectory points:, 1000.
Duration:, 6.95167
excecuting path...
current error: , 0.002706
Final error:, 0.002706
Target signal recieved..
IK solutions found:, 0
No valid IK solutions
Target signal recieved..
IK solutions found:, 15
Planning ...
Collision pairs set
goal state set
task setup complete
solving task...
OMPL states:, 200.
path found
Validating path...
valid path found, generating trajectory...
Trajectory points:, 1000.
Duration:, 3.908389
excecuting path...
current error: , 0.352826
current error: , 0.352826
current error: , 0.269007
current error: , 0.185271
current error: , 0.101456
current error: , 0.021501
current error: , 0.003624
Final error:, 0.002734
Target signal recieved..
IK solutions found:, 15
Planning ...
Collision pairs set
goal state set
task setup complete
solving task...
OMPL states:, 200.
path found
Validating path...
Collision detected at state:, 126
Collision pairs:, column2, obs1
path invalid
Target signal recieved..
IK solutions found:, 0
No valid IK solutions
Target signal recieved..
IK solutions found:, 0
No valid IK solutions
Target signal recieved..
IK solutions found:, 15
Planning ...
Collision pairs set
goal state set
task setup complete
solving task...
OMPL states:, 200.
path found
Validating path...
Collision detected at state:, 31
Collision pairs:, column2, obs0_collisiondummy
path invalid
Target signal recieved..
IK solutions found:, 15
Planning ...
Collision pairs set
goal state set
task setup complete
solving task...
OMPL states:, 200.
path found
Validating path...
valid path found, generating trajectory...
Trajectory points:, 1000.
Duration:, 5.335027
excecuting path...
current error: , 0.004057
Final error:, 0.004057
[sandboxScript:info]   Simulation stopping...
[sandboxScript:info]   Simulation stopped.
[sandboxScript:info]   Simulation started.
[CoppeliaSim:warning]   Detected non-default settings (time steps and/or dyn. engine global settings).
Target signal recieved..
IK solutions found:, 15
Planning ...
Collision pairs set
goal state set
task setup complete
solving task...
OMPL states:, 200.
path found
Validating path...
valid path found, generating trajectory...
Trajectory points:, 1000.
Duration:, 3.574583
excecuting path...
current error: , 0.070935
current error: , 0.070935
current error: , 0.005699
Final error:, 0.000807
Target signal recieved..
IK solutions found:, 15
Planning ...
Collision pairs set
goal state set
task setup complete
solving task...
OMPL states:, 200.
path found
Validating path...
valid path found, generating trajectory...
Trajectory points:, 1000.
Duration:, 8.308522
excecuting path...
current error: , 0.374404
current error: , 0.374404
current error: , 0.291509
current error: , 0.20847
current error: , 0.12516
current error: , 0.041933
current error: , 0.00511
Final error:, 0.002453
Target signal recieved..
IK solutions found:, 15
Planning ...
Collision pairs set
goal state set
task setup complete
solving task...
OMPL states:, 200.
path found
Validating path...
valid path found, generating trajectory...
Trajectory points:, 1000.
Duration:, 1.170424
excecuting path...
current error: , 0.002992
Final error:, 0.002992
Target signal recieved..
IK solutions found:, 15
Planning ...
Collision pairs set
goal state set
task setup complete
solving task...
OMPL states:, 200.
path found
Validating path...
Collision detected at state:, 51
Collision pairs:, column2, assembly_table
path invalid
Target signal recieved..
IK solutions found:, 15
Planning ...
Collision pairs set
goal state set
task setup complete
solving task...
OMPL states:, 200.
path found
Validating path...
valid path found, generating trajectory...
Trajectory points:, 1000.
Duration:, 0.213925
excecuting path...
current error: , 0.004292
Final error:, 0.004292
Target signal recieved..
IK solutions found:, 15
Planning ...
Collision pairs set
goal state set
task setup complete
solving task...
OMPL states:, 200.
path found
Validating path...
valid path found, generating trajectory...
Trajectory points:, 1000.
Duration:, 5.776955
excecuting path...
current error: , 0.00102
Final error:, 0.00102
Target signal recieved..
IK solutions found:, 0
No valid IK solutions
Target signal recieved..
IK solutions found:, 15
Planning ...
Collision pairs set
goal state set
task setup complete
solving task...
OMPL states:, 200.
path found
Validating path...
Collision detected at state:, 81
Collision pairs:, link6_visible, table
path invalid
Target signal recieved..
IK solutions found:, 15
Planning ...
Collision pairs set
goal state set
task setup complete
solving task...
OMPL states:, 200.
path found
Validating path...
Collision detected at state:, 166
Collision pairs:, column1, table
path invalid
Target signal recieved..
IK solutions found:, 0
No valid IK solutions
Target signal recieved..
IK solutions found:, 15
Planning ...
Collision pairs set
goal state set
task setup complete
solving task...
OMPL states:, 200.
path found
Validating path...
Collision detected at state:, 106
Collision pairs:, link6_visible, table
path invalid
Target signal recieved..
IK solutions found:, 0
No valid IK solutions
[sandboxScript:info]   Simulation stopping...
[sandboxScript:info]   Simulation stopped.
[sandboxScript:info]   Simulation started.
[CoppeliaSim:warning]   Detected non-default settings (time steps and/or dyn. engine global settings).
[sandboxScript:info]   Simulation stopping...
[sandboxScript:info]   Simulation stopped.
[sandboxScript:info]   Simulation started.
[CoppeliaSim:warning]   Detected non-default settings (time steps and/or dyn. engine global settings).
Target signal recieved..
IK solutions found:, 15
Planning ...
Collision pairs set
goal state set
task setup complete
solving task...
Target signal recieved..
IK solutions found:, 0
No valid IK solutions
Target signal recieved..
IK solutions found:, 15
Planning ...
Collision pairs set
goal state set
task setup complete
solving task...
OMPL states:, 200.
path found
Validating path...
valid path found, generating trajectory...
Trajectory points:, 1000.
Duration:, 3.574811
excecuting path...
current error: , 0.069477
current error: , 0.069477
current error: , 0.006155
Final error:, 0.000357
Target signal recieved..
IK solutions found:, 15
Planning ...
Collision pairs set
goal state set
task setup complete
solving task...
OMPL states:, 200.
path found
Validating path...
Collision detected at state:, 156
Collision pairs:, column2, obs0_collisiondummy
path invalid
Target signal recieved..
IK solutions found:, 15
Planning ...
Collision pairs set
goal state set
task setup complete
solving task...
OMPL states:, 200.
path found
Validating path...
valid path found, generating trajectory...
Trajectory points:, 1000.
Duration:, 5.208701
excecuting path...
current error: , 0.001568
Final error:, 0.001568
Target signal recieved..
IK solutions found:, 15
Planning ...
Collision pairs set
goal state set
task setup complete
solving task...
OMPL states:, 200.
path found
Validating path...
valid path found, generating trajectory...
Trajectory points:, 1000.
Duration:, 10.44599
excecuting path...
current error: , 1.573117
current error: , 1.573117
current error: , 1.488882
current error: , 1.405188
current error: , 1.321512
current error: , 1.237816
current error: , 1.154108
current error: , 1.070438
current error: , 0.986735
current error: , 0.903026
current error: , 0.819342
current error: , 0.735659
current error: , 0.651977
current error: , 0.568284
current error: , 0.484611
current error: , 0.400923
current error: , 0.317225
current error: , 0.233523
current error: , 0.14985
current error: , 0.066171
current error: , 0.007822
Final error:, 0.001692
Target signal recieved..
IK solutions found:, 15
Planning ...
Collision pairs set
goal state set
task setup complete
solving task...
OMPL states:, 200.
path found
Validating path...
Collision detected at state:, 131
Collision pairs:, column0, table
path invalid
Target signal recieved..
IK solutions found:, 15
Planning ...
Collision pairs set
goal state set
task setup complete
solving task...
OMPL states:, 200.
path found
Validating path...
Collision detected at state:, 186
Collision pairs:, column0, obs0_collisiondummy
path invalid
Target signal recieved..
IK solutions found:, 0
No valid IK solutions
Target signal recieved..
IK solutions found:, 0
No valid IK solutions
Target signal recieved..
IK solutions found:, 15
Planning ...
Collision pairs set
goal state set
task setup complete
solving task...
OMPL states:, 200.
path found
Validating path...
valid path found, generating trajectory...
Trajectory points:, 1000.
Duration:, 0.653235
excecuting path...
current error: , 0.00165
Final error:, 0.00165
Target signal recieved..
IK solutions found:, 15
Planning ...
Collision pairs set
goal state set
task setup complete
solving task...
OMPL states:, 200.
path found
Validating path...
valid path found, generating trajectory...
Trajectory points:, 1000.
Duration:, 1.621999
excecuting path...
current error: , 0.001863
Final error:, 0.001863
Target signal recieved..
IK solutions found:, 15
Planning ...
Collision pairs set
goal state set
task setup complete
solving task...
OMPL states:, 200.
path found
Validating path...
valid path found, generating trajectory...
Trajectory points:, 1000.
Duration:, 3.934041
excecuting path...
current error: , 0.338203
current error: , 0.338203
current error: , 0.254478
current error: , 0.170726
current error: , 0.086961
current error: , 0.013521
Final error:, 0.002206
Target signal recieved..
IK solutions found:, 0
No valid IK solutions
Target signal recieved..
IK solutions found:, 15
Planning ...
Collision pairs set
goal state set
task setup complete
solving task...
OMPL states:, 200.
path found
Validating path...
valid path found, generating trajectory...
Trajectory points:, 1000.
Duration:, 8.669115
excecuting path...
current error: , 0.755523
current error: , 0.755523
current error: , 0.672537
current error: , 0.589613
current error: , 0.506321
current error: , 0.423326
current error: , 0.340288
current error: , 0.257171
current error: , 0.174156
current error: , 0.091244
current error: , 0.015824
Final error:, 0.002007
Target signal recieved..
IK solutions found:, 15
Planning ...
Collision pairs set
goal state set
task setup complete
solving task...
OMPL states:, 200.
path found
Validating path...
valid path found, generating trajectory...
Trajectory points:, 1000.
Duration:, 3.02007
excecuting path...
current error: , 0.002146
Final error:, 0.002146
Target signal recieved..
IK solutions found:, 15
Planning ...
Collision pairs set
goal state set
task setup complete
solving task...
OMPL states:, 200.
path found
Validating path...
valid path found, generating trajectory...
Trajectory points:, 1000.
Duration:, 6.427962
excecuting path...
current error: , 0.276854
current error: , 0.276854
current error: , 0.193142
current error: , 0.109427
current error: , 0.026586
current error: , 0.002446
Final error:, 0.000745
Target signal recieved..
IK solutions found:, 0
No valid IK solutions
Target signal recieved..
IK solutions found:, 0
No valid IK solutions
Target signal recieved..
IK solutions found:, 0
No valid IK solutions
Target signal recieved..
IK solutions found:, 0
No valid IK solutions
Target signal recieved..
IK solutions found:, 15
Planning ...
Collision pairs set
goal state set
task setup complete
solving task...
OMPL states:, 200.
path found
Validating path...
valid path found, generating trajectory...
Trajectory points:, 1000.
Duration:, 1.576621
excecuting path...
current error: , 0.003905
Final error:, 0.003905
Target signal recieved..
IK solutions found:, 0
No valid IK solutions
Target signal recieved..
IK solutions found:, 15
Planning ...
Collision pairs set
goal state set
task setup complete
solving task...
OMPL states:, 200.
path found
Validating path...
valid path found, generating trajectory...
Trajectory points:, 1000.
Duration:, 3.943587
excecuting path...
current error: , 0.001718
Final error:, 0.001718
Target signal recieved..
IK solutions found:, 15
Planning ...
Collision pairs set
goal state set
task setup complete
solving task...
OMPL states:, 200.
path found
Validating path...
Collision detected at state:, 41
Collision pairs:, column2, assembly_table
path invalid
Target signal recieved..
IK solutions found:, 15
Planning ...
Collision pairs set
goal state set
task setup complete
solving task...
OMPL states:, 200.
path found
Validating path...
valid path found, generating trajectory...
Trajectory points:, 1000.
Duration:, 3.331952
excecuting path...
current error: , 0.021559
current error: , 0.021559
current error: , 0.002967
Final error:, 0.002086
Target signal recieved..
IK solutions found:, 15
Planning ...
Collision pairs set
goal state set
task setup complete
solving task...
OMPL states:, 200.
path found
Validating path...
valid path found, generating trajectory...
Trajectory points:, 1000.
Duration:, 8.867152
excecuting path...
current error: , 0.722549
current error: , 0.722549
current error: , 0.638843
current error: , 0.555166
current error: , 0.471474
current error: , 0.387755
current error: , 0.304082
current error: , 0.220398
current error: , 0.136689
current error: , 0.053003
current error: , 0.006403
Final error:, 0.002512
Target signal recieved..
IK solutions found:, 15
Planning ...
Collision pairs set
goal state set
task setup complete
solving task...
OMPL states:, 200.
path found
Validating path...
valid path found, generating trajectory...
Trajectory points:, 1000.
Duration:, 11.294464
excecuting path...
current error: , 2.049015
current error: , 2.049015
current error: , 1.965365
current error: , 1.881671
current error: , 1.79796
current error: , 1.714237
current error: , 1.630561
current error: , 1.546885
current error: , 1.463186
current error: , 1.379496
current error: , 1.295808
current error: , 1.212132
current error: , 1.128455
current error: , 1.044754
current error: , 0.961052
current error: , 0.877348
current error: , 0.793635
current error: , 0.709949
current error: , 0.626253
current error: , 0.542555
current error: , 0.458838
current error: , 0.37513
current error: , 0.291403
current error: , 0.207689
current error: , 0.123971
current error: , 0.040256
current error: , 0.003394
Final error:, 0.000546
Target signal recieved..
IK solutions found:, 15
Planning ...
Collision pairs set
goal state set
task setup complete
solving task...
OMPL states:, 200.
path found
Validating path...
valid path found, generating trajectory...
Trajectory points:, 1000.
Duration:, 3.316331
excecuting path...
current error: , 0.012355
Final error:, 0.012355
Target signal recieved..
IK solutions found:, 15
Planning ...
Collision pairs set
goal state set
task setup complete
solving task...
OMPL states:, 200.
path found
Validating path...
valid path found, generating trajectory...
Trajectory points:, 1000.
Duration:, 0.357592
excecuting path...
current error: , 0.005852
Final error:, 0.005852
[sandboxScript:info]   Simulation stopping...
[sandboxScript:info]   Simulation stopped.
[sandboxScript:info]   Simulation started.
[CoppeliaSim:warning]   Detected non-default settings (time steps and/or dyn. engine global settings).
Target signal recieved..
IK solutions found:, 0
No valid IK solutions
Target signal recieved..
IK solutions found:, 15
Planning ...
Collision pairs set
goal state set
task setup complete
solving task...
OMPL states:, 200.
path found
Validating path...
valid path found, generating trajectory...
Trajectory points:, 1000.
Duration:, 3.620717
excecuting path...
current error: , 0.103103
current error: , 0.103103
current error: , 0.019777
Final error:, 0.000825
Target signal recieved..
IK solutions found:, 0
No valid IK solutions
Target signal recieved..
IK solutions found:, 15
Planning ...
Collision pairs set
goal state set
task setup complete
solving task...
OMPL states:, 200.
path found
Validating path...
Collision detected at state:, 126
Collision pairs:, column1, table
path invalid
Target signal recieved..
IK solutions found:, 15
Planning ...
Collision pairs set
goal state set
task setup complete
solving task...
OMPL states:, 200.
path found
Validating path...
valid path found, generating trajectory...
Trajectory points:, 1000.
Duration:, 4.226126
excecuting path...
current error: , 0.575633
current error: , 0.575633
current error: , 0.492086
current error: , 0.409264
current error: , 0.326207
current error: , 0.243319
current error: , 0.160416
current error: , 0.077568
current error: , 0.010741
Final error:, 0.001842
Target signal recieved..
IK solutions found:, 0
No valid IK solutions
Target signal recieved..
IK solutions found:, 0
No valid IK solutions
Target signal recieved..
IK solutions found:, 0
No valid IK solutions
Target signal recieved..
IK solutions found:, 0
No valid IK solutions
Target signal recieved..
IK solutions found:, 0
No valid IK solutions
Target signal recieved..
IK solutions found:, 0
No valid IK solutions
[sandboxScript:info]   Simulation stopping...
[sandboxScript:info]   Simulation stopped.
[sandboxScript:info]   Simulation started.
[CoppeliaSim:warning]   Detected non-default settings (time steps and/or dyn. engine global settings).
[sandboxScript:info]   Simulation stopping...
[sandboxScript:info]   Simulation stopped.
[sandboxScript:info]   Simulation started.
[CoppeliaSim:warning]   Detected non-default settings (time steps and/or dyn. engine global settings).
Target signal recieved..
IK solutions found:, 0
No valid IK solutions
Target signal recieved..
IK solutions found:, 0
No valid IK solutions
Target signal recieved..
IK solutions found:, 15
Planning ...
Collision pairs set
goal state set
task setup complete
solving task...
OMPL states:, 200.
path found
Validating path...
valid path found, generating trajectory...
Trajectory points:, 1000.
Duration:, 3.620629
excecuting path...
current error: , 0.131143
current error: , 0.131143
current error: , 0.044881
current error: , 0.003846
Final error:, 0.001607
Target signal recieved..
IK solutions found:, 15
Planning ...
Collision pairs set
goal state set
task setup complete
solving task...
OMPL states:, 200.
path found
Validating path...
valid path found, generating trajectory...
Trajectory points:, 1000.
Duration:, 4.244603
excecuting path...
current error: , 0.780729
current error: , 0.780729
current error: , 0.662979
current error: , 0.545029
current error: , 0.427346
current error: , 0.309317
current error: , 0.191506
current error: , 0.073665
current error: , 0.006899
Final error:, 0.001979
Target signal recieved..
IK solutions found:, 0
No valid IK solutions
Target signal recieved..
IK solutions found:, 0
No valid IK solutions
Target signal recieved..
IK solutions found:, 0
No valid IK solutions
Target signal recieved..
IK solutions found:, 0
No valid IK solutions
Target signal recieved..
IK solutions found:, 0
No valid IK solutions
Target signal recieved..
IK solutions found:, 0
No valid IK solutions
[sandboxScript:info]   Simulation stopping...
[sandboxScript:info]   Simulation stopped.
[sandboxScript:info]   Simulation started.
[CoppeliaSim:warning]   Detected non-default settings (time steps and/or dyn. engine global settings).
[sandboxScript:info]   Simulation stopping...
[sandboxScript:info]   Simulation stopped.
[sandboxScript:info]   Simulation started.
[CoppeliaSim:warning]   Detected non-default settings (time steps and/or dyn. engine global settings).
Target signal recieved..
IK solutions found:, 15
Planning ...
Collision pairs set
goal state set
task setup complete
solving task...
OMPL states:, 200.
path found
Validating path...
valid path found, generating trajectory...
Trajectory points:, 1000.
Duration:, 3.621489
excecuting path...
current error: , 0.132577
current error: , 0.132577
current error: , 0.046626
current error: , 0.004389
Final error:, 0.001684
Target signal recieved..
IK solutions found:, 15
Planning ...
Collision pairs set
goal state set
task setup complete
solving task...
OMPL states:, 200.
path found
Validating path...
valid path found, generating trajectory...
Trajectory points:, 1000.
Duration:, 0.613283
excecuting path...
current error: , 0.003644
Final error:, 0.003644
Target signal recieved..
IK solutions found:, 0
No valid IK solutions
Target signal recieved..
IK solutions found:, 15
Planning ...
Collision pairs set
goal state set
task setup complete
solving task...
OMPL states:, 200.
path found
Validating path...
valid path found, generating trajectory...
Trajectory points:, 1000.
Duration:, 3.461948
excecuting path...
current error: , 0.065288
current error: , 0.065288
current error: , 0.0074
Final error:, 0.001452
Target signal recieved..
IK solutions found:, 15
Planning ...
Collision pairs set
goal state set
task setup complete
solving task...
OMPL states:, 200.
path found
Validating path...
valid path found, generating trajectory...
Trajectory points:, 1000.
Duration:, 7.827237
excecuting path...
current error: , 0.003784
Final error:, 0.003784
Target signal recieved..
IK solutions found:, 15
Planning ...
Collision pairs set
goal state set
task setup complete
solving task...
OMPL states:, 200.
path found
Validating path...
valid path found, generating trajectory...
Trajectory points:, 1000.
Duration:, 1.175837
excecuting path...
current error: , 0.003204
Final error:, 0.003204
Target signal recieved..
IK solutions found:, 0
No valid IK solutions
Target signal recieved..
IK solutions found:, 15
Planning ...
Collision pairs set
goal state set
task setup complete
solving task...
OMPL states:, 200.
path found
Validating path...
Collision detected at state:, 101
Collision pairs:, column0, assembly_table
path invalid
Target signal recieved..
[CoppeliaSim:loadinfo]   external exit request: 4
[Developer tools >> Commander >> Commander@addOnScript:loadinfo]   plugin simCmd: cleanup...
[Developer tools >> Commander >> Commander@addOnScript:loadinfo]   plugin simCmd: done.
[sandboxScript:info]   Leaving...
[CoppeliaSim:loadinfo]   plugin simRuckig: cleanup...
[CoppeliaSim:loadinfo]   plugin simRuckig: done.
[CoppeliaSim:loadinfo]   plugin simBullet-2-83: cleanup...
[CoppeliaSim:loadinfo]   plugin simBullet-2-83: done.
[CoppeliaSim:loadinfo]   plugin simGeom: cleanup...
[CoppeliaSim:loadinfo]   plugin simGeom: done.
[CoppeliaSim:loadinfo]   plugin simOMPL: cleanup...
[CoppeliaSim:loadinfo]   plugin simOMPL: done.
[CoppeliaSim:loadinfo]   plugin simIK: cleanup...
[CoppeliaSim:loadinfo]   plugin simIK: done.
[CoppeliaSim:loadinfo]   plugin simWS: cleanup...
[CoppeliaSim:loadinfo]   plugin simWS: done.
[CoppeliaSim:loadinfo]   plugin simSubprocess: cleanup...
[CoppeliaSim:loadinfo]   plugin simSubprocess: done.
[CoppeliaSim:loadinfo]   plugin simZMQ: cleanup...
[CoppeliaSim:loadinfo]   plugin simZMQ: done.
[CoppeliaSim:loadinfo]   plugin simIK0: cleanup...
[CoppeliaSim:loadinfo]   plugin simIK0: done.
[CoppeliaSim:loadinfo]   plugin 'RemoteApi': unloading...
[CoppeliaSim:loadinfo]   plugin 'RemoteApi': done.
[CoppeliaSim:loadinfo]   plugin 'BWF': unloading...
[CoppeliaSim:loadinfo]   plugin 'BWF': done.
[CoppeliaSim:loadinfo]   CoppeliaSim ended.
[CoppeliaSimClient:loadinfo]   unloading the CoppeliaSim library...
[CoppeliaSimClient]   done.
